✔ known source holds suppress default Official website in canonical, Quick look and person projections (4.187092ms)
✔ owner edit and explicit null/empty clears never resurrect imported/base websites (1.478923ms)
✔ stale domain takeover receipts never veto published same-domain owner edits (0.18183ms)
✔ challenge/robots/fetch errors and unflagged redirect mismatches do not imply an unsafe official site (0.332591ms)
✔ compact search context retains source policy without a per-card request (0.190696ms)
✔ actual canonical handler applies the shared policy across sparse families and schema, preserving owner navigation (76.165578ms)
✔ authenticated preview keeps the canonical policy after existing authority checks, including owner clear and same-domain edits (4.0463ms)
✔ hidden restaurant can select actual menu schema entirely from private snapshot (2.379315ms)
✔ private professional selects actual discipline/consult fields, not restaurant menu (0.311422ms)
✔ different workspace/listing or malformed receipt cannot provide a private editor context (0.507858ms)
✔ unproven base fields and contaminated enrichment cannot override reviewed identity (2.104732ms)
✔ actual projected owner picture bio and social clear override source defaults in rendered output (18.332838ms)
✔ explicit image phone bio clears stay clear without empty image/tel requests (6.216704ms)
✔ music owner fields use presence semantics and remove stale portrait srcsets (0.794414ms)
✔ unsafe owner URLs are suppressed and exact source identity guard remains required (0.359201ms)
✔ shared media projection preserves explicit owner hero/gallery clearing across families (0.574634ms)
✔ public SSR contains actual owner media only, escaped hydration and provider links; player loads on click (2.458553ms)
✔ explicit clear malformed owner data and hidden sections never restore source video (1.763975ms)
✔ health society affiliation is not mistaken for social channel data (0.338171ms)
✔ reviewed Argiro video requires exact existing identity and source; owner clear overrides (0.560187ms)
✔ business imported hold is distinct from saved owner choice and clear (1.958398ms)
✔ artist imported hold is distinct from saved owner choice and clear (1.339873ms)
✔ event imported hold is distinct from saved owner choice and clear (0.271958ms)
✔ church imported hold is distinct from saved owner choice and clear (0.328243ms)
✔ all existing receipt gates use neutral review state, not invented malicious labels (0.477924ms)
✔ owner presence precedence includes nested profile, and null never resurrects imported base (0.275695ms)
✔ draft validation rejects credentials, unsafe schemes and incomplete addresses without altering saved selection (0.378137ms)
✔ sparse imported source and owner selection retain separate states (0.243555ms)
✔ explicit hold excludes all imported content but retains full supported review receipt and provenance without writes (2.110673ms)
✔ base photo is not silently deleted based on source hostname or equality (0.276627ms)
✔ unknown hold/fetch/challenge and false scope flags do not suppress imported content (0.281957ms)
✔ compact public context uses the same cleaned profile and remains immutable (0.294821ms)
✔ owner edits and explicit clears are retained while imported content remains held (0.704456ms)
✔ direct same-source contact consumer refuses held imported contacts but keeps normal successful imports (0.652048ms)
✔ Quick look current base facts survive, imported menu/contacts/media cannot reappear through explicit website edit (1.444599ms)
✔ actual held Cafe Boulis fallback is removed at direct shared vertical boundary (0.419484ms)
✔ actual canonical shared projection business: populated/sparse held/owner (38.253403ms)
✔ actual canonical shared projection vendor: populated/sparse held/owner (3.9614ms)
✔ actual canonical shared projection church: populated/sparse held/owner (22.405858ms)
✔ actual canonical shared projection professional: populated/sparse held/owner (6.148126ms)
✔ actual canonical shared projection school: populated/sparse held/owner (4.050927ms)
✔ actual canonical shared projection association: populated/sparse held/owner (3.501802ms)
✔ actual canonical shared projection creator: populated/sparse held/owner (5.028133ms)
✔ actual canonical shared projection artist: populated/sparse held/owner (10.02627ms)
✔ actual canonical shared projection venue: populated/sparse held/owner (4.612677ms)
✔ actual canonical shared projection event: populated/sparse held/owner (2.441982ms)
✔ actual canonical shared projection travel_place: populated/sparse held/owner (2.493088ms)
✔ actual canonical shared projection sports_club: populated/sparse held/owner (2.272997ms)
ℹ tests 48
ℹ suites 0
ℹ pass 48
ℹ fail 0
ℹ cancelled 0
ℹ skipped 0
ℹ todo 0
ℹ duration_ms 252.542857
