(node:261451) [MODULE_TYPELESS_PACKAGE_JSON] Warning: Module type of file:///workspaces/zoi-city/.recovery/community-release/mobile/src/profile.ts is not specified and it doesn't parse as CommonJS.
Reparsing as ES module because module syntax was detected. This incurs a performance overhead.
To eliminate this warning, add "type": "module" to /workspaces/zoi-city/.recovery/community-release/mobile/package.json.
(Use `node --trace-warnings ...` to show where the warning was created)
✔ profile gives owner fields priority, merges actual socials and labels enrichment (12.223024ms)
✔ profile never fabricates verification or ratings from owner data (0.618445ms)
✔ profile rejects unsafe external schemes and credentials (0.309839ms)
✔ missing entity is absent, not invented profile (8.158897ms)
✔ profile actions require exact server routes and matching booking listing (1.392722ms)
✔ private enquiry entry requires server invitation for this same listing (0.595142ms)
✔ profile photos preserve wide logos, portraits and small artwork (0.264113ms)
✔ image loading supports native source dimensions and web natural dimensions (0.240199ms)
✔ native uses shared phone validity and authoritative owner clear (3.444304ms)
✔ native machine social syntax and exact publisher identity match web while owner links survive (2.490673ms)
✔ native Fournos chain root contacts cannot replace branch base or explicit owner values (1.162632ms)
(node:261456) [MODULE_TYPELESS_PACKAGE_JSON] Warning: Module type of file:///workspaces/zoi-city/.recovery/community-release/mobile/src/profile.ts is not specified and it doesn't parse as CommonJS.
Reparsing as ES module because module syntax was detected. This incurs a performance overhead.
To eliminate this warning, add "type": "module" to /workspaces/zoi-city/.recovery/community-release/mobile/package.json.
(Use `node --trace-warnings ...` to show where the warning was created)
✔ native public profile excludes held imported identity/contact/media/social without changing base facts (9.196441ms)
✔ native sparse held profile has no foreign fallback (0.659191ms)
✔ native owner profile edits and explicit phone/social/image clears win while wrong source stays held (0.725836ms)
✔ native actual Cafe Boulis profile no longer offers the held foreign tagline (4.621203ms)
ℹ tests 15
ℹ suites 0
ℹ pass 15
ℹ fail 0
ℹ cancelled 0
ℹ skipped 0
ℹ todo 0
ℹ duration_ms 309.871726
