(node:264126) ExperimentalWarning: stripTypeScriptTypes is an experimental feature and might change at any time
(Use `node --trace-warnings ...` to show where the warning was created)
✔ owner tool browser handoffs preserve explicit selected workspace with no token (2.219938ms)
✔ missing malformed and injected identities cannot fabricate a setup destination (0.413092ms)
(node:264132) [MODULE_TYPELESS_PACKAGE_JSON] Warning: Module type of file:///workspaces/zoi-city/.recovery/community-release/mobile/src/artistMusic.ts is not specified and it doesn't parse as CommonJS.
Reparsing as ES module because module syntax was detected. This incurs a performance overhead.
To eliminate this warning, add "type": "module" to /workspaces/zoi-city/.recovery/community-release/mobile/package.json.
(Use `node --trace-warnings ...` to show where the warning was created)
✔ reviewed catalogue binds identity and uses verified high-resolution photos (4.334628ms)
✔ unknown artist never inherits featured content (0.351657ms)
✔ provider links reject spoofed hosts unsafe schemes and credentials (0.369551ms)
✔ city validation supports Greek and NFKC without markup (5.214291ms)
✔ receipts bind artist request active state and expected version (0.795136ms)
✔ summary rejects subthreshold counts and wrong artist; mine preserves inactive rows (1.059969ms)
✔ interrupted authenticated interest retries identical persisted request, then withdrawal reads real server version (58.060145ms)
✔ native planner shares venue timezone and buffer boundaries (1.577036ms)
✔ native planner cannot accept another tenant or changed appointment preview (0.788714ms)
✔ native planner requires complete unique saved slots matching the preview (0.547944ms)
(node:264134) [MODULE_TYPELESS_PACKAGE_JSON] Warning: Module type of file:///workspaces/zoi-city/.recovery/community-release/mobile/src/backendReadiness.ts is not specified and it doesn't parse as CommonJS.
Reparsing as ES module because module syntax was detected. This incurs a performance overhead.
To eliminate this warning, add "type": "module" to /workspaces/zoi-city/.recovery/community-release/mobile/package.json.
(Use `node --trace-warnings ...` to show where the warning was created)
✔ verified guardian backend is enabled while unavailable integrations fail closed (1.331808ms)
✔ guardian release gate is backed by complete deployed RPC evidence (0.93692ms)
(node:264140) [MODULE_TYPELESS_PACKAGE_JSON] Warning: Module type of file:///workspaces/zoi-city/.recovery/community-release/mobile/src/booking.ts is not specified and it doesn't parse as CommonJS.
Reparsing as ES module because module syntax was detected. This incurs a performance overhead.
To eliminate this warning, add "type": "module" to /workspaces/zoi-city/.recovery/community-release/mobile/package.json.
(Use `node --trace-warnings ...` to show where the warning was created)
✔ booking receipts require exact idempotency request, slot and party (2.389093ms)
✔ retry receipt preserves terminal cancellation rather than inventing confirmation (0.24628ms)
✔ booking catalog refuses malformed times and unknown timezone (25.011445ms)
✔ venue times honor the venue timezone rather than device default (1.265835ms)
(node:264142) [MODULE_TYPELESS_PACKAGE_JSON] Warning: Module type of file:///workspaces/zoi-city/.recovery/community-release/mobile/src/bookingOperator.ts is not specified and it doesn't parse as CommonJS.
Reparsing as ES module because module syntax was detected. This incurs a performance overhead.
To eliminate this warning, add "type": "module" to /workspaces/zoi-city/.recovery/community-release/mobile/package.json.
(Use `node --trace-warnings ...` to show where the warning was created)
✔ operator mutation requires exact workspace and incremented version (2.003413ms)
✔ operator service decimal prices are exact minor units and bounded (0.516936ms)
✔ staff resource cannot silently admit a party (0.350034ms)
✔ schedule converts venue-local time and rejects both DST edge cases (27.755963ms)
✔ native reschedule uses venue-local range and rejects impossible calendar dates (27.887157ms)
✔ reschedule selection pins reviewed version and exact price (0.682365ms)
✔ move receipt requires same booking, expected version, reviewed time and no collected payment (0.535621ms)
(node:264157) [MODULE_TYPELESS_PACKAGE_JSON] Warning: Module type of file:///workspaces/zoi-city/.recovery/community-release/mobile/src/brand.ts is not specified and it doesn't parse as CommonJS.
Reparsing as ES module because module syntax was detected. This incurs a performance overhead.
To eliminate this warning, add "type": "module" to /workspaces/zoi-city/.recovery/community-release/mobile/package.json.
(Use `node --trace-warnings ...` to show where the warning was created)
✔ native shared body, subdued text and actions stay readable on every adopted surface (12.25299ms)
✔ native and web material colors share the same semantic values (24.466016ms)
(node:264165) [MODULE_TYPELESS_PACKAGE_JSON] Warning: Module type of file:///workspaces/zoi-city/.recovery/community-release/mobile/src/businessEdit.ts is not specified and it doesn't parse as CommonJS.
Reparsing as ES module because module syntax was detected. This incurs a performance overhead.
To eliminate this warning, add "type": "module" to /workspaces/zoi-city/.recovery/community-release/mobile/package.json.
(Use `node --trace-warnings ...` to show where the warning was created)
✔ only owned and explicitly approved claims can appear in business editor (2.5428ms)
✔ business edit preserves unknown social keys and explicit cleared fields (0.536152ms)
✔ business edit rejects unsafe replacement and ambiguous social payloads (0.630057ms)
(node:264171) [MODULE_TYPELESS_PACKAGE_JSON] Warning: Module type of file:///workspaces/zoi-city/.recovery/community-release/mobile/src/calendar.ts is not specified and it doesn't parse as CommonJS.
Reparsing as ES module because module syntax was detected. This incurs a performance overhead.
To eliminate this warning, add "type": "module" to /workspaces/zoi-city/.recovery/community-release/mobile/package.json.
(Use `node --trace-warnings ...` to show where the warning was created)
✔ calendar ranges reject impossible dates and bound exactly90 UTC days (1.721496ms)
✔ public calendar rejects private drafts and another listing (0.337922ms)
✔ workspace calendar rejects another tenant (1.891454ms)
✔ same calendar planner validates dates and exact saved receipt (28.801359ms)
✔ profile calendar/group actions require exact same-listing server paths (4.338004ms)
(node:264176) [MODULE_TYPELESS_PACKAGE_JSON] Warning: Module type of file:///workspaces/zoi-city/.recovery/community-release/mobile/src/commerce.ts is not specified and it doesn't parse as CommonJS.
Reparsing as ES module because module syntax was detected. This incurs a performance overhead.
To eliminate this warning, add "type": "module" to /workspaces/zoi-city/.recovery/community-release/mobile/package.json.
(Use `node --trace-warnings ...` to show where the warning was created)
✔ basket totals preserve decimal precision and separate currencies (3.135678ms)
✔ persisted basket rejects duplicate IDs and invalid quantities (1.173783ms)
✔ adding unavailable options or excessive aggregate quantities fails (0.83494ms)
✔ fresh checkout must match exact official cart and all quantities (1.146652ms)
✔ product imagery and deep links reject untrusted URLs and invalid identifiers (3.820487ms)
✔ native shared option cannot silently substitute another product variant (0.328113ms)
✔ malformed explicit native variant remains an explicit unresolved choice (3.670236ms)
✔ single default display metadata survives native basket mapping without changing provider title (0.807428ms)
(node:264181) [MODULE_TYPELESS_PACKAGE_JSON] Warning: Module type of file:///workspaces/zoi-city/.recovery/community-release/mobile/src/community.ts is not specified and it doesn't parse as CommonJS.
Reparsing as ES module because module syntax was detected. This incurs a performance overhead.
To eliminate this warning, add "type": "module" to /workspaces/zoi-city/.recovery/community-release/mobile/package.json.
(Use `node --trace-warnings ...` to show where the warning was created)
✔ visible reaction state comes from matching desired-state receipts only (1.914617ms)
✔ reply receipt is scoped to post and actual profile, not auth UUID (0.603948ms)
✔ public profile edits explicitly validate interests and chosen public fields (0.582498ms)
✔ feed preserves server snapshot and rejects a substituted mode (0.349713ms)
✔ recovered publication keeps original account, immutable request and actual receipt identity (1.004887ms)
(node:264205) [MODULE_TYPELESS_PACKAGE_JSON] Warning: Module type of file:///workspaces/zoi-city/.recovery/community-release/mobile/src/communityIntent.ts is not specified and it doesn't parse as CommonJS.
Reparsing as ES module because module syntax was detected. This incurs a performance overhead.
To eliminate this warning, add "type": "module" to /workspaces/zoi-city/.recovery/community-release/mobile/package.json.
(Use `node --trace-warnings ...` to show where the warning was created)
✔ sign-in retains question composer intent but cannot resume without an actor (5.832156ms)
✔ discussion return retains navigation and does not replay a reaction (0.41797ms)
✔ sign-in may retain public navigation but sign-out or account switch invalidates it (0.265787ms)
(node:264207) [MODULE_TYPELESS_PACKAGE_JSON] Warning: Module type of file:///workspaces/zoi-city/.recovery/community-release/mobile/src/communityMedia.ts is not specified and it doesn't parse as CommonJS.
Reparsing as ES module because module syntax was detected. This incurs a performance overhead.
To eliminate this warning, add "type": "module" to /workspaces/zoi-city/.recovery/community-release/mobile/package.json.
(Use `node --trace-warnings ...` to show where the warning was created)
✔ media selection validates actual bytes dimensions and video duration before transfer (7.041241ms)
✔ media URLs cannot execute scripts or expose embedded credentials (0.358139ms)
✔ offscreen background low-power reduced-motion and user pause all prevent autoplay (0.295633ms)
✔ upload receipt must match selected media type and a valid finalized identity (0.693626ms)
(node:264210) [MODULE_TYPELESS_PACKAGE_JSON] Warning: Module type of file:///workspaces/zoi-city/.recovery/community-release/mobile/src/companyConsole.ts is not specified and it doesn't parse as CommonJS.
Reparsing as ES module because module syntax was detected. This incurs a performance overhead.
To eliminate this warning, add "type": "module" to /workspaces/zoi-city/.recovery/community-release/mobile/package.json.
(Use `node --trace-warnings ...` to show where the warning was created)
✔ actual shared queue distinguishes cross-company urgency and selected company filters (7.797206ms)
✔ sparse and retired work does not create deadlines or company completion (17.51856ms)
✔ unknown assignee remains assigned, profile identity is not the signed-in actor (0.296845ms)
✔ queue rejects foreign saved scope (0.383446ms)
✔ queue rejects duplicate saved scope (0.241171ms)
✔ queue rejects invalid-data saved scope (0.181179ms)
✔ queue rejects missing-company saved scope (0.209782ms)
✔ Metro resolves only the exact shared Company CDN edge without altering packages or queries (512.402321ms)
(node:264235) [MODULE_TYPELESS_PACKAGE_JSON] Warning: Module type of file:///workspaces/zoi-city/.recovery/community-release/mobile/src/companyHandover.ts is not specified and it doesn't parse as CommonJS.
Reparsing as ES module because module syntax was detected. This incurs a performance overhead.
To eliminate this warning, add "type": "module" to /workspaces/zoi-city/.recovery/community-release/mobile/package.json.
(Use `node --trace-warnings ...` to show where the warning was created)
✔ reviewed selected-company JSON preserves nulls and versions, excludes foreign contacts and unqueried files (6.12925ms)
✔ authorized document metadata includes only saved company project IDs and current versions (2.104522ms)
✔ confirmation rejects changed version before handover (1.280913ms)
✔ confirmation rejects changed owner-clear before handover (0.728921ms)
✔ confirmation rejects changed assignment-clear before handover (1.362395ms)
✔ confirmation rejects changed contact-clear before handover (0.899861ms)
✔ confirmation rejects changed removed-company before handover (0.580825ms)
✔ confirmation rejects changed role before handover (0.746815ms)
✔ confirmation rejects changed document-version before handover (2.481316ms)
✔ private document review refuses viewer (0.427008ms)
✔ private document review refuses foreign (0.282137ms)
✔ private document review refuses duplicate (0.287467ms)
✔ private document review refuses missing-project (0.301634ms)
✔ viewer can review saved read-authorized records without accessing private files (1.845919ms)
✔ actual SessionClient handover fences token wait then account (42.717995ms)
✔ actual SessionClient handover fences token wait then workspace (0.697703ms)
✔ actual SessionClient handover fences token wait then unmount (0.622934ms)
✔ actual SessionClient handover fences records wait then account (25.43724ms)
✔ actual SessionClient handover fences records wait then workspace (7.42968ms)
✔ actual SessionClient handover fences records wait then unmount (4.416571ms)
✔ actual SessionClient handover fences documents wait then account (8.861835ms)
✔ actual SessionClient handover fences documents wait then workspace (10.636361ms)
✔ actual SessionClient handover fences documents wait then unmount (7.181376ms)
✔ temporary file cleanup is idempotent and removes the prior copy before replacement (0.439001ms)
✔ actual native handover adapter success protects ephemeral copy (1.154957ms)
✔ actual native handover adapter unavailable protects ephemeral copy (0.382976ms)
✔ actual native handover adapter share-failure protects ephemeral copy (0.847724ms)
✔ actual native handover adapter availability-scope-change protects ephemeral copy (0.44975ms)
✔ actual native handover adapter copy-scope-change protects ephemeral copy (0.672737ms)
✔ actual native handover adapter share-scope-change protects ephemeral copy (2.748184ms)
✔ actual native handover adapter changed-record protects ephemeral copy (0.593599ms)
(node:264236) [MODULE_TYPELESS_PACKAGE_JSON] Warning: Module type of file:///workspaces/zoi-city/.recovery/community-release/mobile/src/companyWorkspace.ts is not specified and it doesn't parse as CommonJS.
Reparsing as ES module because module syntax was detected. This incurs a performance overhead.
To eliminate this warning, add "type": "module" to /workspaces/zoi-city/.recovery/community-release/mobile/package.json.
(Use `node --trace-warnings ...` to show where the warning was created)
✔ native company aggregates exact active relationships without assuming member Auth identity (6.463254ms)
✔ company draft uses current company ID and existing persisted payload (1.516974ms)
✔ company source rejects foreign (0.498401ms)
✔ company source rejects archived (0.356606ms)
✔ company source rejects missing (0.390069ms)
✔ company source rejects duplicate (0.395619ms)
✔ archived linked project has no company return and archived work is omitted (0.467383ms)
✔ existing roles keep company edit distinct from project work (0.185727ms)
✔ actual SessionClient ignores held Company response after account (64.419806ms)
✔ actual SessionClient ignores held Company response after workspace (3.58107ms)
✔ actual SessionClient ignores held Company response after unmount (2.266995ms)
(node:264237) [MODULE_TYPELESS_PACKAGE_JSON] Warning: Module type of file:///workspaces/zoi-city/.recovery/community-release/mobile/src/creator.ts is not specified and it doesn't parse as CommonJS.
Reparsing as ES module because module syntax was detected. This incurs a performance overhead.
To eliminate this warning, add "type": "module" to /workspaces/zoi-city/.recovery/community-release/mobile/package.json.
(Use `node --trace-warnings ...` to show where the warning was created)
✔ bio preserves order and unpublished intent in exact server payload (5.853952ms)
✔ bio refuses truncation and unsafe links before save (0.774156ms)
✔ bio needs exact save receipt and never treats empty response as success (0.42289ms)
(node:264255) [MODULE_TYPELESS_PACKAGE_JSON] Warning: Module type of file:///workspaces/zoi-city/.recovery/community-release/mobile/src/creatorAccess.ts is not specified and it doesn't parse as CommonJS.
Reparsing as ES module because module syntax was detected. This incurs a performance overhead.
To eliminate this warning, add "type": "module" to /workspaces/zoi-city/.recovery/community-release/mobile/package.json.
(Use `node --trace-warnings ...` to show where the warning was created)
✔ authoritative creator denials invalidate private data for reads and writes (3.055769ms)
✔ temporary failure and creator read-only states retain draft and recovery state (0.622824ms)
✔ late denial from an unmounted or different actor cannot clear the current screen (0.386121ms)
✔ successful reads and confirmed writes remain unchanged (0.277007ms)
(node:264256) [MODULE_TYPELESS_PACKAGE_JSON] Warning: Module type of file:///workspaces/zoi-city/.recovery/community-release/mobile/src/creatorRecovery.ts is not specified and it doesn't parse as CommonJS.
Reparsing as ES module because module syntax was detected. This incurs a performance overhead.
To eliminate this warning, add "type": "module" to /workspaces/zoi-city/.recovery/community-release/mobile/package.json.
(Use `node --trace-warnings ...` to show where the warning was created)
✔ all seven actions execute through durable nonce-only wrapper and validate receipt (16.517298ms)
✔ lost response blocks replacement, exact retry retains immutable memory payload (1.208909ms)
✔ reload has no payload, missing receipt retains fence, cancellation requires exact proof (4.452297ms)
✔ permission denial drops private payload without deleting recovery reference (4.797314ms)
✔ storage failure, corrupt marker and late account change cannot permit dispatch or acknowledgement (4.499165ms)
✔ mismatched saved entity does not discard recovery reference (0.499743ms)
✔ account switch during persisted readback prevents dispatch (0.36381ms)
✔ readback failure after persistence retains marker and fences another send (0.766432ms)
(node:264268) [MODULE_TYPELESS_PACKAGE_JSON] Warning: Module type of file:///workspaces/zoi-city/.recovery/community-release/mobile/src/creatorStudio.ts is not specified and it doesn't parse as CommonJS.
Reparsing as ES module because module syntax was detected. This incurs a performance overhead.
To eliminate this warning, add "type": "module" to /workspaces/zoi-city/.recovery/community-release/mobile/package.json.
(Use `node --trace-warnings ...` to show where the warning was created)
✔ creator fee is explicit currency units converted to bounded minor units (9.245562ms)
✔ private drafts may be incomplete but sharing needs disclosures and deliverables (0.521464ms)
✔ customer detail rejects internal workspace records and audit data (0.598808ms)
✔ creator mutation receipts require matching workspace and decision request (0.555187ms)
✔ proof links remain explicit public HTTPS links and deliverables honor field limits (1.862851ms)
(node:264270) [MODULE_TYPELESS_PACKAGE_JSON] Warning: Module type of file:///workspaces/zoi-city/.recovery/community-release/mobile/src/discovery.ts is not specified and it doesn't parse as CommonJS.
Reparsing as ES module because module syntax was detected. This incurs a performance overhead.
To eliminate this warning, add "type": "module" to /workspaces/zoi-city/.recovery/community-release/mobile/package.json.
(Use `node --trace-warnings ...` to show where the warning was created)
✔ saved home applies only to default browsing, global search and temporary city do not overwrite it (2.047114ms)
✔ authoritative preference receipt supports explicit clears and sparse account; malformed receipt refused (0.746345ms)
✔ scope inputs literal and public rows must match chosen city/country/current identity (0.724624ms)
✔ coarse, missing, fake centroids and conflicted street coordinates never become precise pins (1.579491ms)
✔ fresh selected entity must match exact current slug/id and public visibility (0.494694ms)
✔ Directions uses actual same-record reviewed receipt, current address, or explicit provider name search (0.602586ms)
✔ native discovery/map public links carry explicit intent and canonical place without touching home (0.760892ms)
✔ native viewport clusters count real pins, hide coarse points and split with zoom without jitter (0.484495ms)
(node:264282) [MODULE_TYPELESS_PACKAGE_JSON] Warning: Module type of file:///workspaces/zoi-city/.recovery/community-release/mobile/src/discoveryMedia.ts is not specified and it doesn't parse as CommonJS.
Reparsing as ES module because module syntax was detected. This incurs a performance overhead.
To eliminate this warning, add "type": "module" to /workspaces/zoi-city/.recovery/community-release/mobile/package.json.
(Use `node --trace-warnings ...` to show where the warning was created)
✔ actual public Signature null SQL photo uses exact shared reviewed media on card and selected home (7.716496ms)
✔ owner photo edit and explicit null clear follow shared model on both bounded and full entities (3.189128ms)
✔ owner website edit and clears remove old reviewed imagery without a native override (0.502118ms)
✔ raw profile hero clear and owner all-media clear remain explicit (0.571177ms)
✔ association/quarantined source cannot regain curated media through native (0.334956ms)
✔ sparse, unsafe and failed roles do not infer a photo or leak raw fields (2.116424ms)
✔ official logo-only identity uses model fit and backdrop; poster keeps full aspect (0.8349ms)
✔ gallery-only or interface artwork cannot become native hero (0.71728ms)
✔ legacy selected logo and sparse selected photo preserve fallback semantics (0.818259ms)
(node:264284) [MODULE_TYPELESS_PACKAGE_JSON] Warning: Module type of file:///workspaces/zoi-city/.recovery/community-release/mobile/src/discoveryScope.ts is not specified and it doesn't parse as CommonJS.
Reparsing as ES module because module syntax was detected. This incurs a performance overhead.
To eliminate this warning, add "type": "module" to /workspaces/zoi-city/.recovery/community-release/mobile/package.json.
(Use `node --trace-warnings ...` to show where the warning was created)
✔ community_me refresh account (49.646367ms)
✔ community_me refresh unmount (0.878932ms)
✔ community_me refresh unchanged (1.172881ms)
✔ community_me response account (16.128991ms)
✔ community_me response unmount (2.210649ms)
✔ community_me response unchanged (2.729579ms)
✔ community_preferences_save refresh account (0.736676ms)
✔ community_preferences_save refresh unmount (0.830812ms)
✔ community_preferences_save refresh unchanged (2.445399ms)
✔ community_preferences_save response account (3.409049ms)
✔ community_preferences_save response unmount (1.736665ms)
✔ community_preferences_save response unchanged (3.655359ms)
✔ no unknown mutations or malformed preference versions dispatch (0.540851ms)
(node:264297) [MODULE_TYPELESS_PACKAGE_JSON] Warning: Module type of file:///workspaces/zoi-city/.recovery/community-release/mobile/src/documentScope.ts is not specified and it doesn't parse as CommonJS.
Reparsing as ES module because module syntax was detected. This incurs a performance overhead.
To eliminate this warning, add "type": "module" to /workspaces/zoi-city/.recovery/community-release/mobile/package.json.
(Use `node --trace-warnings ...` to show where the warning was created)
✔ actual SessionClient private documents refresh actor (75.514449ms)
✔ actual SessionClient private documents refresh workspace (4.026472ms)
✔ actual SessionClient private documents refresh project (3.849561ms)
✔ actual SessionClient private documents refresh unmount (0.711289ms)
✔ actual SessionClient private documents refresh unchanged (0.908868ms)
✔ actual SessionClient private documents response actor (26.345117ms)
✔ actual SessionClient private documents response workspace (1.288778ms)
✔ actual SessionClient private documents response project (3.315173ms)
✔ actual SessionClient private documents response unmount (4.099589ms)
✔ actual SessionClient private documents response unchanged (1.764497ms)
✔ private document RPC refuses malformed scopes, unknown writers and foreign workspace before dispatch (0.817297ms)
(node:264303) [MODULE_TYPELESS_PACKAGE_JSON] Warning: Module type of file:///workspaces/zoi-city/.recovery/community-release/mobile/src/documents.ts is not specified and it doesn't parse as CommonJS.
Reparsing as ES module because module syntax was detected. This incurs a performance overhead.
To eliminate this warning, add "type": "module" to /workspaces/zoi-city/.recovery/community-release/mobile/package.json.
(Use `node --trace-warnings ...` to show where the warning was created)
✔ private upload receipt requires workspace, document identity and ready version (2.002872ms)
✔ private attachment requires no-store, attachment headers, correct type and exact bounded size (78.861042ms)
✔ native document selection uses same metadata limits as server (0.839679ms)
(node:264304) [MODULE_TYPELESS_PACKAGE_JSON] Warning: Module type of file:///workspaces/zoi-city/.recovery/community-release/mobile/src/drafts.ts is not specified and it doesn't parse as CommonJS.
Reparsing as ES module because module syntax was detected. This incurs a performance overhead.
To eliminate this warning, add "type": "module" to /workspaces/zoi-city/.recovery/community-release/mobile/package.json.
(Use `node --trace-warnings ...` to show where the warning was created)
✔ sign-out removal waits for in-flight draft save and prevents queued resurrection (6.570685ms)
✔ switching account blocks previous account queued draft writes (1.765297ms)
✔ publishing requires explicit success and real UUID receipt (0.390579ms)
✔ native map labels share exact source geometry and boundedpreferences (2.156469ms)
✔ native prepared note shares same nontransactional contract (0.680772ms)
(node:264330) ExperimentalWarning: stripTypeScriptTypes is an experimental feature and might change at any time
(Use `node --trace-warnings ...` to show where the warning was created)
✔ guest link carries only canonical selected event, never credentials (1.714683ms)
✔ organiser handoff validates exact selected workspace and event with fresh authority (1.454056ms)
✔ viewer, missing, duplicate and malformed memberships cannot produce operator link (0.598748ms)
✔ selected workspace never falls back to first membership (2.316608ms)
✔ wrong event and denied operator proof cannot open a link (0.748028ms)
✔ late account/workspace switches fence membership and operator responses (10.746837ms)
(node:264346) [MODULE_TYPELESS_PACKAGE_JSON] Warning: Module type of file:///workspaces/zoi-city/.recovery/community-release/mobile/src/session.ts is not specified and it doesn't parse as CommonJS.
Reparsing as ES module because module syntax was detected. This incurs a performance overhead.
To eliminate this warning, add "type": "module" to /workspaces/zoi-city/.recovery/community-release/mobile/package.json.
(Use `node --trace-warnings ...` to show where the warning was created)
✔ actual session refresh preserves exact authorised event/workspace without credentials in link (39.913223ms)
✔ held actual refresh refuses private send after workspace switch (1.420674ms)
✔ held actual refresh refuses private send after actor switch (2.155556ms)
✔ late private response is refused after scope change (11.724203ms)
✔ invalid actor, guest, lost scope and unsupported RPC refuse dispatch (0.618796ms)
✔ refresh rejection never dispatches private proof (0.302515ms)
(node:264358) [MODULE_TYPELESS_PACKAGE_JSON] Warning: Module type of file:///workspaces/zoi-city/.recovery/community-release/mobile/src/eventPlanner.ts is not specified and it doesn't parse as CommonJS.
Reparsing as ES module because module syntax was detected. This incurs a performance overhead.
To eliminate this warning, add "type": "module" to /workspaces/zoi-city/.recovery/community-release/mobile/package.json.
(Use `node --trace-warnings ...` to show where the warning was created)
✔ event plans preserve private notes and reject invalid quantities (26.434424ms)
✔ recovery never substitutes profile or plan version (0.665553ms)
✔ current booking reads cannot import foreign private plans (0.349383ms)
✔ resource units enforce one performer, bounded venue guests and equipment units (2.370178ms)
(node:264365) [MODULE_TYPELESS_PACKAGE_JSON] Warning: Module type of file:///workspaces/zoi-city/.recovery/community-release/mobile/src/festival.ts is not specified and it doesn't parse as CommonJS.
Reparsing as ES module because module syntax was detected. This incurs a performance overhead.
To eliminate this warning, add "type": "module" to /workspaces/zoi-city/.recovery/community-release/mobile/package.json.
(Use `node --trace-warnings ...` to show where the warning was created)
✔ application ignores client prices and validates contact and units (1.950253ms)
✔ commercial offers use exact cents and bounded benefit lines (25.394701ms)
✔ application receipt requires correct actor tenant enquiry and version (0.360824ms)
✔ private pages reject foreign records and invalid pagination (0.233727ms)
✔ public offer action only uses exact matching host UUID (1.624565ms)
(node:264371) [MODULE_TYPELESS_PACKAGE_JSON] Warning: Module type of file:///workspaces/zoi-city/.recovery/community-release/mobile/src/generalReservation.ts is not specified and it doesn't parse as CommonJS.
Reparsing as ES module because module syntax was detected. This incurs a performance overhead.
To eliminate this warning, add "type": "module" to /workspaces/zoi-city/.recovery/community-release/mobile/package.json.
(Use `node --trace-warnings ...` to show where the warning was created)
✔ interrupted reservation remains blocked after remount and across tier changes, scoped to actor and event (3.262435ms)
✔ only exact confirmed free receipt clears original attempt; malformed and stale confirmations preserve warning (1.272807ms)
✔ storage failure and account change stop request preparation before network action (0.42291ms)
✔ new request recovery accepts only exact nonce/event/tier/quantity receipt, with no contact storage (3.715852ms)
✔ legacy saved requests cannot be upgraded to once protocol, and malformed recovery never clears warning (1.472561ms)
✔ recovered creation receipt cannot imply active ticket after cancellation or closed event (0.348652ms)
✔ signing in cannot bypass an unresolved guest reservation or reuse its nonce as an account request (1.87938ms)
✔ confirmed nonce reference survives reopening without contacts and never claims cached ticket status (1.154668ms)
✔ confirmed references cap at five, expire after one year, and storage failure preserves unresolved warning (3.399811ms)
✔ member state accepts closed group with own history but rejects unrelated membership (1.289539ms)
✔ membership decisions validate tenant identity and exact increment (0.303747ms)
✔ attendance receipt binds event membership and status (0.322483ms)
✔ membership settings cannot cross workspace or skip version (0.249255ms)
(node:264386) [MODULE_TYPELESS_PACKAGE_JSON] Warning: Module type of file:///workspaces/zoi-city/.recovery/community-release/mobile/src/inquiries.ts is not specified and it doesn't parse as CommonJS.
Reparsing as ES module because module syntax was detected. This incurs a performance overhead.
To eliminate this warning, add "type": "module" to /workspaces/zoi-city/.recovery/community-release/mobile/package.json.
(Use `node --trace-warnings ...` to show where the warning was created)
✔ enquiry start validates actor listing and immutable request payload (2.148764ms)
✔ reply requires exact author thread request and body receipt (0.471621ms)
✔ thread read guards workspace message identity and readonly contract (0.453307ms)
✔ enquiry inputs reject invalid IDs and oversized empty messages (0.545088ms)
(node:264389) [MODULE_TYPELESS_PACKAGE_JSON] Warning: Module type of file:///workspaces/zoi-city/.recovery/community-release/mobile/src/privateRequests.ts is not specified and it doesn't parse as CommonJS.
Reparsing as ES module because module syntax was detected. This incurs a performance overhead.
To eliminate this warning, add "type": "module" to /workspaces/zoi-city/.recovery/community-release/mobile/package.json.
(Use `node --trace-warnings ...` to show where the warning was created)
✔ restart restores nonce-only metadata and prevents replacement (5.302957ms)
✔ A to B to A protects and preserves original marker (3.076747ms)
✔ SecureStore failure and silent adapter failure prevent dispatch (1.968206ms)
✔ receipt requires exact nonce kind and target; notfound is not cancellation (0.579503ms)
✔ failed recovery keeps marker until confirmed cancellation acknowledgement (2.890329ms)
✔ corrupt active null prevents a replacement inquiry nonce (0.566698ms)
(node:264405) [MODULE_TYPELESS_PACKAGE_JSON] Warning: Module type of file:///workspaces/zoi-city/.recovery/community-release/mobile/src/memberStart.ts is not specified and it doesn't parse as CommonJS.
Reparsing as ES module because module syntax was detected. This incurs a performance overhead.
To eliminate this warning, add "type": "module" to /workspaces/zoi-city/.recovery/community-release/mobile/package.json.
(Use `node --trace-warnings ...` to show where the warning was created)
✔ server profile identity includes no-deadline assignment and excludes Auth UUID assignment (4.685223ms)
✔ reject ambiguous member scope role (0.551861ms)
✔ reject ambiguous member scope workspace (0.199042ms)
✔ reject ambiguous member scope profile (0.186428ms)
✔ reject ambiguous member scope record (0.254385ms)
✔ actual token refresh fences workspace_team_get actor (37.970054ms)
✔ actual token refresh fences workspace_team_get workspace (1.283228ms)
✔ actual token refresh fences workspace_team_get unmount (7.011028ms)
✔ actual token refresh fences workspace_team_get rotation (1.700757ms)
✔ actual token refresh fences ops_records_list actor (1.304897ms)
✔ actual token refresh fences ops_records_list workspace (0.68537ms)
✔ actual token refresh fences ops_records_list unmount (0.495987ms)
✔ actual token refresh fences ops_records_list rotation (1.959491ms)
✔ actual token refresh fences social_list_posts actor (0.645015ms)
✔ actual token refresh fences social_list_posts workspace (0.838867ms)
✔ actual token refresh fences social_list_posts unmount (0.913347ms)
✔ actual token refresh fences social_list_posts rotation (0.691943ms)
✔ actual token refresh fences booking_operator_list actor (0.325308ms)
✔ actual token refresh fences booking_operator_list workspace (0.33737ms)
✔ actual token refresh fences booking_operator_list unmount (1.109012ms)
✔ actual token refresh fences booking_operator_list rotation (0.538396ms)
✔ held actual response rejects retired actor (21.085918ms)
✔ held actual response rejects retired workspace (1.746944ms)
✔ held actual response rejects retired unmount (0.657918ms)
✔ wrong workspace argument never dispatches (0.281246ms)
(node:264410) [MODULE_TYPELESS_PACKAGE_JSON] Warning: Module type of file:///workspaces/zoi-city/.recovery/community-release/mobile/src/music.ts is not specified and it doesn't parse as CommonJS.
Reparsing as ES module because module syntax was detected. This incurs a performance overhead.
To eliminate this warning, add "type": "module" to /workspaces/zoi-city/.recovery/community-release/mobile/package.json.
(Use `node --trace-warnings ...` to show where the warning was created)
✔ music prefill honors explicit cleared flat fields over old nested aliases (1.355833ms)
✔ music clearing sends null and leaves unrelated owner fields untouched (1.375048ms)
✔ music validation rejects unsafe links and impossible dates (1.291433ms)
(node:264425) [MODULE_TYPELESS_PACKAGE_JSON] Warning: Module type of file:///workspaces/zoi-city/.recovery/community-release/mobile/src/nativeParea.ts is not specified and it doesn't parse as CommonJS.
Reparsing as ES module because module syntax was detected. This incurs a performance overhead.
To eliminate this warning, add "type": "module" to /workspaces/zoi-city/.recovery/community-release/mobile/package.json.
(Use `node --trace-warnings ...` to show where the warning was created)
✔ whole-ticket 3/1/5 plan leaves one unassigned and keeps exact individual prices (29.835208ms)
✔ fractional, duplicate, excess and expired plans do not become invitations (0.928003ms)
✔ only current unclaimed guest version can rotate link without extra quota (0.713172ms)
✔ guest choices require current event, explicit deadline proof and unpaid policy version (3.984543ms)
(node:264427) [MODULE_TYPELESS_PACKAGE_JSON] Warning: Module type of file:///workspaces/zoi-city/.recovery/community-release/mobile/src/nativePareaClient.ts is not specified and it doesn't parse as CommonJS.
Reparsing as ES module because module syntax was detected. This incurs a performance overhead.
To eliminate this warning, add "type": "module" to /workspaces/zoi-city/.recovery/community-release/mobile/package.json.
(Use `node --trace-warnings ...` to show where the warning was created)
✔ event_host_guest_save refresh account (57.404541ms)
✔ event_host_guest_save refresh unmount (2.174593ms)
✔ event_host_guest_save refresh unchanged (1.754427ms)
✔ event_host_guest_save response account (2.283906ms)
✔ event_host_guest_save response unmount (7.80471ms)
✔ event_host_guest_save response unchanged (0.880304ms)
✔ event_host_claim refresh account (0.886206ms)
✔ event_host_claim refresh unmount (4.88767ms)
✔ event_host_claim refresh unchanged (2.145008ms)
✔ event_host_claim response account (1.703573ms)
✔ event_host_claim response unmount (1.760308ms)
✔ event_host_claim response unchanged (0.710958ms)
✔ event_guest_payment_choose refresh account (2.503547ms)
✔ event_guest_payment_choose refresh unmount (1.024854ms)
✔ event_guest_payment_choose refresh unchanged (1.307182ms)
✔ event_guest_payment_choose response account (0.703925ms)
✔ event_guest_payment_choose response unmount (0.742968ms)
✔ event_guest_payment_choose response unchanged (2.303443ms)
✔ actual shared host client persists nonce before dispatch, loss retries same request and token (4.364453ms)
✔ remount cannot retry bearer args, exact missing-result cancellation settles before new request (1.004556ms)
✔ no token or RPC dispatch if durable storage has failed (0.586546ms)
✔ native host never depends on browser structuredClone and rejects non-JSON mutation data (0.745794ms)
✔ durable clear failure blocks new writes until exact storage operation is confirmed (0.778875ms)
(node:264434) [MODULE_TYPELESS_PACKAGE_JSON] Warning: Module type of file:///workspaces/zoi-city/.recovery/community-release/mobile/src/nativePareaRecovery.ts is not specified and it doesn't parse as CommonJS.
Reparsing as ES module because module syntax was detected. This incurs a performance overhead.
To eliminate this warning, add "type": "module" to /workspaces/zoi-city/.recovery/community-release/mobile/package.json.
(Use `node --trace-warnings ...` to show where the warning was created)
✔ nonce-only durable reference restores in exact account/event and contains no bearer or labels (2.420953ms)
✔ private capabilities and unexpected stored fields fail closed before writes (0.940296ms)
✔ failed persistence retains same queued reference until confirmed, then durable clear (0.701731ms)
✔ account/view invalidation after storage await keeps recovery reference but rejects stale continuation (0.75506ms)
✔ payment recovery includes exact guest/version/method/request only (1.282205ms)
(node:264439) [MODULE_TYPELESS_PACKAGE_JSON] Warning: Module type of file:///workspaces/zoi-city/.recovery/community-release/mobile/src/profile.ts is not specified and it doesn't parse as CommonJS.
Reparsing as ES module because module syntax was detected. This incurs a performance overhead.
To eliminate this warning, add "type": "module" to /workspaces/zoi-city/.recovery/community-release/mobile/package.json.
(Use `node --trace-warnings ...` to show where the warning was created)
✔ native outward action suppresses held source defaults and imported fallback for every family (5.141095ms)
✔ native published website edits and null/empty clears retain web authority despite stale source holds (2.931948ms)
(node:264452) [MODULE_TYPELESS_PACKAGE_JSON] Warning: Module type of file:///workspaces/zoi-city/.recovery/community-release/mobile/src/operations.ts is not specified and it doesn't parse as CommonJS.
Reparsing as ES module because module syntax was detected. This incurs a performance overhead.
To eliminate this warning, add "type": "module" to /workspaces/zoi-city/.recovery/community-release/mobile/package.json.
(Use `node --trace-warnings ...` to show where the warning was created)
✔ save receipts require correct workspace, identity and incremented version (1.60033ms)
✔ editor can edit contacts/projects/tasks but not company records; viewers cannot write (0.220742ms)
✔ full-form edits preserve custom existing data and explicitly clear relations (0.83474ms)
✔ invalid deadline and blank title fail before sending (0.284952ms)
✔ projects require company and tasks require project before sending (0.554376ms)
✔ unicode payload byte limit is enforced before sending (2.67144ms)
✔ unmodified deadline preserves its exact timestamp (2.152471ms)
✔ new company has valid default sector and cannot submit blank sector (0.328103ms)
(node:264459) [MODULE_TYPELESS_PACKAGE_JSON] Warning: Module type of file:///workspaces/zoi-city/.recovery/community-release/mobile/src/organizationWorkflow.ts is not specified and it doesn't parse as CommonJS.
Reparsing as ES module because module syntax was detected. This incurs a performance overhead.
To eliminate this warning, add "type": "module" to /workspaces/zoi-city/.recovery/community-release/mobile/package.json.
(Use `node --trace-warnings ...` to show where the warning was created)
✔ contextual native drafts preserve saved relationships and real writer payload (2.623331ms)
✔ project browser handoff fresh role owner (0.558604ms)
✔ project browser handoff fresh role admin (0.202167ms)
✔ project browser handoff fresh role editor (0.19215ms)
✔ project browser handoff fresh role viewer (0.466221ms)
✔ reject missing project context (0.361696ms)
✔ reject archived project context (0.298347ms)
✔ reject duplicate project context (0.22487ms)
✔ reject foreign project context (0.239928ms)
✔ reject scope project context (1.706629ms)
✔ actual SessionClient held refresh actor (80.06778ms)
✔ actual SessionClient held refresh workspace (3.654097ms)
✔ actual SessionClient held refresh unchanged (1.072424ms)
(node:264461) [MODULE_TYPELESS_PACKAGE_JSON] Warning: Module type of file:///workspaces/zoi-city/.recovery/community-release/mobile/src/ownerEditorHandoff.ts is not specified and it doesn't parse as CommonJS.
Reparsing as ES module because module syntax was detected. This incurs a performance overhead.
To eliminate this warning, add "type": "module" to /workspaces/zoi-city/.recovery/community-release/mobile/package.json.
(Use `node --trace-warnings ...` to show where the warning was created)
✔ fresh authorization opens only fixed browser editor, with exact authorized listing and without credentials (2.853019ms)
✔ account or workspace switch during authorization never opens browser (0.323555ms)
✔ invalid identity, denied access and mismatched receipts never open browser (0.946919ms)
✔ revoked or failed authorization surfaces failure without opening (0.564034ms)
(node:264462) ExperimentalWarning: stripTypeScriptTypes is an experimental feature and might change at any time
(Use `node --trace-warnings ...` to show where the warning was created)
✔ private link exact canonical event and opaque fragment only (3.671008ms)
✔ current own group counts whole-ticket quantities and expires without paid inference (0.780588ms)
✔ recipient preview rejects expired, cross-event, missing no-payment envelope and malformed amounts (0.632361ms)
✔ own reader binds list and detail IDs and profile distinct from Auth UUID (0.864214ms)
✔ refresh/response scope changes prevent private request or result use (0.828998ms)
(node:264475) [MODULE_TYPELESS_PACKAGE_JSON] Warning: Module type of file:///workspaces/zoi-city/.recovery/community-release/mobile/src/placeNavigation.ts is not specified and it doesn't parse as CommonJS.
Reparsing as ES module because module syntax was detected. This incurs a performance overhead.
To eliminate this warning, add "type": "module" to /workspaces/zoi-city/.recovery/community-release/mobile/package.json.
(Use `node --trace-warnings ...` to show where the warning was created)
✔ current public slug wins over stale unhashed artist SEO path (1.216112ms)
✔ fallback permits only internal profile routes (0.431266ms)
(node:264487) [MODULE_TYPELESS_PACKAGE_JSON] Warning: Module type of file:///workspaces/zoi-city/.recovery/community-release/mobile/src/privateRequests.ts is not specified and it doesn't parse as CommonJS.
Reparsing as ES module because module syntax was detected. This incurs a performance overhead.
To eliminate this warning, add "type": "module" to /workspaces/zoi-city/.recovery/community-release/mobile/package.json.
(Use `node --trace-warnings ...` to show where the warning was created)
✔ private recovery stores exact Unicode across bounded secure chunks (10.551391ms)
✔ account switch cannot read or save another account’s private request (0.900532ms)
✔ sign-out cleanup runs after queued writes and removes every chunk (3.696896ms)
✔ incomplete persistence is never mistaken for a retryable request (2.615076ms)
✔ cleanup failure cannot roll back a committed recovery request (1.726555ms)
✔ separate workflows keep distinct encrypted recovery namespaces (1.363337ms)
✔ failed storage cleanup retains a discoverable manifest until explicit cleanup succeeds (2.019623ms)
✔ non-null malformed manifests never masquerade as no pending request (1.329584ms)
✔ valid active-null pending manifest remains interrupted, not empty (0.716889ms)
✔ an active null payload is corruption rather than no pending request (0.570076ms)
(node:264493) [MODULE_TYPELESS_PACKAGE_JSON] Warning: Module type of file:///workspaces/zoi-city/.recovery/community-release/mobile/src/profile.ts is not specified and it doesn't parse as CommonJS.
Reparsing as ES module because module syntax was detected. This incurs a performance overhead.
To eliminate this warning, add "type": "module" to /workspaces/zoi-city/.recovery/community-release/mobile/package.json.
(Use `node --trace-warnings ...` to show where the warning was created)
✔ profile gives owner fields priority, merges actual socials and labels enrichment (5.29409ms)
✔ profile never fabricates verification or ratings from owner data (0.529489ms)
✔ profile rejects unsafe external schemes and credentials (2.36626ms)
✔ missing entity is absent, not invented profile (0.385781ms)
✔ profile actions require exact server routes and matching booking listing (1.601842ms)
✔ private enquiry entry requires server invitation for this same listing (0.722159ms)
✔ profile photos preserve wide logos, portraits and small artwork (0.365944ms)
✔ image loading supports native source dimensions and web natural dimensions (0.18738ms)
✔ native uses shared phone validity and authoritative owner clear (0.937953ms)
✔ native machine social syntax and exact publisher identity match web while owner links survive (1.52013ms)
✔ native Fournos chain root contacts cannot replace branch base or explicit owner values (1.177791ms)
(node:264501) [MODULE_TYPELESS_PACKAGE_JSON] Warning: Module type of file:///workspaces/zoi-city/.recovery/community-release/mobile/src/seating.ts is not specified and it doesn't parse as CommonJS.
Reparsing as ES module because module syntax was detected. This incurs a performance overhead.
To eliminate this warning, add "type": "module" to /workspaces/zoi-city/.recovery/community-release/mobile/package.json.
(Use `node --trace-warnings ...` to show where the warning was created)
✔ hold requires exact requested seats and confirmed receipt (1.711908ms)
✔ free confirmation rejects payment, quantity, seat and hold mismatches (0.411559ms)
✔ foreground status restores exact hold and validates cancellation (1.029103ms)
✔ countdown accounts for server clock and clamps expired holds (0.197298ms)
✔ missing inventory stays unavailable and malformed maps never invent seats (0.646077ms)
✔ seat inventory uses actual geometry and rejects unsafe bigint IDs or unknown state (0.880275ms)
(node:264503) [MODULE_TYPELESS_PACKAGE_JSON] Warning: Module type of file:///workspaces/zoi-city/.recovery/community-release/mobile/src/session.ts is not specified and it doesn't parse as CommonJS.
Reparsing as ES module because module syntax was detected. This incurs a performance overhead.
To eliminate this warning, add "type": "module" to /workspaces/zoi-city/.recovery/community-release/mobile/package.json.
(Use `node --trace-warnings ...` to show where the warning was created)
✔ persists only refresh credential and restores by exchanging it (41.258497ms)
✔ expired concurrent API requests share one refresh and use renewed token (12.080879ms)
✔ invalid refresh removes stored credential and session (1.32183ms)
✔ transient refresh failure preserves credential for recovery (0.410848ms)
✔ sign-out clears device credentials even if revocation is offline (0.861409ms)
✔ in-flight sign-in cannot resurrect a signed-out account (4.04669ms)
✔ anonymous authenticated RPC is rejected without making a request (0.494794ms)
✔ application error envelopes cannot appear as publishing success (1.012732ms)
✔ server-rejected access token clears session without replaying mutation (1.137706ms)
✔ optimistic edit conflict is explained without replaying the write (2.293084ms)
✔ fetch transport uses global receiver required by browsers (0.845379ms)
✔ community validation errors remain actionable without treating them as password failures (1.007231ms)
(node:264518) [MODULE_TYPELESS_PACKAGE_JSON] Warning: Module type of file:///workspaces/zoi-city/.recovery/community-release/mobile/src/profile.ts is not specified and it doesn't parse as CommonJS.
Reparsing as ES module because module syntax was detected. This incurs a performance overhead.
To eliminate this warning, add "type": "module" to /workspaces/zoi-city/.recovery/community-release/mobile/package.json.
(Use `node --trace-warnings ...` to show where the warning was created)
✔ native public profile excludes held imported identity/contact/media/social without changing base facts (3.017667ms)
✔ native sparse held profile has no foreign fallback (0.438329ms)
✔ native owner profile edits and explicit phone/social/image clears win while wrong source stays held (0.669029ms)
✔ native actual Cafe Boulis profile no longer offers the held foreign tagline (2.782107ms)
✔ native retained receipt timestamps/classification/conflict do not become visible imported fields or enrichment note (0.410327ms)
(node:264524) [MODULE_TYPELESS_PACKAGE_JSON] Warning: Module type of file:///workspaces/zoi-city/.recovery/community-release/mobile/src/sponsorFulfillment.ts is not specified and it doesn't parse as CommonJS.
Reparsing as ES module because module syntax was detected. This incurs a performance overhead.
To eliminate this warning, add "type": "module" to /workspaces/zoi-city/.recovery/community-release/mobile/package.json.
(Use `node --trace-warnings ...` to show where the warning was created)
✔ fresh approved sponsor ok (2.655781ms)
✔ fresh approved sponsor viewer (0.648542ms)
✔ fresh approved sponsor cancelled (0.298678ms)
✔ fresh approved sponsor foreign (2.282955ms)
✔ fresh approved sponsor capability (0.388976ms)
✔ fresh approved sponsor missing (0.275174ms)
✔ actual SessionClient refresh fence actor (40.154124ms)
✔ actual SessionClient refresh fence workspace (1.460418ms)
✔ actual SessionClient refresh fence unchanged (1.214751ms)
(node:264531) [MODULE_TYPELESS_PACKAGE_JSON] Warning: Module type of file:///workspaces/zoi-city/.recovery/community-release/mobile/src/timekeeping.ts is not specified and it doesn't parse as CommonJS.
Reparsing as ES module because module syntax was detected. This incurs a performance overhead.
To eliminate this warning, add "type": "module" to /workspaces/zoi-city/.recovery/community-release/mobile/package.json.
(Use `node --trace-warnings ...` to show where the warning was created)
✔ manual time uses explicit validated duration and hourly cents (29.196855ms)
✔ timer start excludes client-controlled start and duration (0.336719ms)
✔ receipts require tenant actor version and terminal state (0.490366ms)
✔ dashboard rejects another editor’s private narrative and foreign timer (0.5781ms)
✔ timesheet CSV prevents formula execution and escapes multiline quotes (0.752226ms)
(node:264532) [MODULE_TYPELESS_PACKAGE_JSON] Warning: Module type of file:///workspaces/zoi-city/.recovery/community-release/mobile/src/trips.ts is not specified and it doesn't parse as CommonJS.
Reparsing as ES module because module syntax was detected. This incurs a performance overhead.
To eliminate this warning, add "type": "module" to /workspaces/zoi-city/.recovery/community-release/mobile/package.json.
(Use `node --trace-warnings ...` to show where the warning was created)
✔ trip dates require explicit zone and reject reversed or overlong stops (21.023275ms)
✔ private itinerary cannot accept another profile or trip receipt (0.505494ms)
✔ appearance discovery cannot substitute another artist or claim inferred confirmation (0.887057ms)
✔ appearance proposal requires source HTTPS and real distinct listing IDs (1.475566ms)
(node:264538) [MODULE_TYPELESS_PACKAGE_JSON] Warning: Module type of file:///workspaces/zoi-city/.recovery/community-release/mobile/src/volunteer.ts is not specified and it doesn't parse as CommonJS.
Reparsing as ES module because module syntax was detected. This incurs a performance overhead.
To eliminate this warning, add "type": "module" to /workspaces/zoi-city/.recovery/community-release/mobile/package.json.
(Use `node --trace-warnings ...` to show where the warning was created)
✔ volunteer invitation extracts explicit organization ID only (1.94286ms)
✔ withdrawn public opportunity stays unavailable even if saved shift was scheduled (23.315186ms)
✔ shift actions never reopen cancelled or started history (0.270646ms)
✔ signup and cancellation receipts must identify the same shift and final state (0.589622ms)
✔ organization writes require workspace identity and exact version increment (0.389137ms)
(node:264546) [MODULE_TYPELESS_PACKAGE_JSON] Warning: Module type of file:///workspaces/zoi-city/.recovery/community-release/mobile/src/volunteerOperations.ts is not specified and it doesn't parse as CommonJS.
Reparsing as ES module because module syntax was detected. This incurs a performance overhead.
To eliminate this warning, add "type": "module" to /workspaces/zoi-city/.recovery/community-release/mobile/package.json.
(Use `node --trace-warnings ...` to show where the warning was created)
✔ org_operation_save actual SessionClient token refresh actor (37.855706ms)
✔ org_operation_save actual SessionClient token refresh workspace (0.789465ms)
✔ org_operation_save actual SessionClient token refresh unchanged (0.807479ms)
✔ org_signup actual SessionClient token refresh actor (0.672407ms)
✔ org_signup actual SessionClient token refresh workspace (1.49911ms)
✔ org_signup actual SessionClient token refresh unchanged (0.860578ms)
✔ org_signup_cancel actual SessionClient token refresh actor (0.721678ms)
✔ org_signup_cancel actual SessionClient token refresh workspace (0.717991ms)
✔ org_signup_cancel actual SessionClient token refresh unchanged (0.586356ms)
✔ org_roster actual SessionClient token refresh actor (0.47107ms)
✔ org_roster actual SessionClient token refresh workspace (0.443098ms)
✔ org_roster actual SessionClient token refresh unchanged (0.597997ms)
✔ lost native create survives remount and clears only exact receipt (1.153285ms)
✔ cancel unknown native create validates workspace/request and preserves marker on wrong response (0.510063ms)
✔ generic authorization denial is recognizable without matching server wording (0.201636ms)
✔ absent installed capability keeps pending recovery and dispatches no operation (0.442547ms)
(node:264548) [MODULE_TYPELESS_PACKAGE_JSON] Warning: Module type of file:///workspaces/zoi-city/.recovery/community-release/mobile/src/webHandoffs.ts is not specified and it doesn't parse as CommonJS.
Reparsing as ES module because module syntax was detected. This incurs a performance overhead.
To eliminate this warning, add "type": "module" to /workspaces/zoi-city/.recovery/community-release/mobile/package.json.
(Use `node --trace-warnings ...` to show where the warning was created)
✔ music shelf and unscoped personal calendar explicitly reach their actual web capabilities (1.946296ms)
✔ native parish calendar, member discussion and artist homes stay native (0.810394ms)
✔ handoff resolver never opens spoofed hosts or credentials (0.317453ms)
✔ map deep links use the real web map and preserve only public search/place/view context (1.165898ms)
✔ explicit guardian links hand off only public listing context, adult groups stay native (1.119261ms)
(node:264565) ExperimentalWarning: stripTypeScriptTypes is an experimental feature and might change at any time
(Use `node --trace-warnings ...` to show where the warning was created)
✔ roles protect owner/self and admin peer escalation (2.839184ms)
✔ real controller confirms save only after current roster read (1.791397ms)
✔ lost response survives remount; receipt check does not resend (3.485822ms)
✔ unknown request blocks new write and safely cancels (0.775849ms)
✔ conflict refreshes membership; storage failure prevents submission (0.622393ms)
✔ authority loss clears private roster and account change fences calls (1.503381ms)
(node:264577) [MODULE_TYPELESS_PACKAGE_JSON] Warning: Module type of file:///workspaces/zoi-city/.recovery/community-release/mobile/src/session.ts is not specified and it doesn't parse as CommonJS.
Reparsing as ES module because module syntax was detected. This incurs a performance overhead.
To eliminate this warning, add "type": "module" to /workspaces/zoi-city/.recovery/community-release/mobile/package.json.
(Use `node --trace-warnings ...` to show where the warning was created)
(node:264577) ExperimentalWarning: stripTypeScriptTypes is an experimental feature and might change at any time
✔ only scoped team conflict/cancel envelope passes transport for controller verification (34.773853ms)
✔ exact known team SQL rejection preserved; generic 400 and other RPC remain uncertain (5.62591ms)
✔ real SessionClient quota clears marker; ambiguous400 keeps it;403 clears roster (3.230816ms)
✔ youth programme validates exact bounded ages, places and actual listing (2.207283ms)
✔ enrolment requires explicit authority and consent without inferring age (0.648571ms)
✔ enrolment receipts bind guardian child programme and exact version (0.569724ms)
✔ attendance and instructor assignment receipts reject unrelated identity (2.13451ms)
✔ private operator response rejects another workspace or programme roster (0.529399ms)
✔ public catalogue rejects unrelated listing and private family rejects malformed records (0.416829ms)
(node:264589) [MODULE_TYPELESS_PACKAGE_JSON] Warning: Module type of file:///workspaces/zoi-city/.recovery/community-release/mobile/src/youthReadiness.ts is not specified and it doesn't parse as CommonJS.
Reparsing as ES module because module syntax was detected. This incurs a performance overhead.
To eliminate this warning, add "type": "module" to /workspaces/zoi-city/.recovery/community-release/mobile/package.json.
(Use `node --trace-warnings ...` to show where the warning was created)
✔ native Youth remains read-only without exact installed actor and guardian capability (1.373216ms)
✔ native organizer readiness additionally binds exact workspace and current role (0.29951ms)
(node:264593) [MODULE_TYPELESS_PACKAGE_JSON] Warning: Module type of file:///workspaces/zoi-city/.recovery/community-release/mobile/src/session.ts is not specified and it doesn't parse as CommonJS.
Reparsing as ES module because module syntax was detected. This incurs a performance overhead.
To eliminate this warning, add "type": "module" to /workspaces/zoi-city/.recovery/community-release/mobile/package.json.
(Use `node --trace-warnings ...` to show where the warning was created)
✔ actual SessionClient youth refresh account fences private dispatch/result (29.260053ms)
✔ actual SessionClient youth refresh workspace fences private dispatch/result (0.526153ms)
✔ actual SessionClient youth refresh unmount fences private dispatch/result (0.51357ms)
✔ actual SessionClient youth response account fences private dispatch/result (8.980687ms)
✔ actual SessionClient youth response workspace fences private dispatch/result (0.954734ms)
✔ actual SessionClient youth response unmount fences private dispatch/result (0.759588ms)
✔ same actor token rotation sends private request using freshly captured token (1.058838ms)
✔ private method cannot dispatch anonymously; denied status remains recognizable (0.440343ms)
✔ installed native capability binds internal guardian profile separately from Auth (0.34777ms)
ℹ tests 426
ℹ suites 0
ℹ pass 426
ℹ fail 0
ℹ cancelled 0
ℹ skipped 0
ℹ todo 0
ℹ duration_ms 1119.653493
