Starting Metro Bundler

| (node:264822) Warning: The 'NO_COLOR' env is ignored due to the 'FORCE_COLOR' env being set.
| (Use `node --trace-warnings ...` to show where the warning was created)
| (node:264822) Warning: The 'NO_COLOR' env is ignored due to the 'FORCE_COLOR' env being set.
| (Use `node --trace-warnings ...` to show where the warning was created)
Web Bundled 22408ms index.ts (516 modules)
iOS Bundled 30630ms index.ts (934 modules)
Android Bundled 38108ms index.ts (928 modules)

› Assets (2):
assets/zoi-logo.5a531fbd3a49e35f2cb1b6fc3dcd5ad0.png (113KB)
assets/zoi-logo.png (113KB)

› web bundles (2):
_expo/static/js/web/index-cbca0d441acf2c8053c626e2353b9e68.js (1.4MB)
_expo/static/js/web/index-cbca0d441acf2c8053c626e2353b9e68.js.map (4.8MB)

› ios bundles (2):
_expo/static/js/ios/index-aeb8dbace00bd163a310a17d6c2fce32.hbc (2.7MB)
_expo/static/js/ios/index-aeb8dbace00bd163a310a17d6c2fce32.hbc.map (6MB)

› android bundles (2):
_expo/static/js/android/index-04ad5f90c32b193a9b9eee9325cd1209.hbc (2.7MB)
_expo/static/js/android/index-04ad5f90c32b193a9b9eee9325cd1209.hbc.map (6MB)

› Files (3):
favicon.ico (15KB)
index.html (1.2KB)
metadata.json (368B)

Exported: /tmp/zoi-source-identity-export
