✔ known source holds suppress default Official website in canonical, Quick look and person projections (4.592249ms)
✔ owner edit and explicit null/empty clears never resurrect imported/base websites (3.150496ms)
✔ stale domain takeover receipts never veto published same-domain owner edits (0.300692ms)
✔ challenge/robots/fetch errors and unflagged redirect mismatches do not imply an unsafe official site (0.397342ms)
✔ compact search context retains source policy without a per-card request (0.242673ms)
✔ actual canonical handler applies the shared policy across sparse families and schema, preserving owner navigation (108.493573ms)
✔ authenticated preview keeps the canonical policy after existing authority checks, including owner clear and same-domain edits (5.885405ms)
✔ hidden restaurant can select actual menu schema entirely from private snapshot (2.12534ms)
✔ private professional selects actual discipline/consult fields, not restaurant menu (0.252703ms)
✔ different workspace/listing or malformed receipt cannot provide a private editor context (0.51948ms)
✔ unproven base fields and contaminated enrichment cannot override reviewed identity (2.40356ms)
✔ actual projected owner picture bio and social clear override source defaults in rendered output (23.553111ms)
✔ explicit image phone bio clears stay clear without empty image/tel requests (7.547901ms)
✔ music owner fields use presence semantics and remove stale portrait srcsets (0.875716ms)
✔ unsafe owner URLs are suppressed and exact source identity guard remains required (0.325378ms)
✔ shared media projection preserves explicit owner hero/gallery clearing across families (0.802118ms)
✔ public SSR contains actual owner media only, escaped hydration and provider links; player loads on click (3.080194ms)
✔ explicit clear malformed owner data and hidden sections never restore source video (1.967776ms)
✔ health society affiliation is not mistaken for social channel data (0.392473ms)
✔ reviewed Argiro video requires exact existing identity and source; owner clear overrides (0.415626ms)
✔ business imported hold is distinct from saved owner choice and clear (1.952608ms)
✔ artist imported hold is distinct from saved owner choice and clear (0.388676ms)
✔ event imported hold is distinct from saved owner choice and clear (0.397773ms)
✔ church imported hold is distinct from saved owner choice and clear (0.405918ms)
✔ all existing receipt gates use neutral review state, not invented malicious labels (0.533647ms)
✔ owner presence precedence includes nested profile, and null never resurrects imported base (0.346076ms)
✔ draft validation rejects credentials, unsafe schemes and incomplete addresses without altering saved selection (0.608246ms)
✔ sparse imported source and owner selection retain separate states (0.347469ms)
✔ explicit hold excludes all imported content but retains full supported review receipt and provenance without writes (2.219066ms)
✔ base photo is not silently deleted based on source hostname or equality (0.250248ms)
✔ unknown hold/fetch/challenge and false scope flags do not suppress imported content (0.35827ms)
✔ compact public context uses the same cleaned profile and remains immutable (0.36414ms)
✔ owner edits and explicit clears are retained while imported content remains held (1.795975ms)
✔ direct same-source contact consumer refuses held imported contacts but keeps normal successful imports (0.612154ms)
✔ Quick look current base facts survive, imported menu/contacts/media cannot reappear through explicit website edit (1.539486ms)
✔ actual held Cafe Boulis fallback is removed at direct shared vertical boundary (0.46061ms)
✔ actual canonical shared projection business: populated/sparse held/owner (43.871178ms)
✔ actual canonical shared projection vendor: populated/sparse held/owner (4.322145ms)
✔ actual canonical shared projection church: populated/sparse held/owner (35.670959ms)
✔ actual canonical shared projection professional: populated/sparse held/owner (6.588078ms)
✔ actual canonical shared projection school: populated/sparse held/owner (4.867102ms)
✔ actual canonical shared projection association: populated/sparse held/owner (3.378963ms)
✔ actual canonical shared projection creator: populated/sparse held/owner (5.434873ms)
✔ actual canonical shared projection artist: populated/sparse held/owner (11.043952ms)
✔ actual canonical shared projection venue: populated/sparse held/owner (4.090451ms)
✔ actual canonical shared projection event: populated/sparse held/owner (2.470125ms)
✔ actual canonical shared projection travel_place: populated/sparse held/owner (2.612661ms)
✔ actual canonical shared projection sports_club: populated/sparse held/owner (2.983294ms)
ℹ tests 48
ℹ suites 0
ℹ pass 48
ℹ fail 0
ℹ cancelled 0
ℹ skipped 0
ℹ todo 0
ℹ duration_ms 295.168759
