✔ source image positions cover all118 exact printed labels within800x659 (2.100524ms)
✔ preferences bounded and enquiry never asserts inventory (0.527375ms)
✔ venue enquiry validates actual date and bounded guest count (0.611843ms)
✔ four reusable designs honor escapedcopy visibility and canonical defaults (5.105929ms)
✔ room follows exact source identity and current owner floor-plan choice (4.770712ms)
✔ published alphanumeric tables remain separate from adjacent numeric IDs (1.41886ms)
✔ selected source table survives group enquiry without claiming inventory (1.036536ms)
✔ interactive room is removed for cleared plan and sparse events remain usable (4.441006ms)
✔ capabilities have 256 bits and are removed from the URL immediately (2.098069ms)
✔ lost response retains exact nonce/payload but persists no contacts or secrets (2.887344ms)
✔ missing receipt retains pending request after reload (2.246587ms)
✔ late account response never becomes another account receipt (0.762655ms)
✔ malformed and mismatched receipt cannot clear pending state (0.818579ms)
✔ a refusal after an uncertain attempt retains nonce (0.57808ms)
✔ storage refusal prevents both initial write and retry (0.588429ms)
✔ caller-supplied JSON clone preserves the exact retry payload without browser globals (0.674961ms)
✔ whole tickets produce per-guest totals and remaining quota, never fractional tickets (19.264439ms)
✔ over-allocation remains detectable while displayed remaining cannot go negative (0.218238ms)
✔ recipient preview refuses incomplete or misleading payment receipts before acceptance (1.171709ms)
✔ remount unknown requires explicit check then confirmed cancellation; no private payload persisted (6.275272ms)
✔ mismatched cancellation does not clear pending and actor change resets check authority (0.530611ms)
✔ accepted receipt wins cancellation race and is not treated as cancelled (0.771872ms)
✔ invitation retains exact private capability and guest quantity without control characters (1.372054ms)
✔ only local host claim routes and structurally valid event UUIDs accepted (0.677265ms)
✔ messages encode content once and support email and device SMS drafts (1.607082ms)
✔ phone extensions and malformed plus signs cannot be silently turned into another recipient (0.423391ms)
✔ public Parea composer subject is explicit and sanitized while private invitation default stays unchanged (0.244036ms)
✔ readiness counts quantities rather than names and excludes revoked tickets (1.614155ms)
✔ all accepted only describes current invitation completion (18.760097ms)
✔ malformed, duplicated and overallocated data never produces ready confirmation (0.660955ms)
✔ empty and expired allocations have precise next actions (0.394767ms)
✔ organizer quota counts only unsaved plan rows and rejects oversubscription (1.898767ms)
✔ only matching confirmed recipient makes a share link (0.450351ms)
✔ refresh removes obsolete links after claim, replacement or removal (1.412018ms)
✔ quantity per invitee default1; strict names-only schema and private suggestions (2.830027ms)
✔ lost save exact retry with nonce-only storage, no guest names (3.928068ms)
✔ first definitive CAS refusal unlocks; signout fences late private response (1.048199ms)
✔ exact retry displays current archived revision instead of stale immutable receipt (0.671114ms)
✔ reload retains original non-PII member IDs for exact reentry and clears only after current read (1.082162ms)
✔ fresh signed-out client stays signed_out without RPC or misleading error phase (0.293318ms)
✔ per-guest quote and uneven group shares conserve cents without claiming payment (2.443425ms)
✔ currency input refuses rounding, exponents, negative values and unsupported group size (0.613005ms)
✔ prepayment gate stays closed until every operational prerequisite is configured (0.333974ms)
✔ sponsors require approval, exact placement and active campaign; links cannot execute code (0.373507ms)
✔ one reusable Parea context does not transplant Toronto source pricing into other events (0.859957ms)
✔ planning invitations carry only the intended whole-ticket share and public event, never guest tokens or contacts (0.41757ms)
✔ a guest owes their whole ticket quantity, never an equal fraction of other tickets (2.289437ms)
✔ excess recipients cannot conceal an over-allocation (0.252662ms)
✔ missing price leaves amounts unknown, not zero (0.276156ms)
✔ fractional, negative, string and unsafe quantities fail instead of rounding (0.622583ms)
✔ duplicate row IDs fail but friends sharing a name are valid (1.546349ms)
ℹ tests 51
ℹ suites 0
ℹ pass 51
ℹ fail 0
ℹ cancelled 0
ℹ skipped 0
ℹ todo 0
ℹ duration_ms 125.122706
