✔ receipt validation rejects paid/issued, wrong quantity/method/policy and unsafe server policy (2.328691ms)
✔ unknown outcome retains exact request and reload can retry without replacing nonce (1.922373ms)
✔ historical recovery must match saved scope, then live policy is read separately (0.706036ms)
✔ account changes discard late responses without clearing previous account recovery (0.317582ms)
✔ definitive method rejection clears request but changed payload conflict remains recoverable (0.621579ms)
✔ policy save validates expected version, workspace and explicit door flag (0.223036ms)
✔ guest list rejects inconsistent quotes, duplicate private references and unsafe methods (0.420815ms)
✔ a refusal after an uncertain attempt cannot discard original recovery nonce (0.387723ms)
✔ deadline policy binds exact instant and clear, malformed deadline is rejected (0.492408ms)
✔ cancel settles only exact request scope and fences immutable unknown intent (0.72437ms)
✔ new deadline policy uses configure while restored legacy intent uses legacy writer (1.317416ms)
✔ invalid actor cannot access recovery storage or persist token material (0.211955ms)
ℹ tests 12
ℹ suites 0
ℹ pass 12
ℹ fail 0
ℹ cancelled 0
ℹ skipped 0
ℹ todo 0
ℹ duration_ms 76.679817
