✔ inherited provider homepage cannot replace source-bound artist destination (32.095288ms)
✔ malformed inherited providers fall back only to a matching reviewed source (7.011241ms)
✔ qualified inherited provider destinations retain their own identity and normalized links (0.64425ms)
✔ owner and profile explicit clears do not resurrect imported recordings (2.935142ms)
✔ publisher attribution follows actual source media without reattributing owner selections (8.070124ms)
(node:670201) ExperimentalWarning: stripTypeScriptTypes is an experimental feature and might change at any time
(Use `node --trace-warnings ...` to show where the warning was created)
✔ truthful source HTML provenance preserves prior useful fields and reviewed images (3.107864ms)
✔ unapproved or unavailable new photo cannot remove existing imagery (0.542021ms)
✔ approval binds both source artifact and prior machine snapshot (0.977021ms)
✔ unknown image, fake rendering, challenge, member mismatches and unsupported data fail closed (2.659066ms)
✔ language-only extraction is not useful enrichment and automatic rendered path refuses source-only report (0.603866ms)
✔ reviewed source conflict deliberately clears prior machine email while preserving unrelated data (0.537863ms)
✔ absence or bare null email cannot manufacture a clear; malformed conflict evidence refuses approval (1.539569ms)
✔ machine conflict does not override explicit owner contact or owner clear in public model (5.059752ms)
✔ new valid email resolves explicit conflict marker; missing or invalid email cannot erase prior evidence (1.666727ms)
✔ record label artist capture requires independently confirmed exact identity and excludes corporate contacts (2.235918ms)
(node:670202) ExperimentalWarning: stripTypeScriptTypes is an experimental feature and might change at any time
(Use `node --trace-warnings ...` to show where the warning was created)
✔ substantive SSR reuses extractor without browser or rendered evidence (17.700165ms)
✔ image bytes must pass signature, decoder and immutable receipt verification (9.842272ms)
✔ raster header validates MIME signatures and bounded dimensions before decoder allocation (0.728869ms)
✔ challenge, JS shell, sparse and missing fingerprint fail before image or browser access (1.971816ms)
✔ substantive contact CAPTCHA is not a whole-page challenge (1.450153ms)
✔ identity conflicts, member scope and aggregators refuse source-only content (2.704272ms)
✔ invalid or unreviewable images cannot enter photo fields (6.247987ms)
✔ decoder corruption or dimension mismatch rejects image and closes decoder (2.145409ms)
✔ four-image cap and cumulative deadline prevent an unbounded photo crawl (19.470705ms)
✔ source HTML capture resume namespace cannot reuse legacy rendered failure (4.123146ms)
✔ protected decoder is offline and receives image bytes only, never source HTML (2.685215ms)
✔ robots/DNS refusals propagate and no alternate insecure source is attempted (1.103566ms)
✔ source HTML failure receipt remains mode and fingerprint bound (1.844094ms)
✔ immutable review artifact includes sanitized source facts but excludes inline executable configuration (1.613488ms)
✔ source capture retains explicit email conflict and null machine value for reviewed quarantine (1.593821ms)
✔ source capture retains resolved conflict null only alongside valid extracted contact (1.369142ms)
✔ explicit record label artist capture removes corporate contacts and keeps safe linked Spotify artist (2.283647ms)
✔ publisher reviewed photo choice must occur in actual extracted page and cannot exceed cap (2.245686ms)
ℹ tests 33
ℹ suites 0
ℹ pass 33
ℹ fail 0
ℹ cancelled 0
ℹ skipped 0
ℹ todo 0
ℹ duration_ms 234.660314
