PASS session start exact replay seeds stock once
PASS expired hold requires explicit service admission acknowledgement
PASS mixed station cart splits atomically, approval uncharged and exact replay
PASS approval charges once and existing KDS preparing consumes once
PASS partial cart failure rolls back all orders and stock
PASS last-unit race one winner and uncharged rejection releases once
PASS revoked accepted source blocks new service orders
PASS guest cancellation tombstone fences delayed order
PASS hidden event and changed catalogue revision block new cart
PASS pause/resume no reseed and unsettled service cannot close
PASS explicit admissions enforce table capacity
PASS current session, immutable service lines and private ledger
PASS guest-own projection and operator-only source/stock views
PASS service window expiry after stock wait leaves no partial reservation
PASS Auth expiry after stock wait blocks order and receipt
PASS explicit admission revocation blocks future order without deleting history
PASS legacy settlement cannot mutate service tab and revoked admission disappears
PASS actual retained host guest-save and admission lock race has no deadlock
PASS independent deterministic two-control receipt barrier
PASS competing operators and same-actor control/recovery serialize without upgrade deadlock
PASS bounded operator candidate/approval and guest-own order cursor pages
