(node:762050) ExperimentalWarning: stripTypeScriptTypes is an experimental feature and might change at any time
(Use `node --trace-warnings ...` to show where the warning was created)
✔ owner tool browser handoffs preserve explicit selected workspace with no token (8.662788ms)
✔ missing malformed and injected identities cannot fabricate a setup destination (6.653302ms)
(node:762052) [MODULE_TYPELESS_PACKAGE_JSON] Warning: Module type of file:///workspaces/zoi-city/.recovery/community-release/mobile/src/artistMusic.ts is not specified and it doesn't parse as CommonJS.
Reparsing as ES module because module syntax was detected. This incurs a performance overhead.
To eliminate this warning, add "type": "module" to /workspaces/zoi-city/.recovery/community-release/mobile/package.json.
(Use `node --trace-warnings ...` to show where the warning was created)
✔ reviewed catalogue binds identity and uses verified high-resolution photos (4.929679ms)
✔ unknown artist never inherits featured content (0.56322ms)
✔ provider links reject spoofed hosts unsafe schemes and credentials (0.393964ms)
✔ city validation supports Greek and NFKC without markup (5.253954ms)
✔ receipts bind artist request active state and expected version (0.99782ms)
✔ summary rejects subthreshold counts and wrong artist; mine preserves inactive rows (1.033947ms)
✔ interrupted authenticated interest retries identical persisted request, then withdrawal reads real server version (53.814725ms)
✔ native planner shares venue timezone and buffer boundaries (1.143602ms)
✔ native planner cannot accept another tenant or changed appointment preview (0.745469ms)
✔ native planner requires complete unique saved slots matching the preview (0.473693ms)
(node:762059) [MODULE_TYPELESS_PACKAGE_JSON] Warning: Module type of file:///workspaces/zoi-city/.recovery/community-release/mobile/src/backendReadiness.ts is not specified and it doesn't parse as CommonJS.
Reparsing as ES module because module syntax was detected. This incurs a performance overhead.
To eliminate this warning, add "type": "module" to /workspaces/zoi-city/.recovery/community-release/mobile/package.json.
(Use `node --trace-warnings ...` to show where the warning was created)
✔ verified guardian backend is enabled while unavailable integrations fail closed (1.564246ms)
✔ guardian release gate is backed by complete deployed RPC evidence (0.883387ms)
(node:762071) [MODULE_TYPELESS_PACKAGE_JSON] Warning: Module type of file:///workspaces/zoi-city/.recovery/community-release/mobile/src/booking.ts is not specified and it doesn't parse as CommonJS.
Reparsing as ES module because module syntax was detected. This incurs a performance overhead.
To eliminate this warning, add "type": "module" to /workspaces/zoi-city/.recovery/community-release/mobile/package.json.
(Use `node --trace-warnings ...` to show where the warning was created)
✔ booking receipts require exact idempotency request, slot and party (1.810535ms)
✔ retry receipt preserves terminal cancellation rather than inventing confirmation (0.292605ms)
✔ booking catalog refuses malformed times and unknown timezone (23.451986ms)
✔ venue times honor the venue timezone rather than device default (1.24422ms)
(node:762077) [MODULE_TYPELESS_PACKAGE_JSON] Warning: Module type of file:///workspaces/zoi-city/.recovery/community-release/mobile/src/bookingOperator.ts is not specified and it doesn't parse as CommonJS.
Reparsing as ES module because module syntax was detected. This incurs a performance overhead.
To eliminate this warning, add "type": "module" to /workspaces/zoi-city/.recovery/community-release/mobile/package.json.
(Use `node --trace-warnings ...` to show where the warning was created)
✔ operator mutation requires exact workspace and incremented version (1.688939ms)
✔ operator service decimal prices are exact minor units and bounded (0.496035ms)
✔ staff resource cannot silently admit a party (0.26829ms)
✔ schedule converts venue-local time and rejects both DST edge cases (27.601942ms)
✔ native reschedule uses venue-local range and rejects impossible calendar dates (60.181493ms)
✔ reschedule selection pins reviewed version and exact price (0.780736ms)
✔ move receipt requires same booking, expected version, reviewed time and no collected payment (0.642186ms)
(node:762081) [MODULE_TYPELESS_PACKAGE_JSON] Warning: Module type of file:///workspaces/zoi-city/.recovery/community-release/mobile/src/brand.ts is not specified and it doesn't parse as CommonJS.
Reparsing as ES module because module syntax was detected. This incurs a performance overhead.
To eliminate this warning, add "type": "module" to /workspaces/zoi-city/.recovery/community-release/mobile/package.json.
(Use `node --trace-warnings ...` to show where the warning was created)
✔ native shared body, subdued text and actions stay readable on every adopted surface (2.374847ms)
✔ native and web material colors share the same semantic values (13.18597ms)
(node:762097) [MODULE_TYPELESS_PACKAGE_JSON] Warning: Module type of file:///workspaces/zoi-city/.recovery/community-release/mobile/src/businessEdit.ts is not specified and it doesn't parse as CommonJS.
Reparsing as ES module because module syntax was detected. This incurs a performance overhead.
To eliminate this warning, add "type": "module" to /workspaces/zoi-city/.recovery/community-release/mobile/package.json.
(Use `node --trace-warnings ...` to show where the warning was created)
✔ only owned and explicitly approved claims can appear in business editor (4.400903ms)
✔ business edit preserves unknown social keys and explicit cleared fields (0.604557ms)
✔ business edit rejects unsafe replacement and ambiguous social payloads (0.686991ms)
(node:762099) [MODULE_TYPELESS_PACKAGE_JSON] Warning: Module type of file:///workspaces/zoi-city/.recovery/community-release/mobile/src/calendar.ts is not specified and it doesn't parse as CommonJS.
Reparsing as ES module because module syntax was detected. This incurs a performance overhead.
To eliminate this warning, add "type": "module" to /workspaces/zoi-city/.recovery/community-release/mobile/package.json.
(Use `node --trace-warnings ...` to show where the warning was created)
✔ calendar ranges reject impossible dates and bound exactly90 UTC days (2.01735ms)
✔ public calendar rejects private drafts and another listing (0.475757ms)
✔ workspace calendar rejects another tenant (0.319756ms)
✔ same calendar planner validates dates and exact saved receipt (76.387331ms)
✔ profile calendar/group actions require exact same-listing server paths (9.416363ms)
(node:762105) [MODULE_TYPELESS_PACKAGE_JSON] Warning: Module type of file:///workspaces/zoi-city/.recovery/community-release/mobile/src/commerce.ts is not specified and it doesn't parse as CommonJS.
Reparsing as ES module because module syntax was detected. This incurs a performance overhead.
To eliminate this warning, add "type": "module" to /workspaces/zoi-city/.recovery/community-release/mobile/package.json.
(Use `node --trace-warnings ...` to show where the warning was created)
✔ basket totals preserve decimal precision and separate currencies (2.721483ms)
✔ persisted basket rejects duplicate IDs and invalid quantities (1.212661ms)
✔ adding unavailable options or excessive aggregate quantities fails (0.889608ms)
✔ fresh checkout must match exact official cart and all quantities (1.206549ms)
✔ product imagery and deep links reject untrusted URLs and invalid identifiers (0.631367ms)
✔ native shared option cannot silently substitute another product variant (0.343861ms)
✔ malformed explicit native variant remains an explicit unresolved choice (0.561717ms)
✔ single default display metadata survives native basket mapping without changing provider title (0.741914ms)
(node:762113) [MODULE_TYPELESS_PACKAGE_JSON] Warning: Module type of file:///workspaces/zoi-city/.recovery/community-release/mobile/src/community.ts is not specified and it doesn't parse as CommonJS.
Reparsing as ES module because module syntax was detected. This incurs a performance overhead.
To eliminate this warning, add "type": "module" to /workspaces/zoi-city/.recovery/community-release/mobile/package.json.
(Use `node --trace-warnings ...` to show where the warning was created)
✔ visible reaction state comes from matching desired-state receipts only (1.795377ms)
✔ reply receipt is scoped to post and actual profile, not auth UUID (0.632699ms)
✔ public profile edits explicitly validate interests and chosen public fields (0.557078ms)
✔ feed preserves server snapshot and rejects a substituted mode (0.357987ms)
✔ recovered publication keeps original account, immutable request and actual receipt identity (4.228122ms)
(node:762130) [MODULE_TYPELESS_PACKAGE_JSON] Warning: Module type of file:///workspaces/zoi-city/.recovery/community-release/mobile/src/communityIntent.ts is not specified and it doesn't parse as CommonJS.
Reparsing as ES module because module syntax was detected. This incurs a performance overhead.
To eliminate this warning, add "type": "module" to /workspaces/zoi-city/.recovery/community-release/mobile/package.json.
(Use `node --trace-warnings ...` to show where the warning was created)
✔ sign-in retains question composer intent but cannot resume without an actor (7.188571ms)
✔ discussion return retains navigation and does not replay a reaction (0.364179ms)
✔ sign-in may retain public navigation but sign-out or account switch invalidates it (0.213678ms)
(node:762134) [MODULE_TYPELESS_PACKAGE_JSON] Warning: Module type of file:///workspaces/zoi-city/.recovery/community-release/mobile/src/communityMedia.ts is not specified and it doesn't parse as CommonJS.
Reparsing as ES module because module syntax was detected. This incurs a performance overhead.
To eliminate this warning, add "type": "module" to /workspaces/zoi-city/.recovery/community-release/mobile/package.json.
(Use `node --trace-warnings ...` to show where the warning was created)
✔ media selection validates actual bytes dimensions and video duration before transfer (2.74678ms)
✔ media URLs cannot execute scripts or expose embedded credentials (0.361714ms)
✔ offscreen background low-power reduced-motion and user pause all prevent autoplay (0.287876ms)
✔ upload receipt must match selected media type and a valid finalized identity (0.735822ms)
(node:762135) [MODULE_TYPELESS_PACKAGE_JSON] Warning: Module type of file:///workspaces/zoi-city/.recovery/community-release/mobile/src/companyWorkspace.ts is not specified and it doesn't parse as CommonJS.
Reparsing as ES module because module syntax was detected. This incurs a performance overhead.
To eliminate this warning, add "type": "module" to /workspaces/zoi-city/.recovery/community-release/mobile/package.json.
(Use `node --trace-warnings ...` to show where the warning was created)
✔ native company aggregates exact active relationships without assuming member Auth identity (7.766558ms)
✔ company draft uses current company ID and existing persisted payload (0.676291ms)
✔ company source rejects foreign (0.448867ms)
✔ company source rejects archived (7.350532ms)
✔ company source rejects missing (0.364529ms)
✔ company source rejects duplicate (0.213027ms)
✔ archived linked project has no company return and archived work is omitted (1.784737ms)
✔ existing roles keep company edit distinct from project work (0.191397ms)
✔ actual SessionClient ignores held Company response after account (118.932951ms)
✔ actual SessionClient ignores held Company response after workspace (6.395411ms)
✔ actual SessionClient ignores held Company response after unmount (2.640763ms)
(node:762153) [MODULE_TYPELESS_PACKAGE_JSON] Warning: Module type of file:///workspaces/zoi-city/.recovery/community-release/mobile/src/creator.ts is not specified and it doesn't parse as CommonJS.
Reparsing as ES module because module syntax was detected. This incurs a performance overhead.
To eliminate this warning, add "type": "module" to /workspaces/zoi-city/.recovery/community-release/mobile/package.json.
(Use `node --trace-warnings ...` to show where the warning was created)
✔ bio preserves order and unpublished intent in exact server payload (7.327018ms)
✔ bio refuses truncation and unsafe links before save (0.984404ms)
✔ bio needs exact save receipt and never treats empty response as success (0.480225ms)
(node:762165) [MODULE_TYPELESS_PACKAGE_JSON] Warning: Module type of file:///workspaces/zoi-city/.recovery/community-release/mobile/src/creatorAccess.ts is not specified and it doesn't parse as CommonJS.
Reparsing as ES module because module syntax was detected. This incurs a performance overhead.
To eliminate this warning, add "type": "module" to /workspaces/zoi-city/.recovery/community-release/mobile/package.json.
(Use `node --trace-warnings ...` to show where the warning was created)
✔ authoritative creator denials invalidate private data for reads and writes (7.259763ms)
✔ temporary failure and creator read-only states retain draft and recovery state (0.645804ms)
✔ late denial from an unmounted or different actor cannot clear the current screen (0.393543ms)
✔ successful reads and confirmed writes remain unchanged (0.272989ms)
(node:762167) [MODULE_TYPELESS_PACKAGE_JSON] Warning: Module type of file:///workspaces/zoi-city/.recovery/community-release/mobile/src/creatorRecovery.ts is not specified and it doesn't parse as CommonJS.
Reparsing as ES module because module syntax was detected. This incurs a performance overhead.
To eliminate this warning, add "type": "module" to /workspaces/zoi-city/.recovery/community-release/mobile/package.json.
(Use `node --trace-warnings ...` to show where the warning was created)
✔ all seven actions execute through durable nonce-only wrapper and validate receipt (11.658473ms)
✔ lost response blocks replacement, exact retry retains immutable memory payload (1.346911ms)
✔ reload has no payload, missing receipt retains fence, cancellation requires exact proof (2.184612ms)
✔ permission denial drops private payload without deleting recovery reference (0.630425ms)
✔ storage failure, corrupt marker and late account change cannot permit dispatch or acknowledgement (2.454896ms)
✔ mismatched saved entity does not discard recovery reference (4.66642ms)
✔ account switch during persisted readback prevents dispatch (0.422146ms)
✔ readback failure after persistence retains marker and fences another send (0.685979ms)
(node:762173) [MODULE_TYPELESS_PACKAGE_JSON] Warning: Module type of file:///workspaces/zoi-city/.recovery/community-release/mobile/src/creatorStudio.ts is not specified and it doesn't parse as CommonJS.
Reparsing as ES module because module syntax was detected. This incurs a performance overhead.
To eliminate this warning, add "type": "module" to /workspaces/zoi-city/.recovery/community-release/mobile/package.json.
(Use `node --trace-warnings ...` to show where the warning was created)
✔ creator fee is explicit currency units converted to bounded minor units (2.616306ms)
✔ private drafts may be incomplete but sharing needs disclosures and deliverables (7.287163ms)
✔ customer detail rejects internal workspace records and audit data (0.576124ms)
✔ creator mutation receipts require matching workspace and decision request (0.612762ms)
✔ proof links remain explicit public HTTPS links and deliverables honor field limits (0.681951ms)
(node:762179) [MODULE_TYPELESS_PACKAGE_JSON] Warning: Module type of file:///workspaces/zoi-city/.recovery/community-release/mobile/src/documentScope.ts is not specified and it doesn't parse as CommonJS.
Reparsing as ES module because module syntax was detected. This incurs a performance overhead.
To eliminate this warning, add "type": "module" to /workspaces/zoi-city/.recovery/community-release/mobile/package.json.
(Use `node --trace-warnings ...` to show where the warning was created)
✔ actual SessionClient private documents refresh actor (39.821831ms)
✔ actual SessionClient private documents refresh workspace (1.058092ms)
✔ actual SessionClient private documents refresh project (0.605238ms)
✔ actual SessionClient private documents refresh unmount (0.625746ms)
✔ actual SessionClient private documents refresh unchanged (2.053118ms)
✔ actual SessionClient private documents response actor (15.110678ms)
✔ actual SessionClient private documents response workspace (1.967558ms)
✔ actual SessionClient private documents response project (1.615341ms)
✔ actual SessionClient private documents response unmount (2.782126ms)
✔ actual SessionClient private documents response unchanged (2.134078ms)
✔ private document RPC refuses malformed scopes, unknown writers and foreign workspace before dispatch (0.832111ms)
(node:762185) [MODULE_TYPELESS_PACKAGE_JSON] Warning: Module type of file:///workspaces/zoi-city/.recovery/community-release/mobile/src/documents.ts is not specified and it doesn't parse as CommonJS.
Reparsing as ES module because module syntax was detected. This incurs a performance overhead.
To eliminate this warning, add "type": "module" to /workspaces/zoi-city/.recovery/community-release/mobile/package.json.
(Use `node --trace-warnings ...` to show where the warning was created)
✔ private upload receipt requires workspace, document identity and ready version (1.728573ms)
✔ private attachment requires no-store, attachment headers, correct type and exact bounded size (78.609634ms)
✔ native document selection uses same metadata limits as server (0.912912ms)
(node:762200) [MODULE_TYPELESS_PACKAGE_JSON] Warning: Module type of file:///workspaces/zoi-city/.recovery/community-release/mobile/src/drafts.ts is not specified and it doesn't parse as CommonJS.
Reparsing as ES module because module syntax was detected. This incurs a performance overhead.
To eliminate this warning, add "type": "module" to /workspaces/zoi-city/.recovery/community-release/mobile/package.json.
(Use `node --trace-warnings ...` to show where the warning was created)
✔ sign-out removal waits for in-flight draft save and prevents queued resurrection (7.461228ms)
✔ switching account blocks previous account queued draft writes (1.013309ms)
✔ publishing requires explicit success and real UUID receipt (0.38144ms)
✔ native map labels share exact source geometry and boundedpreferences (2.170656ms)
✔ native prepared note shares same nontransactional contract (0.823626ms)
(node:762209) ExperimentalWarning: stripTypeScriptTypes is an experimental feature and might change at any time
(Use `node --trace-warnings ...` to show where the warning was created)
✔ guest link carries only canonical selected event, never credentials (1.755913ms)
✔ organiser handoff validates exact selected workspace and event with fresh authority (1.429525ms)
✔ viewer, missing, duplicate and malformed memberships cannot produce operator link (0.641505ms)
✔ selected workspace never falls back to first membership (2.331155ms)
✔ wrong event and denied operator proof cannot open a link (0.709753ms)
✔ late account/workspace switches fence membership and operator responses (10.572458ms)
(node:762221) [MODULE_TYPELESS_PACKAGE_JSON] Warning: Module type of file:///workspaces/zoi-city/.recovery/community-release/mobile/src/session.ts is not specified and it doesn't parse as CommonJS.
Reparsing as ES module because module syntax was detected. This incurs a performance overhead.
To eliminate this warning, add "type": "module" to /workspaces/zoi-city/.recovery/community-release/mobile/package.json.
(Use `node --trace-warnings ...` to show where the warning was created)
✔ actual session refresh preserves exact authorised event/workspace without credentials in link (100.356261ms)
✔ held actual refresh refuses private send after workspace switch (1.520214ms)
✔ held actual refresh refuses private send after actor switch (1.152178ms)
✔ late private response is refused after scope change (12.869831ms)
✔ invalid actor, guest, lost scope and unsupported RPC refuse dispatch (0.651264ms)
✔ refresh rejection never dispatches private proof (0.317562ms)
(node:762224) [MODULE_TYPELESS_PACKAGE_JSON] Warning: Module type of file:///workspaces/zoi-city/.recovery/community-release/mobile/src/eventPlanner.ts is not specified and it doesn't parse as CommonJS.
Reparsing as ES module because module syntax was detected. This incurs a performance overhead.
To eliminate this warning, add "type": "module" to /workspaces/zoi-city/.recovery/community-release/mobile/package.json.
(Use `node --trace-warnings ...` to show where the warning was created)
✔ event plans preserve private notes and reject invalid quantities (26.554471ms)
✔ recovery never substitutes profile or plan version (0.742695ms)
✔ current booking reads cannot import foreign private plans (2.326798ms)
✔ resource units enforce one performer, bounded venue guests and equipment units (2.577525ms)
(node:762231) [MODULE_TYPELESS_PACKAGE_JSON] Warning: Module type of file:///workspaces/zoi-city/.recovery/community-release/mobile/src/festival.ts is not specified and it doesn't parse as CommonJS.
Reparsing as ES module because module syntax was detected. This incurs a performance overhead.
To eliminate this warning, add "type": "module" to /workspaces/zoi-city/.recovery/community-release/mobile/package.json.
(Use `node --trace-warnings ...` to show where the warning was created)
✔ application ignores client prices and validates contact and units (4.893492ms)
✔ commercial offers use exact cents and bounded benefit lines (43.387735ms)
✔ application receipt requires correct actor tenant enquiry and version (1.688097ms)
✔ private pages reject foreign records and invalid pagination (0.324155ms)
✔ public offer action only uses exact matching host UUID (4.672249ms)
(node:762236) [MODULE_TYPELESS_PACKAGE_JSON] Warning: Module type of file:///workspaces/zoi-city/.recovery/community-release/mobile/src/generalReservation.ts is not specified and it doesn't parse as CommonJS.
Reparsing as ES module because module syntax was detected. This incurs a performance overhead.
To eliminate this warning, add "type": "module" to /workspaces/zoi-city/.recovery/community-release/mobile/package.json.
(Use `node --trace-warnings ...` to show where the warning was created)
✔ interrupted reservation remains blocked after remount and across tier changes, scoped to actor and event (3.344785ms)
✔ only exact confirmed free receipt clears original attempt; malformed and stale confirmations preserve warning (4.863606ms)
✔ storage failure and account change stop request preparation before network action (0.426064ms)
✔ new request recovery accepts only exact nonce/event/tier/quantity receipt, with no contact storage (7.450788ms)
✔ legacy saved requests cannot be upgraded to once protocol, and malformed recovery never clears warning (1.477544ms)
✔ recovered creation receipt cannot imply active ticket after cancellation or closed event (0.425623ms)
✔ signing in cannot bypass an unresolved guest reservation or reuse its nonce as an account request (4.408368ms)
✔ confirmed nonce reference survives reopening without contacts and never claims cached ticket status (2.205331ms)
✔ confirmed references cap at five, expire after one year, and storage failure preserves unresolved warning (5.628442ms)
✔ member state accepts closed group with own history but rejects unrelated membership (1.690992ms)
✔ membership decisions validate tenant identity and exact increment (0.381351ms)
✔ attendance receipt binds event membership and status (0.385909ms)
✔ membership settings cannot cross workspace or skip version (0.274341ms)
(node:762260) [MODULE_TYPELESS_PACKAGE_JSON] Warning: Module type of file:///workspaces/zoi-city/.recovery/community-release/mobile/src/inquiries.ts is not specified and it doesn't parse as CommonJS.
Reparsing as ES module because module syntax was detected. This incurs a performance overhead.
To eliminate this warning, add "type": "module" to /workspaces/zoi-city/.recovery/community-release/mobile/package.json.
(Use `node --trace-warnings ...` to show where the warning was created)
✔ enquiry start validates actor listing and immutable request payload (7.759374ms)
✔ reply requires exact author thread request and body receipt (0.540478ms)
✔ thread read guards workspace message identity and readonly contract (6.294954ms)
✔ enquiry inputs reject invalid IDs and oversized empty messages (0.328352ms)
(node:762268) [MODULE_TYPELESS_PACKAGE_JSON] Warning: Module type of file:///workspaces/zoi-city/.recovery/community-release/mobile/src/privateRequests.ts is not specified and it doesn't parse as CommonJS.
Reparsing as ES module because module syntax was detected. This incurs a performance overhead.
To eliminate this warning, add "type": "module" to /workspaces/zoi-city/.recovery/community-release/mobile/package.json.
(Use `node --trace-warnings ...` to show where the warning was created)
✔ restart restores nonce-only metadata and prevents replacement (9.257447ms)
✔ A to B to A protects and preserves original marker (6.401784ms)
✔ SecureStore failure and silent adapter failure prevent dispatch (1.658932ms)
✔ receipt requires exact nonce kind and target; notfound is not cancellation (0.485635ms)
✔ failed recovery keeps marker until confirmed cancellation acknowledgement (6.190991ms)
✔ corrupt active null prevents a replacement inquiry nonce (0.523146ms)
(node:762269) [MODULE_TYPELESS_PACKAGE_JSON] Warning: Module type of file:///workspaces/zoi-city/.recovery/community-release/mobile/src/memberStart.ts is not specified and it doesn't parse as CommonJS.
Reparsing as ES module because module syntax was detected. This incurs a performance overhead.
To eliminate this warning, add "type": "module" to /workspaces/zoi-city/.recovery/community-release/mobile/package.json.
(Use `node --trace-warnings ...` to show where the warning was created)
✔ server profile identity includes no-deadline assignment and excludes Auth UUID assignment (3.698955ms)
✔ reject ambiguous member scope role (0.415955ms)
✔ reject ambiguous member scope workspace (0.174726ms)
✔ reject ambiguous member scope profile (0.111858ms)
✔ reject ambiguous member scope record (0.129912ms)
✔ actual token refresh fences workspace_team_get actor (49.425837ms)
✔ actual token refresh fences workspace_team_get workspace (0.819567ms)
✔ actual token refresh fences workspace_team_get unmount (6.004187ms)
✔ actual token refresh fences workspace_team_get rotation (3.07298ms)
✔ actual token refresh fences ops_records_list actor (1.281529ms)
✔ actual token refresh fences ops_records_list workspace (1.392876ms)
✔ actual token refresh fences ops_records_list unmount (0.919864ms)
✔ actual token refresh fences ops_records_list rotation (2.024794ms)
✔ actual token refresh fences social_list_posts actor (0.454908ms)
✔ actual token refresh fences social_list_posts workspace (1.690511ms)
✔ actual token refresh fences social_list_posts unmount (0.793379ms)
✔ actual token refresh fences social_list_posts rotation (0.787849ms)
✔ actual token refresh fences booking_operator_list actor (0.372133ms)
✔ actual token refresh fences booking_operator_list workspace (0.3216ms)
✔ actual token refresh fences booking_operator_list unmount (1.034348ms)
✔ actual token refresh fences booking_operator_list rotation (0.495383ms)
✔ held actual response rejects retired actor (19.0975ms)
✔ held actual response rejects retired workspace (6.971167ms)
✔ held actual response rejects retired unmount (0.78346ms)
✔ wrong workspace argument never dispatches (0.33793ms)
(node:762270) [MODULE_TYPELESS_PACKAGE_JSON] Warning: Module type of file:///workspaces/zoi-city/.recovery/community-release/mobile/src/music.ts is not specified and it doesn't parse as CommonJS.
Reparsing as ES module because module syntax was detected. This incurs a performance overhead.
To eliminate this warning, add "type": "module" to /workspaces/zoi-city/.recovery/community-release/mobile/package.json.
(Use `node --trace-warnings ...` to show where the warning was created)
✔ music prefill honors explicit cleared flat fields over old nested aliases (1.419917ms)
✔ music clearing sends null and leaves unrelated owner fields untouched (1.496028ms)
✔ music validation rejects unsafe links and impossible dates (1.252285ms)
(node:762277) [MODULE_TYPELESS_PACKAGE_JSON] Warning: Module type of file:///workspaces/zoi-city/.recovery/community-release/mobile/src/operations.ts is not specified and it doesn't parse as CommonJS.
Reparsing as ES module because module syntax was detected. This incurs a performance overhead.
To eliminate this warning, add "type": "module" to /workspaces/zoi-city/.recovery/community-release/mobile/package.json.
(Use `node --trace-warnings ...` to show where the warning was created)
✔ save receipts require correct workspace, identity and incremented version (2.082081ms)
✔ editor can edit contacts/projects/tasks but not company records; viewers cannot write (0.277918ms)
✔ full-form edits preserve custom existing data and explicitly clear relations (10.272445ms)
✔ invalid deadline and blank title fail before sending (0.581714ms)
✔ projects require company and tasks require project before sending (0.7132ms)
✔ unicode payload byte limit is enforced before sending (3.007486ms)
✔ unmodified deadline preserves its exact timestamp (6.861584ms)
✔ new company has valid default sector and cannot submit blank sector (0.59526ms)
(node:762279) [MODULE_TYPELESS_PACKAGE_JSON] Warning: Module type of file:///workspaces/zoi-city/.recovery/community-release/mobile/src/organizationWorkflow.ts is not specified and it doesn't parse as CommonJS.
Reparsing as ES module because module syntax was detected. This incurs a performance overhead.
To eliminate this warning, add "type": "module" to /workspaces/zoi-city/.recovery/community-release/mobile/package.json.
(Use `node --trace-warnings ...` to show where the warning was created)
✔ contextual native drafts preserve saved relationships and real writer payload (23.992724ms)
✔ project browser handoff fresh role owner (9.613831ms)
✔ project browser handoff fresh role admin (0.199512ms)
✔ project browser handoff fresh role editor (0.155099ms)
✔ project browser handoff fresh role viewer (0.437305ms)
✔ reject missing project context (0.330375ms)
✔ reject archived project context (8.284343ms)
✔ reject duplicate project context (1.128043ms)
✔ reject foreign project context (4.884866ms)
✔ reject scope project context (1.771302ms)
✔ actual SessionClient held refresh actor (144.125622ms)
✔ actual SessionClient held refresh workspace (0.752603ms)
✔ actual SessionClient held refresh unchanged (15.60698ms)
(node:762295) [MODULE_TYPELESS_PACKAGE_JSON] Warning: Module type of file:///workspaces/zoi-city/.recovery/community-release/mobile/src/ownerEditorHandoff.ts is not specified and it doesn't parse as CommonJS.
Reparsing as ES module because module syntax was detected. This incurs a performance overhead.
To eliminate this warning, add "type": "module" to /workspaces/zoi-city/.recovery/community-release/mobile/package.json.
(Use `node --trace-warnings ...` to show where the warning was created)
✔ fresh authorization opens only fixed browser editor, with exact authorized listing and without credentials (9.692197ms)
✔ account or workspace switch during authorization never opens browser (0.314957ms)
✔ invalid identity, denied access and mismatched receipts never open browser (1.091033ms)
✔ revoked or failed authorization surfaces failure without opening (0.65995ms)
(node:762310) ExperimentalWarning: stripTypeScriptTypes is an experimental feature and might change at any time
(Use `node --trace-warnings ...` to show where the warning was created)
✔ private link exact canonical event and opaque fragment only (3.000163ms)
✔ current own group counts whole-ticket quantities and expires without paid inference (0.809529ms)
✔ recipient preview rejects expired, cross-event, missing no-payment envelope and malformed amounts (0.522454ms)
✔ own reader binds list and detail IDs and profile distinct from Auth UUID (2.57008ms)
✔ refresh/response scope changes prevent private request or result use (1.532247ms)
(node:762315) [MODULE_TYPELESS_PACKAGE_JSON] Warning: Module type of file:///workspaces/zoi-city/.recovery/community-release/mobile/src/placeNavigation.ts is not specified and it doesn't parse as CommonJS.
Reparsing as ES module because module syntax was detected. This incurs a performance overhead.
To eliminate this warning, add "type": "module" to /workspaces/zoi-city/.recovery/community-release/mobile/package.json.
(Use `node --trace-warnings ...` to show where the warning was created)
✔ current public slug wins over stale unhashed artist SEO path (1.244119ms)
✔ fallback permits only internal profile routes (0.547541ms)
(node:762322) [MODULE_TYPELESS_PACKAGE_JSON] Warning: Module type of file:///workspaces/zoi-city/.recovery/community-release/mobile/src/privateRequests.ts is not specified and it doesn't parse as CommonJS.
Reparsing as ES module because module syntax was detected. This incurs a performance overhead.
To eliminate this warning, add "type": "module" to /workspaces/zoi-city/.recovery/community-release/mobile/package.json.
(Use `node --trace-warnings ...` to show where the warning was created)
✔ private recovery stores exact Unicode across bounded secure chunks (45.321302ms)
✔ account switch cannot read or save another account’s private request (0.934812ms)
✔ sign-out cleanup runs after queued writes and removes every chunk (16.242778ms)
✔ incomplete persistence is never mistaken for a retryable request (19.215219ms)
✔ cleanup failure cannot roll back a committed recovery request (4.515577ms)
✔ separate workflows keep distinct encrypted recovery namespaces (5.85239ms)
✔ failed storage cleanup retains a discoverable manifest until explicit cleanup succeeds (2.21565ms)
✔ non-null malformed manifests never masquerade as no pending request (1.621322ms)
✔ valid active-null pending manifest remains interrupted, not empty (0.790133ms)
✔ an active null payload is corruption rather than no pending request (0.77838ms)
(node:762332) [MODULE_TYPELESS_PACKAGE_JSON] Warning: Module type of file:///workspaces/zoi-city/.recovery/community-release/mobile/src/profile.ts is not specified and it doesn't parse as CommonJS.
Reparsing as ES module because module syntax was detected. This incurs a performance overhead.
To eliminate this warning, add "type": "module" to /workspaces/zoi-city/.recovery/community-release/mobile/package.json.
(Use `node --trace-warnings ...` to show where the warning was created)
✔ profile gives owner fields priority, merges actual socials and labels enrichment (9.02319ms)
✔ profile never fabricates verification or ratings from owner data (0.570052ms)
✔ profile rejects unsafe external schemes and credentials (1.827527ms)
✔ missing entity is absent, not invented profile (3.963017ms)
✔ profile actions require exact server routes and matching booking listing (1.313338ms)
✔ private enquiry entry requires server invitation for this same listing (0.5206ms)
✔ profile photos preserve wide logos, portraits and small artwork (3.798202ms)
✔ image loading supports native source dimensions and web natural dimensions (0.295681ms)
✔ native uses shared phone validity and authoritative owner clear (0.732395ms)
✔ native machine social syntax and exact publisher identity match web while owner links survive (6.660922ms)
✔ native Fournos chain root contacts cannot replace branch base or explicit owner values (0.898165ms)
(node:762355) [MODULE_TYPELESS_PACKAGE_JSON] Warning: Module type of file:///workspaces/zoi-city/.recovery/community-release/mobile/src/seating.ts is not specified and it doesn't parse as CommonJS.
Reparsing as ES module because module syntax was detected. This incurs a performance overhead.
To eliminate this warning, add "type": "module" to /workspaces/zoi-city/.recovery/community-release/mobile/package.json.
(Use `node --trace-warnings ...` to show where the warning was created)
✔ hold requires exact requested seats and confirmed receipt (1.759711ms)
✔ free confirmation rejects payment, quantity, seat and hold mismatches (0.420854ms)
✔ foreground status restores exact hold and validates cancellation (0.871394ms)
✔ countdown accounts for server clock and clamps expired holds (0.354871ms)
✔ missing inventory stays unavailable and malformed maps never invent seats (0.666692ms)
✔ seat inventory uses actual geometry and rejects unsafe bigint IDs or unknown state (1.16449ms)
(node:762357) [MODULE_TYPELESS_PACKAGE_JSON] Warning: Module type of file:///workspaces/zoi-city/.recovery/community-release/mobile/src/session.ts is not specified and it doesn't parse as CommonJS.
Reparsing as ES module because module syntax was detected. This incurs a performance overhead.
To eliminate this warning, add "type": "module" to /workspaces/zoi-city/.recovery/community-release/mobile/package.json.
(Use `node --trace-warnings ...` to show where the warning was created)
✔ persists only refresh credential and restores by exchanging it (48.032496ms)
✔ expired concurrent API requests share one refresh and use renewed token (26.781782ms)
✔ invalid refresh removes stored credential and session (4.64615ms)
✔ transient refresh failure preserves credential for recovery (0.460108ms)
✔ sign-out clears device credentials even if revocation is offline (0.779493ms)
✔ in-flight sign-in cannot resurrect a signed-out account (1.710008ms)
✔ anonymous authenticated RPC is rejected without making a request (0.484603ms)
✔ application error envelopes cannot appear as publishing success (1.033787ms)
✔ server-rejected access token clears session without replaying mutation (2.83765ms)
✔ optimistic edit conflict is explained without replaying the write (1.482623ms)
✔ fetch transport uses global receiver required by browsers (0.832943ms)
✔ community validation errors remain actionable without treating them as password failures (1.034298ms)
(node:762365) [MODULE_TYPELESS_PACKAGE_JSON] Warning: Module type of file:///workspaces/zoi-city/.recovery/community-release/mobile/src/sponsorFulfillment.ts is not specified and it doesn't parse as CommonJS.
Reparsing as ES module because module syntax was detected. This incurs a performance overhead.
To eliminate this warning, add "type": "module" to /workspaces/zoi-city/.recovery/community-release/mobile/package.json.
(Use `node --trace-warnings ...` to show where the warning was created)
✔ fresh approved sponsor ok (2.391157ms)
✔ fresh approved sponsor viewer (0.667955ms)
✔ fresh approved sponsor cancelled (0.248383ms)
✔ fresh approved sponsor foreign (2.338469ms)
✔ fresh approved sponsor capability (0.720623ms)
✔ fresh approved sponsor missing (0.260455ms)
✔ actual SessionClient refresh fence actor (69.833341ms)
✔ actual SessionClient refresh fence workspace (0.993212ms)
✔ actual SessionClient refresh fence unchanged (1.261592ms)
(node:762379) [MODULE_TYPELESS_PACKAGE_JSON] Warning: Module type of file:///workspaces/zoi-city/.recovery/community-release/mobile/src/timekeeping.ts is not specified and it doesn't parse as CommonJS.
Reparsing as ES module because module syntax was detected. This incurs a performance overhead.
To eliminate this warning, add "type": "module" to /workspaces/zoi-city/.recovery/community-release/mobile/package.json.
(Use `node --trace-warnings ...` to show where the warning was created)
✔ manual time uses explicit validated duration and hourly cents (48.620452ms)
✔ timer start excludes client-controlled start and duration (0.349882ms)
✔ receipts require tenant actor version and terminal state (7.222033ms)
✔ dashboard rejects another editor’s private narrative and foreign timer (0.562328ms)
✔ timesheet CSV prevents formula execution and escapes multiline quotes (0.625356ms)
(node:762406) [MODULE_TYPELESS_PACKAGE_JSON] Warning: Module type of file:///workspaces/zoi-city/.recovery/community-release/mobile/src/trips.ts is not specified and it doesn't parse as CommonJS.
Reparsing as ES module because module syntax was detected. This incurs a performance overhead.
To eliminate this warning, add "type": "module" to /workspaces/zoi-city/.recovery/community-release/mobile/package.json.
(Use `node --trace-warnings ...` to show where the warning was created)
✔ trip dates require explicit zone and reject reversed or overlong stops (31.94065ms)
✔ private itinerary cannot accept another profile or trip receipt (0.780635ms)
✔ appearance discovery cannot substitute another artist or claim inferred confirmation (1.706761ms)
✔ appearance proposal requires source HTTPS and real distinct listing IDs (6.35754ms)
(node:762435) [MODULE_TYPELESS_PACKAGE_JSON] Warning: Module type of file:///workspaces/zoi-city/.recovery/community-release/mobile/src/volunteer.ts is not specified and it doesn't parse as CommonJS.
Reparsing as ES module because module syntax was detected. This incurs a performance overhead.
To eliminate this warning, add "type": "module" to /workspaces/zoi-city/.recovery/community-release/mobile/package.json.
(Use `node --trace-warnings ...` to show where the warning was created)
✔ volunteer invitation extracts explicit organization ID only (1.942932ms)
✔ withdrawn public opportunity stays unavailable even if saved shift was scheduled (25.123984ms)
✔ shift actions never reopen cancelled or started history (0.258312ms)
✔ signup and cancellation receipts must identify the same shift and final state (0.50972ms)
✔ organization writes require workspace identity and exact version increment (0.428268ms)
(node:762453) [MODULE_TYPELESS_PACKAGE_JSON] Warning: Module type of file:///workspaces/zoi-city/.recovery/community-release/mobile/src/volunteerOperations.ts is not specified and it doesn't parse as CommonJS.
Reparsing as ES module because module syntax was detected. This incurs a performance overhead.
To eliminate this warning, add "type": "module" to /workspaces/zoi-city/.recovery/community-release/mobile/package.json.
(Use `node --trace-warnings ...` to show where the warning was created)
✔ org_operation_save actual SessionClient token refresh actor (49.052997ms)
✔ org_operation_save actual SessionClient token refresh workspace (1.432831ms)
✔ org_operation_save actual SessionClient token refresh unchanged (1.000225ms)
✔ org_signup actual SessionClient token refresh actor (1.450253ms)
✔ org_signup actual SessionClient token refresh workspace (0.715855ms)
✔ org_signup actual SessionClient token refresh unchanged (3.305422ms)
✔ org_signup_cancel actual SessionClient token refresh actor (0.813877ms)
✔ org_signup_cancel actual SessionClient token refresh workspace (0.855735ms)
✔ org_signup_cancel actual SessionClient token refresh unchanged (4.266783ms)
✔ org_roster actual SessionClient token refresh actor (1.111181ms)
✔ org_roster actual SessionClient token refresh workspace (0.570524ms)
✔ org_roster actual SessionClient token refresh unchanged (0.856016ms)
✔ lost native create survives remount and clears only exact receipt (1.730005ms)
✔ cancel unknown native create validates workspace/request and preserves marker on wrong response (0.744778ms)
✔ generic authorization denial is recognizable without matching server wording (0.210713ms)
✔ absent installed capability keeps pending recovery and dispatches no operation (0.458955ms)
(node:762457) [MODULE_TYPELESS_PACKAGE_JSON] Warning: Module type of file:///workspaces/zoi-city/.recovery/community-release/mobile/src/webHandoffs.ts is not specified and it doesn't parse as CommonJS.
Reparsing as ES module because module syntax was detected. This incurs a performance overhead.
To eliminate this warning, add "type": "module" to /workspaces/zoi-city/.recovery/community-release/mobile/package.json.
(Use `node --trace-warnings ...` to show where the warning was created)
✔ music shelf and unscoped personal calendar explicitly reach their actual web capabilities (8.75493ms)
✔ native parish calendar, member discussion and artist homes stay native (0.472691ms)
✔ handoff resolver never opens spoofed hosts or credentials (0.252291ms)
✔ map deep links use the real web map and preserve only public search/place/view context (7.957503ms)
✔ explicit guardian links hand off only public listing context, adult groups stay native (0.832562ms)
(node:762465) ExperimentalWarning: stripTypeScriptTypes is an experimental feature and might change at any time
(Use `node --trace-warnings ...` to show where the warning was created)
✔ roles protect owner/self and admin peer escalation (1.848677ms)
✔ real controller confirms save only after current roster read (1.815895ms)
✔ lost response survives remount; receipt check does not resend (5.318642ms)
✔ unknown request blocks new write and safely cancels (1.28242ms)
✔ conflict refreshes membership; storage failure prevents submission (9.603076ms)
✔ authority loss clears private roster and account change fences calls (0.651264ms)
(node:762472) [MODULE_TYPELESS_PACKAGE_JSON] Warning: Module type of file:///workspaces/zoi-city/.recovery/community-release/mobile/src/session.ts is not specified and it doesn't parse as CommonJS.
Reparsing as ES module because module syntax was detected. This incurs a performance overhead.
To eliminate this warning, add "type": "module" to /workspaces/zoi-city/.recovery/community-release/mobile/package.json.
(Use `node --trace-warnings ...` to show where the warning was created)
(node:762472) ExperimentalWarning: stripTypeScriptTypes is an experimental feature and might change at any time
✔ only scoped team conflict/cancel envelope passes transport for controller verification (53.378781ms)
✔ exact known team SQL rejection preserved; generic 400 and other RPC remain uncertain (11.880827ms)
✔ real SessionClient quota clears marker; ambiguous400 keeps it;403 clears roster (4.431972ms)
✔ youth programme validates exact bounded ages, places and actual listing (6.434394ms)
✔ enrolment requires explicit authority and consent without inferring age (2.844262ms)
✔ enrolment receipts bind guardian child programme and exact version (0.576996ms)
✔ attendance and instructor assignment receipts reject unrelated identity (2.106086ms)
✔ private operator response rejects another workspace or programme roster (0.494742ms)
✔ public catalogue rejects unrelated listing and private family rejects malformed records (3.950344ms)
(node:762517) [MODULE_TYPELESS_PACKAGE_JSON] Warning: Module type of file:///workspaces/zoi-city/.recovery/community-release/mobile/src/youthReadiness.ts is not specified and it doesn't parse as CommonJS.
Reparsing as ES module because module syntax was detected. This incurs a performance overhead.
To eliminate this warning, add "type": "module" to /workspaces/zoi-city/.recovery/community-release/mobile/package.json.
(Use `node --trace-warnings ...` to show where the warning was created)
✔ native Youth remains read-only without exact installed actor and guardian capability (1.554939ms)
✔ native organizer readiness additionally binds exact workspace and current role (0.30599ms)
(node:762518) [MODULE_TYPELESS_PACKAGE_JSON] Warning: Module type of file:///workspaces/zoi-city/.recovery/community-release/mobile/src/session.ts is not specified and it doesn't parse as CommonJS.
Reparsing as ES module because module syntax was detected. This incurs a performance overhead.
To eliminate this warning, add "type": "module" to /workspaces/zoi-city/.recovery/community-release/mobile/package.json.
(Use `node --trace-warnings ...` to show where the warning was created)
✔ actual SessionClient youth refresh account fences private dispatch/result (53.436387ms)
✔ actual SessionClient youth refresh workspace fences private dispatch/result (0.901962ms)
✔ actual SessionClient youth refresh unmount fences private dispatch/result (0.76149ms)
✔ actual SessionClient youth response account fences private dispatch/result (11.462071ms)
✔ actual SessionClient youth response workspace fences private dispatch/result (1.821956ms)
✔ actual SessionClient youth response unmount fences private dispatch/result (1.861821ms)
✔ same actor token rotation sends private request using freshly captured token (3.265517ms)
✔ private method cannot dispatch anonymously; denied status remains recognizable (0.69743ms)
✔ installed native capability binds internal guardian profile separately from Auth (0.330676ms)
ℹ tests 318
ℹ suites 0
ℹ pass 318
ℹ fail 0
ℹ cancelled 0
ℹ skipped 0
ℹ todo 0
ℹ duration_ms 1420.701539
