✔ sparse company directs authorized caller toward first project without fabricated progress (4.525165ms)
✔ saved blocked and overdue tasks drive actionable next steps, completed deadlines are excluded (1.629227ms)
✔ project/task completion disagreement remains visible and never changes saved records (0.351185ms)
✔ archived and unrelated companies/projects/tasks are not included in completion (0.362566ms)
✔ malformed authority data fails closed {"workspace_id":"00000000-0000-4000-8000-000000000099"} (0.845496ms)
✔ malformed authority data fails closed {"version":0} (0.179094ms)
✔ malformed authority data fails closed {"title":""} (0.200484ms)
✔ malformed authority data fails closed {"status":"pretend"} (0.181379ms)
✔ malformed authority data fails closed {"id":"bad"} (0.224268ms)
✔ document project context exposes only exact active project and saved document versions (0.582766ms)
✔ private project documents reject viewer (1.201059ms)
✔ private project documents reject foreign (0.251458ms)
✔ private project documents reject other_project (0.218187ms)
✔ private project documents reject removed_project (0.213017ms)
✔ private project documents reject duplicate_project (0.180807ms)
✔ private project documents reject bad_version (0.963746ms)
✔ company aggregation follows exact persisted project linkage (2.433726ms)
✔ company context fail closed missing (2.786835ms)
✔ company context fail closed archived (0.332159ms)
✔ company context fail closed scope (0.217746ms)
✔ company context fail closed duplicate (0.230129ms)
✔ private files use project scope and never imply other company ownership (0.494733ms)
✔ durable company route preserves exact UUID and rejects malformed intent (2.668083ms)
ℹ tests 23
ℹ suites 0
ℹ pass 23
ℹ fail 0
ℹ cancelled 0
ℹ skipped 0
ℹ todo 0
ℹ duration_ms 136.359014
