✔ event identity, editorial scope and scalar version must all match (1.617201ms)
✔ narrow dated publicity patch preserves all source and booking fields; explicit removal (7.304847ms)
✔ uncertain save reloads exact immutable request and response; account isolates it (3.030231ms)
✔ wrong receipt stays pending; refusal/CAS clears request; malformed reference blocks replacement (2.011778ms)
✔ adapter refuses broad patches and source inventory mutation before sending (0.731676ms)
✔ same public reader renders saved report, explicit clear, future/expired and wrong event for generic families (28.117077ms)
✔ receipt validation rejects paid/issued, wrong quantity/method/policy and unsafe server policy (1.844566ms)
✔ unknown outcome retains exact request and reload can retry without replacing nonce (2.334391ms)
✔ historical recovery must match saved scope, then live policy is read separately (0.740473ms)
✔ account changes discard late responses without clearing previous account recovery (0.413903ms)
✔ definitive method rejection clears request but changed payload conflict remains recoverable (0.78192ms)
✔ policy save validates expected version, workspace and explicit door flag (0.354251ms)
✔ guest list rejects inconsistent quotes, duplicate private references and unsafe methods (0.550218ms)
✔ a refusal after an uncertain attempt cannot discard original recovery nonce (0.443659ms)
✔ deadline policy binds exact instant and clear, malformed deadline is rejected (0.606082ms)
✔ cancel settles only exact request scope and fences immutable unknown intent (0.825683ms)
✔ new deadline policy uses configure while restored legacy intent uses legacy writer (1.733939ms)
✔ invalid actor cannot access recovery storage or persist token material (0.286245ms)
✔ milestones never transfer a count from a different event or expired report (32.688136ms)
✔ timeline embeds accept official page identity only and encode query input (0.663791ms)
✔ curated posts escape content and unsafe links never render (0.645425ms)
✔ owner photo clears and explicit publicity do not inherit official video fallback (1.660372ms)
✔ future sales updates do not render before their report date (0.273571ms)
✔ owner report is dated, provider canonicalized and scoped (2.736502ms)
✔ expiry future and disabled announcements never become live availability (0.612754ms)
✔ owner clear wins and unreviewed machine publicity is not published (0.222796ms)
✔ invalid counters dates urls duplicates and dangerous embeds rejected (0.916923ms)
✔ generic event and venue owner links render; sales match only the actual event (27.862031ms)
✔ actual bridge reads nested saved notes safely without treating review as form restoration (4.783175ms)
✔ actual bridge clears private view on storage account switch and remounts from fresh Core state (1.48805ms)
✔ BFCache hide destroys private view; persisted show restores controls without stale form (1.162792ms)
✔ save-only contact form uses entered contact and preserves group snapshot until valid submission (1.459466ms)
✔ old contact form cannot submit into a different account even before auth event arrives (1.611591ms)
✔ Parea hero links reach the group planner; explicit Explore still opens the room (1.442144ms)
✖ canonical entry binds anonymous public event identity separately from private saves (2.627909ms)
✔ per-guest quote and uneven group shares conserve cents without claiming payment (3.269708ms)
✔ currency input refuses rounding, exponents, negative values and unsupported group size (0.703574ms)
✔ prepayment gate stays closed until every operational prerequisite is configured (0.396019ms)
✔ sponsors require approval, exact placement and active campaign; links cannot execute code (0.484275ms)
✔ one reusable Parea context does not transplant Toronto source pricing into other events (1.184032ms)
✔ planning invitations carry only the intended whole-ticket share and public event, never guest tokens or contacts (0.66373ms)
✔ first HTML includes the same real concert shell used by client hydration (1.2958ms)
✔ scene styles are available before the room is rendered (0.175347ms)
✔ actual numbered choices derive their published perguest tier without a second space selector (2.163232ms)
✔ mixed alternatives never invent a single price and empty choices do not imply selection (0.539007ms)
✔ explicit money, actual table identity and capacities are mandatory (6.825918ms)
✔ lost response preserves nonce only and exact reviewed payload on retry (2.274939ms)
✔ reload recovers receipt without private draft and never retries a new payload (0.714766ms)
✔ missing or malformed recovery stays blocked; an unknown response is not success (0.58334ms)
✔ account change fences late save receipt and keeps original account marker (0.426748ms)
✔ storage failure prevents sending configure request (0.424413ms)
✔ actual dashboard integrates scoped module, closes on workspace change, not legacy redirect (1.419111ms)
✔ definite version conflict releases nonce and requires current settings reload (0.792812ms)
✔ owner editor listens to the actual shared Core auth event (0.453808ms)
✔ a refusal after an uncertain attempt never discards its nonce (1.429861ms)
✔ corrupt saved references fail closed rather than enabling a duplicate save (0.324797ms)
ℹ tests 56
ℹ suites 0
ℹ pass 55
ℹ fail 1
ℹ cancelled 0
ℹ skipped 0
ℹ todo 0
ℹ duration_ms 139.561157

✖ failing tests:

test at tests/unit/signature-experience.test.mjs:19:1
✖ canonical entry binds anonymous public event identity separately from private saves (2.627909ms)
  TypeError: Cannot read properties of null (reading 'highlights')
      at TestContext.<anonymous> (file:///workspaces/zoi-city/.recovery/event-host-controls-20261003/tests/unit/signature-experience.test.mjs:19:600)
      at async Test.run (node:internal/test_runner/test:1125:7)
      at async Test.processPendingSubtests (node:internal/test_runner/test:787:7)
