✔ event identity, editorial scope and scalar version must all match (2.545054ms)
✔ narrow dated publicity patch preserves all source and booking fields; explicit removal (4.106562ms)
✔ uncertain save reloads exact immutable request and response; account isolates it (2.821182ms)
✔ wrong receipt stays pending; refusal/CAS clears request; malformed reference blocks replacement (2.3126ms)
✔ adapter refuses broad patches and source inventory mutation before sending (0.542383ms)
✔ same public reader renders saved report, explicit clear, future/expired and wrong event for generic families (26.333134ms)
✔ receipt validation rejects paid/issued, wrong quantity/method/policy and unsafe server policy (2.715042ms)
✔ unknown outcome retains exact request and reload can retry without replacing nonce (2.473962ms)
✔ historical recovery must match saved scope, then live policy is read separately (0.880385ms)
✔ account changes discard late responses without clearing previous account recovery (0.407311ms)
✔ definitive method rejection clears request but changed payload conflict remains recoverable (0.648581ms)
✔ policy save validates expected version, workspace and explicit door flag (0.242593ms)
✔ guest list rejects inconsistent quotes, duplicate private references and unsafe methods (0.558002ms)
✔ a refusal after an uncertain attempt cannot discard original recovery nonce (0.713142ms)
✔ deadline policy binds exact instant and clear, malformed deadline is rejected (0.634365ms)
✔ cancel settles only exact request scope and fences immutable unknown intent (1.05432ms)
✔ new deadline policy uses configure while restored legacy intent uses legacy writer (1.929635ms)
✔ invalid actor cannot access recovery storage or persist token material (0.437457ms)
✔ milestones never transfer a count from a different event or expired report (29.221396ms)
✔ timeline embeds accept official page identity only and encode query input (0.529079ms)
✔ curated posts escape content and unsafe links never render (0.490025ms)
✔ owner photo clears and explicit publicity do not inherit official video fallback (1.271816ms)
✔ future sales updates do not render before their report date (0.210122ms)
✔ owner report is dated, provider canonicalized and scoped (2.954629ms)
✔ expiry future and disabled announcements never become live availability (0.488382ms)
✔ owner clear wins and unreviewed machine publicity is not published (0.197139ms)
✔ invalid counters dates urls duplicates and dangerous embeds rejected (0.863794ms)
✔ generic event and venue owner links render; sales match only the actual event (25.173448ms)
✔ actual bridge reads nested saved notes safely without treating review as form restoration (5.986764ms)
✔ actual bridge clears private view on storage account switch and remounts from fresh Core state (1.358047ms)
✔ BFCache hide destroys private view; persisted show restores controls without stale form (1.65435ms)
✔ save-only contact form uses entered contact and preserves group snapshot until valid submission (2.409832ms)
✔ old contact form cannot submit into a different account even before auth event arrives (1.922842ms)
✔ Parea hero links reach the group planner; explicit Explore still opens the room (1.896703ms)
✔ canonical entry binds anonymous public event identity separately from private saves (2.399202ms)
✔ per-guest quote and uneven group shares conserve cents without claiming payment (4.537617ms)
✔ currency input refuses rounding, exponents, negative values and unsupported group size (0.686002ms)
✔ prepayment gate stays closed until every operational prerequisite is configured (0.366485ms)
✔ sponsors require approval, exact placement and active campaign; links cannot execute code (0.332572ms)
✔ one reusable Parea context does not transplant Toronto source pricing into other events (1.244676ms)
✔ planning invitations carry only the intended whole-ticket share and public event, never guest tokens or contacts (0.586095ms)
✔ first HTML includes the same real concert shell used by client hydration (1.615538ms)
✔ scene styles are available before the room is rendered (0.232575ms)
✔ actual numbered choices derive their published perguest tier without a second space selector (2.352395ms)
✔ mixed alternatives never invent a single price and empty choices do not imply selection (0.492861ms)
✔ explicit money, actual table identity and capacities are mandatory (6.300009ms)
✔ lost response preserves nonce only and exact reviewed payload on retry (2.419801ms)
✔ reload recovers receipt without private draft and never retries a new payload (0.668799ms)
✔ missing or malformed recovery stays blocked; an unknown response is not success (0.592737ms)
✔ account change fences late save receipt and keeps original account marker (0.512437ms)
✔ storage failure prevents sending configure request (0.510614ms)
✔ actual dashboard integrates scoped module, closes on workspace change, not legacy redirect (1.731665ms)
✔ definite version conflict releases nonce and requires current settings reload (1.050432ms)
✔ owner editor listens to the actual shared Core auth event (0.40682ms)
✔ a refusal after an uncertain attempt never discards its nonce (1.848614ms)
✔ corrupt saved references fail closed rather than enabling a duplicate save (0.421548ms)
ℹ tests 56
ℹ suites 0
ℹ pass 56
ℹ fail 0
ℹ cancelled 0
ℹ skipped 0
ℹ todo 0
ℹ duration_ms 160.907488
