✔ event identity, editorial scope and scalar version must all match (1.415684ms)
✔ narrow dated publicity patch preserves all source and booking fields; explicit removal (2.779542ms)
✔ uncertain save reloads exact immutable request and response; account isolates it (2.357283ms)
✔ wrong receipt stays pending; refusal/CAS clears request; malformed reference blocks replacement (1.595771ms)
✔ adapter refuses broad patches and source inventory mutation before sending (0.486158ms)
✔ same public reader renders saved report, explicit clear, future/expired and wrong event for generic families (23.901972ms)
✔ receipt validation rejects paid/issued, wrong quantity/method/policy and unsafe server policy (1.762492ms)
✔ unknown outcome retains exact request and reload can retry without replacing nonce (2.061532ms)
✔ historical recovery must match saved scope, then live policy is read separately (0.833097ms)
✔ account changes discard late responses without clearing previous account recovery (0.326039ms)
✔ definitive method rejection clears request but changed payload conflict remains recoverable (0.73378ms)
✔ policy save validates expected version, workspace and explicit door flag (0.23008ms)
✔ guest list rejects inconsistent quotes, duplicate private references and unsafe methods (0.494224ms)
✔ a refusal after an uncertain attempt cannot discard original recovery nonce (0.458606ms)
✔ deadline policy binds exact instant and clear, malformed deadline is rejected (0.653991ms)
✔ cancel settles only exact request scope and fences immutable unknown intent (0.943422ms)
✔ new deadline policy uses configure while restored legacy intent uses legacy writer (1.634815ms)
✔ invalid actor cannot access recovery storage or persist token material (0.239918ms)
✔ milestones never transfer a count from a different event or expired report (20.519694ms)
✔ timeline embeds accept official page identity only and encode query input (0.503972ms)
✔ curated posts escape content and unsafe links never render (0.42289ms)
✔ owner photo clears and explicit publicity do not inherit official video fallback (1.194812ms)
✔ future sales updates do not render before their report date (0.209812ms)
✔ owner report is dated, provider canonicalized and scoped (2.756359ms)
✔ expiry future and disabled announcements never become live availability (0.408173ms)
✔ owner clear wins and unreviewed machine publicity is not published (0.218158ms)
✔ invalid counters dates urls duplicates and dangerous embeds rejected (0.774547ms)
✔ generic event and venue owner links render; sales match only the actual event (23.141442ms)
✔ explicit money, actual table identity and capacities are mandatory (2.960981ms)
✔ lost response preserves nonce only and exact reviewed payload on retry (2.132213ms)
✔ reload recovers receipt without private draft and never retries a new payload (0.690289ms)
✔ missing or malformed recovery stays blocked; an unknown response is not success (0.53517ms)
✔ account change fences late save receipt and keeps original account marker (0.413433ms)
✔ storage failure prevents sending configure request (0.384208ms)
✔ actual dashboard integrates scoped module, closes on workspace change, not legacy redirect (1.371121ms)
✔ definite version conflict releases nonce and requires current settings reload (0.762724ms)
✔ owner editor listens to the actual shared Core auth event (0.439111ms)
✔ a refusal after an uncertain attempt never discards its nonce (1.541049ms)
✔ corrupt saved references fail closed rather than enabling a duplicate save (0.38545ms)
ℹ tests 39
ℹ suites 0
ℹ pass 39
ℹ fail 0
ℹ cancelled 0
ℹ skipped 0
ℹ todo 0
ℹ duration_ms 118.993244
