✔ event identity, editorial scope and scalar version must all match (2.024152ms)
✔ narrow dated publicity patch preserves all source and booking fields; explicit removal (4.036831ms)
✔ uncertain save reloads exact immutable request and response; account isolates it (6.001061ms)
✔ wrong receipt stays pending; refusal/CAS clears request; malformed reference blocks replacement (2.092239ms)
✔ adapter refuses broad patches and source inventory mutation before sending (0.729853ms)
✔ same public reader renders saved report, explicit clear, future/expired and wrong event for generic families (27.232755ms)
✔ receipt validation rejects paid/issued, wrong quantity/method/policy and unsafe server policy (1.662636ms)
✔ unknown outcome retains exact request and reload can retry without replacing nonce (2.080096ms)
✔ historical recovery must match saved scope, then live policy is read separately (0.743078ms)
✔ account changes discard late responses without clearing previous account recovery (0.327451ms)
✔ definitive method rejection clears request but changed payload conflict remains recoverable (0.670523ms)
✔ policy save validates expected version, workspace and explicit door flag (0.230912ms)
✔ guest list rejects inconsistent quotes, duplicate private references and unsafe methods (0.43912ms)
✔ a refusal after an uncertain attempt cannot discard original recovery nonce (0.416448ms)
✔ deadline policy binds exact instant and clear, malformed deadline is rejected (0.544057ms)
✔ cancel settles only exact request scope and fences immutable unknown intent (0.662197ms)
✔ new deadline policy uses configure while restored legacy intent uses legacy writer (1.430943ms)
✔ invalid actor cannot access recovery storage or persist token material (0.209041ms)
✔ milestones never transfer a count from a different event or expired report (20.99913ms)
✔ timeline embeds accept official page identity only and encode query input (0.448237ms)
✔ curated posts escape content and unsafe links never render (0.465911ms)
✔ owner photo clears and explicit publicity do not inherit official video fallback (1.154126ms)
✔ future sales updates do not render before their report date (0.191658ms)
✔ owner report is dated, provider canonicalized and scoped (2.46251ms)
✔ expiry future and disabled announcements never become live availability (0.392483ms)
✔ owner clear wins and unreviewed machine publicity is not published (0.181529ms)
✔ invalid counters dates urls duplicates and dangerous embeds rejected (0.766873ms)
✔ generic event and venue owner links render; sales match only the actual event (23.403852ms)
✔ explicit money, actual table identity and capacities are mandatory (3.157549ms)
✔ lost response preserves nonce only and exact reviewed payload on retry (2.182838ms)
✔ reload recovers receipt without private draft and never retries a new payload (0.712931ms)
✔ missing or malformed recovery stays blocked; an unknown response is not success (0.482531ms)
✔ account change fences late save receipt and keeps original account marker (0.598768ms)
✔ storage failure prevents sending configure request (0.37472ms)
✔ actual dashboard integrates scoped module, closes on workspace change, not legacy redirect (1.488821ms)
✔ definite version conflict releases nonce and requires current settings reload (0.797961ms)
✔ owner editor listens to the actual shared Core auth event (0.409054ms)
✔ a refusal after an uncertain attempt never discards its nonce (1.503449ms)
✔ corrupt saved references fail closed rather than enabling a duplicate save (0.402342ms)
ℹ tests 39
ℹ suites 0
ℹ pass 39
ℹ fail 0
ℹ cancelled 0
ℹ skipped 0
ℹ todo 0
ℹ duration_ms 132.382974
