✔ event identity, editorial scope and scalar version must all match (2.312791ms)
✔ narrow dated publicity patch preserves all source and booking fields; explicit removal (7.375278ms)
✔ uncertain save reloads exact immutable request and response; account isolates it (2.651323ms)
✔ wrong receipt stays pending; refusal/CAS clears request; malformed reference blocks replacement (1.614486ms)
✔ adapter refuses broad patches and source inventory mutation before sending (0.49765ms)
✔ same public reader renders saved report, explicit clear, future/expired and wrong event for generic families (24.504298ms)
✔ receipt validation rejects paid/issued, wrong quantity/method/policy and unsafe server policy (2.591221ms)
✔ unknown outcome retains exact request and reload can retry without replacing nonce (3.06139ms)
✔ historical recovery must match saved scope, then live policy is read separately (1.152763ms)
✔ account changes discard late responses without clearing previous account recovery (0.575455ms)
✔ definitive method rejection clears request but changed payload conflict remains recoverable (0.93707ms)
✔ policy save validates expected version, workspace and explicit door flag (0.318064ms)
✔ guest list rejects inconsistent quotes, duplicate private references and unsafe methods (0.673087ms)
✔ a refusal after an uncertain attempt cannot discard original recovery nonce (0.61559ms)
✔ deadline policy binds exact instant and clear, malformed deadline is rejected (0.660364ms)
✔ cancel settles only exact request scope and fences immutable unknown intent (1.023142ms)
✔ new deadline policy uses configure while restored legacy intent uses legacy writer (2.048607ms)
✔ invalid actor cannot access recovery storage or persist token material (0.300642ms)
✔ milestones never transfer a count from a different event or expired report (23.94334ms)
✔ timeline embeds accept official page identity only and encode query input (0.628704ms)
✔ curated posts escape content and unsafe links never render (0.430674ms)
✔ owner photo clears and explicit publicity do not inherit official video fallback (1.383995ms)
✔ future sales updates do not render before their report date (0.2836ms)
✔ owner report is dated, provider canonicalized and scoped (3.370246ms)
✔ expiry future and disabled announcements never become live availability (0.466291ms)
✔ owner clear wins and unreviewed machine publicity is not published (0.264544ms)
✔ invalid counters dates urls duplicates and dangerous embeds rejected (0.979791ms)
✔ generic event and venue owner links render; sales match only the actual event (30.744335ms)
✔ actual bridge reads nested saved notes safely without treating review as form restoration (5.005141ms)
✔ actual bridge clears private view on storage account switch and remounts from fresh Core state (1.47776ms)
✔ BFCache hide destroys private view; persisted show restores controls without stale form (1.463123ms)
✔ save-only contact form uses entered contact and preserves group snapshot until valid submission (1.872077ms)
✔ old contact form cannot submit into a different account even before auth event arrives (1.737717ms)
✔ Parea hero links reach the group planner; explicit Explore still opens the room (1.575163ms)
✖ canonical entry binds anonymous public event identity separately from private saves (2.490552ms)
✔ per-guest quote and uneven group shares conserve cents without claiming payment (2.450047ms)
✔ currency input refuses rounding, exponents, negative values and unsupported group size (0.475308ms)
✔ prepayment gate stays closed until every operational prerequisite is configured (0.288058ms)
✔ sponsors require approval, exact placement and active campaign; links cannot execute code (0.323835ms)
✔ one reusable Parea context does not transplant Toronto source pricing into other events (0.978278ms)
✔ planning invitations carry only the intended whole-ticket share and public event, never guest tokens or contacts (0.484755ms)
✔ first HTML includes the same real concert shell used by client hydration (1.546978ms)
✔ scene styles are available before the room is rendered (0.299219ms)
✔ actual numbered choices derive their published perguest tier without a second space selector (1.957067ms)
✔ mixed alternatives never invent a single price and empty choices do not imply selection (0.617874ms)
✔ explicit money, actual table identity and capacities are mandatory (3.589095ms)
✔ lost response preserves nonce only and exact reviewed payload on retry (2.434598ms)
✔ reload recovers receipt without private draft and never retries a new payload (0.883261ms)
✔ missing or malformed recovery stays blocked; an unknown response is not success (0.628865ms)
✔ account change fences late save receipt and keeps original account marker (0.581145ms)
✔ storage failure prevents sending configure request (0.39621ms)
✔ actual dashboard integrates scoped module, closes on workspace change, not legacy redirect (1.697522ms)
✔ definite version conflict releases nonce and requires current settings reload (0.877439ms)
✔ owner editor listens to the actual shared Core auth event (0.472002ms)
✔ a refusal after an uncertain attempt never discards its nonce (1.755319ms)
✔ corrupt saved references fail closed rather than enabling a duplicate save (0.446224ms)
ℹ tests 56
ℹ suites 0
ℹ pass 55
ℹ fail 1
ℹ cancelled 0
ℹ skipped 0
ℹ todo 0
ℹ duration_ms 144.643671

✖ failing tests:

test at tests/unit/signature-experience.test.mjs:19:1
✖ canonical entry binds anonymous public event identity separately from private saves (2.490552ms)
  TypeError: Cannot read properties of null (reading 'highlights')
      at TestContext.<anonymous> (file:///workspaces/zoi-city/.recovery/event-host-controls-20261003/tests/unit/signature-experience.test.mjs:19:600)
      at async Test.run (node:internal/test_runner/test:1125:7)
      at async Test.processPendingSubtests (node:internal/test_runner/test:787:7)
