PASS independent hypothetical artist Akylas atelier 390
PASS independent hypothetical artist Akylas concierge 390
PASS independent hypothetical artist Akylas table 390
PASS independent hypothetical artist Akylas parea 390
PASS independent hypothetical artist Antigoni atelier 390
PASS independent hypothetical artist Antigoni concierge 390
PASS independent hypothetical artist Antigoni table 390
PASS independent hypothetical artist Antigoni parea 390
PASS independent hypothetical artist Bloody Hawk atelier 390
PASS independent hypothetical artist Bloody Hawk concierge 390
PASS independent hypothetical artist Bloody Hawk table 390
PASS independent hypothetical artist Bloody Hawk parea 390
PASS independent hypothetical artist Bossikan atelier 390
PASS independent hypothetical artist Bossikan concierge 390
PASS independent hypothetical artist Bossikan table 390
PASS independent hypothetical artist Bossikan parea 390
PASS independent hypothetical artist Claydee atelier 390
PASS independent hypothetical artist Claydee concierge 390
PASS independent hypothetical artist Claydee table 390
PASS independent hypothetical artist Claydee parea 390
PASS independent hypothetical artist Evangelia atelier 390
PASS independent hypothetical artist Evangelia concierge 390
PASS independent hypothetical artist Evangelia table 390
PASS independent hypothetical artist Evangelia parea 390
PASS independent hypothetical artist FLY LO atelier 390
PASS independent hypothetical artist FLY LO concierge 390
PASS independent hypothetical artist FLY LO table 390
PASS independent hypothetical artist FLY LO parea 390
PASS independent hypothetical artist HGEMONA$ atelier 390
PASS independent hypothetical artist HGEMONA$ concierge 390
PASS independent hypothetical artist HGEMONA$ table 390
PASS independent hypothetical artist HGEMONA$ parea 390
PASS independent hypothetical artist iLLEOo atelier 390
PASS independent hypothetical artist iLLEOo concierge 390
PASS independent hypothetical artist iLLEOo table 390
PASS independent hypothetical artist iLLEOo parea 390
PASS independent hypothetical artist Light atelier 390
PASS independent hypothetical artist Light concierge 390
PASS independent hypothetical artist Light table 390
PASS independent hypothetical artist Light parea 390
PASS independent hypothetical artist Prestige The Band atelier 390
PASS independent hypothetical artist Prestige The Band concierge 390
PASS independent hypothetical artist Prestige The Band table 390
PASS independent hypothetical artist Prestige The Band parea 390
PASS independent hypothetical artist Slogan atelier 390
PASS independent hypothetical artist Slogan concierge 390
PASS independent hypothetical artist Slogan table 390
PASS independent hypothetical artist Slogan parea 390
PASS independent hypothetical artist Thug Slime atelier 390
PASS independent hypothetical artist Thug Slime concierge 390
PASS independent hypothetical artist Thug Slime table 390
PASS independent hypothetical artist Thug Slime parea 390
PASS independent hypothetical artist Toquel atelier 390
PASS independent hypothetical artist Toquel concierge 390
PASS independent hypothetical artist Toquel table 390
PASS independent hypothetical artist Toquel parea 390
PASS independent hypothetical artist VLOSPA atelier 390
PASS independent hypothetical artist VLOSPA concierge 390
PASS independent hypothetical artist VLOSPA table 390
PASS independent hypothetical artist VLOSPA parea 390
PASS independent hypothetical artist Giorgos Tsalikis atelier 390
PASS independent hypothetical artist Giorgos Tsalikis concierge 390
PASS independent hypothetical artist Giorgos Tsalikis table 390
PASS independent hypothetical artist Giorgos Tsalikis parea 390
PASS independent hypothetical artist Akylas atelier 1440
PASS independent hypothetical artist Akylas concierge 1440
PASS independent hypothetical artist Akylas table 1440
PASS independent hypothetical artist Akylas parea 1440
PASS independent hypothetical artist Antigoni atelier 1440
PASS independent hypothetical artist Antigoni concierge 1440
PASS independent hypothetical artist Antigoni table 1440
PASS independent hypothetical artist Antigoni parea 1440
PASS independent hypothetical artist Bloody Hawk atelier 1440
PASS independent hypothetical artist Bloody Hawk concierge 1440
PASS independent hypothetical artist Bloody Hawk table 1440
PASS independent hypothetical artist Bloody Hawk parea 1440
PASS independent hypothetical artist Bossikan atelier 1440
PASS independent hypothetical artist Bossikan concierge 1440
PASS independent hypothetical artist Bossikan table 1440
PASS independent hypothetical artist Bossikan parea 1440
PASS independent hypothetical artist Claydee atelier 1440
PASS independent hypothetical artist Claydee concierge 1440
PASS independent hypothetical artist Claydee table 1440
PASS independent hypothetical artist Claydee parea 1440
PASS independent hypothetical artist Evangelia atelier 1440
PASS independent hypothetical artist Evangelia concierge 1440
PASS independent hypothetical artist Evangelia table 1440
PASS independent hypothetical artist Evangelia parea 1440
PASS independent hypothetical artist FLY LO atelier 1440
PASS independent hypothetical artist FLY LO concierge 1440
PASS independent hypothetical artist FLY LO table 1440
PASS independent hypothetical artist FLY LO parea 1440
PASS independent hypothetical artist HGEMONA$ atelier 1440
PASS independent hypothetical artist HGEMONA$ concierge 1440
PASS independent hypothetical artist HGEMONA$ table 1440
PASS independent hypothetical artist HGEMONA$ parea 1440
PASS independent hypothetical artist iLLEOo atelier 1440
PASS independent hypothetical artist iLLEOo concierge 1440
PASS independent hypothetical artist iLLEOo table 1440
PASS independent hypothetical artist iLLEOo parea 1440
PASS independent hypothetical artist Light atelier 1440
PASS independent hypothetical artist Light concierge 1440
PASS independent hypothetical artist Light table 1440
PASS independent hypothetical artist Light parea 1440
PASS independent hypothetical artist Prestige The Band atelier 1440
PASS independent hypothetical artist Prestige The Band concierge 1440
PASS independent hypothetical artist Prestige The Band table 1440
PASS independent hypothetical artist Prestige The Band parea 1440
PASS independent hypothetical artist Slogan atelier 1440
PASS independent hypothetical artist Slogan concierge 1440
PASS independent hypothetical artist Slogan table 1440
PASS independent hypothetical artist Slogan parea 1440
PASS independent hypothetical artist Thug Slime atelier 1440
PASS independent hypothetical artist Thug Slime concierge 1440
PASS independent hypothetical artist Thug Slime table 1440
PASS independent hypothetical artist Thug Slime parea 1440
PASS independent hypothetical artist Toquel atelier 1440
PASS independent hypothetical artist Toquel concierge 1440
PASS independent hypothetical artist Toquel table 1440
PASS independent hypothetical artist Toquel parea 1440
PASS independent hypothetical artist VLOSPA atelier 1440
PASS independent hypothetical artist VLOSPA concierge 1440
PASS independent hypothetical artist VLOSPA table 1440
PASS independent hypothetical artist VLOSPA parea 1440
PASS independent hypothetical artist Giorgos Tsalikis atelier 1440
PASS independent hypothetical artist Giorgos Tsalikis concierge 1440
PASS independent hypothetical artist Giorgos Tsalikis table 1440
PASS independent hypothetical artist Giorgos Tsalikis parea 1440
