(node:237225) [MODULE_TYPELESS_PACKAGE_JSON] Warning: Module type of file:///workspaces/zoi-city/.recovery/community-release/.recovery/owned-freezes/native-company-console-parent-2026-10-03/mobile/src/companyConsole.ts is not specified and it doesn't parse as CommonJS.
Reparsing as ES module because module syntax was detected. This incurs a performance overhead.
To eliminate this warning, add "type": "module" to /workspaces/zoi-city/.recovery/community-release/.recovery/owned-freezes/native-company-console-parent-2026-10-03/mobile/package.json.
(Use `node --trace-warnings ...` to show where the warning was created)
✔ actual shared queue distinguishes cross-company urgency and selected company filters (5.132058ms)
✔ sparse and retired work does not create deadlines or company completion (17.142323ms)
✔ unknown assignee remains assigned, profile identity is not the signed-in actor (0.268782ms)
✔ queue rejects foreign saved scope (0.385591ms)
✔ queue rejects duplicate saved scope (0.169918ms)
✔ queue rejects invalid-data saved scope (0.141855ms)
✔ queue rejects missing-company saved scope (0.229869ms)
✔ Metro resolves only the exact shared Company CDN edge without altering packages or queries (411.82509ms)
(node:237226) [MODULE_TYPELESS_PACKAGE_JSON] Warning: Module type of file:///workspaces/zoi-city/.recovery/community-release/.recovery/owned-freezes/native-company-console-parent-2026-10-03/mobile/src/companyHandover.ts is not specified and it doesn't parse as CommonJS.
Reparsing as ES module because module syntax was detected. This incurs a performance overhead.
To eliminate this warning, add "type": "module" to /workspaces/zoi-city/.recovery/community-release/.recovery/owned-freezes/native-company-console-parent-2026-10-03/mobile/package.json.
(Use `node --trace-warnings ...` to show where the warning was created)
✔ reviewed selected-company JSON preserves nulls and versions, excludes foreign contacts and unqueried files (6.784896ms)
✔ authorized document metadata includes only saved company project IDs and current versions (1.503448ms)
✔ confirmation rejects changed version before handover (1.591033ms)
✔ confirmation rejects changed owner-clear before handover (1.105946ms)
✔ confirmation rejects changed assignment-clear before handover (1.688003ms)
✔ confirmation rejects changed contact-clear before handover (2.402285ms)
✔ confirmation rejects changed removed-company before handover (0.680301ms)
✔ confirmation rejects changed role before handover (2.134722ms)
✔ confirmation rejects changed document-version before handover (1.221682ms)
✔ private document review refuses viewer (1.106848ms)
✔ private document review refuses foreign (0.541061ms)
✔ private document review refuses duplicate (0.732638ms)
✔ private document review refuses missing-project (0.701039ms)
✔ viewer can review saved read-authorized records without accessing private files (2.210589ms)
✔ actual SessionClient handover fences token wait then account (36.917898ms)
✔ actual SessionClient handover fences token wait then workspace (0.718182ms)
✔ actual SessionClient handover fences token wait then unmount (3.039448ms)
✔ actual SessionClient handover fences records wait then account (24.490798ms)
✔ actual SessionClient handover fences records wait then workspace (2.292372ms)
✔ actual SessionClient handover fences records wait then unmount (1.467452ms)
✔ actual SessionClient handover fences documents wait then account (1.826873ms)
✔ actual SessionClient handover fences documents wait then workspace (2.850038ms)
✔ actual SessionClient handover fences documents wait then unmount (0.826434ms)
✔ temporary file cleanup is idempotent and removes the prior copy before replacement (0.263172ms)
✔ actual native handover adapter success protects ephemeral copy (1.307593ms)
✔ actual native handover adapter unavailable protects ephemeral copy (0.520512ms)
✔ actual native handover adapter share-failure protects ephemeral copy (0.662523ms)
✔ actual native handover adapter availability-scope-change protects ephemeral copy (0.329856ms)
✔ actual native handover adapter copy-scope-change protects ephemeral copy (0.483794ms)
✔ actual native handover adapter share-scope-change protects ephemeral copy (0.485807ms)
✔ actual native handover adapter changed-record protects ephemeral copy (0.478314ms)
(node:237232) [MODULE_TYPELESS_PACKAGE_JSON] Warning: Module type of file:///workspaces/zoi-city/.recovery/community-release/.recovery/owned-freezes/native-company-console-parent-2026-10-03/mobile/src/companyWorkspace.ts is not specified and it doesn't parse as CommonJS.
Reparsing as ES module because module syntax was detected. This incurs a performance overhead.
To eliminate this warning, add "type": "module" to /workspaces/zoi-city/.recovery/community-release/.recovery/owned-freezes/native-company-console-parent-2026-10-03/mobile/package.json.
(Use `node --trace-warnings ...` to show where the warning was created)
✔ native company aggregates exact active relationships without assuming member Auth identity (2.203827ms)
✔ company draft uses current company ID and existing persisted payload (0.667317ms)
✔ company source rejects foreign (0.426627ms)
✔ company source rejects archived (0.289711ms)
✔ company source rejects missing (0.240389ms)
✔ company source rejects duplicate (0.545449ms)
✔ archived linked project has no company return and archived work is omitted (0.543436ms)
✔ existing roles keep company edit distinct from project work (0.209231ms)
✔ actual SessionClient ignores held Company response after account (50.314545ms)
✔ actual SessionClient ignores held Company response after workspace (3.34007ms)
✔ actual SessionClient ignores held Company response after unmount (1.665231ms)
ℹ tests 50
ℹ suites 0
ℹ pass 50
ℹ fail 0
ℹ cancelled 0
ℹ skipped 0
ℹ todo 0
ℹ duration_ms 615.348767
