Signature 390 passed {
  photo: 'https://static.wixstatic.com/media/c2f457_0f4b3e5c082244c0b9174e0fe57cba45~mv2.jpg',
  logo: 'https://static.wixstatic.com/media/c2f457_6cd4a4dd0e5b4f719d5ff2ed03f8b43b~mv2.png',
  kind: null
}
Signature 1440 passed {
  photo: 'https://static.wixstatic.com/media/c2f457_0f4b3e5c082244c0b9174e0fe57cba45~mv2.jpg',
  logo: 'https://static.wixstatic.com/media/c2f457_6cd4a4dd0e5b4f719d5ff2ed03f8b43b~mv2.png',
  kind: null
}
Venue 390 passed {
  photo: 'https://static.wixstatic.com/media/c2f457_c648ddfd87024c77a186093bd3f6ed37~mv2.png',
  logo: 'https://static.wixstatic.com/media/c2f457_2b56fe651fa742e383bcea56bccaa32d~mv2.png',
  kind: null
}
Venue 1440 passed {
  photo: 'https://static.wixstatic.com/media/c2f457_c648ddfd87024c77a186093bd3f6ed37~mv2.png',
  logo: 'https://static.wixstatic.com/media/c2f457_2b56fe651fa742e383bcea56bccaa32d~mv2.png',
  kind: null
}
{"cases":4,"failed":4}
