(node:50374) [MODULE_TYPELESS_PACKAGE_JSON] Warning: Module type of file:///workspaces/zoi-city/.recovery/community-release/mobile/src/profile.ts is not specified and it doesn't parse as CommonJS.
Reparsing as ES module because module syntax was detected. This incurs a performance overhead.
To eliminate this warning, add "type": "module" to /workspaces/zoi-city/.recovery/community-release/mobile/package.json.
(Use `node --trace-warnings ...` to show where the warning was created)
✔ native outward action suppresses held source defaults and imported fallback for every family (2.970971ms)
✔ native published website edits and null/empty clears retain web authority despite stale source holds (1.717759ms)
(node:50375) [MODULE_TYPELESS_PACKAGE_JSON] Warning: Module type of file:///workspaces/zoi-city/.recovery/community-release/mobile/src/profile.ts is not specified and it doesn't parse as CommonJS.
Reparsing as ES module because module syntax was detected. This incurs a performance overhead.
To eliminate this warning, add "type": "module" to /workspaces/zoi-city/.recovery/community-release/mobile/package.json.
(Use `node --trace-warnings ...` to show where the warning was created)
✔ profile gives owner fields priority, merges actual socials and labels enrichment (4.432571ms)
✔ profile never fabricates verification or ratings from owner data (0.332712ms)
✔ profile rejects unsafe external schemes and credentials (0.227455ms)
✔ missing entity is absent, not invented profile (1.013283ms)
✔ profile actions require exact server routes and matching booking listing (0.820964ms)
✔ private enquiry entry requires server invitation for this same listing (0.41778ms)
✔ profile photos preserve wide logos, portraits and small artwork (0.188352ms)
✔ image loading supports native source dimensions and web natural dimensions (0.166471ms)
✔ native uses shared phone validity and authoritative owner clear (0.499293ms)
✔ native machine social syntax and exact publisher identity match web while owner links survive (1.299017ms)
✔ native Fournos chain root contacts cannot replace branch base or explicit owner values (0.700849ms)
ℹ tests 13
ℹ suites 0
ℹ pass 13
ℹ fail 0
ℹ cancelled 0
ℹ skipped 0
ℹ todo 0
ℹ duration_ms 125.586835
