passed 390 cafe-boulis-astoria
passed 390 nikos-greek-kitchen-sparks
passed 390 niles-greek-festival-2026
passed 390 tsantali-agios-pavlos
passed 390 philippos-hellenic-goods-4d7517
passed 390 nakayoshi-izakaya-toronto
passed 390 atlantis-greek-restaurant-ealing
passed 390 de-griekse-taverna-amsterdam
passed 390 greek-eats-los-angeles
passed 390 el-greco-prestwich-manchester-uk
passed 390 alborz-taekwondo-academy-toronto
passed 390 pl-warsaw-sklep-grecki
passed 390 manos-hadjidakis-athens
passed 390 kreta-souvlaki-calgary
passed 1440 cafe-boulis-astoria
passed 1440 nikos-greek-kitchen-sparks
passed 1440 niles-greek-festival-2026
passed 1440 tsantali-agios-pavlos
passed 1440 philippos-hellenic-goods-4d7517
passed 1440 nakayoshi-izakaya-toronto
passed 1440 atlantis-greek-restaurant-ealing
passed 1440 de-griekse-taverna-amsterdam
passed 1440 greek-eats-los-angeles
passed 1440 el-greco-prestwich-manchester-uk
passed 1440 alborz-taekwondo-academy-toronto
passed 1440 pl-warsaw-sklep-grecki
passed 1440 manos-hadjidakis-athens
passed 1440 kreta-souvlaki-calgary
PASS 28 actual production held-source profiles
