AssertionError [ERR_ASSERTION]: Expected values to be strictly deep-equal:
+ actual - expected

+ [
+   {
+     message: "Cannot read properties of undefined (reading 'center')",
+     stack: "TypeError: Cannot read properties of undefined (reading 'center')\n" +
+       '    at Di.cameraForBoxAndBearing (https://www.zoi.city/assets/vendor/maplibre-gl.js:46:285023)\n' +
+       '    at Ai.cameraForBoxAndBearing (https://www.zoi.city/assets/vendor/maplibre-gl.js:46:289295)\n' +
+       '    at ds._cameraForBoxAndBearing (https://www.zoi.city/assets/vendor/maplibre-gl.js:46:453549)\n' +
+       '    at ds.cameraForBounds (https://www.zoi.city/assets/vendor/maplibre-gl.js:46:453164)\n' +
+       '    at ds.fitBounds (https://www.zoi.city/assets/vendor/maplibre-gl.js:46:453698)\n' +
+       '    at showMatches (https://www.zoi.city/explore/map/?city=Toronto&country=Canada:1191:262)\n' +
+       '    at onNavigate (https://www.zoi.city/explore/map/?city=Toronto&country=Canada:1510:998)\n' +
+       '    at HTMLButtonElement.<anonymous> (https://www.zoi.city/assets/personalization/locality.mjs?v=20261001-uuid-scope:52:236)'
+   }
+ ]
- []

    at /workspaces/zoi-city/.recovery/community-release/tests/browser/map-startup/verify.cjs:7:1408 {
  generatedMessage: true,
  code: 'ERR_ASSERTION',
  actual: [Array],
  expected: [],
  operator: 'deepStrictEqual',
  diff: 'simple'
}
