✔ map loader bounds concurrency at four and stops after the first short page (10.01547ms)
✔ an outage stops after the first page probe and never becomes an empty success (0.805956ms)
✔ failed or malformed pages remain explicit holes in partial results (1.100476ms)
✔ a full configured cap is marked truncated and not complete (0.324867ms)
✔ known empty first page is a real empty dataset; out-of-range failures do not invent holes (0.218348ms)
✔ selection focus respects precision, viewport occlusion and reduced motion (0.309839ms)
✔ invalid coordinates never enter MapLibre while valid zero coordinates remain valid (0.300702ms)
✔ search bounds use only finite street-level coordinates, keep zero and never invent an empty destination (0.432198ms)
✔ selecting a city-positioned place preserves a closer manual zoom instead of jumping back out (0.330197ms)
✔ transient page failures retry at most twice inside the four worker slots (0.581306ms)
✔ exhausted network retries remain explicit partial coverage and invalid responses are not retried (0.611802ms)
✔ unmapped deep links preserve exact identity without inventing any coordinates (0.263773ms)
✔ unmapped identity survives resize moveend and late response cannot replace a new selection (3.062291ms)
✔ coarse and unknown coordinates never become premises or move search bounds (0.303116ms)
✔ false street labels reused across cities or many addresses remain unplotted (0.723231ms)
✔ coordinate guards reject coercion values and dual-zero while retaining real zero-axis locations (0.410868ms)
✔ area search retains scoped unmapped results, paginates truthfully and never supplies coordinates (0.861269ms)
✔ area responses cannot overwrite changed account/location, and failure stays retryable (0.451774ms)
✔ scoped area response rejects wrong country and private rows without promoting returned coordinates (0.440914ms)
✔ service outage retries only the health probe, never starts parallel directory reads (0.335477ms)
✔ unlocated published address search keeps exact place identity and never routes by coordinates (0.506697ms)
✔ address lookup refuses city-only, country-only, absent, non-text and oversized addresses (0.29982ms)
✔ fresh explicit address edit and clear override earlier place without using map scope as locality (0.265105ms)
✔ actual map directions refuse unreviewed numeric points and recover published address search (1.56298ms)
✔ actual map numeric directions require exact identity and coordinate receipt, and fresh clear cannot retain old action (1.49367ms)
✔ global startup reader is explicit opt-in and retains bounded public pagination without coordinates (0.628164ms)
✔ global startup account invalidation drops a pending result and failure remains retryable (0.478634ms)
✔ actual Escape and close handlers return keyboard focus after selected preview is removed (2.670299ms)
✔ actual search input clears the prior selected view before refreshing and keeps the new query (1.860526ms)
✔ every production precision value resolves to a defined label (1.548052ms)
✔ an unrecorded precision is never called "approximate" (0.355013ms)
✔ only rooftop, address and street count as exact (0.22461ms)
✔ spelling variants collapse to one tier (0.168225ms)
✔ precision lookup is case-insensitive (0.147997ms)
✔ rank orders the tiers monotonically (0.205564ms)
✔ published-address search uses exact record name/address while coordinates remain unverified (0.81328ms)
✔ an unverified coordinate is never a routing destination (0.218579ms)
✔ a street tag without reviewed proof cannot route by coordinate (0.207347ms)
✔ a record with neither address nor city yields no directions link (0.39638ms)
✔ directions destinations are url-encoded (1.254965ms)
✔ zoom follows the accuracy radius (0.225571ms)
✔ a missing or zero accuracy does not pretend to be precise (0.161612ms)
✔ the coarse-fix threshold is a real-world city radius (0.114323ms)
✔ the map ships a directions affordance (0.098023ms)
✔ the stale precision fallback copy is gone (0.173474ms)
✔ precision is never inferred from coordinate collisions (0.264815ms)
✔ a selected place is addressable in the url (0.130845ms)
✔ partial directory failures are counted, not swallowed (0.11792ms)
✔ latin diacritics fold so unaccented typing finds accented names (0.163144ms)
✔ greek tonos folds so untoned typing finds toned names (0.147986ms)
✔ greek final sigma folds to sigma (0.110266ms)
✔ folding is idempotent and total (0.154338ms)
✔ folding does not collapse distinct words (0.08567ms)
✔ conflicting street metadata and missing address supply no numerical or guessed name destination (0.2628ms)
✔ invalid street coordinates cannot become directions destination (0.379409ms)
✔ independent reviewed destination supersedes incomplete imported address (0.597166ms)
✔ incomplete global cohorts suppress ordinary plot eligibility while exact reviewed routing remains independent (0.407171ms)
✔ device saves persist exact public slug, remove without duplicate and sanitize corrupt storage (1.763905ms)
✔ storage denial cannot fabricate saved completion and storage cap is bounded (0.641449ms)
✔ spoken summary preserves public facts and precision, never implies turn-by-turn directions (0.496848ms)
✔ read-aloud starts only on explicit action, stops on hide/destroy and ignores superseded callbacks (2.108649ms)
ℹ tests 61
ℹ suites 0
ℹ pass 61
ℹ fail 0
ℹ cancelled 0
ℹ skipped 0
ℹ todo 0
ℹ duration_ms 102.34699
