[
  {
    "width": 390,
    "calls": [
      {
        "ms": 713,
        "args": {
          "p_q": "SIGNAT",
          "p_city": null,
          "p_country": null,
          "p_limit": 8,
          "p_offset": 0,
          "p_type": null
        }
      },
      {
        "ms": 1890,
        "args": {
          "p_q": "SIGNAT",
          "p_type": null,
          "p_city": null,
          "p_country": null,
          "p_limit": 24,
          "p_offset": 0
        }
      },
      {
        "ms": 2023,
        "args": {
          "p_q": "Held",
          "p_type": null,
          "p_city": null,
          "p_country": null,
          "p_limit": 24,
          "p_offset": 0
        }
      },
      {
        "ms": 2291,
        "args": {
          "p_q": "Current",
          "p_city": null,
          "p_country": null,
          "p_limit": 8,
          "p_offset": 0,
          "p_type": null
        }
      },
      {
        "ms": 2510,
        "args": {
          "p_q": "Current",
          "p_type": null,
          "p_city": null,
          "p_country": null,
          "p_limit": 24,
          "p_offset": 0
        }
      },
      {
        "ms": 2547,
        "args": {
          "p_q": "Held",
          "p_type": null,
          "p_city": null,
          "p_country": null,
          "p_limit": 24,
          "p_offset": 0
        }
      },
      {
        "ms": 2648,
        "args": {
          "p_q": "SIGNAT",
          "p_type": null,
          "p_city": null,
          "p_country": null,
          "p_limit": 24,
          "p_offset": 0
        }
      },
      {
        "ms": 2977,
        "args": {
          "p_q": "Away",
          "p_city": null,
          "p_country": null,
          "p_limit": 8,
          "p_offset": 0,
          "p_type": null
        }
      },
      {
        "ms": 3180,
        "args": {
          "p_q": "Account",
          "p_city": null,
          "p_country": null,
          "p_limit": 8,
          "p_offset": 0,
          "p_type": null
        }
      },
      {
        "ms": 3302,
        "args": {
          "p_q": "Filtered",
          "p_type": "business",
          "p_city": null,
          "p_country": null,
          "p_limit": 24,
          "p_offset": 0
        }
      },
      {
        "ms": 3370,
        "args": {
          "p_q": "Retry",
          "p_type": "business",
          "p_city": null,
          "p_country": null,
          "p_limit": 24,
          "p_offset": 0
        }
      },
      {
        "ms": 3505,
        "args": {
          "p_q": "Retry",
          "p_type": "business",
          "p_city": null,
          "p_country": null,
          "p_limit": 24,
          "p_offset": 0
        }
      },
      {
        "ms": 3827,
        "args": {
          "p_q": "Keyboard",
          "p_city": null,
          "p_country": null,
          "p_limit": 8,
          "p_offset": 0,
          "p_type": null
        }
      }
    ]
  },
  {
    "width": 1440,
    "calls": [
      {
        "ms": 529,
        "args": {
          "p_q": "SIGNAT",
          "p_city": null,
          "p_country": null,
          "p_limit": 8,
          "p_offset": 0,
          "p_type": null
        }
      },
      {
        "ms": 2142,
        "args": {
          "p_q": "SIGNAT",
          "p_type": null,
          "p_city": null,
          "p_country": null,
          "p_limit": 24,
          "p_offset": 0
        }
      },
      {
        "ms": 2265,
        "args": {
          "p_q": "Held",
          "p_type": null,
          "p_city": null,
          "p_country": null,
          "p_limit": 24,
          "p_offset": 0
        }
      },
      {
        "ms": 2454,
        "args": {
          "p_q": "Current",
          "p_city": null,
          "p_country": null,
          "p_limit": 8,
          "p_offset": 0,
          "p_type": null
        }
      },
      {
        "ms": 2652,
        "args": {
          "p_q": "Current",
          "p_type": null,
          "p_city": null,
          "p_country": null,
          "p_limit": 24,
          "p_offset": 0
        }
      },
      {
        "ms": 2777,
        "args": {
          "p_q": "Held",
          "p_type": null,
          "p_city": null,
          "p_country": null,
          "p_limit": 24,
          "p_offset": 0
        }
      },
      {
        "ms": 2862,
        "args": {
          "p_q": "SIGNAT",
          "p_type": null,
          "p_city": null,
          "p_country": null,
          "p_limit": 24,
          "p_offset": 0
        }
      },
      {
        "ms": 3073,
        "args": {
          "p_q": "Away",
          "p_city": null,
          "p_country": null,
          "p_limit": 8,
          "p_offset": 0,
          "p_type": null
        }
      },
      {
        "ms": 3359,
        "args": {
          "p_q": "Account",
          "p_city": null,
          "p_country": null,
          "p_limit": 8,
          "p_offset": 0,
          "p_type": null
        }
      },
      {
        "ms": 3480,
        "args": {
          "p_q": "Filtered",
          "p_type": "business",
          "p_city": null,
          "p_country": null,
          "p_limit": 24,
          "p_offset": 0
        }
      },
      {
        "ms": 3586,
        "args": {
          "p_q": "Retry",
          "p_type": "business",
          "p_city": null,
          "p_country": null,
          "p_limit": 24,
          "p_offset": 0
        }
      },
      {
        "ms": 3849,
        "args": {
          "p_q": "Retry",
          "p_type": "business",
          "p_city": null,
          "p_country": null,
          "p_limit": 24,
          "p_offset": 0
        }
      },
      {
        "ms": 4398,
        "args": {
          "p_q": "Keyboard",
          "p_city": null,
          "p_country": null,
          "p_limit": 8,
          "p_offset": 0,
          "p_type": null
        }
      }
    ]
  }
]
