✔ cross-company saved attention excludes archived work and completed overdue tasks (3.47431ms)
✔ company filter never mixes another company and query matches linked project names (0.590754ms)
✔ upcoming is a precise seven-day window and assignee filter stays explicit (0.547152ms)
✔ sparse company has no invented tasks, legal readiness or obligations (0.352338ms)
✔ malformed sparse responses fail closed even when no company is present (0.484836ms)
✔ handover contains only selected saved scope and distinguishes unqueried document records (0.431857ms)
✔ contact deep links resolve to the exact current Operations record (0.794334ms)
✔ sparse company directs authorized caller toward first project without fabricated progress (5.903209ms)
✔ saved blocked and overdue tasks drive actionable next steps, completed deadlines are excluded (1.255436ms)
✔ project/task completion disagreement remains visible and never changes saved records (0.370091ms)
✔ archived and unrelated companies/projects/tasks are not included in completion (0.274323ms)
✔ malformed authority data fails closed {"workspace_id":"00000000-0000-4000-8000-000000000099"} (0.377014ms)
✔ malformed authority data fails closed {"version":0} (0.167934ms)
✔ malformed authority data fails closed {"title":""} (0.14477ms)
✔ malformed authority data fails closed {"status":"pretend"} (0.12854ms)
✔ malformed authority data fails closed {"id":"bad"} (0.209742ms)
✔ document project context exposes only exact active project and saved document versions (0.484645ms)
✔ private project documents reject viewer (0.173043ms)
✔ private project documents reject foreign (0.208389ms)
✔ private project documents reject other_project (0.189223ms)
✔ private project documents reject removed_project (0.130815ms)
✔ private project documents reject duplicate_project (0.129442ms)
✔ private project documents reject bad_version (0.1817ms)
✔ company aggregation follows exact persisted project linkage (1.60022ms)
✔ company context fail closed missing (0.359362ms)
✔ company context fail closed archived (0.204743ms)
✔ company context fail closed scope (0.135403ms)
✔ company context fail closed duplicate (0.151563ms)
✔ private files use project scope and never imply other company ownership (0.384048ms)
✔ durable company route preserves exact UUID and rejects malformed intent (1.366423ms)
✔ lost new save blocks replacement, retries immutable payload, persists no private form (2.957284ms)
✔ reload checks nonce without payload; missing does not unlock; matching cancelled proof does (1.930556ms)
✔ wrong scope/action/entity/version receipts retain recovery (1.300039ms)
✔ save success followed by readback failure blocks dispatch and next replacement (0.459288ms)
✔ scope change during readback cannot dispatch or acknowledge (0.585654ms)
✔ corrupt marker cannot be silently replaced and payload drops retain nonce (0.521074ms)
✔ authoritative access denial distinct from transient failure and domain conflict (0.307424ms)
✔ operations success requires the matching workspace, record, kind and next version (1.435562ms)
✔ operations editing preserves persisted fields and identifies version conflicts (0.516264ms)
✔ every actual tool appears once, with coherent groups and no module duplication (1.453756ms)
✔ chosen sector recommends tools without hiding or granting others (0.32145ms)
✔ search understands customer task language as well as module names (2.026594ms)
✔ legacy paths and owner-design hash resolve to existing editor with design subview (0.634255ms)
✔ unknown roles and unchecked ownership cannot be claimed as ready (0.28926ms)
✔ provider unavailable does not remove assistant or pretend it is configured (0.276276ms)
ℹ tests 45
ℹ suites 0
ℹ pass 45
ℹ fail 0
ℹ cancelled 0
ℹ skipped 0
ℹ todo 0
ℹ duration_ms 91.010512
