Starting Metro Bundler

| (node:17061) Warning: The 'NO_COLOR' env is ignored due to the 'FORCE_COLOR' env being set.
| (Use `node --trace-warnings ...` to show where the warning was created)
| (node:17061) Warning: The 'NO_COLOR' env is ignored due to the 'FORCE_COLOR' env being set.
| (Use `node --trace-warnings ...` to show where the warning was created)
Web Bundled 23432ms index.ts (521 modules)
iOS Bundled 32312ms index.ts (939 modules)
Android Bundled 40513ms index.ts (936 modules)

› Assets (2):
assets/zoi-logo.5a531fbd3a49e35f2cb1b6fc3dcd5ad0.png (113KB)
assets/zoi-logo.png (113KB)

› web bundles (2):
_expo/static/js/web/index-e205207cd26e4f1dffbbd48df7aadfd5.js (1.5MB)
_expo/static/js/web/index-e205207cd26e4f1dffbbd48df7aadfd5.js.map (4.8MB)

› ios bundles (2):
_expo/static/js/ios/index-d93a2ebcb42dde6244553cce95453775.hbc (2.7MB)
_expo/static/js/ios/index-d93a2ebcb42dde6244553cce95453775.hbc.map (6.1MB)

› android bundles (2):
_expo/static/js/android/index-aea7e3698c4d38b5865ada0b7ab7500e.hbc (2.7MB)
_expo/static/js/android/index-aea7e3698c4d38b5865ada0b7ab7500e.hbc.map (6.1MB)

› Files (3):
favicon.ico (15KB)
index.html (1.2KB)
metadata.json (368B)

Exported: /tmp/zoi-native-owner-authority-independent-export
