Starting Metro Bundler

| (node:31501) Warning: The 'NO_COLOR' env is ignored due to the 'FORCE_COLOR' env being set.
| (Use `node --trace-warnings ...` to show where the warning was created)
Web Bundled 1812ms index.ts (521 modules)
iOS Bundled 10014ms index.ts (813 modules)
Android Bundled 17235ms index.ts (921 modules)

› Assets (2):
assets/zoi-logo.5a531fbd3a49e35f2cb1b6fc3dcd5ad0.png (113KB)
assets/zoi-logo.png (113KB)

› web bundles (2):
_expo/static/js/web/index-7cce2938931d97d4c6b780d96675040a.js (1.5MB)
_expo/static/js/web/index-7cce2938931d97d4c6b780d96675040a.js.map (4.8MB)

› ios bundles (2):
_expo/static/js/ios/index-a3ce2b2b6b4e57022f5e48103277b2e2.hbc (2.7MB)
_expo/static/js/ios/index-a3ce2b2b6b4e57022f5e48103277b2e2.hbc.map (6.1MB)

› android bundles (2):
_expo/static/js/android/index-840bbd020c7e2a11feb7744d1e47fec9.hbc (2.7MB)
_expo/static/js/android/index-840bbd020c7e2a11feb7744d1e47fec9.hbc.map (6.1MB)

› Files (3):
favicon.ico (15KB)
index.html (1.2KB)
metadata.json (368B)

Exported: /tmp/zoi-native-owner-authority-independent-final-export
