(node:34521) ExperimentalWarning: stripTypeScriptTypes is an experimental feature and might change at any time
(Use `node --trace-warnings ...` to show where the warning was created)
✔ owner tool browser handoffs preserve explicit selected workspace with no token (2.357912ms)
✔ missing malformed and injected identities cannot fabricate a setup destination (0.548624ms)
(node:34522) [MODULE_TYPELESS_PACKAGE_JSON] Warning: Module type of file:///workspaces/zoi-city/.recovery/native-owner-authority-independent-2026-10-03/mobile/src/artistMusic.ts is not specified and it doesn't parse as CommonJS.
Reparsing as ES module because module syntax was detected. This incurs a performance overhead.
To eliminate this warning, add "type": "module" to /workspaces/zoi-city/.recovery/native-owner-authority-independent-2026-10-03/mobile/package.json.
(Use `node --trace-warnings ...` to show where the warning was created)
✔ reviewed catalogue binds identity and uses verified high-resolution photos (4.518376ms)
✔ unknown artist never inherits featured content (0.370632ms)
✔ provider links reject spoofed hosts unsafe schemes and credentials (0.326089ms)
✔ city validation supports Greek and NFKC without markup (5.534843ms)
✔ receipts bind artist request active state and expected version (0.806135ms)
✔ summary rejects subthreshold counts and wrong artist; mine preserves inactive rows (1.116464ms)
✔ interrupted authenticated interest retries identical persisted request, then withdrawal reads real server version (41.009885ms)
✔ native planner shares venue timezone and buffer boundaries (1.236118ms)
✔ native planner cannot accept another tenant or changed appointment preview (0.795095ms)
✔ native planner requires complete unique saved slots matching the preview (0.501285ms)
(node:34534) [MODULE_TYPELESS_PACKAGE_JSON] Warning: Module type of file:///workspaces/zoi-city/.recovery/native-owner-authority-independent-2026-10-03/mobile/src/backendReadiness.ts is not specified and it doesn't parse as CommonJS.
Reparsing as ES module because module syntax was detected. This incurs a performance overhead.
To eliminate this warning, add "type": "module" to /workspaces/zoi-city/.recovery/native-owner-authority-independent-2026-10-03/mobile/package.json.
(Use `node --trace-warnings ...` to show where the warning was created)
✔ verified guardian backend is enabled while unavailable integrations fail closed (1.143435ms)
✔ guardian release gate is backed by complete deployed RPC evidence (0.825111ms)
(node:34535) [MODULE_TYPELESS_PACKAGE_JSON] Warning: Module type of file:///workspaces/zoi-city/.recovery/native-owner-authority-independent-2026-10-03/mobile/src/booking.ts is not specified and it doesn't parse as CommonJS.
Reparsing as ES module because module syntax was detected. This incurs a performance overhead.
To eliminate this warning, add "type": "module" to /workspaces/zoi-city/.recovery/native-owner-authority-independent-2026-10-03/mobile/package.json.
(Use `node --trace-warnings ...` to show where the warning was created)
✔ booking receipts require exact idempotency request, slot and party (2.055097ms)
✔ retry receipt preserves terminal cancellation rather than inventing confirmation (0.260015ms)
✔ booking catalog refuses malformed times and unknown timezone (25.39403ms)
✔ venue times honor the venue timezone rather than device default (1.155497ms)
(node:34539) [MODULE_TYPELESS_PACKAGE_JSON] Warning: Module type of file:///workspaces/zoi-city/.recovery/native-owner-authority-independent-2026-10-03/mobile/src/bookingOperator.ts is not specified and it doesn't parse as CommonJS.
Reparsing as ES module because module syntax was detected. This incurs a performance overhead.
To eliminate this warning, add "type": "module" to /workspaces/zoi-city/.recovery/native-owner-authority-independent-2026-10-03/mobile/package.json.
(Use `node --trace-warnings ...` to show where the warning was created)
✔ operator mutation requires exact workspace and incremented version (2.021635ms)
✔ operator service decimal prices are exact minor units and bounded (0.678056ms)
✔ staff resource cannot silently admit a party (0.289681ms)
✔ schedule converts venue-local time and rejects both DST edge cases (25.708908ms)
✔ native reschedule uses venue-local range and rejects impossible calendar dates (34.708119ms)
✔ reschedule selection pins reviewed version and exact price (2.060717ms)
✔ move receipt requires same booking, expected version, reviewed time and no collected payment (0.598137ms)
(node:34554) [MODULE_TYPELESS_PACKAGE_JSON] Warning: Module type of file:///workspaces/zoi-city/.recovery/native-owner-authority-independent-2026-10-03/mobile/src/brand.ts is not specified and it doesn't parse as CommonJS.
Reparsing as ES module because module syntax was detected. This incurs a performance overhead.
To eliminate this warning, add "type": "module" to /workspaces/zoi-city/.recovery/native-owner-authority-independent-2026-10-03/mobile/package.json.
(Use `node --trace-warnings ...` to show where the warning was created)
✔ native shared body, subdued text and actions stay readable on every adopted surface (2.142159ms)
✔ native and web material colors share the same semantic values (6.04726ms)
(node:34561) [MODULE_TYPELESS_PACKAGE_JSON] Warning: Module type of file:///workspaces/zoi-city/.recovery/native-owner-authority-independent-2026-10-03/mobile/src/businessEdit.ts is not specified and it doesn't parse as CommonJS.
Reparsing as ES module because module syntax was detected. This incurs a performance overhead.
To eliminate this warning, add "type": "module" to /workspaces/zoi-city/.recovery/native-owner-authority-independent-2026-10-03/mobile/package.json.
(Use `node --trace-warnings ...` to show where the warning was created)
✔ only owned and explicitly approved claims can appear in business editor (2.046951ms)
✔ business edit preserves unknown social keys and explicit cleared fields (0.515593ms)
✔ business edit rejects unsafe replacement and ambiguous social payloads (0.467864ms)
(node:34567) [MODULE_TYPELESS_PACKAGE_JSON] Warning: Module type of file:///workspaces/zoi-city/.recovery/native-owner-authority-independent-2026-10-03/mobile/src/businessOwner.ts is not specified and it doesn't parse as CommonJS.
Reparsing as ES module because module syntax was detected. This incurs a performance overhead.
To eliminate this warning, add "type": "module" to /workspaces/zoi-city/.recovery/native-owner-authority-independent-2026-10-03/mobile/package.json.
(Use `node --trace-warnings ...` to show where the warning was created)
✔ private snapshot rejects scope/version/base identity and does not mutate original source or menus (11.806252ms)
✔ changed website only uses real writer patch, leaves base clears and unknown menus/social shape untouched (0.724162ms)
✔ explicit website/photo/social clears are sent as owner choices, no duplicate imported fields (0.327501ms)
✔ URL validation rejects userinfo/javascript while unrelated malformed stored website remains untouched (5.712124ms)
✔ source panel uses exact shared held/import/owner clear policy (1.176236ms)
✔ choices require exact workspace and approved claims; malformed ownership not accepted (0.49264ms)
✔ receipt must prove current request/scope/version before accepting saved UI (2.030037ms)
✔ token refresh account switch prevents dispatch; late reply cannot become saved data (0.397773ms)
✔ fresh authority and existing snapshot surround the actual writer, replay uses exact immutable nonce (1.117065ms)
✔ role/current-listing refusal prevents writer and current authority is checked after awaits (0.698553ms)
✔ CAS conflict never fabricates success and no new nonce is generated by publication retry (0.379278ms)
✔ nonce-only interrupted marker survives remount, validates scope, stores no contact payload (0.811826ms)
✔ marker waits and current-account failures never dispatch or consume another workspace reference (4.598195ms)
(node:34569) [MODULE_TYPELESS_PACKAGE_JSON] Warning: Module type of file:///workspaces/zoi-city/.recovery/native-owner-authority-independent-2026-10-03/mobile/src/session.ts is not specified and it doesn't parse as CommonJS.
Reparsing as ES module because module syntax was detected. This incurs a performance overhead.
To eliminate this warning, add "type": "module" to /workspaces/zoi-city/.recovery/native-owner-authority-independent-2026-10-03/mobile/package.json.
(Use `node --trace-warnings ...` to show where the warning was created)
✔ actual owner authority HTTP400 preserves exact safe code and proves private state refusal (44.398722ms)
✔ generic HTTP400 and transient failures stay uncertain; no broad payload or code disclosure (3.83584ms)
✔ bounded code retention does not alter other suites/auth/provider error handling (0.91607ms)
✔ exact existing Company and document authority RPCs preserve safe codes and actual status only (35.378922ms)
✔ operator code recognition remains bounded to exact path, exact message and authority status (9.535913ms)
(node:34575) [MODULE_TYPELESS_PACKAGE_JSON] Warning: Module type of file:///workspaces/zoi-city/.recovery/native-owner-authority-independent-2026-10-03/mobile/src/calendar.ts is not specified and it doesn't parse as CommonJS.
Reparsing as ES module because module syntax was detected. This incurs a performance overhead.
To eliminate this warning, add "type": "module" to /workspaces/zoi-city/.recovery/native-owner-authority-independent-2026-10-03/mobile/package.json.
(Use `node --trace-warnings ...` to show where the warning was created)
✔ calendar ranges reject impossible dates and bound exactly90 UTC days (1.829596ms)
✔ public calendar rejects private drafts and another listing (0.425474ms)
✔ workspace calendar rejects another tenant (2.410831ms)
✔ same calendar planner validates dates and exact saved receipt (32.326102ms)
✔ profile calendar/group actions require exact same-listing server paths (2.58727ms)
(node:34601) [MODULE_TYPELESS_PACKAGE_JSON] Warning: Module type of file:///workspaces/zoi-city/.recovery/native-owner-authority-independent-2026-10-03/mobile/src/commerce.ts is not specified and it doesn't parse as CommonJS.
Reparsing as ES module because module syntax was detected. This incurs a performance overhead.
To eliminate this warning, add "type": "module" to /workspaces/zoi-city/.recovery/native-owner-authority-independent-2026-10-03/mobile/package.json.
(Use `node --trace-warnings ...` to show where the warning was created)
✔ basket totals preserve decimal precision and separate currencies (1.759706ms)
✔ persisted basket rejects duplicate IDs and invalid quantities (0.782801ms)
✔ adding unavailable options or excessive aggregate quantities fails (0.589851ms)
✔ fresh checkout must match exact official cart and all quantities (0.774807ms)
✔ product imagery and deep links reject untrusted URLs and invalid identifiers (0.377645ms)
✔ native shared option cannot silently substitute another product variant (0.21409ms)
✔ malformed explicit native variant remains an explicit unresolved choice (0.260627ms)
✔ single default display metadata survives native basket mapping without changing provider title (1.668776ms)
(node:34602) [MODULE_TYPELESS_PACKAGE_JSON] Warning: Module type of file:///workspaces/zoi-city/.recovery/native-owner-authority-independent-2026-10-03/mobile/src/community.ts is not specified and it doesn't parse as CommonJS.
Reparsing as ES module because module syntax was detected. This incurs a performance overhead.
To eliminate this warning, add "type": "module" to /workspaces/zoi-city/.recovery/native-owner-authority-independent-2026-10-03/mobile/package.json.
(Use `node --trace-warnings ...` to show where the warning was created)
✔ visible reaction state comes from matching desired-state receipts only (1.514698ms)
✔ reply receipt is scoped to post and actual profile, not auth UUID (0.616441ms)
✔ public profile edits explicitly validate interests and chosen public fields (0.479074ms)
✔ feed preserves server snapshot and rejects a substituted mode (0.349573ms)
✔ recovered publication keeps original account, immutable request and actual receipt identity (0.710506ms)
(node:34611) [MODULE_TYPELESS_PACKAGE_JSON] Warning: Module type of file:///workspaces/zoi-city/.recovery/native-owner-authority-independent-2026-10-03/mobile/src/communityIntent.ts is not specified and it doesn't parse as CommonJS.
Reparsing as ES module because module syntax was detected. This incurs a performance overhead.
To eliminate this warning, add "type": "module" to /workspaces/zoi-city/.recovery/native-owner-authority-independent-2026-10-03/mobile/package.json.
(Use `node --trace-warnings ...` to show where the warning was created)
✔ sign-in retains question composer intent but cannot resume without an actor (1.712226ms)
✔ discussion return retains navigation and does not replay a reaction (0.301122ms)
✔ sign-in may retain public navigation but sign-out or account switch invalidates it (0.168685ms)
(node:34626) [MODULE_TYPELESS_PACKAGE_JSON] Warning: Module type of file:///workspaces/zoi-city/.recovery/native-owner-authority-independent-2026-10-03/mobile/src/communityMedia.ts is not specified and it doesn't parse as CommonJS.
Reparsing as ES module because module syntax was detected. This incurs a performance overhead.
To eliminate this warning, add "type": "module" to /workspaces/zoi-city/.recovery/native-owner-authority-independent-2026-10-03/mobile/package.json.
(Use `node --trace-warnings ...` to show where the warning was created)
✔ media selection validates actual bytes dimensions and video duration before transfer (7.592174ms)
✔ media URLs cannot execute scripts or expose embedded credentials (0.35873ms)
✔ offscreen background low-power reduced-motion and user pause all prevent autoplay (0.304809ms)
✔ upload receipt must match selected media type and a valid finalized identity (0.907565ms)
(node:34627) [MODULE_TYPELESS_PACKAGE_JSON] Warning: Module type of file:///workspaces/zoi-city/.recovery/native-owner-authority-independent-2026-10-03/mobile/src/companyConsole.ts is not specified and it doesn't parse as CommonJS.
Reparsing as ES module because module syntax was detected. This incurs a performance overhead.
To eliminate this warning, add "type": "module" to /workspaces/zoi-city/.recovery/native-owner-authority-independent-2026-10-03/mobile/package.json.
(Use `node --trace-warnings ...` to show where the warning was created)
✔ actual shared queue distinguishes cross-company urgency and selected company filters (15.521659ms)
✔ sparse and retired work does not create deadlines or company completion (45.621455ms)
✔ unknown assignee remains assigned, profile identity is not the signed-in actor (0.546911ms)
✔ queue rejects foreign saved scope (0.675902ms)
✔ queue rejects duplicate saved scope (0.243034ms)
✔ queue rejects invalid-data saved scope (0.24645ms)
✔ queue rejects missing-company saved scope (0.427638ms)
✔ Metro resolves only the exact shared Company CDN edge without altering packages or queries (540.545372ms)
(node:34633) [MODULE_TYPELESS_PACKAGE_JSON] Warning: Module type of file:///workspaces/zoi-city/.recovery/native-owner-authority-independent-2026-10-03/mobile/src/companyHandover.ts is not specified and it doesn't parse as CommonJS.
Reparsing as ES module because module syntax was detected. This incurs a performance overhead.
To eliminate this warning, add "type": "module" to /workspaces/zoi-city/.recovery/native-owner-authority-independent-2026-10-03/mobile/package.json.
(Use `node --trace-warnings ...` to show where the warning was created)
✔ reviewed selected-company JSON preserves nulls and versions, excludes foreign contacts and unqueried files (16.411165ms)
✔ authorized document metadata includes only saved company project IDs and current versions (4.217776ms)
✔ confirmation rejects changed version before handover (1.648227ms)
✔ confirmation rejects changed owner-clear before handover (1.068585ms)
✔ confirmation rejects changed assignment-clear before handover (1.412437ms)
✔ confirmation rejects changed contact-clear before handover (3.434502ms)
✔ confirmation rejects changed removed-company before handover (1.251326ms)
✔ confirmation rejects changed role before handover (0.820742ms)
✔ confirmation rejects changed document-version before handover (2.180401ms)
✔ private document review refuses viewer (0.916371ms)
✔ private document review refuses foreign (0.512366ms)
✔ private document review refuses duplicate (0.536752ms)
✔ private document review refuses missing-project (0.452144ms)
✔ viewer can review saved read-authorized records without accessing private files (2.005945ms)
✔ actual SessionClient handover fences token wait then account (37.849815ms)
✔ actual SessionClient handover fences token wait then workspace (0.683827ms)
✔ actual SessionClient handover fences token wait then unmount (3.410488ms)
✔ actual SessionClient handover fences records wait then account (26.798012ms)
✔ actual SessionClient handover fences records wait then workspace (1.240777ms)
✔ actual SessionClient handover fences records wait then unmount (0.933994ms)
✔ actual SessionClient handover fences documents wait then account (1.523805ms)
✔ actual SessionClient handover fences documents wait then workspace (3.722608ms)
✔ actual SessionClient handover fences documents wait then unmount (0.959331ms)
✔ temporary file cleanup is idempotent and removes the prior copy before replacement (0.317363ms)
✔ actual native handover adapter success protects ephemeral copy (0.765499ms)
✔ actual native handover adapter unavailable protects ephemeral copy (0.332069ms)
✔ actual native handover adapter share-failure protects ephemeral copy (0.426737ms)
✔ actual native handover adapter availability-scope-change protects ephemeral copy (0.24666ms)
✔ actual native handover adapter copy-scope-change protects ephemeral copy (0.309247ms)
✔ actual native handover adapter share-scope-change protects ephemeral copy (0.375501ms)
✔ actual native handover adapter changed-record protects ephemeral copy (0.338593ms)
(node:34639) [MODULE_TYPELESS_PACKAGE_JSON] Warning: Module type of file:///workspaces/zoi-city/.recovery/native-owner-authority-independent-2026-10-03/mobile/src/companyWorkspace.ts is not specified and it doesn't parse as CommonJS.
Reparsing as ES module because module syntax was detected. This incurs a performance overhead.
To eliminate this warning, add "type": "module" to /workspaces/zoi-city/.recovery/native-owner-authority-independent-2026-10-03/mobile/package.json.
(Use `node --trace-warnings ...` to show where the warning was created)
✔ native company aggregates exact active relationships without assuming member Auth identity (3.435845ms)
✔ company draft uses current company ID and existing persisted payload (0.689718ms)
✔ company source rejects foreign (0.465149ms)
✔ company source rejects archived (0.286234ms)
✔ company source rejects missing (0.245088ms)
✔ company source rejects duplicate (0.624276ms)
✔ archived linked project has no company return and archived work is omitted (0.349924ms)
✔ existing roles keep company edit distinct from project work (0.242773ms)
✔ actual SessionClient ignores held Company response after account (54.457612ms)
✔ actual SessionClient ignores held Company response after workspace (2.678842ms)
✔ actual SessionClient ignores held Company response after unmount (1.907341ms)
(node:34641) [MODULE_TYPELESS_PACKAGE_JSON] Warning: Module type of file:///workspaces/zoi-city/.recovery/native-owner-authority-independent-2026-10-03/mobile/src/creator.ts is not specified and it doesn't parse as CommonJS.
Reparsing as ES module because module syntax was detected. This incurs a performance overhead.
To eliminate this warning, add "type": "module" to /workspaces/zoi-city/.recovery/native-owner-authority-independent-2026-10-03/mobile/package.json.
(Use `node --trace-warnings ...` to show where the warning was created)
✔ bio preserves order and unpublished intent in exact server payload (2.637945ms)
✔ bio refuses truncation and unsafe links before save (0.64294ms)
✔ bio needs exact save receipt and never treats empty response as success (0.515543ms)
(node:34655) [MODULE_TYPELESS_PACKAGE_JSON] Warning: Module type of file:///workspaces/zoi-city/.recovery/native-owner-authority-independent-2026-10-03/mobile/src/creatorAccess.ts is not specified and it doesn't parse as CommonJS.
Reparsing as ES module because module syntax was detected. This incurs a performance overhead.
To eliminate this warning, add "type": "module" to /workspaces/zoi-city/.recovery/native-owner-authority-independent-2026-10-03/mobile/package.json.
(Use `node --trace-warnings ...` to show where the warning was created)
✔ authoritative creator denials invalidate private data for reads and writes (2.247456ms)
✔ temporary failure and creator read-only states retain draft and recovery state (0.484194ms)
✔ late denial from an unmounted or different actor cannot clear the current screen (0.355483ms)
✔ successful reads and confirmed writes remain unchanged (0.223227ms)
(node:34668) [MODULE_TYPELESS_PACKAGE_JSON] Warning: Module type of file:///workspaces/zoi-city/.recovery/native-owner-authority-independent-2026-10-03/mobile/src/creatorRecovery.ts is not specified and it doesn't parse as CommonJS.
Reparsing as ES module because module syntax was detected. This incurs a performance overhead.
To eliminate this warning, add "type": "module" to /workspaces/zoi-city/.recovery/native-owner-authority-independent-2026-10-03/mobile/package.json.
(Use `node --trace-warnings ...` to show where the warning was created)
✔ all seven actions execute through durable nonce-only wrapper and validate receipt (10.979998ms)
✔ lost response blocks replacement, exact retry retains immutable memory payload (1.228003ms)
✔ reload has no payload, missing receipt retains fence, cancellation requires exact proof (1.816161ms)
✔ permission denial drops private payload without deleting recovery reference (0.699667ms)
✔ storage failure, corrupt marker and late account change cannot permit dispatch or acknowledgement (0.883489ms)
✔ mismatched saved entity does not discard recovery reference (0.410146ms)
✔ account switch during persisted readback prevents dispatch (0.378066ms)
✔ readback failure after persistence retains marker and fences another send (0.472362ms)
(node:34672) [MODULE_TYPELESS_PACKAGE_JSON] Warning: Module type of file:///workspaces/zoi-city/.recovery/native-owner-authority-independent-2026-10-03/mobile/src/creatorStudio.ts is not specified and it doesn't parse as CommonJS.
Reparsing as ES module because module syntax was detected. This incurs a performance overhead.
To eliminate this warning, add "type": "module" to /workspaces/zoi-city/.recovery/native-owner-authority-independent-2026-10-03/mobile/package.json.
(Use `node --trace-warnings ...` to show where the warning was created)
✔ creator fee is explicit currency units converted to bounded minor units (4.027069ms)
✔ private drafts may be incomplete but sharing needs disclosures and deliverables (0.500374ms)
✔ customer detail rejects internal workspace records and audit data (0.548093ms)
✔ creator mutation receipts require matching workspace and decision request (0.62091ms)
✔ proof links remain explicit public HTTPS links and deliverables honor field limits (0.659781ms)
(node:34683) [MODULE_TYPELESS_PACKAGE_JSON] Warning: Module type of file:///workspaces/zoi-city/.recovery/native-owner-authority-independent-2026-10-03/mobile/src/discovery.ts is not specified and it doesn't parse as CommonJS.
Reparsing as ES module because module syntax was detected. This incurs a performance overhead.
To eliminate this warning, add "type": "module" to /workspaces/zoi-city/.recovery/native-owner-authority-independent-2026-10-03/mobile/package.json.
(Use `node --trace-warnings ...` to show where the warning was created)
✔ saved home applies only to default browsing, global search and temporary city do not overwrite it (1.804028ms)
✔ authoritative preference receipt supports explicit clears and sparse account; malformed receipt refused (0.749229ms)
✔ scope inputs literal and public rows must match chosen city/country/current identity (0.621179ms)
✔ coarse, missing, fake centroids and conflicted street coordinates never become precise pins (1.217292ms)
✔ fresh selected entity must match exact current slug/id and public visibility (0.423251ms)
✔ Directions uses actual same-record reviewed receipt, current address, or explicit provider name search (0.500635ms)
✔ native discovery/map public links carry explicit intent and canonical place without touching home (0.699997ms)
✔ native viewport clusters count real pins, hide coarse points and split with zoom without jitter (0.461592ms)
(node:34689) [MODULE_TYPELESS_PACKAGE_JSON] Warning: Module type of file:///workspaces/zoi-city/.recovery/native-owner-authority-independent-2026-10-03/mobile/src/discoveryMedia.ts is not specified and it doesn't parse as CommonJS.
Reparsing as ES module because module syntax was detected. This incurs a performance overhead.
To eliminate this warning, add "type": "module" to /workspaces/zoi-city/.recovery/native-owner-authority-independent-2026-10-03/mobile/package.json.
(Use `node --trace-warnings ...` to show where the warning was created)
✔ actual public Signature null SQL photo uses exact shared reviewed media on card and selected home (8.633338ms)
✔ owner photo edit and explicit null clear follow shared model on both bounded and full entities (3.461052ms)
✔ owner website edit and clears remove old reviewed imagery without a native override (0.466611ms)
✔ raw profile hero clear and owner all-media clear remain explicit (0.571186ms)
✔ association/quarantined source cannot regain curated media through native (0.379508ms)
✔ sparse, unsafe and failed roles do not infer a photo or leak raw fields (0.552171ms)
✔ official logo-only identity uses model fit and backdrop; poster keeps full aspect (0.728941ms)
✔ gallery-only or interface artwork cannot become native hero (3.113623ms)
✔ legacy selected logo and sparse selected photo preserve fallback semantics (0.907915ms)
(node:34692) [MODULE_TYPELESS_PACKAGE_JSON] Warning: Module type of file:///workspaces/zoi-city/.recovery/native-owner-authority-independent-2026-10-03/mobile/src/discoveryScope.ts is not specified and it doesn't parse as CommonJS.
Reparsing as ES module because module syntax was detected. This incurs a performance overhead.
To eliminate this warning, add "type": "module" to /workspaces/zoi-city/.recovery/native-owner-authority-independent-2026-10-03/mobile/package.json.
(Use `node --trace-warnings ...` to show where the warning was created)
✔ community_me refresh account (39.077658ms)
✔ community_me refresh unmount (1.028621ms)
✔ community_me refresh unchanged (1.050871ms)
✔ community_me response account (11.386138ms)
✔ community_me response unmount (1.66089ms)
✔ community_me response unchanged (1.889097ms)
✔ community_preferences_save refresh account (0.609738ms)
✔ community_preferences_save refresh unmount (0.654912ms)
✔ community_preferences_save refresh unchanged (0.929125ms)
✔ community_preferences_save response account (8.40355ms)
✔ community_preferences_save response unmount (0.885072ms)
✔ community_preferences_save response unchanged (8.15795ms)
✔ no unknown mutations or malformed preference versions dispatch (0.537444ms)
(node:34699) [MODULE_TYPELESS_PACKAGE_JSON] Warning: Module type of file:///workspaces/zoi-city/.recovery/native-owner-authority-independent-2026-10-03/mobile/src/documentScope.ts is not specified and it doesn't parse as CommonJS.
Reparsing as ES module because module syntax was detected. This incurs a performance overhead.
To eliminate this warning, add "type": "module" to /workspaces/zoi-city/.recovery/native-owner-authority-independent-2026-10-03/mobile/package.json.
(Use `node --trace-warnings ...` to show where the warning was created)
✔ actual SessionClient private documents refresh actor (39.267131ms)
✔ actual SessionClient private documents refresh workspace (0.855368ms)
✔ actual SessionClient private documents refresh project (0.963529ms)
✔ actual SessionClient private documents refresh unmount (0.752415ms)
✔ actual SessionClient private documents refresh unchanged (1.736331ms)
✔ actual SessionClient private documents response actor (13.009098ms)
✔ actual SessionClient private documents response workspace (1.299285ms)
✔ actual SessionClient private documents response project (2.794246ms)
✔ actual SessionClient private documents response unmount (1.318201ms)
✔ actual SessionClient private documents response unchanged (1.097429ms)
✔ private document RPC refuses malformed scopes, unknown writers and foreign workspace before dispatch (0.431776ms)
(node:34711) [MODULE_TYPELESS_PACKAGE_JSON] Warning: Module type of file:///workspaces/zoi-city/.recovery/native-owner-authority-independent-2026-10-03/mobile/src/documents.ts is not specified and it doesn't parse as CommonJS.
Reparsing as ES module because module syntax was detected. This incurs a performance overhead.
To eliminate this warning, add "type": "module" to /workspaces/zoi-city/.recovery/native-owner-authority-independent-2026-10-03/mobile/package.json.
(Use `node --trace-warnings ...` to show where the warning was created)
✔ private upload receipt requires workspace, document identity and ready version (1.22103ms)
✔ private attachment requires no-store, attachment headers, correct type and exact bounded size (36.209009ms)
✔ native document selection uses same metadata limits as server (0.64796ms)
(node:34714) [MODULE_TYPELESS_PACKAGE_JSON] Warning: Module type of file:///workspaces/zoi-city/.recovery/native-owner-authority-independent-2026-10-03/mobile/src/drafts.ts is not specified and it doesn't parse as CommonJS.
Reparsing as ES module because module syntax was detected. This incurs a performance overhead.
To eliminate this warning, add "type": "module" to /workspaces/zoi-city/.recovery/native-owner-authority-independent-2026-10-03/mobile/package.json.
(Use `node --trace-warnings ...` to show where the warning was created)
✔ sign-out removal waits for in-flight draft save and prevents queued resurrection (4.684276ms)
✔ switching account blocks previous account queued draft writes (0.61039ms)
✔ publishing requires explicit success and real UUID receipt (0.318715ms)
✔ native map labels share exact source geometry and boundedpreferences (4.040072ms)
✔ native prepared note shares same nontransactional contract (1.736021ms)
(node:34729) ExperimentalWarning: stripTypeScriptTypes is an experimental feature and might change at any time
(Use `node --trace-warnings ...` to show where the warning was created)
✔ guest link carries only canonical selected event, never credentials (1.443965ms)
✔ organiser handoff validates exact selected workspace and event with fresh authority (1.191715ms)
✔ viewer, missing, duplicate and malformed memberships cannot produce operator link (0.636268ms)
✔ selected workspace never falls back to first membership (1.222582ms)
✔ wrong event and denied operator proof cannot open a link (0.506716ms)
✔ late account/workspace switches fence membership and operator responses (12.06489ms)
(node:34742) [MODULE_TYPELESS_PACKAGE_JSON] Warning: Module type of file:///workspaces/zoi-city/.recovery/native-owner-authority-independent-2026-10-03/mobile/src/session.ts is not specified and it doesn't parse as CommonJS.
Reparsing as ES module because module syntax was detected. This incurs a performance overhead.
To eliminate this warning, add "type": "module" to /workspaces/zoi-city/.recovery/native-owner-authority-independent-2026-10-03/mobile/package.json.
(Use `node --trace-warnings ...` to show where the warning was created)
✔ actual session refresh preserves exact authorised event/workspace without credentials in link (44.127636ms)
✔ held actual refresh refuses private send after workspace switch (1.561636ms)
✔ held actual refresh refuses private send after actor switch (1.064708ms)
✔ late private response is refused after scope change (14.406787ms)
✔ invalid actor, guest, lost scope and unsupported RPC refuse dispatch (0.691411ms)
✔ refresh rejection never dispatches private proof (0.650485ms)
(node:34748) [MODULE_TYPELESS_PACKAGE_JSON] Warning: Module type of file:///workspaces/zoi-city/.recovery/native-owner-authority-independent-2026-10-03/mobile/src/eventPlanner.ts is not specified and it doesn't parse as CommonJS.
Reparsing as ES module because module syntax was detected. This incurs a performance overhead.
To eliminate this warning, add "type": "module" to /workspaces/zoi-city/.recovery/native-owner-authority-independent-2026-10-03/mobile/package.json.
(Use `node --trace-warnings ...` to show where the warning was created)
✔ event plans preserve private notes and reject invalid quantities (26.660144ms)
✔ recovery never substitutes profile or plan version (0.542213ms)
✔ current booking reads cannot import foreign private plans (0.237283ms)
✔ resource units enforce one performer, bounded venue guests and equipment units (0.46595ms)
(node:34757) [MODULE_TYPELESS_PACKAGE_JSON] Warning: Module type of file:///workspaces/zoi-city/.recovery/native-owner-authority-independent-2026-10-03/mobile/src/festival.ts is not specified and it doesn't parse as CommonJS.
Reparsing as ES module because module syntax was detected. This incurs a performance overhead.
To eliminate this warning, add "type": "module" to /workspaces/zoi-city/.recovery/native-owner-authority-independent-2026-10-03/mobile/package.json.
(Use `node --trace-warnings ...` to show where the warning was created)
✔ application ignores client prices and validates contact and units (1.797996ms)
✔ commercial offers use exact cents and bounded benefit lines (29.680112ms)
✔ application receipt requires correct actor tenant enquiry and version (0.70147ms)
✔ private pages reject foreign records and invalid pagination (0.802308ms)
✔ public offer action only uses exact matching host UUID (3.594762ms)
(node:34759) [MODULE_TYPELESS_PACKAGE_JSON] Warning: Module type of file:///workspaces/zoi-city/.recovery/native-owner-authority-independent-2026-10-03/mobile/src/generalReservation.ts is not specified and it doesn't parse as CommonJS.
Reparsing as ES module because module syntax was detected. This incurs a performance overhead.
To eliminate this warning, add "type": "module" to /workspaces/zoi-city/.recovery/native-owner-authority-independent-2026-10-03/mobile/package.json.
(Use `node --trace-warnings ...` to show where the warning was created)
✔ interrupted reservation remains blocked after remount and across tier changes, scoped to actor and event (3.335347ms)
✔ only exact confirmed free receipt clears original attempt; malformed and stale confirmations preserve warning (1.336094ms)
✔ storage failure and account change stop request preparation before network action (0.494563ms)
✔ new request recovery accepts only exact nonce/event/tier/quantity receipt, with no contact storage (3.751083ms)
✔ legacy saved requests cannot be upgraded to once protocol, and malformed recovery never clears warning (1.500772ms)
✔ recovered creation receipt cannot imply active ticket after cancellation or closed event (0.399106ms)
✔ signing in cannot bypass an unresolved guest reservation or reuse its nonce as an account request (1.950061ms)
✔ confirmed nonce reference survives reopening without contacts and never claims cached ticket status (1.154947ms)
✔ confirmed references cap at five, expire after one year, and storage failure preserves unresolved warning (3.29954ms)
✔ member state accepts closed group with own history but rejects unrelated membership (1.704863ms)
✔ membership decisions validate tenant identity and exact increment (0.401049ms)
✔ attendance receipt binds event membership and status (0.413723ms)
✔ membership settings cannot cross workspace or skip version (0.297806ms)
(node:34772) [MODULE_TYPELESS_PACKAGE_JSON] Warning: Module type of file:///workspaces/zoi-city/.recovery/native-owner-authority-independent-2026-10-03/mobile/src/inquiries.ts is not specified and it doesn't parse as CommonJS.
Reparsing as ES module because module syntax was detected. This incurs a performance overhead.
To eliminate this warning, add "type": "module" to /workspaces/zoi-city/.recovery/native-owner-authority-independent-2026-10-03/mobile/package.json.
(Use `node --trace-warnings ...` to show where the warning was created)
✔ enquiry start validates actor listing and immutable request payload (1.743585ms)
✔ reply requires exact author thread request and body receipt (0.45548ms)
✔ thread read guards workspace message identity and readonly contract (0.542974ms)
✔ enquiry inputs reject invalid IDs and oversized empty messages (0.462253ms)
(node:34785) [MODULE_TYPELESS_PACKAGE_JSON] Warning: Module type of file:///workspaces/zoi-city/.recovery/native-owner-authority-independent-2026-10-03/mobile/src/privateRequests.ts is not specified and it doesn't parse as CommonJS.
Reparsing as ES module because module syntax was detected. This incurs a performance overhead.
To eliminate this warning, add "type": "module" to /workspaces/zoi-city/.recovery/native-owner-authority-independent-2026-10-03/mobile/package.json.
(Use `node --trace-warnings ...` to show where the warning was created)
✔ restart restores nonce-only metadata and prevents replacement (5.112535ms)
✔ A to B to A protects and preserves original marker (3.124103ms)
✔ SecureStore failure and silent adapter failure prevent dispatch (0.791237ms)
✔ receipt requires exact nonce kind and target; notfound is not cancellation (0.516153ms)
✔ failed recovery keeps marker until confirmed cancellation acknowledgement (4.78779ms)
✔ corrupt active null prevents a replacement inquiry nonce (0.502478ms)
(node:34790) [MODULE_TYPELESS_PACKAGE_JSON] Warning: Module type of file:///workspaces/zoi-city/.recovery/native-owner-authority-independent-2026-10-03/mobile/src/memberStart.ts is not specified and it doesn't parse as CommonJS.
Reparsing as ES module because module syntax was detected. This incurs a performance overhead.
To eliminate this warning, add "type": "module" to /workspaces/zoi-city/.recovery/native-owner-authority-independent-2026-10-03/mobile/package.json.
(Use `node --trace-warnings ...` to show where the warning was created)
✔ server profile identity includes no-deadline assignment and excludes Auth UUID assignment (6.697654ms)
✔ reject ambiguous member scope role (0.495706ms)
✔ reject ambiguous member scope workspace (0.178654ms)
✔ reject ambiguous member scope profile (0.16097ms)
✔ reject ambiguous member scope record (0.195686ms)
✔ actual token refresh fences workspace_team_get actor (39.415588ms)
✔ actual token refresh fences workspace_team_get workspace (1.567376ms)
✔ actual token refresh fences workspace_team_get unmount (3.133861ms)
✔ actual token refresh fences workspace_team_get rotation (2.350318ms)
✔ actual token refresh fences ops_records_list actor (0.681532ms)
✔ actual token refresh fences ops_records_list workspace (0.554285ms)
✔ actual token refresh fences ops_records_list unmount (0.524759ms)
✔ actual token refresh fences ops_records_list rotation (2.338166ms)
✔ actual token refresh fences social_list_posts actor (0.923204ms)
✔ actual token refresh fences social_list_posts workspace (0.682404ms)
✔ actual token refresh fences social_list_posts unmount (0.936218ms)
✔ actual token refresh fences social_list_posts rotation (0.712951ms)
✔ actual token refresh fences booking_operator_list actor (0.328443ms)
✔ actual token refresh fences booking_operator_list workspace (0.297134ms)
✔ actual token refresh fences booking_operator_list unmount (1.113378ms)
✔ actual token refresh fences booking_operator_list rotation (0.488832ms)
✔ held actual response rejects retired actor (17.446856ms)
✔ held actual response rejects retired workspace (0.847692ms)
✔ held actual response rejects retired unmount (0.566398ms)
✔ wrong workspace argument never dispatches (0.229929ms)
(node:34791) [MODULE_TYPELESS_PACKAGE_JSON] Warning: Module type of file:///workspaces/zoi-city/.recovery/native-owner-authority-independent-2026-10-03/mobile/src/music.ts is not specified and it doesn't parse as CommonJS.
Reparsing as ES module because module syntax was detected. This incurs a performance overhead.
To eliminate this warning, add "type": "module" to /workspaces/zoi-city/.recovery/native-owner-authority-independent-2026-10-03/mobile/package.json.
(Use `node --trace-warnings ...` to show where the warning was created)
✔ music prefill honors explicit cleared flat fields over old nested aliases (1.403881ms)
✔ music clearing sends null and leaves unrelated owner fields untouched (1.591582ms)
✔ music validation rejects unsafe links and impossible dates (1.160396ms)
(node:34812) [MODULE_TYPELESS_PACKAGE_JSON] Warning: Module type of file:///workspaces/zoi-city/.recovery/native-owner-authority-independent-2026-10-03/mobile/src/nativeParea.ts is not specified and it doesn't parse as CommonJS.
Reparsing as ES module because module syntax was detected. This incurs a performance overhead.
To eliminate this warning, add "type": "module" to /workspaces/zoi-city/.recovery/native-owner-authority-independent-2026-10-03/mobile/package.json.
(Use `node --trace-warnings ...` to show where the warning was created)
✔ whole-ticket 3/1/5 plan leaves one unassigned and keeps exact individual prices (37.619122ms)
✔ fractional, duplicate, excess and expired plans do not become invitations (1.303493ms)
✔ only current unclaimed guest version can rotate link without extra quota (0.654141ms)
✔ guest choices require current event, explicit deadline proof and unpaid policy version (7.966693ms)
(node:34813) [MODULE_TYPELESS_PACKAGE_JSON] Warning: Module type of file:///workspaces/zoi-city/.recovery/native-owner-authority-independent-2026-10-03/mobile/src/nativePareaClient.ts is not specified and it doesn't parse as CommonJS.
Reparsing as ES module because module syntax was detected. This incurs a performance overhead.
To eliminate this warning, add "type": "module" to /workspaces/zoi-city/.recovery/native-owner-authority-independent-2026-10-03/mobile/package.json.
(Use `node --trace-warnings ...` to show where the warning was created)
✔ event_host_guest_save refresh account (42.781773ms)
✔ event_host_guest_save refresh unmount (1.379555ms)
✔ event_host_guest_save refresh unchanged (1.818866ms)
✔ event_host_guest_save response account (1.453454ms)
✔ event_host_guest_save response unmount (1.150027ms)
✔ event_host_guest_save response unchanged (0.838435ms)
✔ event_host_claim refresh account (2.768308ms)
✔ event_host_claim refresh unmount (1.212013ms)
✔ event_host_claim refresh unchanged (2.563836ms)
✔ event_host_claim response account (1.015466ms)
✔ event_host_claim response unmount (2.477686ms)
✔ event_host_claim response unchanged (0.935617ms)
✔ event_guest_payment_choose refresh account (2.272703ms)
✔ event_guest_payment_choose refresh unmount (0.970521ms)
✔ event_guest_payment_choose refresh unchanged (1.540696ms)
✔ event_guest_payment_choose response account (0.990158ms)
✔ event_guest_payment_choose response unmount (0.854765ms)
✔ event_guest_payment_choose response unchanged (2.319089ms)
✔ actual shared host client persists nonce before dispatch, loss retries same request and token (4.090336ms)
✔ remount cannot retry bearer args, exact missing-result cancellation settles before new request (1.068805ms)
✔ no token or RPC dispatch if durable storage has failed (0.561699ms)
✔ native host never depends on browser structuredClone and rejects non-JSON mutation data (0.816564ms)
✔ durable clear failure blocks new writes until exact storage operation is confirmed (0.756122ms)
(node:34819) [MODULE_TYPELESS_PACKAGE_JSON] Warning: Module type of file:///workspaces/zoi-city/.recovery/native-owner-authority-independent-2026-10-03/mobile/src/nativePareaRecovery.ts is not specified and it doesn't parse as CommonJS.
Reparsing as ES module because module syntax was detected. This incurs a performance overhead.
To eliminate this warning, add "type": "module" to /workspaces/zoi-city/.recovery/native-owner-authority-independent-2026-10-03/mobile/package.json.
(Use `node --trace-warnings ...` to show where the warning was created)
✔ nonce-only durable reference restores in exact account/event and contains no bearer or labels (3.012264ms)
✔ private capabilities and unexpected stored fields fail closed before writes (0.855657ms)
✔ failed persistence retains same queued reference until confirmed, then durable clear (0.666965ms)
✔ account/view invalidation after storage await keeps recovery reference but rejects stale continuation (0.786058ms)
✔ payment recovery includes exact guest/version/method/request only (1.41911ms)
(node:34825) [MODULE_TYPELESS_PACKAGE_JSON] Warning: Module type of file:///workspaces/zoi-city/.recovery/native-owner-authority-independent-2026-10-03/mobile/src/profile.ts is not specified and it doesn't parse as CommonJS.
Reparsing as ES module because module syntax was detected. This incurs a performance overhead.
To eliminate this warning, add "type": "module" to /workspaces/zoi-city/.recovery/native-owner-authority-independent-2026-10-03/mobile/package.json.
(Use `node --trace-warnings ...` to show where the warning was created)
✔ native outward action suppresses held source defaults and imported fallback for every family (4.54699ms)
✔ native published website edits and null/empty clears retain web authority despite stale source holds (2.9779ms)
(node:34832) [MODULE_TYPELESS_PACKAGE_JSON] Warning: Module type of file:///workspaces/zoi-city/.recovery/native-owner-authority-independent-2026-10-03/mobile/src/operations.ts is not specified and it doesn't parse as CommonJS.
Reparsing as ES module because module syntax was detected. This incurs a performance overhead.
To eliminate this warning, add "type": "module" to /workspaces/zoi-city/.recovery/native-owner-authority-independent-2026-10-03/mobile/package.json.
(Use `node --trace-warnings ...` to show where the warning was created)
✔ save receipts require correct workspace, identity and incremented version (1.821631ms)
✔ editor can edit contacts/projects/tasks but not company records; viewers cannot write (0.403744ms)
✔ full-form edits preserve custom existing data and explicitly clear relations (1.073354ms)
✔ invalid deadline and blank title fail before sending (0.39603ms)
✔ projects require company and tasks require project before sending (0.718081ms)
✔ unicode payload byte limit is enforced before sending (3.659472ms)
✔ unmodified deadline preserves its exact timestamp (2.493085ms)
✔ new company has valid default sector and cannot submit blank sector (0.464748ms)
(node:34834) [MODULE_TYPELESS_PACKAGE_JSON] Warning: Module type of file:///workspaces/zoi-city/.recovery/native-owner-authority-independent-2026-10-03/mobile/src/organizationWorkflow.ts is not specified and it doesn't parse as CommonJS.
Reparsing as ES module because module syntax was detected. This incurs a performance overhead.
To eliminate this warning, add "type": "module" to /workspaces/zoi-city/.recovery/native-owner-authority-independent-2026-10-03/mobile/package.json.
(Use `node --trace-warnings ...` to show where the warning was created)
✔ contextual native drafts preserve saved relationships and real writer payload (2.455204ms)
✔ project browser handoff fresh role owner (0.485707ms)
✔ project browser handoff fresh role admin (0.193161ms)
✔ project browser handoff fresh role editor (0.168785ms)
✔ project browser handoff fresh role viewer (0.381753ms)
✔ reject missing project context (0.358569ms)
✔ reject archived project context (0.778744ms)
✔ reject duplicate project context (0.164948ms)
✔ reject foreign project context (0.243826ms)
✔ reject scope project context (0.37996ms)
✔ actual SessionClient held refresh actor (32.742981ms)
✔ actual SessionClient held refresh workspace (0.685951ms)
✔ actual SessionClient held refresh unchanged (0.88382ms)
(node:34855) [MODULE_TYPELESS_PACKAGE_JSON] Warning: Module type of file:///workspaces/zoi-city/.recovery/native-owner-authority-independent-2026-10-03/mobile/src/ownerEditorHandoff.ts is not specified and it doesn't parse as CommonJS.
Reparsing as ES module because module syntax was detected. This incurs a performance overhead.
To eliminate this warning, add "type": "module" to /workspaces/zoi-city/.recovery/native-owner-authority-independent-2026-10-03/mobile/package.json.
(Use `node --trace-warnings ...` to show where the warning was created)
✔ fresh authorization opens only fixed browser editor, with exact authorized listing and without credentials (2.520145ms)
✔ account or workspace switch during authorization never opens browser (0.344633ms)
✔ invalid identity, denied access and mismatched receipts never open browser (0.937711ms)
✔ revoked or failed authorization surfaces failure without opening (0.634405ms)
(node:34861) ExperimentalWarning: stripTypeScriptTypes is an experimental feature and might change at any time
(Use `node --trace-warnings ...` to show where the warning was created)
✔ private link exact canonical event and opaque fragment only (3.303808ms)
✔ current own group counts whole-ticket quantities and expires without paid inference (0.79283ms)
✔ recipient preview rejects expired, cross-event, missing no-payment envelope and malformed amounts (0.483142ms)
✔ own reader binds list and detail IDs and profile distinct from Auth UUID (2.552976ms)
✔ refresh/response scope changes prevent private request or result use (0.728721ms)
(node:34868) [MODULE_TYPELESS_PACKAGE_JSON] Warning: Module type of file:///workspaces/zoi-city/.recovery/native-owner-authority-independent-2026-10-03/mobile/src/placeNavigation.ts is not specified and it doesn't parse as CommonJS.
Reparsing as ES module because module syntax was detected. This incurs a performance overhead.
To eliminate this warning, add "type": "module" to /workspaces/zoi-city/.recovery/native-owner-authority-independent-2026-10-03/mobile/package.json.
(Use `node --trace-warnings ...` to show where the warning was created)
✔ current public slug wins over stale unhashed artist SEO path (4.588156ms)
✔ fallback permits only internal profile routes (2.886058ms)
(node:34880) [MODULE_TYPELESS_PACKAGE_JSON] Warning: Module type of file:///workspaces/zoi-city/.recovery/native-owner-authority-independent-2026-10-03/mobile/src/privateRequests.ts is not specified and it doesn't parse as CommonJS.
Reparsing as ES module because module syntax was detected. This incurs a performance overhead.
To eliminate this warning, add "type": "module" to /workspaces/zoi-city/.recovery/native-owner-authority-independent-2026-10-03/mobile/package.json.
(Use `node --trace-warnings ...` to show where the warning was created)
✔ private recovery stores exact Unicode across bounded secure chunks (14.881677ms)
✔ account switch cannot read or save another account’s private request (1.05518ms)
✔ sign-out cleanup runs after queued writes and removes every chunk (3.368278ms)
✔ incomplete persistence is never mistaken for a retryable request (2.949636ms)
✔ cleanup failure cannot roll back a committed recovery request (2.707485ms)
✔ separate workflows keep distinct encrypted recovery namespaces (1.180834ms)
✔ failed storage cleanup retains a discoverable manifest until explicit cleanup succeeds (1.965419ms)
✔ non-null malformed manifests never masquerade as no pending request (1.36067ms)
✔ valid active-null pending manifest remains interrupted, not empty (0.338632ms)
✔ an active null payload is corruption rather than no pending request (1.072662ms)
(node:34883) [MODULE_TYPELESS_PACKAGE_JSON] Warning: Module type of file:///workspaces/zoi-city/.recovery/native-owner-authority-independent-2026-10-03/mobile/src/profile.ts is not specified and it doesn't parse as CommonJS.
Reparsing as ES module because module syntax was detected. This incurs a performance overhead.
To eliminate this warning, add "type": "module" to /workspaces/zoi-city/.recovery/native-owner-authority-independent-2026-10-03/mobile/package.json.
(Use `node --trace-warnings ...` to show where the warning was created)
✔ profile gives owner fields priority, merges actual socials and labels enrichment (5.788216ms)
✔ profile never fabricates verification or ratings from owner data (0.553704ms)
✔ profile rejects unsafe external schemes and credentials (0.404285ms)
✔ missing entity is absent, not invented profile (0.318825ms)
✔ profile actions require exact server routes and matching booking listing (3.196157ms)
✔ private enquiry entry requires server invitation for this same listing (0.646907ms)
✔ profile photos preserve wide logos, portraits and small artwork (0.479756ms)
✔ image loading supports native source dimensions and web natural dimensions (0.250167ms)
✔ native uses shared phone validity and authoritative owner clear (0.717339ms)
✔ native machine social syntax and exact publisher identity match web while owner links survive (2.632835ms)
✔ native Fournos chain root contacts cannot replace branch base or explicit owner values (1.22105ms)
(node:34884) [MODULE_TYPELESS_PACKAGE_JSON] Warning: Module type of file:///workspaces/zoi-city/.recovery/native-owner-authority-independent-2026-10-03/mobile/src/seating.ts is not specified and it doesn't parse as CommonJS.
Reparsing as ES module because module syntax was detected. This incurs a performance overhead.
To eliminate this warning, add "type": "module" to /workspaces/zoi-city/.recovery/native-owner-authority-independent-2026-10-03/mobile/package.json.
(Use `node --trace-warnings ...` to show where the warning was created)
✔ hold requires exact requested seats and confirmed receipt (1.650932ms)
✔ free confirmation rejects payment, quantity, seat and hold mismatches (0.40135ms)
✔ foreground status restores exact hold and validates cancellation (0.769227ms)
✔ countdown accounts for server clock and clamps expired holds (0.242252ms)
✔ missing inventory stays unavailable and malformed maps never invent seats (0.67987ms)
✔ seat inventory uses actual geometry and rejects unsafe bigint IDs or unknown state (1.022789ms)
(node:34887) [MODULE_TYPELESS_PACKAGE_JSON] Warning: Module type of file:///workspaces/zoi-city/.recovery/native-owner-authority-independent-2026-10-03/mobile/src/session.ts is not specified and it doesn't parse as CommonJS.
Reparsing as ES module because module syntax was detected. This incurs a performance overhead.
To eliminate this warning, add "type": "module" to /workspaces/zoi-city/.recovery/native-owner-authority-independent-2026-10-03/mobile/package.json.
(Use `node --trace-warnings ...` to show where the warning was created)
✔ persists only refresh credential and restores by exchanging it (39.434083ms)
✔ expired concurrent API requests share one refresh and use renewed token (12.519904ms)
✔ invalid refresh removes stored credential and session (1.513396ms)
✔ transient refresh failure preserves credential for recovery (0.408994ms)
✔ sign-out clears device credentials even if revocation is offline (0.68573ms)
✔ in-flight sign-in cannot resurrect a signed-out account (1.375308ms)
✔ anonymous authenticated RPC is rejected without making a request (0.483703ms)
✔ application error envelopes cannot appear as publishing success (0.815874ms)
✔ server-rejected access token clears session without replaying mutation (2.378761ms)
✔ optimistic edit conflict is explained without replaying the write (1.481276ms)
✔ fetch transport uses global receiver required by browsers (0.70161ms)
✔ community validation errors remain actionable without treating them as password failures (1.154917ms)
(node:34898) [MODULE_TYPELESS_PACKAGE_JSON] Warning: Module type of file:///workspaces/zoi-city/.recovery/native-owner-authority-independent-2026-10-03/mobile/src/profile.ts is not specified and it doesn't parse as CommonJS.
Reparsing as ES module because module syntax was detected. This incurs a performance overhead.
To eliminate this warning, add "type": "module" to /workspaces/zoi-city/.recovery/native-owner-authority-independent-2026-10-03/mobile/package.json.
(Use `node --trace-warnings ...` to show where the warning was created)
✔ native public profile excludes held imported identity/contact/media/social without changing base facts (4.04948ms)
✔ native sparse held profile has no foreign fallback (0.448157ms)
✔ native owner profile edits and explicit phone/social/image clears win while wrong source stays held (0.603636ms)
✔ native actual Cafe Boulis profile no longer offers the held foreign tagline (2.452809ms)
✔ native retained receipt timestamps/classification/conflict do not become visible imported fields or enrichment note (0.417349ms)
(node:34918) [MODULE_TYPELESS_PACKAGE_JSON] Warning: Module type of file:///workspaces/zoi-city/.recovery/native-owner-authority-independent-2026-10-03/mobile/src/sponsorFulfillment.ts is not specified and it doesn't parse as CommonJS.
Reparsing as ES module because module syntax was detected. This incurs a performance overhead.
To eliminate this warning, add "type": "module" to /workspaces/zoi-city/.recovery/native-owner-authority-independent-2026-10-03/mobile/package.json.
(Use `node --trace-warnings ...` to show where the warning was created)
✔ fresh approved sponsor ok (2.148762ms)
✔ fresh approved sponsor viewer (0.538856ms)
✔ fresh approved sponsor cancelled (0.220863ms)
✔ fresh approved sponsor foreign (0.224669ms)
✔ fresh approved sponsor capability (0.609658ms)
✔ fresh approved sponsor missing (0.209892ms)
✔ actual SessionClient refresh fence actor (37.20976ms)
✔ actual SessionClient refresh fence workspace (1.535978ms)
✔ actual SessionClient refresh fence unchanged (1.64977ms)
(node:34920) [MODULE_TYPELESS_PACKAGE_JSON] Warning: Module type of file:///workspaces/zoi-city/.recovery/native-owner-authority-independent-2026-10-03/mobile/src/timekeeping.ts is not specified and it doesn't parse as CommonJS.
Reparsing as ES module because module syntax was detected. This incurs a performance overhead.
To eliminate this warning, add "type": "module" to /workspaces/zoi-city/.recovery/native-owner-authority-independent-2026-10-03/mobile/package.json.
(Use `node --trace-warnings ...` to show where the warning was created)
✔ manual time uses explicit validated duration and hourly cents (27.560054ms)
✔ timer start excludes client-controlled start and duration (0.300882ms)
✔ receipts require tenant actor version and terminal state (0.497348ms)
✔ dashboard rejects another editor’s private narrative and foreign timer (0.561528ms)
✔ timesheet CSV prevents formula execution and escapes multiline quotes (0.628013ms)
(node:34934) [MODULE_TYPELESS_PACKAGE_JSON] Warning: Module type of file:///workspaces/zoi-city/.recovery/native-owner-authority-independent-2026-10-03/mobile/src/trips.ts is not specified and it doesn't parse as CommonJS.
Reparsing as ES module because module syntax was detected. This incurs a performance overhead.
To eliminate this warning, add "type": "module" to /workspaces/zoi-city/.recovery/native-owner-authority-independent-2026-10-03/mobile/package.json.
(Use `node --trace-warnings ...` to show where the warning was created)
✔ trip dates require explicit zone and reject reversed or overlong stops (29.203843ms)
✔ private itinerary cannot accept another profile or trip receipt (0.794303ms)
✔ appearance discovery cannot substitute another artist or claim inferred confirmation (1.1836ms)
✔ appearance proposal requires source HTTPS and real distinct listing IDs (1.947125ms)
(node:34935) [MODULE_TYPELESS_PACKAGE_JSON] Warning: Module type of file:///workspaces/zoi-city/.recovery/native-owner-authority-independent-2026-10-03/mobile/src/volunteer.ts is not specified and it doesn't parse as CommonJS.
Reparsing as ES module because module syntax was detected. This incurs a performance overhead.
To eliminate this warning, add "type": "module" to /workspaces/zoi-city/.recovery/native-owner-authority-independent-2026-10-03/mobile/package.json.
(Use `node --trace-warnings ...` to show where the warning was created)
✔ volunteer invitation extracts explicit organization ID only (1.816853ms)
✔ withdrawn public opportunity stays unavailable even if saved shift was scheduled (17.167611ms)
✔ shift actions never reopen cancelled or started history (0.202519ms)
✔ signup and cancellation receipts must identify the same shift and final state (0.379107ms)
✔ organization writes require workspace identity and exact version increment (0.339975ms)
(node:34941) [MODULE_TYPELESS_PACKAGE_JSON] Warning: Module type of file:///workspaces/zoi-city/.recovery/native-owner-authority-independent-2026-10-03/mobile/src/volunteerOperations.ts is not specified and it doesn't parse as CommonJS.
Reparsing as ES module because module syntax was detected. This incurs a performance overhead.
To eliminate this warning, add "type": "module" to /workspaces/zoi-city/.recovery/native-owner-authority-independent-2026-10-03/mobile/package.json.
(Use `node --trace-warnings ...` to show where the warning was created)
✔ org_operation_save actual SessionClient token refresh actor (32.229802ms)
✔ org_operation_save actual SessionClient token refresh workspace (0.950104ms)
✔ org_operation_save actual SessionClient token refresh unchanged (1.034101ms)
✔ org_signup actual SessionClient token refresh actor (0.700198ms)
✔ org_signup actual SessionClient token refresh workspace (1.67124ms)
✔ org_signup actual SessionClient token refresh unchanged (0.998514ms)
✔ org_signup_cancel actual SessionClient token refresh actor (0.802408ms)
✔ org_signup_cancel actual SessionClient token refresh workspace (0.760039ms)
✔ org_signup_cancel actual SessionClient token refresh unchanged (0.808359ms)
✔ org_roster actual SessionClient token refresh actor (0.522114ms)
✔ org_roster actual SessionClient token refresh workspace (0.283659ms)
✔ org_roster actual SessionClient token refresh unchanged (0.844506ms)
✔ lost native create survives remount and clears only exact receipt (1.161489ms)
✔ cancel unknown native create validates workspace/request and preserves marker on wrong response (0.539808ms)
✔ generic authorization denial is recognizable without matching server wording (0.158906ms)
✔ absent installed capability keeps pending recovery and dispatches no operation (0.290442ms)
(node:34942) [MODULE_TYPELESS_PACKAGE_JSON] Warning: Module type of file:///workspaces/zoi-city/.recovery/native-owner-authority-independent-2026-10-03/mobile/src/webHandoffs.ts is not specified and it doesn't parse as CommonJS.
Reparsing as ES module because module syntax was detected. This incurs a performance overhead.
To eliminate this warning, add "type": "module" to /workspaces/zoi-city/.recovery/native-owner-authority-independent-2026-10-03/mobile/package.json.
(Use `node --trace-warnings ...` to show where the warning was created)
✔ music shelf and unscoped personal calendar explicitly reach their actual web capabilities (1.77839ms)
✔ native parish calendar, member discussion and artist homes stay native (0.447977ms)
✔ handoff resolver never opens spoofed hosts or credentials (0.282547ms)
✔ map deep links use the real web map and preserve only public search/place/view context (1.308313ms)
✔ explicit guardian links hand off only public listing context, adult groups stay native (1.020395ms)
(node:34955) ExperimentalWarning: stripTypeScriptTypes is an experimental feature and might change at any time
(Use `node --trace-warnings ...` to show where the warning was created)
✔ roles protect owner/self and admin peer escalation (2.51209ms)
✔ real controller confirms save only after current roster read (1.887304ms)
✔ lost response survives remount; receipt check does not resend (1.534455ms)
✔ unknown request blocks new write and safely cancels (2.319991ms)
✔ conflict refreshes membership; storage failure prevents submission (0.732247ms)
✔ authority loss clears private roster and account change fences calls (3.824411ms)
(node:34966) [MODULE_TYPELESS_PACKAGE_JSON] Warning: Module type of file:///workspaces/zoi-city/.recovery/native-owner-authority-independent-2026-10-03/mobile/src/session.ts is not specified and it doesn't parse as CommonJS.
Reparsing as ES module because module syntax was detected. This incurs a performance overhead.
To eliminate this warning, add "type": "module" to /workspaces/zoi-city/.recovery/native-owner-authority-independent-2026-10-03/mobile/package.json.
(Use `node --trace-warnings ...` to show where the warning was created)
(node:34966) ExperimentalWarning: stripTypeScriptTypes is an experimental feature and might change at any time
✔ only scoped team conflict/cancel envelope passes transport for controller verification (28.504928ms)
✔ exact known team SQL rejection preserved; generic 400 and other RPC remain uncertain (4.76715ms)
✔ real SessionClient quota clears marker; ambiguous400 keeps it;403 clears roster (2.832638ms)
✔ youth programme validates exact bounded ages, places and actual listing (2.164661ms)
✔ enrolment requires explicit authority and consent without inferring age (0.601273ms)
✔ enrolment receipts bind guardian child programme and exact version (0.51979ms)
✔ attendance and instructor assignment receipts reject unrelated identity (2.090042ms)
✔ private operator response rejects another workspace or programme roster (0.625267ms)
✔ public catalogue rejects unrelated listing and private family rejects malformed records (0.435112ms)
(node:34971) [MODULE_TYPELESS_PACKAGE_JSON] Warning: Module type of file:///workspaces/zoi-city/.recovery/native-owner-authority-independent-2026-10-03/mobile/src/youthReadiness.ts is not specified and it doesn't parse as CommonJS.
Reparsing as ES module because module syntax was detected. This incurs a performance overhead.
To eliminate this warning, add "type": "module" to /workspaces/zoi-city/.recovery/native-owner-authority-independent-2026-10-03/mobile/package.json.
(Use `node --trace-warnings ...` to show where the warning was created)
✔ native Youth remains read-only without exact installed actor and guardian capability (1.516782ms)
✔ native organizer readiness additionally binds exact workspace and current role (0.362327ms)
(node:34989) [MODULE_TYPELESS_PACKAGE_JSON] Warning: Module type of file:///workspaces/zoi-city/.recovery/native-owner-authority-independent-2026-10-03/mobile/src/session.ts is not specified and it doesn't parse as CommonJS.
Reparsing as ES module because module syntax was detected. This incurs a performance overhead.
To eliminate this warning, add "type": "module" to /workspaces/zoi-city/.recovery/native-owner-authority-independent-2026-10-03/mobile/package.json.
(Use `node --trace-warnings ...` to show where the warning was created)
✔ actual SessionClient youth refresh account fences private dispatch/result (24.977663ms)
✔ actual SessionClient youth refresh workspace fences private dispatch/result (0.512998ms)
✔ actual SessionClient youth refresh unmount fences private dispatch/result (0.498481ms)
✔ actual SessionClient youth response account fences private dispatch/result (4.819277ms)
✔ actual SessionClient youth response workspace fences private dispatch/result (0.893208ms)
✔ actual SessionClient youth response unmount fences private dispatch/result (0.692884ms)
✔ same actor token rotation sends private request using freshly captured token (0.857451ms)
✔ private method cannot dispatch anonymously; denied status remains recognizable (0.362877ms)
✔ installed native capability binds internal guardian profile separately from Auth (0.236541ms)
ℹ tests 444
ℹ suites 0
ℹ pass 444
ℹ fail 0
ℹ cancelled 0
ℹ skipped 0
ℹ todo 0
ℹ duration_ms 1040.169371
