(node:17824) [MODULE_TYPELESS_PACKAGE_JSON] Warning: Module type of file:///workspaces/zoi-city/.recovery/native-owner-authority-independent-2026-10-03/mobile/src/businessOwner.ts is not specified and it doesn't parse as CommonJS.
Reparsing as ES module because module syntax was detected. This incurs a performance overhead.
To eliminate this warning, add "type": "module" to /workspaces/zoi-city/.recovery/native-owner-authority-independent-2026-10-03/mobile/package.json.
(Use `node --trace-warnings ...` to show where the warning was created)
✔ private snapshot rejects scope/version/base identity and does not mutate original source or menus (2.571872ms)
✔ changed website only uses real writer patch, leaves base clears and unknown menus/social shape untouched (1.73567ms)
✔ explicit website/photo/social clears are sent as owner choices, no duplicate imported fields (0.276657ms)
✔ URL validation rejects userinfo/javascript while unrelated malformed stored website remains untouched (0.427078ms)
✔ source panel uses exact shared held/import/owner clear policy (0.726667ms)
✔ choices require exact workspace and approved claims; malformed ownership not accepted (0.300231ms)
✔ receipt must prove current request/scope/version before accepting saved UI (0.511074ms)
✔ token refresh account switch prevents dispatch; late reply cannot become saved data (0.372997ms)
✔ fresh authority and existing snapshot surround the actual writer, replay uses exact immutable nonce (1.081168ms)
✔ role/current-listing refusal prevents writer and current authority is checked after awaits (0.756793ms)
✔ CAS conflict never fabricates success and no new nonce is generated by publication retry (0.325267ms)
✔ nonce-only interrupted marker survives remount, validates scope, stores no contact payload (0.78161ms)
✔ marker waits and current-account failures never dispatch or consume another workspace reference (0.206396ms)
(node:17830) [MODULE_TYPELESS_PACKAGE_JSON] Warning: Module type of file:///workspaces/zoi-city/.recovery/native-owner-authority-independent-2026-10-03/mobile/src/session.ts is not specified and it doesn't parse as CommonJS.
Reparsing as ES module because module syntax was detected. This incurs a performance overhead.
To eliminate this warning, add "type": "module" to /workspaces/zoi-city/.recovery/native-owner-authority-independent-2026-10-03/mobile/package.json.
(Use `node --trace-warnings ...` to show where the warning was created)
✔ actual owner authority HTTP400 preserves exact safe code and proves private state refusal (43.836121ms)
✔ generic HTTP400 and transient failures stay uncertain; no broad payload or code disclosure (1.98202ms)
✔ bounded code retention does not alter other suites/auth/provider error handling (1.107548ms)
✔ exact existing Company and document authority RPCs preserve safe codes and actual status only (38.176789ms)
✔ operator code recognition remains bounded to exact path, exact message and authority status (7.161711ms)
ℹ tests 18
ℹ suites 0
ℹ pass 18
ℹ fail 0
ℹ cancelled 0
ℹ skipped 0
ℹ todo 0
ℹ duration_ms 237.131585
