(node:417401) [MODULE_TYPELESS_PACKAGE_JSON] Warning: Module type of file:///workspaces/zoi-city/.recovery/native-owner-authority-independent-2026-10-03/mobile/src/businessOwner.ts is not specified and it doesn't parse as CommonJS.
Reparsing as ES module because module syntax was detected. This incurs a performance overhead.
To eliminate this warning, add "type": "module" to /workspaces/zoi-city/.recovery/native-owner-authority-independent-2026-10-03/mobile/package.json.
(Use `node --trace-warnings ...` to show where the warning was created)
✔ private snapshot rejects scope/version/base identity and does not mutate original source or menus (3.598783ms)
✔ changed website only uses real writer patch, leaves base clears and unknown menus/social shape untouched (0.526163ms)
✔ explicit website/photo/social clears are sent as owner choices, no duplicate imported fields (0.202047ms)
✔ URL validation rejects userinfo/javascript while unrelated malformed stored website remains untouched (0.326871ms)
✔ source panel uses exact shared held/import/owner clear policy (0.684518ms)
✔ choices require exact workspace and approved claims; malformed ownership not accepted (0.386401ms)
✔ receipt must prove current request/scope/version before accepting saved UI (0.529039ms)
✔ token refresh account switch prevents dispatch; late reply cannot become saved data (0.435734ms)
✔ fresh authority and existing snapshot surround the actual writer, replay uses exact immutable nonce (1.090698ms)
✔ role/current-listing refusal prevents writer and current authority is checked after awaits (0.847744ms)
✔ CAS conflict never fabricates success and no new nonce is generated by publication retry (0.395268ms)
✔ nonce-only interrupted marker survives remount, validates scope, stores no contact payload (0.742547ms)
✔ marker waits and current-account failures never dispatch or consume another workspace reference (0.204061ms)
(node:417402) [MODULE_TYPELESS_PACKAGE_JSON] Warning: Module type of file:///workspaces/zoi-city/.recovery/native-owner-authority-independent-2026-10-03/mobile/src/session.ts is not specified and it doesn't parse as CommonJS.
Reparsing as ES module because module syntax was detected. This incurs a performance overhead.
To eliminate this warning, add "type": "module" to /workspaces/zoi-city/.recovery/native-owner-authority-independent-2026-10-03/mobile/package.json.
(Use `node --trace-warnings ...` to show where the warning was created)
✔ actual owner authority HTTP400 preserves exact safe code and proves private state refusal (33.275703ms)
✔ generic HTTP400 and transient failures stay uncertain; no broad payload or code disclosure (1.436143ms)
✔ bounded code retention does not alter other suites/auth/provider error handling (0.850088ms)
✔ exact existing Company and document authority RPCs preserve safe codes and actual status only (28.907604ms)
✔ operator code recognition remains bounded to exact path, exact message and authority status (6.839547ms)
ℹ tests 18
ℹ suites 0
ℹ pass 18
ℹ fail 0
ℹ cancelled 0
ℹ skipped 0
ℹ todo 0
ℹ duration_ms 201.425492
