(node:417423) ExperimentalWarning: stripTypeScriptTypes is an experimental feature and might change at any time
(Use `node --trace-warnings ...` to show where the warning was created)
✔ owner tool browser handoffs preserve explicit selected workspace with no token (2.887714ms)
✔ missing malformed and injected identities cannot fabricate a setup destination (0.397312ms)
(node:417429) [MODULE_TYPELESS_PACKAGE_JSON] Warning: Module type of file:///workspaces/zoi-city/.recovery/native-owner-authority-independent-2026-10-03/mobile/src/artistMusic.ts is not specified and it doesn't parse as CommonJS.
Reparsing as ES module because module syntax was detected. This incurs a performance overhead.
To eliminate this warning, add "type": "module" to /workspaces/zoi-city/.recovery/native-owner-authority-independent-2026-10-03/mobile/package.json.
(Use `node --trace-warnings ...` to show where the warning was created)
✔ reviewed catalogue binds identity and uses verified high-resolution photos (4.35731ms)
✔ unknown artist never inherits featured content (0.349524ms)
✔ provider links reject spoofed hosts unsafe schemes and credentials (0.308937ms)
✔ city validation supports Greek and NFKC without markup (5.251711ms)
✔ receipts bind artist request active state and expected version (0.949042ms)
✔ summary rejects subthreshold counts and wrong artist; mine preserves inactive rows (1.233925ms)
✔ interrupted authenticated interest retries identical persisted request, then withdrawal reads real server version (41.762339ms)
✔ native planner shares venue timezone and buffer boundaries (1.247841ms)
✔ native planner cannot accept another tenant or changed appointment preview (0.810574ms)
✔ native planner requires complete unique saved slots matching the preview (0.459599ms)
(node:417431) [MODULE_TYPELESS_PACKAGE_JSON] Warning: Module type of file:///workspaces/zoi-city/.recovery/native-owner-authority-independent-2026-10-03/mobile/src/backendReadiness.ts is not specified and it doesn't parse as CommonJS.
Reparsing as ES module because module syntax was detected. This incurs a performance overhead.
To eliminate this warning, add "type": "module" to /workspaces/zoi-city/.recovery/native-owner-authority-independent-2026-10-03/mobile/package.json.
(Use `node --trace-warnings ...` to show where the warning was created)
✔ verified guardian backend is enabled while unavailable integrations fail closed (1.23173ms)
✔ guardian release gate is backed by complete deployed RPC evidence (0.930759ms)
(node:417433) [MODULE_TYPELESS_PACKAGE_JSON] Warning: Module type of file:///workspaces/zoi-city/.recovery/native-owner-authority-independent-2026-10-03/mobile/src/booking.ts is not specified and it doesn't parse as CommonJS.
Reparsing as ES module because module syntax was detected. This incurs a performance overhead.
To eliminate this warning, add "type": "module" to /workspaces/zoi-city/.recovery/native-owner-authority-independent-2026-10-03/mobile/package.json.
(Use `node --trace-warnings ...` to show where the warning was created)
✔ booking receipts require exact idempotency request, slot and party (2.004535ms)
✔ retry receipt preserves terminal cancellation rather than inventing confirmation (0.246631ms)
✔ booking catalog refuses malformed times and unknown timezone (25.046871ms)
✔ venue times honor the venue timezone rather than device default (1.396218ms)
(node:417440) [MODULE_TYPELESS_PACKAGE_JSON] Warning: Module type of file:///workspaces/zoi-city/.recovery/native-owner-authority-independent-2026-10-03/mobile/src/bookingOperator.ts is not specified and it doesn't parse as CommonJS.
Reparsing as ES module because module syntax was detected. This incurs a performance overhead.
To eliminate this warning, add "type": "module" to /workspaces/zoi-city/.recovery/native-owner-authority-independent-2026-10-03/mobile/package.json.
(Use `node --trace-warnings ...` to show where the warning was created)
✔ operator mutation requires exact workspace and incremented version (1.936228ms)
✔ operator service decimal prices are exact minor units and bounded (0.443448ms)
✔ staff resource cannot silently admit a party (0.26737ms)
✔ schedule converts venue-local time and rejects both DST edge cases (25.23321ms)
✔ native reschedule uses venue-local range and rejects impossible calendar dates (30.092157ms)
✔ reschedule selection pins reviewed version and exact price (0.73345ms)
✔ move receipt requires same booking, expected version, reviewed time and no collected payment (0.558954ms)
(node:417456) [MODULE_TYPELESS_PACKAGE_JSON] Warning: Module type of file:///workspaces/zoi-city/.recovery/native-owner-authority-independent-2026-10-03/mobile/src/brand.ts is not specified and it doesn't parse as CommonJS.
Reparsing as ES module because module syntax was detected. This incurs a performance overhead.
To eliminate this warning, add "type": "module" to /workspaces/zoi-city/.recovery/native-owner-authority-independent-2026-10-03/mobile/package.json.
(Use `node --trace-warnings ...` to show where the warning was created)
✔ native shared body, subdued text and actions stay readable on every adopted surface (2.130871ms)
✔ native and web material colors share the same semantic values (5.750052ms)
(node:417462) [MODULE_TYPELESS_PACKAGE_JSON] Warning: Module type of file:///workspaces/zoi-city/.recovery/native-owner-authority-independent-2026-10-03/mobile/src/businessEdit.ts is not specified and it doesn't parse as CommonJS.
Reparsing as ES module because module syntax was detected. This incurs a performance overhead.
To eliminate this warning, add "type": "module" to /workspaces/zoi-city/.recovery/native-owner-authority-independent-2026-10-03/mobile/package.json.
(Use `node --trace-warnings ...` to show where the warning was created)
✔ only owned and explicitly approved claims can appear in business editor (2.374777ms)
✔ business edit preserves unknown social keys and explicit cleared fields (0.528116ms)
✔ business edit rejects unsafe replacement and ambiguous social payloads (0.583761ms)
(node:417468) [MODULE_TYPELESS_PACKAGE_JSON] Warning: Module type of file:///workspaces/zoi-city/.recovery/native-owner-authority-independent-2026-10-03/mobile/src/businessOwner.ts is not specified and it doesn't parse as CommonJS.
Reparsing as ES module because module syntax was detected. This incurs a performance overhead.
To eliminate this warning, add "type": "module" to /workspaces/zoi-city/.recovery/native-owner-authority-independent-2026-10-03/mobile/package.json.
(Use `node --trace-warnings ...` to show where the warning was created)
✔ private snapshot rejects scope/version/base identity and does not mutate original source or menus (3.196271ms)
✔ changed website only uses real writer patch, leaves base clears and unknown menus/social shape untouched (5.543436ms)
✔ explicit website/photo/social clears are sent as owner choices, no duplicate imported fields (0.351387ms)
✔ URL validation rejects userinfo/javascript while unrelated malformed stored website remains untouched (0.461081ms)
✔ source panel uses exact shared held/import/owner clear policy (0.909509ms)
✔ choices require exact workspace and approved claims; malformed ownership not accepted (1.521679ms)
✔ receipt must prove current request/scope/version before accepting saved UI (0.854276ms)
✔ token refresh account switch prevents dispatch; late reply cannot become saved data (0.591154ms)
✔ fresh authority and existing snapshot surround the actual writer, replay uses exact immutable nonce (2.546097ms)
✔ role/current-listing refusal prevents writer and current authority is checked after awaits (1.18859ms)
✔ CAS conflict never fabricates success and no new nonce is generated by publication retry (0.712491ms)
✔ nonce-only interrupted marker survives remount, validates scope, stores no contact payload (0.964061ms)
✔ marker waits and current-account failures never dispatch or consume another workspace reference (0.280764ms)
(node:417475) [MODULE_TYPELESS_PACKAGE_JSON] Warning: Module type of file:///workspaces/zoi-city/.recovery/native-owner-authority-independent-2026-10-03/mobile/src/session.ts is not specified and it doesn't parse as CommonJS.
Reparsing as ES module because module syntax was detected. This incurs a performance overhead.
To eliminate this warning, add "type": "module" to /workspaces/zoi-city/.recovery/native-owner-authority-independent-2026-10-03/mobile/package.json.
(Use `node --trace-warnings ...` to show where the warning was created)
✔ actual owner authority HTTP400 preserves exact safe code and proves private state refusal (58.194075ms)
✔ generic HTTP400 and transient failures stay uncertain; no broad payload or code disclosure (2.226269ms)
✔ bounded code retention does not alter other suites/auth/provider error handling (1.481337ms)
✔ exact existing Company and document authority RPCs preserve safe codes and actual status only (50.265473ms)
✔ operator code recognition remains bounded to exact path, exact message and authority status (14.746369ms)
(node:417482) [MODULE_TYPELESS_PACKAGE_JSON] Warning: Module type of file:///workspaces/zoi-city/.recovery/native-owner-authority-independent-2026-10-03/mobile/src/calendar.ts is not specified and it doesn't parse as CommonJS.
Reparsing as ES module because module syntax was detected. This incurs a performance overhead.
To eliminate this warning, add "type": "module" to /workspaces/zoi-city/.recovery/native-owner-authority-independent-2026-10-03/mobile/package.json.
(Use `node --trace-warnings ...` to show where the warning was created)
✔ calendar ranges reject impossible dates and bound exactly90 UTC days (1.844295ms)
✔ public calendar rejects private drafts and another listing (2.461699ms)
✔ workspace calendar rejects another tenant (0.35893ms)
✔ same calendar planner validates dates and exact saved receipt (29.774884ms)
✔ profile calendar/group actions require exact same-listing server paths (2.420542ms)
(node:417505) [MODULE_TYPELESS_PACKAGE_JSON] Warning: Module type of file:///workspaces/zoi-city/.recovery/native-owner-authority-independent-2026-10-03/mobile/src/commerce.ts is not specified and it doesn't parse as CommonJS.
Reparsing as ES module because module syntax was detected. This incurs a performance overhead.
To eliminate this warning, add "type": "module" to /workspaces/zoi-city/.recovery/native-owner-authority-independent-2026-10-03/mobile/package.json.
(Use `node --trace-warnings ...` to show where the warning was created)
✔ basket totals preserve decimal precision and separate currencies (2.810962ms)
✔ persisted basket rejects duplicate IDs and invalid quantities (1.044892ms)
✔ adding unavailable options or excessive aggregate quantities fails (0.948412ms)
✔ fresh checkout must match exact official cart and all quantities (1.113039ms)
✔ product imagery and deep links reject untrusted URLs and invalid identifiers (0.667668ms)
✔ native shared option cannot silently substitute another product variant (0.290223ms)
✔ malformed explicit native variant remains an explicit unresolved choice (0.605942ms)
✔ single default display metadata survives native basket mapping without changing provider title (0.799534ms)
(node:417508) [MODULE_TYPELESS_PACKAGE_JSON] Warning: Module type of file:///workspaces/zoi-city/.recovery/native-owner-authority-independent-2026-10-03/mobile/src/community.ts is not specified and it doesn't parse as CommonJS.
Reparsing as ES module because module syntax was detected. This incurs a performance overhead.
To eliminate this warning, add "type": "module" to /workspaces/zoi-city/.recovery/native-owner-authority-independent-2026-10-03/mobile/package.json.
(Use `node --trace-warnings ...` to show where the warning was created)
✔ visible reaction state comes from matching desired-state receipts only (1.843835ms)
✔ reply receipt is scoped to post and actual profile, not auth UUID (0.529239ms)
✔ public profile edits explicitly validate interests and chosen public fields (0.504423ms)
✔ feed preserves server snapshot and rejects a substituted mode (0.34236ms)
✔ recovered publication keeps original account, immutable request and actual receipt identity (0.693235ms)
(node:417513) [MODULE_TYPELESS_PACKAGE_JSON] Warning: Module type of file:///workspaces/zoi-city/.recovery/native-owner-authority-independent-2026-10-03/mobile/src/communityIntent.ts is not specified and it doesn't parse as CommonJS.
Reparsing as ES module because module syntax was detected. This incurs a performance overhead.
To eliminate this warning, add "type": "module" to /workspaces/zoi-city/.recovery/native-owner-authority-independent-2026-10-03/mobile/package.json.
(Use `node --trace-warnings ...` to show where the warning was created)
✔ sign-in retains question composer intent but cannot resume without an actor (2.164714ms)
✔ discussion return retains navigation and does not replay a reaction (0.294721ms)
✔ sign-in may retain public navigation but sign-out or account switch invalidates it (0.935678ms)
(node:417528) [MODULE_TYPELESS_PACKAGE_JSON] Warning: Module type of file:///workspaces/zoi-city/.recovery/native-owner-authority-independent-2026-10-03/mobile/src/communityMedia.ts is not specified and it doesn't parse as CommonJS.
Reparsing as ES module because module syntax was detected. This incurs a performance overhead.
To eliminate this warning, add "type": "module" to /workspaces/zoi-city/.recovery/native-owner-authority-independent-2026-10-03/mobile/package.json.
(Use `node --trace-warnings ...` to show where the warning was created)
✔ media selection validates actual bytes dimensions and video duration before transfer (4.682868ms)
✔ media URLs cannot execute scripts or expose embedded credentials (0.398224ms)
✔ offscreen background low-power reduced-motion and user pause all prevent autoplay (3.173929ms)
✔ upload receipt must match selected media type and a valid finalized identity (0.847223ms)
(node:417530) [MODULE_TYPELESS_PACKAGE_JSON] Warning: Module type of file:///workspaces/zoi-city/.recovery/native-owner-authority-independent-2026-10-03/mobile/src/companyConsole.ts is not specified and it doesn't parse as CommonJS.
Reparsing as ES module because module syntax was detected. This incurs a performance overhead.
To eliminate this warning, add "type": "module" to /workspaces/zoi-city/.recovery/native-owner-authority-independent-2026-10-03/mobile/package.json.
(Use `node --trace-warnings ...` to show where the warning was created)
✔ actual shared queue distinguishes cross-company urgency and selected company filters (3.888945ms)
✔ sparse and retired work does not create deadlines or company completion (32.261359ms)
✔ unknown assignee remains assigned, profile identity is not the signed-in actor (0.33717ms)
✔ queue rejects foreign saved scope (0.466612ms)
✔ queue rejects duplicate saved scope (0.248895ms)
✔ queue rejects invalid-data saved scope (0.200274ms)
✔ queue rejects missing-company saved scope (0.595432ms)
✔ Metro resolves only the exact shared Company CDN edge without altering packages or queries (543.101315ms)
(node:417535) [MODULE_TYPELESS_PACKAGE_JSON] Warning: Module type of file:///workspaces/zoi-city/.recovery/native-owner-authority-independent-2026-10-03/mobile/src/companyHandover.ts is not specified and it doesn't parse as CommonJS.
Reparsing as ES module because module syntax was detected. This incurs a performance overhead.
To eliminate this warning, add "type": "module" to /workspaces/zoi-city/.recovery/native-owner-authority-independent-2026-10-03/mobile/package.json.
(Use `node --trace-warnings ...` to show where the warning was created)
✔ reviewed selected-company JSON preserves nulls and versions, excludes foreign contacts and unqueried files (6.233986ms)
✔ authorized document metadata includes only saved company project IDs and current versions (2.564ms)
✔ confirmation rejects changed version before handover (1.629784ms)
✔ confirmation rejects changed owner-clear before handover (1.142765ms)
✔ confirmation rejects changed assignment-clear before handover (1.832624ms)
✔ confirmation rejects changed contact-clear before handover (2.483601ms)
✔ confirmation rejects changed removed-company before handover (0.646177ms)
✔ confirmation rejects changed role before handover (0.742377ms)
✔ confirmation rejects changed document-version before handover (8.146749ms)
✔ private document review refuses viewer (0.68518ms)
✔ private document review refuses foreign (0.342169ms)
✔ private document review refuses duplicate (0.354452ms)
✔ private document review refuses missing-project (0.475118ms)
✔ viewer can review saved read-authorized records without accessing private files (1.378278ms)
✔ actual SessionClient handover fences token wait then account (36.871963ms)
✔ actual SessionClient handover fences token wait then workspace (0.655154ms)
✔ actual SessionClient handover fences token wait then unmount (2.090341ms)
✔ actual SessionClient handover fences records wait then account (22.174516ms)
✔ actual SessionClient handover fences records wait then workspace (2.855745ms)
✔ actual SessionClient handover fences records wait then unmount (1.010899ms)
✔ actual SessionClient handover fences documents wait then account (2.972323ms)
✔ actual SessionClient handover fences documents wait then workspace (1.815271ms)
✔ actual SessionClient handover fences documents wait then unmount (1.061564ms)
✔ temporary file cleanup is idempotent and removes the prior copy before replacement (1.588106ms)
✔ actual native handover adapter success protects ephemeral copy (0.903798ms)
✔ actual native handover adapter unavailable protects ephemeral copy (0.42834ms)
✔ actual native handover adapter share-failure protects ephemeral copy (0.54049ms)
✔ actual native handover adapter availability-scope-change protects ephemeral copy (0.309849ms)
✔ actual native handover adapter copy-scope-change protects ephemeral copy (0.525613ms)
✔ actual native handover adapter share-scope-change protects ephemeral copy (0.596875ms)
✔ actual native handover adapter changed-record protects ephemeral copy (0.495907ms)
(node:417546) [MODULE_TYPELESS_PACKAGE_JSON] Warning: Module type of file:///workspaces/zoi-city/.recovery/native-owner-authority-independent-2026-10-03/mobile/src/companyWorkspace.ts is not specified and it doesn't parse as CommonJS.
Reparsing as ES module because module syntax was detected. This incurs a performance overhead.
To eliminate this warning, add "type": "module" to /workspaces/zoi-city/.recovery/native-owner-authority-independent-2026-10-03/mobile/package.json.
(Use `node --trace-warnings ...` to show where the warning was created)
✔ native company aggregates exact active relationships without assuming member Auth identity (2.980999ms)
✔ company draft uses current company ID and existing persisted payload (0.786489ms)
✔ company source rejects foreign (0.436385ms)
✔ company source rejects archived (0.272999ms)
✔ company source rejects missing (0.237995ms)
✔ company source rejects duplicate (0.182992ms)
✔ archived linked project has no company return and archived work is omitted (0.311252ms)
✔ existing roles keep company edit distinct from project work (0.233407ms)
✔ actual SessionClient ignores held Company response after account (59.519321ms)
✔ actual SessionClient ignores held Company response after workspace (2.447082ms)
✔ actual SessionClient ignores held Company response after unmount (1.094184ms)
(node:417549) [MODULE_TYPELESS_PACKAGE_JSON] Warning: Module type of file:///workspaces/zoi-city/.recovery/native-owner-authority-independent-2026-10-03/mobile/src/creator.ts is not specified and it doesn't parse as CommonJS.
Reparsing as ES module because module syntax was detected. This incurs a performance overhead.
To eliminate this warning, add "type": "module" to /workspaces/zoi-city/.recovery/native-owner-authority-independent-2026-10-03/mobile/package.json.
(Use `node --trace-warnings ...` to show where the warning was created)
✔ bio preserves order and unpublished intent in exact server payload (2.717677ms)
✔ bio refuses truncation and unsafe links before save (0.754299ms)
✔ bio needs exact save receipt and never treats empty response as success (0.587318ms)
(node:417562) [MODULE_TYPELESS_PACKAGE_JSON] Warning: Module type of file:///workspaces/zoi-city/.recovery/native-owner-authority-independent-2026-10-03/mobile/src/creatorAccess.ts is not specified and it doesn't parse as CommonJS.
Reparsing as ES module because module syntax was detected. This incurs a performance overhead.
To eliminate this warning, add "type": "module" to /workspaces/zoi-city/.recovery/native-owner-authority-independent-2026-10-03/mobile/package.json.
(Use `node --trace-warnings ...` to show where the warning was created)
✔ authoritative creator denials invalidate private data for reads and writes (6.154257ms)
✔ temporary failure and creator read-only states retain draft and recovery state (0.708814ms)
✔ late denial from an unmounted or different actor cannot clear the current screen (0.381883ms)
✔ successful reads and confirmed writes remain unchanged (0.702933ms)
(node:417565) [MODULE_TYPELESS_PACKAGE_JSON] Warning: Module type of file:///workspaces/zoi-city/.recovery/native-owner-authority-independent-2026-10-03/mobile/src/creatorRecovery.ts is not specified and it doesn't parse as CommonJS.
Reparsing as ES module because module syntax was detected. This incurs a performance overhead.
To eliminate this warning, add "type": "module" to /workspaces/zoi-city/.recovery/native-owner-authority-independent-2026-10-03/mobile/package.json.
(Use `node --trace-warnings ...` to show where the warning was created)
✔ all seven actions execute through durable nonce-only wrapper and validate receipt (7.972373ms)
✔ lost response blocks replacement, exact retry retains immutable memory payload (1.43469ms)
✔ reload has no payload, missing receipt retains fence, cancellation requires exact proof (2.987231ms)
✔ permission denial drops private payload without deleting recovery reference (1.106347ms)
✔ storage failure, corrupt marker and late account change cannot permit dispatch or acknowledgement (1.211453ms)
✔ mismatched saved entity does not discard recovery reference (0.45497ms)
✔ account switch during persisted readback prevents dispatch (0.541852ms)
✔ readback failure after persistence retains marker and fences another send (0.648902ms)
(node:417569) [MODULE_TYPELESS_PACKAGE_JSON] Warning: Module type of file:///workspaces/zoi-city/.recovery/native-owner-authority-independent-2026-10-03/mobile/src/creatorStudio.ts is not specified and it doesn't parse as CommonJS.
Reparsing as ES module because module syntax was detected. This incurs a performance overhead.
To eliminate this warning, add "type": "module" to /workspaces/zoi-city/.recovery/native-owner-authority-independent-2026-10-03/mobile/package.json.
(Use `node --trace-warnings ...` to show where the warning was created)
✔ creator fee is explicit currency units converted to bounded minor units (7.454657ms)
✔ private drafts may be incomplete but sharing needs disclosures and deliverables (0.530421ms)
✔ customer detail rejects internal workspace records and audit data (0.615921ms)
✔ creator mutation receipts require matching workspace and decision request (0.602756ms)
✔ proof links remain explicit public HTTPS links and deliverables honor field limits (0.707291ms)
(node:417586) [MODULE_TYPELESS_PACKAGE_JSON] Warning: Module type of file:///workspaces/zoi-city/.recovery/native-owner-authority-independent-2026-10-03/mobile/src/discovery.ts is not specified and it doesn't parse as CommonJS.
Reparsing as ES module because module syntax was detected. This incurs a performance overhead.
To eliminate this warning, add "type": "module" to /workspaces/zoi-city/.recovery/native-owner-authority-independent-2026-10-03/mobile/package.json.
(Use `node --trace-warnings ...` to show where the warning was created)
✔ saved home applies only to default browsing, global search and temporary city do not overwrite it (3.618469ms)
✔ authoritative preference receipt supports explicit clears and sparse account; malformed receipt refused (0.975903ms)
✔ scope inputs literal and public rows must match chosen city/country/current identity (0.957689ms)
✔ coarse, missing, fake centroids and conflicted street coordinates never become precise pins (1.780677ms)
✔ fresh selected entity must match exact current slug/id and public visibility (0.541091ms)
✔ Directions uses actual same-record reviewed receipt, current address, or explicit provider name search (0.612264ms)
✔ native discovery/map public links carry explicit intent and canonical place without touching home (1.253341ms)
✔ native viewport clusters count real pins, hide coarse points and split with zoom without jitter (0.643552ms)
(node:417596) [MODULE_TYPELESS_PACKAGE_JSON] Warning: Module type of file:///workspaces/zoi-city/.recovery/native-owner-authority-independent-2026-10-03/mobile/src/discoveryMedia.ts is not specified and it doesn't parse as CommonJS.
Reparsing as ES module because module syntax was detected. This incurs a performance overhead.
To eliminate this warning, add "type": "module" to /workspaces/zoi-city/.recovery/native-owner-authority-independent-2026-10-03/mobile/package.json.
(Use `node --trace-warnings ...` to show where the warning was created)
✔ actual public Signature null SQL photo uses exact shared reviewed media on card and selected home (8.190461ms)
✔ owner photo edit and explicit null clear follow shared model on both bounded and full entities (4.977467ms)
✔ owner website edit and clears remove old reviewed imagery without a native override (0.5247ms)
✔ raw profile hero clear and owner all-media clear remain explicit (0.629026ms)
✔ association/quarantined source cannot regain curated media through native (0.352579ms)
✔ sparse, unsafe and failed roles do not infer a photo or leak raw fields (0.555418ms)
✔ official logo-only identity uses model fit and backdrop; poster keeps full aspect (0.953371ms)
✔ gallery-only or interface artwork cannot become native hero (0.792951ms)
✔ legacy selected logo and sparse selected photo preserve fallback semantics (0.907495ms)
(node:417597) [MODULE_TYPELESS_PACKAGE_JSON] Warning: Module type of file:///workspaces/zoi-city/.recovery/native-owner-authority-independent-2026-10-03/mobile/src/discoveryScope.ts is not specified and it doesn't parse as CommonJS.
Reparsing as ES module because module syntax was detected. This incurs a performance overhead.
To eliminate this warning, add "type": "module" to /workspaces/zoi-city/.recovery/native-owner-authority-independent-2026-10-03/mobile/package.json.
(Use `node --trace-warnings ...` to show where the warning was created)
✔ community_me refresh account (39.02246ms)
✔ community_me refresh unmount (0.783895ms)
✔ community_me refresh unchanged (0.954152ms)
✔ community_me response account (10.993317ms)
✔ community_me response unmount (1.577628ms)
✔ community_me response unchanged (2.10345ms)
✔ community_preferences_save refresh account (0.677566ms)
✔ community_preferences_save refresh unmount (1.426325ms)
✔ community_preferences_save refresh unchanged (2.397278ms)
✔ community_preferences_save response account (3.589165ms)
✔ community_preferences_save response unmount (4.593311ms)
✔ community_preferences_save response unchanged (0.85664ms)
✔ no unknown mutations or malformed preference versions dispatch (0.472042ms)
(node:417598) [MODULE_TYPELESS_PACKAGE_JSON] Warning: Module type of file:///workspaces/zoi-city/.recovery/native-owner-authority-independent-2026-10-03/mobile/src/documentScope.ts is not specified and it doesn't parse as CommonJS.
Reparsing as ES module because module syntax was detected. This incurs a performance overhead.
To eliminate this warning, add "type": "module" to /workspaces/zoi-city/.recovery/native-owner-authority-independent-2026-10-03/mobile/package.json.
(Use `node --trace-warnings ...` to show where the warning was created)
✔ actual SessionClient private documents refresh actor (46.201721ms)
✔ actual SessionClient private documents refresh workspace (0.910931ms)
✔ actual SessionClient private documents refresh project (1.356514ms)
✔ actual SessionClient private documents refresh unmount (0.831704ms)
✔ actual SessionClient private documents refresh unchanged (2.924954ms)
✔ actual SessionClient private documents response actor (19.222417ms)
✔ actual SessionClient private documents response workspace (1.299087ms)
✔ actual SessionClient private documents response project (2.252728ms)
✔ actual SessionClient private documents response unmount (2.319804ms)
✔ actual SessionClient private documents response unchanged (2.28028ms)
✔ private document RPC refuses malformed scopes, unknown writers and foreign workspace before dispatch (0.767143ms)
(node:417600) [MODULE_TYPELESS_PACKAGE_JSON] Warning: Module type of file:///workspaces/zoi-city/.recovery/native-owner-authority-independent-2026-10-03/mobile/src/documents.ts is not specified and it doesn't parse as CommonJS.
Reparsing as ES module because module syntax was detected. This incurs a performance overhead.
To eliminate this warning, add "type": "module" to /workspaces/zoi-city/.recovery/native-owner-authority-independent-2026-10-03/mobile/package.json.
(Use `node --trace-warnings ...` to show where the warning was created)
✔ private upload receipt requires workspace, document identity and ready version (1.772491ms)
✔ private attachment requires no-store, attachment headers, correct type and exact bounded size (42.498062ms)
✔ native document selection uses same metadata limits as server (0.653271ms)
(node:417621) [MODULE_TYPELESS_PACKAGE_JSON] Warning: Module type of file:///workspaces/zoi-city/.recovery/native-owner-authority-independent-2026-10-03/mobile/src/drafts.ts is not specified and it doesn't parse as CommonJS.
Reparsing as ES module because module syntax was detected. This incurs a performance overhead.
To eliminate this warning, add "type": "module" to /workspaces/zoi-city/.recovery/native-owner-authority-independent-2026-10-03/mobile/package.json.
(Use `node --trace-warnings ...` to show where the warning was created)
✔ sign-out removal waits for in-flight draft save and prevents queued resurrection (5.564525ms)
✔ switching account blocks previous account queued draft writes (0.617203ms)
✔ publishing requires explicit success and real UUID receipt (0.330968ms)
✔ native map labels share exact source geometry and boundedpreferences (1.649502ms)
✔ native prepared note shares same nontransactional contract (0.640677ms)
(node:417643) ExperimentalWarning: stripTypeScriptTypes is an experimental feature and might change at any time
(Use `node --trace-warnings ...` to show where the warning was created)
✔ guest link carries only canonical selected event, never credentials (2.136922ms)
✔ organiser handoff validates exact selected workspace and event with fresh authority (1.820832ms)
✔ viewer, missing, duplicate and malformed memberships cannot produce operator link (0.608617ms)
✔ selected workspace never falls back to first membership (2.172138ms)
✔ wrong event and denied operator proof cannot open a link (4.466334ms)
✔ late account/workspace switches fence membership and operator responses (25.444274ms)
(node:417650) [MODULE_TYPELESS_PACKAGE_JSON] Warning: Module type of file:///workspaces/zoi-city/.recovery/native-owner-authority-independent-2026-10-03/mobile/src/session.ts is not specified and it doesn't parse as CommonJS.
Reparsing as ES module because module syntax was detected. This incurs a performance overhead.
To eliminate this warning, add "type": "module" to /workspaces/zoi-city/.recovery/native-owner-authority-independent-2026-10-03/mobile/package.json.
(Use `node --trace-warnings ...` to show where the warning was created)
✔ actual session refresh preserves exact authorised event/workspace without credentials in link (37.647986ms)
✔ held actual refresh refuses private send after workspace switch (1.425593ms)
✔ held actual refresh refuses private send after actor switch (0.750222ms)
✔ late private response is refused after scope change (8.715913ms)
✔ invalid actor, guest, lost scope and unsupported RPC refuse dispatch (0.801968ms)
✔ refresh rejection never dispatches private proof (0.38509ms)
(node:417652) [MODULE_TYPELESS_PACKAGE_JSON] Warning: Module type of file:///workspaces/zoi-city/.recovery/native-owner-authority-independent-2026-10-03/mobile/src/eventPlanner.ts is not specified and it doesn't parse as CommonJS.
Reparsing as ES module because module syntax was detected. This incurs a performance overhead.
To eliminate this warning, add "type": "module" to /workspaces/zoi-city/.recovery/native-owner-authority-independent-2026-10-03/mobile/package.json.
(Use `node --trace-warnings ...` to show where the warning was created)
✔ event plans preserve private notes and reject invalid quantities (22.113431ms)
✔ recovery never substitutes profile or plan version (0.741345ms)
✔ current booking reads cannot import foreign private plans (0.309889ms)
✔ resource units enforce one performer, bounded venue guests and equipment units (0.463205ms)
(node:417659) [MODULE_TYPELESS_PACKAGE_JSON] Warning: Module type of file:///workspaces/zoi-city/.recovery/native-owner-authority-independent-2026-10-03/mobile/src/festival.ts is not specified and it doesn't parse as CommonJS.
Reparsing as ES module because module syntax was detected. This incurs a performance overhead.
To eliminate this warning, add "type": "module" to /workspaces/zoi-city/.recovery/native-owner-authority-independent-2026-10-03/mobile/package.json.
(Use `node --trace-warnings ...` to show where the warning was created)
✔ application ignores client prices and validates contact and units (1.781649ms)
✔ commercial offers use exact cents and bounded benefit lines (23.259933ms)
✔ application receipt requires correct actor tenant enquiry and version (0.347419ms)
✔ private pages reject foreign records and invalid pagination (0.264705ms)
✔ public offer action only uses exact matching host UUID (1.549685ms)
(node:417666) [MODULE_TYPELESS_PACKAGE_JSON] Warning: Module type of file:///workspaces/zoi-city/.recovery/native-owner-authority-independent-2026-10-03/mobile/src/generalReservation.ts is not specified and it doesn't parse as CommonJS.
Reparsing as ES module because module syntax was detected. This incurs a performance overhead.
To eliminate this warning, add "type": "module" to /workspaces/zoi-city/.recovery/native-owner-authority-independent-2026-10-03/mobile/package.json.
(Use `node --trace-warnings ...` to show where the warning was created)
✔ interrupted reservation remains blocked after remount and across tier changes, scoped to actor and event (3.398679ms)
✔ only exact confirmed free receipt clears original attempt; malformed and stale confirmations preserve warning (1.333481ms)
✔ storage failure and account change stop request preparation before network action (0.574333ms)
✔ new request recovery accepts only exact nonce/event/tier/quantity receipt, with no contact storage (3.911908ms)
✔ legacy saved requests cannot be upgraded to once protocol, and malformed recovery never clears warning (1.340855ms)
✔ recovered creation receipt cannot imply active ticket after cancellation or closed event (0.426737ms)
✔ signing in cannot bypass an unresolved guest reservation or reuse its nonce as an account request (1.942378ms)
✔ confirmed nonce reference survives reopening without contacts and never claims cached ticket status (1.200222ms)
✔ confirmed references cap at five, expire after one year, and storage failure preserves unresolved warning (2.8908ms)
✔ member state accepts closed group with own history but rejects unrelated membership (1.81967ms)
✔ membership decisions validate tenant identity and exact increment (0.474626ms)
✔ attendance receipt binds event membership and status (0.407762ms)
✔ membership settings cannot cross workspace or skip version (0.31547ms)
(node:417682) [MODULE_TYPELESS_PACKAGE_JSON] Warning: Module type of file:///workspaces/zoi-city/.recovery/native-owner-authority-independent-2026-10-03/mobile/src/inquiries.ts is not specified and it doesn't parse as CommonJS.
Reparsing as ES module because module syntax was detected. This incurs a performance overhead.
To eliminate this warning, add "type": "module" to /workspaces/zoi-city/.recovery/native-owner-authority-independent-2026-10-03/mobile/package.json.
(Use `node --trace-warnings ...` to show where the warning was created)
✔ enquiry start validates actor listing and immutable request payload (2.289397ms)
✔ reply requires exact author thread request and body receipt (0.514691ms)
✔ thread read guards workspace message identity and readonly contract (0.610921ms)
✔ enquiry inputs reject invalid IDs and oversized empty messages (0.458397ms)
(node:417690) [MODULE_TYPELESS_PACKAGE_JSON] Warning: Module type of file:///workspaces/zoi-city/.recovery/native-owner-authority-independent-2026-10-03/mobile/src/privateRequests.ts is not specified and it doesn't parse as CommonJS.
Reparsing as ES module because module syntax was detected. This incurs a performance overhead.
To eliminate this warning, add "type": "module" to /workspaces/zoi-city/.recovery/native-owner-authority-independent-2026-10-03/mobile/package.json.
(Use `node --trace-warnings ...` to show where the warning was created)
✔ restart restores nonce-only metadata and prevents replacement (5.326811ms)
✔ A to B to A protects and preserves original marker (3.457098ms)
✔ SecureStore failure and silent adapter failure prevent dispatch (1.870385ms)
✔ receipt requires exact nonce kind and target; notfound is not cancellation (0.537845ms)
✔ failed recovery keeps marker until confirmed cancellation acknowledgement (5.083036ms)
✔ corrupt active null prevents a replacement inquiry nonce (0.550148ms)
(node:417691) [MODULE_TYPELESS_PACKAGE_JSON] Warning: Module type of file:///workspaces/zoi-city/.recovery/native-owner-authority-independent-2026-10-03/mobile/src/memberStart.ts is not specified and it doesn't parse as CommonJS.
Reparsing as ES module because module syntax was detected. This incurs a performance overhead.
To eliminate this warning, add "type": "module" to /workspaces/zoi-city/.recovery/native-owner-authority-independent-2026-10-03/mobile/package.json.
(Use `node --trace-warnings ...` to show where the warning was created)
✔ server profile identity includes no-deadline assignment and excludes Auth UUID assignment (3.071438ms)
✔ reject ambiguous member scope role (0.441375ms)
✔ reject ambiguous member scope workspace (0.159148ms)
✔ reject ambiguous member scope profile (0.339053ms)
✔ reject ambiguous member scope record (0.171952ms)
✔ actual token refresh fences workspace_team_get actor (33.209951ms)
✔ actual token refresh fences workspace_team_get workspace (3.593313ms)
✔ actual token refresh fences workspace_team_get unmount (0.807919ms)
✔ actual token refresh fences workspace_team_get rotation (0.902687ms)
✔ actual token refresh fences ops_records_list actor (0.61004ms)
✔ actual token refresh fences ops_records_list workspace (0.630267ms)
✔ actual token refresh fences ops_records_list unmount (0.473073ms)
✔ actual token refresh fences ops_records_list rotation (1.030415ms)
✔ actual token refresh fences social_list_posts actor (0.504743ms)
✔ actual token refresh fences social_list_posts workspace (1.906481ms)
✔ actual token refresh fences social_list_posts unmount (0.551169ms)
✔ actual token refresh fences social_list_posts rotation (0.624787ms)
✔ actual token refresh fences booking_operator_list actor (0.361976ms)
✔ actual token refresh fences booking_operator_list workspace (0.344353ms)
✔ actual token refresh fences booking_operator_list unmount (0.386442ms)
✔ actual token refresh fences booking_operator_list rotation (0.716068ms)
✔ held actual response rejects retired actor (32.24542ms)
✔ held actual response rejects retired workspace (1.232593ms)
✔ held actual response rejects retired unmount (0.613005ms)
✔ wrong workspace argument never dispatches (0.315159ms)
(node:417702) [MODULE_TYPELESS_PACKAGE_JSON] Warning: Module type of file:///workspaces/zoi-city/.recovery/native-owner-authority-independent-2026-10-03/mobile/src/music.ts is not specified and it doesn't parse as CommonJS.
Reparsing as ES module because module syntax was detected. This incurs a performance overhead.
To eliminate this warning, add "type": "module" to /workspaces/zoi-city/.recovery/native-owner-authority-independent-2026-10-03/mobile/package.json.
(Use `node --trace-warnings ...` to show where the warning was created)
✔ music prefill honors explicit cleared flat fields over old nested aliases (1.456511ms)
✔ music clearing sends null and leaves unrelated owner fields untouched (5.223378ms)
✔ music validation rejects unsafe links and impossible dates (1.206734ms)
(node:417713) [MODULE_TYPELESS_PACKAGE_JSON] Warning: Module type of file:///workspaces/zoi-city/.recovery/native-owner-authority-independent-2026-10-03/mobile/src/nativeParea.ts is not specified and it doesn't parse as CommonJS.
Reparsing as ES module because module syntax was detected. This incurs a performance overhead.
To eliminate this warning, add "type": "module" to /workspaces/zoi-city/.recovery/native-owner-authority-independent-2026-10-03/mobile/package.json.
(Use `node --trace-warnings ...` to show where the warning was created)
✔ whole-ticket 3/1/5 plan leaves one unassigned and keeps exact individual prices (26.702945ms)
✔ fractional, duplicate, excess and expired plans do not become invitations (1.079597ms)
✔ only current unclaimed guest version can rotate link without extra quota (0.568342ms)
✔ guest choices require current event, explicit deadline proof and unpaid policy version (4.251482ms)
(node:417715) [MODULE_TYPELESS_PACKAGE_JSON] Warning: Module type of file:///workspaces/zoi-city/.recovery/native-owner-authority-independent-2026-10-03/mobile/src/nativePareaClient.ts is not specified and it doesn't parse as CommonJS.
Reparsing as ES module because module syntax was detected. This incurs a performance overhead.
To eliminate this warning, add "type": "module" to /workspaces/zoi-city/.recovery/native-owner-authority-independent-2026-10-03/mobile/package.json.
(Use `node --trace-warnings ...` to show where the warning was created)
✔ event_host_guest_save refresh account (59.469552ms)
✔ event_host_guest_save refresh unmount (3.972693ms)
✔ event_host_guest_save refresh unchanged (1.510191ms)
✔ event_host_guest_save response account (2.303251ms)
✔ event_host_guest_save response unmount (1.146331ms)
✔ event_host_guest_save response unchanged (5.362057ms)
✔ event_host_claim refresh account (4.333325ms)
✔ event_host_claim refresh unmount (3.36201ms)
✔ event_host_claim refresh unchanged (2.756289ms)
✔ event_host_claim response account (1.449418ms)
✔ event_host_claim response unmount (1.446222ms)
✔ event_host_claim response unchanged (0.78683ms)
✔ event_guest_payment_choose refresh account (2.326956ms)
✔ event_guest_payment_choose refresh unmount (1.067775ms)
✔ event_guest_payment_choose refresh unchanged (1.780506ms)
✔ event_guest_payment_choose response account (1.034643ms)
✔ event_guest_payment_choose response unmount (0.934626ms)
✔ event_guest_payment_choose response unchanged (0.747767ms)
✔ actual shared host client persists nonce before dispatch, loss retries same request and token (6.431165ms)
✔ remount cannot retry bearer args, exact missing-result cancellation settles before new request (1.090217ms)
✔ no token or RPC dispatch if durable storage has failed (0.609338ms)
✔ native host never depends on browser structuredClone and rejects non-JSON mutation data (1.048438ms)
✔ durable clear failure blocks new writes until exact storage operation is confirmed (0.846171ms)
(node:417730) [MODULE_TYPELESS_PACKAGE_JSON] Warning: Module type of file:///workspaces/zoi-city/.recovery/native-owner-authority-independent-2026-10-03/mobile/src/nativePareaRecovery.ts is not specified and it doesn't parse as CommonJS.
Reparsing as ES module because module syntax was detected. This incurs a performance overhead.
To eliminate this warning, add "type": "module" to /workspaces/zoi-city/.recovery/native-owner-authority-independent-2026-10-03/mobile/package.json.
(Use `node --trace-warnings ...` to show where the warning was created)
✔ nonce-only durable reference restores in exact account/event and contains no bearer or labels (1.997902ms)
✔ private capabilities and unexpected stored fields fail closed before writes (0.916342ms)
✔ failed persistence retains same queued reference until confirmed, then durable clear (0.646388ms)
✔ account/view invalidation after storage await keeps recovery reference but rejects stale continuation (0.577789ms)
✔ payment recovery includes exact guest/version/method/request only (0.980422ms)
(node:417737) [MODULE_TYPELESS_PACKAGE_JSON] Warning: Module type of file:///workspaces/zoi-city/.recovery/native-owner-authority-independent-2026-10-03/mobile/src/profile.ts is not specified and it doesn't parse as CommonJS.
Reparsing as ES module because module syntax was detected. This incurs a performance overhead.
To eliminate this warning, add "type": "module" to /workspaces/zoi-city/.recovery/native-owner-authority-independent-2026-10-03/mobile/package.json.
(Use `node --trace-warnings ...` to show where the warning was created)
✔ native outward action suppresses held source defaults and imported fallback for every family (5.248886ms)
✔ native published website edits and null/empty clears retain web authority despite stale source holds (3.509096ms)
(node:417740) [MODULE_TYPELESS_PACKAGE_JSON] Warning: Module type of file:///workspaces/zoi-city/.recovery/native-owner-authority-independent-2026-10-03/mobile/src/operations.ts is not specified and it doesn't parse as CommonJS.
Reparsing as ES module because module syntax was detected. This incurs a performance overhead.
To eliminate this warning, add "type": "module" to /workspaces/zoi-city/.recovery/native-owner-authority-independent-2026-10-03/mobile/package.json.
(Use `node --trace-warnings ...` to show where the warning was created)
✔ save receipts require correct workspace, identity and incremented version (2.199699ms)
✔ editor can edit contacts/projects/tasks but not company records; viewers cannot write (0.290413ms)
✔ full-form edits preserve custom existing data and explicitly clear relations (1.069518ms)
✔ invalid deadline and blank title fail before sending (0.380762ms)
✔ projects require company and tasks require project before sending (0.736997ms)
✔ unicode payload byte limit is enforced before sending (4.129474ms)
✔ unmodified deadline preserves its exact timestamp (4.586709ms)
✔ new company has valid default sector and cannot submit blank sector (0.409706ms)
(node:417754) [MODULE_TYPELESS_PACKAGE_JSON] Warning: Module type of file:///workspaces/zoi-city/.recovery/native-owner-authority-independent-2026-10-03/mobile/src/organizationWorkflow.ts is not specified and it doesn't parse as CommonJS.
Reparsing as ES module because module syntax was detected. This incurs a performance overhead.
To eliminate this warning, add "type": "module" to /workspaces/zoi-city/.recovery/native-owner-authority-independent-2026-10-03/mobile/package.json.
(Use `node --trace-warnings ...` to show where the warning was created)
✔ contextual native drafts preserve saved relationships and real writer payload (2.803678ms)
✔ project browser handoff fresh role owner (0.491488ms)
✔ project browser handoff fresh role admin (0.247242ms)
✔ project browser handoff fresh role editor (0.188603ms)
✔ project browser handoff fresh role viewer (0.653971ms)
✔ reject missing project context (0.312183ms)
✔ reject archived project context (0.31596ms)
✔ reject duplicate project context (0.243635ms)
✔ reject foreign project context (0.789235ms)
✔ reject scope project context (1.342788ms)
✔ actual SessionClient held refresh actor (47.632174ms)
✔ actual SessionClient held refresh workspace (1.516513ms)
✔ actual SessionClient held refresh unchanged (0.846321ms)
(node:417755) [MODULE_TYPELESS_PACKAGE_JSON] Warning: Module type of file:///workspaces/zoi-city/.recovery/native-owner-authority-independent-2026-10-03/mobile/src/ownerEditorHandoff.ts is not specified and it doesn't parse as CommonJS.
Reparsing as ES module because module syntax was detected. This incurs a performance overhead.
To eliminate this warning, add "type": "module" to /workspaces/zoi-city/.recovery/native-owner-authority-independent-2026-10-03/mobile/package.json.
(Use `node --trace-warnings ...` to show where the warning was created)
✔ fresh authorization opens only fixed browser editor, with exact authorized listing and without credentials (2.815289ms)
✔ account or workspace switch during authorization never opens browser (0.323464ms)
✔ invalid identity, denied access and mismatched receipts never open browser (0.969281ms)
✔ revoked or failed authorization surfaces failure without opening (0.61597ms)
(node:417761) ExperimentalWarning: stripTypeScriptTypes is an experimental feature and might change at any time
(Use `node --trace-warnings ...` to show where the warning was created)
✔ private link exact canonical event and opaque fragment only (3.121051ms)
✔ current own group counts whole-ticket quantities and expires without paid inference (0.787532ms)
✔ recipient preview rejects expired, cross-event, missing no-payment envelope and malformed amounts (0.508139ms)
✔ own reader binds list and detail IDs and profile distinct from Auth UUID (6.092682ms)
✔ refresh/response scope changes prevent private request or result use (0.601894ms)
(node:417767) [MODULE_TYPELESS_PACKAGE_JSON] Warning: Module type of file:///workspaces/zoi-city/.recovery/native-owner-authority-independent-2026-10-03/mobile/src/placeNavigation.ts is not specified and it doesn't parse as CommonJS.
Reparsing as ES module because module syntax was detected. This incurs a performance overhead.
To eliminate this warning, add "type": "module" to /workspaces/zoi-city/.recovery/native-owner-authority-independent-2026-10-03/mobile/package.json.
(Use `node --trace-warnings ...` to show where the warning was created)
✔ current public slug wins over stale unhashed artist SEO path (1.18825ms)
✔ fallback permits only internal profile routes (0.477282ms)
(node:417779) [MODULE_TYPELESS_PACKAGE_JSON] Warning: Module type of file:///workspaces/zoi-city/.recovery/native-owner-authority-independent-2026-10-03/mobile/src/privateRequests.ts is not specified and it doesn't parse as CommonJS.
Reparsing as ES module because module syntax was detected. This incurs a performance overhead.
To eliminate this warning, add "type": "module" to /workspaces/zoi-city/.recovery/native-owner-authority-independent-2026-10-03/mobile/package.json.
(Use `node --trace-warnings ...` to show where the warning was created)
✔ private recovery stores exact Unicode across bounded secure chunks (13.163161ms)
✔ account switch cannot read or save another account’s private request (1.119281ms)
✔ sign-out cleanup runs after queued writes and removes every chunk (6.858954ms)
✔ incomplete persistence is never mistaken for a retryable request (9.466775ms)
✔ cleanup failure cannot roll back a committed recovery request (1.695778ms)
✔ separate workflows keep distinct encrypted recovery namespaces (1.442916ms)
✔ failed storage cleanup retains a discoverable manifest until explicit cleanup succeeds (2.024152ms)
✔ non-null malformed manifests never masquerade as no pending request (1.797698ms)
✔ valid active-null pending manifest remains interrupted, not empty (3.611977ms)
✔ an active null payload is corruption rather than no pending request (0.480057ms)
(node:417782) [MODULE_TYPELESS_PACKAGE_JSON] Warning: Module type of file:///workspaces/zoi-city/.recovery/native-owner-authority-independent-2026-10-03/mobile/src/profile.ts is not specified and it doesn't parse as CommonJS.
Reparsing as ES module because module syntax was detected. This incurs a performance overhead.
To eliminate this warning, add "type": "module" to /workspaces/zoi-city/.recovery/native-owner-authority-independent-2026-10-03/mobile/package.json.
(Use `node --trace-warnings ...` to show where the warning was created)
✔ profile gives owner fields priority, merges actual socials and labels enrichment (6.819239ms)
✔ profile never fabricates verification or ratings from owner data (2.555384ms)
✔ profile rejects unsafe external schemes and credentials (0.359963ms)
✔ missing entity is absent, not invented profile (0.382435ms)
✔ profile actions require exact server routes and matching booking listing (1.515281ms)
✔ private enquiry entry requires server invitation for this same listing (0.755922ms)
✔ profile photos preserve wide logos, portraits and small artwork (0.317663ms)
✔ image loading supports native source dimensions and web natural dimensions (0.250588ms)
✔ native uses shared phone validity and authoritative owner clear (0.953441ms)
✔ native machine social syntax and exact publisher identity match web while owner links survive (2.164584ms)
✔ native Fournos chain root contacts cannot replace branch base or explicit owner values (1.046735ms)
(node:417789) [MODULE_TYPELESS_PACKAGE_JSON] Warning: Module type of file:///workspaces/zoi-city/.recovery/native-owner-authority-independent-2026-10-03/mobile/src/seating.ts is not specified and it doesn't parse as CommonJS.
Reparsing as ES module because module syntax was detected. This incurs a performance overhead.
To eliminate this warning, add "type": "module" to /workspaces/zoi-city/.recovery/native-owner-authority-independent-2026-10-03/mobile/package.json.
(Use `node --trace-warnings ...` to show where the warning was created)
✔ hold requires exact requested seats and confirmed receipt (2.064738ms)
✔ free confirmation rejects payment, quantity, seat and hold mismatches (0.475108ms)
✔ foreground status restores exact hold and validates cancellation (0.844978ms)
✔ countdown accounts for server clock and clamps expired holds (0.371364ms)
✔ missing inventory stays unavailable and malformed maps never invent seats (0.973859ms)
✔ seat inventory uses actual geometry and rejects unsafe bigint IDs or unknown state (1.180535ms)
(node:417801) [MODULE_TYPELESS_PACKAGE_JSON] Warning: Module type of file:///workspaces/zoi-city/.recovery/native-owner-authority-independent-2026-10-03/mobile/src/session.ts is not specified and it doesn't parse as CommonJS.
Reparsing as ES module because module syntax was detected. This incurs a performance overhead.
To eliminate this warning, add "type": "module" to /workspaces/zoi-city/.recovery/native-owner-authority-independent-2026-10-03/mobile/package.json.
(Use `node --trace-warnings ...` to show where the warning was created)
✔ persists only refresh credential and restores by exchanging it (51.394948ms)
✔ expired concurrent API requests share one refresh and use renewed token (16.22366ms)
✔ invalid refresh removes stored credential and session (1.438186ms)
✔ transient refresh failure preserves credential for recovery (0.408874ms)
✔ sign-out clears device credentials even if revocation is offline (0.472112ms)
✔ in-flight sign-in cannot resurrect a signed-out account (1.037087ms)
✔ anonymous authenticated RPC is rejected without making a request (0.314107ms)
✔ application error envelopes cannot appear as publishing success (1.408371ms)
✔ server-rejected access token clears session without replaying mutation (8.155896ms)
✔ optimistic edit conflict is explained without replaying the write (1.166019ms)
✔ fetch transport uses global receiver required by browsers (0.55163ms)
✔ community validation errors remain actionable without treating them as password failures (3.526642ms)
(node:417811) [MODULE_TYPELESS_PACKAGE_JSON] Warning: Module type of file:///workspaces/zoi-city/.recovery/native-owner-authority-independent-2026-10-03/mobile/src/profile.ts is not specified and it doesn't parse as CommonJS.
Reparsing as ES module because module syntax was detected. This incurs a performance overhead.
To eliminate this warning, add "type": "module" to /workspaces/zoi-city/.recovery/native-owner-authority-independent-2026-10-03/mobile/package.json.
(Use `node --trace-warnings ...` to show where the warning was created)
✔ native public profile excludes held imported identity/contact/media/social without changing base facts (4.095831ms)
✔ native sparse held profile has no foreign fallback (0.574103ms)
✔ native owner profile edits and explicit phone/social/image clears win while wrong source stays held (2.548721ms)
✖ native actual Cafe Boulis profile no longer offers the held foreign tagline (0.435183ms)
✔ native retained receipt timestamps/classification/conflict do not become visible imported fields or enrichment note (0.511035ms)
(node:417812) [MODULE_TYPELESS_PACKAGE_JSON] Warning: Module type of file:///workspaces/zoi-city/.recovery/native-owner-authority-independent-2026-10-03/mobile/src/sponsorFulfillment.ts is not specified and it doesn't parse as CommonJS.
Reparsing as ES module because module syntax was detected. This incurs a performance overhead.
To eliminate this warning, add "type": "module" to /workspaces/zoi-city/.recovery/native-owner-authority-independent-2026-10-03/mobile/package.json.
(Use `node --trace-warnings ...` to show where the warning was created)
✔ fresh approved sponsor ok (2.837251ms)
✔ fresh approved sponsor viewer (0.540379ms)
✔ fresh approved sponsor cancelled (2.112456ms)
✔ fresh approved sponsor foreign (0.21456ms)
✔ fresh approved sponsor capability (0.541451ms)
✔ fresh approved sponsor missing (0.200845ms)
✔ actual SessionClient refresh fence actor (39.114352ms)
✔ actual SessionClient refresh fence workspace (1.445761ms)
✔ actual SessionClient refresh fence unchanged (2.183069ms)
(node:417814) [MODULE_TYPELESS_PACKAGE_JSON] Warning: Module type of file:///workspaces/zoi-city/.recovery/native-owner-authority-independent-2026-10-03/mobile/src/timekeeping.ts is not specified and it doesn't parse as CommonJS.
Reparsing as ES module because module syntax was detected. This incurs a performance overhead.
To eliminate this warning, add "type": "module" to /workspaces/zoi-city/.recovery/native-owner-authority-independent-2026-10-03/mobile/package.json.
(Use `node --trace-warnings ...` to show where the warning was created)
✔ manual time uses explicit validated duration and hourly cents (28.175927ms)
✔ timer start excludes client-controlled start and duration (0.358389ms)
✔ receipts require tenant actor version and terminal state (0.547593ms)
✔ dashboard rejects another editor’s private narrative and foreign timer (0.561649ms)
✔ timesheet CSV prevents formula execution and escapes multiline quotes (0.751134ms)
(node:417833) [MODULE_TYPELESS_PACKAGE_JSON] Warning: Module type of file:///workspaces/zoi-city/.recovery/native-owner-authority-independent-2026-10-03/mobile/src/trips.ts is not specified and it doesn't parse as CommonJS.
Reparsing as ES module because module syntax was detected. This incurs a performance overhead.
To eliminate this warning, add "type": "module" to /workspaces/zoi-city/.recovery/native-owner-authority-independent-2026-10-03/mobile/package.json.
(Use `node --trace-warnings ...` to show where the warning was created)
✔ trip dates require explicit zone and reject reversed or overlong stops (19.636544ms)
✔ private itinerary cannot accept another profile or trip receipt (0.885504ms)
✔ appearance discovery cannot substitute another artist or claim inferred confirmation (1.117077ms)
✔ appearance proposal requires source HTTPS and real distinct listing IDs (1.80877ms)
(node:417834) [MODULE_TYPELESS_PACKAGE_JSON] Warning: Module type of file:///workspaces/zoi-city/.recovery/native-owner-authority-independent-2026-10-03/mobile/src/volunteer.ts is not specified and it doesn't parse as CommonJS.
Reparsing as ES module because module syntax was detected. This incurs a performance overhead.
To eliminate this warning, add "type": "module" to /workspaces/zoi-city/.recovery/native-owner-authority-independent-2026-10-03/mobile/package.json.
(Use `node --trace-warnings ...` to show where the warning was created)
✔ volunteer invitation extracts explicit organization ID only (1.646796ms)
✔ withdrawn public opportunity stays unavailable even if saved shift was scheduled (19.920845ms)
✔ shift actions never reopen cancelled or started history (0.224078ms)
✔ signup and cancellation receipts must identify the same shift and final state (0.473885ms)
✔ organization writes require workspace identity and exact version increment (0.331308ms)
(node:417836) [MODULE_TYPELESS_PACKAGE_JSON] Warning: Module type of file:///workspaces/zoi-city/.recovery/native-owner-authority-independent-2026-10-03/mobile/src/volunteerOperations.ts is not specified and it doesn't parse as CommonJS.
Reparsing as ES module because module syntax was detected. This incurs a performance overhead.
To eliminate this warning, add "type": "module" to /workspaces/zoi-city/.recovery/native-owner-authority-independent-2026-10-03/mobile/package.json.
(Use `node --trace-warnings ...` to show where the warning was created)
✔ org_operation_save actual SessionClient token refresh actor (36.718636ms)
✔ org_operation_save actual SessionClient token refresh workspace (0.943182ms)
✔ org_operation_save actual SessionClient token refresh unchanged (1.095747ms)
✔ org_signup actual SessionClient token refresh actor (0.8351ms)
✔ org_signup actual SessionClient token refresh workspace (1.641687ms)
✔ org_signup actual SessionClient token refresh unchanged (0.788113ms)
✔ org_signup_cancel actual SessionClient token refresh actor (0.612114ms)
✔ org_signup_cancel actual SessionClient token refresh workspace (0.763517ms)
✔ org_signup_cancel actual SessionClient token refresh unchanged (0.713633ms)
✔ org_roster actual SessionClient token refresh actor (0.651207ms)
✔ org_roster actual SessionClient token refresh workspace (0.408093ms)
✔ org_roster actual SessionClient token refresh unchanged (0.613657ms)
✔ lost native create survives remount and clears only exact receipt (1.239125ms)
✔ cancel unknown native create validates workspace/request and preserves marker on wrong response (0.459208ms)
✔ generic authorization denial is recognizable without matching server wording (0.15533ms)
✔ absent installed capability keeps pending recovery and dispatches no operation (0.302015ms)
(node:417852) [MODULE_TYPELESS_PACKAGE_JSON] Warning: Module type of file:///workspaces/zoi-city/.recovery/native-owner-authority-independent-2026-10-03/mobile/src/webHandoffs.ts is not specified and it doesn't parse as CommonJS.
Reparsing as ES module because module syntax was detected. This incurs a performance overhead.
To eliminate this warning, add "type": "module" to /workspaces/zoi-city/.recovery/native-owner-authority-independent-2026-10-03/mobile/package.json.
(Use `node --trace-warnings ...` to show where the warning was created)
✔ music shelf and unscoped personal calendar explicitly reach their actual web capabilities (1.989337ms)
✔ native parish calendar, member discussion and artist homes stay native (0.602806ms)
✔ handoff resolver never opens spoofed hosts or credentials (0.32661ms)
✔ map deep links use the real web map and preserve only public search/place/view context (1.244044ms)
✔ explicit guardian links hand off only public listing context, adult groups stay native (1.202767ms)
(node:417854) ExperimentalWarning: stripTypeScriptTypes is an experimental feature and might change at any time
(Use `node --trace-warnings ...` to show where the warning was created)
✔ roles protect owner/self and admin peer escalation (2.656863ms)
✔ real controller confirms save only after current roster read (1.650724ms)
✔ lost response survives remount; receipt check does not resend (2.182187ms)
✔ unknown request blocks new write and safely cancels (0.790808ms)
✔ conflict refreshes membership; storage failure prevents submission (1.512415ms)
✔ authority loss clears private roster and account change fences calls (3.912178ms)
(node:417864) [MODULE_TYPELESS_PACKAGE_JSON] Warning: Module type of file:///workspaces/zoi-city/.recovery/native-owner-authority-independent-2026-10-03/mobile/src/session.ts is not specified and it doesn't parse as CommonJS.
Reparsing as ES module because module syntax was detected. This incurs a performance overhead.
To eliminate this warning, add "type": "module" to /workspaces/zoi-city/.recovery/native-owner-authority-independent-2026-10-03/mobile/package.json.
(Use `node --trace-warnings ...` to show where the warning was created)
(node:417864) ExperimentalWarning: stripTypeScriptTypes is an experimental feature and might change at any time
✔ only scoped team conflict/cancel envelope passes transport for controller verification (29.453459ms)
✔ exact known team SQL rejection preserved; generic 400 and other RPC remain uncertain (5.536162ms)
✔ real SessionClient quota clears marker; ambiguous400 keeps it;403 clears roster (2.678513ms)
✔ youth programme validates exact bounded ages, places and actual listing (2.407187ms)
✔ enrolment requires explicit authority and consent without inferring age (0.547102ms)
✔ enrolment receipts bind guardian child programme and exact version (0.576578ms)
✔ attendance and instructor assignment receipts reject unrelated identity (2.733476ms)
✔ private operator response rejects another workspace or programme roster (2.152721ms)
✔ public catalogue rejects unrelated listing and private family rejects malformed records (0.442286ms)
(node:417884) [MODULE_TYPELESS_PACKAGE_JSON] Warning: Module type of file:///workspaces/zoi-city/.recovery/native-owner-authority-independent-2026-10-03/mobile/src/youthReadiness.ts is not specified and it doesn't parse as CommonJS.
Reparsing as ES module because module syntax was detected. This incurs a performance overhead.
To eliminate this warning, add "type": "module" to /workspaces/zoi-city/.recovery/native-owner-authority-independent-2026-10-03/mobile/package.json.
(Use `node --trace-warnings ...` to show where the warning was created)
✔ native Youth remains read-only without exact installed actor and guardian capability (1.208647ms)
✔ native organizer readiness additionally binds exact workspace and current role (0.223749ms)
(node:417885) [MODULE_TYPELESS_PACKAGE_JSON] Warning: Module type of file:///workspaces/zoi-city/.recovery/native-owner-authority-independent-2026-10-03/mobile/src/session.ts is not specified and it doesn't parse as CommonJS.
Reparsing as ES module because module syntax was detected. This incurs a performance overhead.
To eliminate this warning, add "type": "module" to /workspaces/zoi-city/.recovery/native-owner-authority-independent-2026-10-03/mobile/package.json.
(Use `node --trace-warnings ...` to show where the warning was created)
✔ actual SessionClient youth refresh account fences private dispatch/result (31.760273ms)
✔ actual SessionClient youth refresh workspace fences private dispatch/result (0.71152ms)
✔ actual SessionClient youth refresh unmount fences private dispatch/result (0.619878ms)
✔ actual SessionClient youth response account fences private dispatch/result (6.002704ms)
✔ actual SessionClient youth response workspace fences private dispatch/result (0.894581ms)
✔ actual SessionClient youth response unmount fences private dispatch/result (0.753247ms)
✔ same actor token rotation sends private request using freshly captured token (0.898549ms)
✔ private method cannot dispatch anonymously; denied status remains recognizable (0.400718ms)
✔ installed native capability binds internal guardian profile separately from Auth (0.233266ms)
ℹ tests 444
ℹ suites 0
ℹ pass 443
ℹ fail 1
ℹ cancelled 0
ℹ skipped 0
ℹ todo 0
ℹ duration_ms 1143.036342

✖ failing tests:

test at mobile/tests/sourceIdentityContent.test.mjs:6:1
✖ native actual Cafe Boulis profile no longer offers the held foreign tagline (0.435183ms)
  Error: ENOENT: no such file or directory, open '../docs/audits/evidence/source-health-owner-independent-fresh14-2026-10-03/cafe-boulis-astoria.json'
      at Object.readFileSync (node:fs:440:20)
      at TestContext.<anonymous> (file:///workspaces/zoi-city/.recovery/native-owner-authority-independent-2026-10-03/mobile/tests/sourceIdentityContent.test.mjs:6:113)
      at Test.runInAsyncScope (node:async_hooks:228:14)
      at Test.run (node:internal/test_runner/test:1118:25)
      at Test.processPendingSubtests (node:internal/test_runner/test:787:18)
      at Test.postRun (node:internal/test_runner/test:1247:19)
      at Test.run (node:internal/test_runner/test:1175:12)
      at process.processTicksAndRejections (node:internal/process/task_queues:104:5)
      at async Test.processPendingSubtests (node:internal/test_runner/test:787:7) {
    errno: -2,
    code: 'ENOENT',
    syscall: 'open',
    path: '../docs/audits/evidence/source-health-owner-independent-fresh14-2026-10-03/cafe-boulis-astoria.json'
  }
