(node:17845) ExperimentalWarning: stripTypeScriptTypes is an experimental feature and might change at any time
(Use `node --trace-warnings ...` to show where the warning was created)
✔ owner tool browser handoffs preserve explicit selected workspace with no token (2.754162ms)
✔ missing malformed and injected identities cannot fabricate a setup destination (0.43925ms)
(node:17846) [MODULE_TYPELESS_PACKAGE_JSON] Warning: Module type of file:///workspaces/zoi-city/.recovery/native-owner-authority-independent-2026-10-03/mobile/src/artistMusic.ts is not specified and it doesn't parse as CommonJS.
Reparsing as ES module because module syntax was detected. This incurs a performance overhead.
To eliminate this warning, add "type": "module" to /workspaces/zoi-city/.recovery/native-owner-authority-independent-2026-10-03/mobile/package.json.
(Use `node --trace-warnings ...` to show where the warning was created)
✔ reviewed catalogue binds identity and uses verified high-resolution photos (5.143282ms)
✔ unknown artist never inherits featured content (0.47658ms)
✔ provider links reject spoofed hosts unsafe schemes and credentials (0.347699ms)
✔ city validation supports Greek and NFKC without markup (4.749757ms)
✔ receipts bind artist request active state and expected version (0.563963ms)
✔ summary rejects subthreshold counts and wrong artist; mine preserves inactive rows (0.930527ms)
✔ interrupted authenticated interest retries identical persisted request, then withdrawal reads real server version (44.264662ms)
✔ native planner shares venue timezone and buffer boundaries (4.228043ms)
✔ native planner cannot accept another tenant or changed appointment preview (0.832504ms)
✔ native planner requires complete unique saved slots matching the preview (0.534939ms)
(node:17853) [MODULE_TYPELESS_PACKAGE_JSON] Warning: Module type of file:///workspaces/zoi-city/.recovery/native-owner-authority-independent-2026-10-03/mobile/src/backendReadiness.ts is not specified and it doesn't parse as CommonJS.
Reparsing as ES module because module syntax was detected. This incurs a performance overhead.
To eliminate this warning, add "type": "module" to /workspaces/zoi-city/.recovery/native-owner-authority-independent-2026-10-03/mobile/package.json.
(Use `node --trace-warnings ...` to show where the warning was created)
✔ verified guardian backend is enabled while unavailable integrations fail closed (1.214818ms)
✔ guardian release gate is backed by complete deployed RPC evidence (1.123979ms)
(node:17859) [MODULE_TYPELESS_PACKAGE_JSON] Warning: Module type of file:///workspaces/zoi-city/.recovery/native-owner-authority-independent-2026-10-03/mobile/src/booking.ts is not specified and it doesn't parse as CommonJS.
Reparsing as ES module because module syntax was detected. This incurs a performance overhead.
To eliminate this warning, add "type": "module" to /workspaces/zoi-city/.recovery/native-owner-authority-independent-2026-10-03/mobile/package.json.
(Use `node --trace-warnings ...` to show where the warning was created)
✔ booking receipts require exact idempotency request, slot and party (4.920326ms)
✔ retry receipt preserves terminal cancellation rather than inventing confirmation (0.264765ms)
✔ booking catalog refuses malformed times and unknown timezone (66.193631ms)
✔ venue times honor the venue timezone rather than device default (1.517474ms)
(node:17865) [MODULE_TYPELESS_PACKAGE_JSON] Warning: Module type of file:///workspaces/zoi-city/.recovery/native-owner-authority-independent-2026-10-03/mobile/src/bookingOperator.ts is not specified and it doesn't parse as CommonJS.
Reparsing as ES module because module syntax was detected. This incurs a performance overhead.
To eliminate this warning, add "type": "module" to /workspaces/zoi-city/.recovery/native-owner-authority-independent-2026-10-03/mobile/package.json.
(Use `node --trace-warnings ...` to show where the warning was created)
✔ operator mutation requires exact workspace and incremented version (3.977306ms)
✔ operator service decimal prices are exact minor units and bounded (0.525732ms)
✔ staff resource cannot silently admit a party (0.254374ms)
✔ schedule converts venue-local time and rejects both DST edge cases (28.212452ms)
✔ native reschedule uses venue-local range and rejects impossible calendar dates (26.55623ms)
✔ reschedule selection pins reviewed version and exact price (0.759708ms)
✔ move receipt requires same booking, expected version, reviewed time and no collected payment (0.572499ms)
(node:17877) [MODULE_TYPELESS_PACKAGE_JSON] Warning: Module type of file:///workspaces/zoi-city/.recovery/native-owner-authority-independent-2026-10-03/mobile/src/brand.ts is not specified and it doesn't parse as CommonJS.
Reparsing as ES module because module syntax was detected. This incurs a performance overhead.
To eliminate this warning, add "type": "module" to /workspaces/zoi-city/.recovery/native-owner-authority-independent-2026-10-03/mobile/package.json.
(Use `node --trace-warnings ...` to show where the warning was created)
✔ native shared body, subdued text and actions stay readable on every adopted surface (1.844444ms)
✔ native and web material colors share the same semantic values (15.538815ms)
(node:17878) [MODULE_TYPELESS_PACKAGE_JSON] Warning: Module type of file:///workspaces/zoi-city/.recovery/native-owner-authority-independent-2026-10-03/mobile/src/businessEdit.ts is not specified and it doesn't parse as CommonJS.
Reparsing as ES module because module syntax was detected. This incurs a performance overhead.
To eliminate this warning, add "type": "module" to /workspaces/zoi-city/.recovery/native-owner-authority-independent-2026-10-03/mobile/package.json.
(Use `node --trace-warnings ...` to show where the warning was created)
✔ only owned and explicitly approved claims can appear in business editor (2.143091ms)
✔ business edit preserves unknown social keys and explicit cleared fields (0.641177ms)
✔ business edit rejects unsafe replacement and ambiguous social payloads (1.702909ms)
(node:17885) [MODULE_TYPELESS_PACKAGE_JSON] Warning: Module type of file:///workspaces/zoi-city/.recovery/native-owner-authority-independent-2026-10-03/mobile/src/businessOwner.ts is not specified and it doesn't parse as CommonJS.
Reparsing as ES module because module syntax was detected. This incurs a performance overhead.
To eliminate this warning, add "type": "module" to /workspaces/zoi-city/.recovery/native-owner-authority-independent-2026-10-03/mobile/package.json.
(Use `node --trace-warnings ...` to show where the warning was created)
✔ private snapshot rejects scope/version/base identity and does not mutate original source or menus (3.447226ms)
✔ changed website only uses real writer patch, leaves base clears and unknown menus/social shape untouched (2.626523ms)
✔ explicit website/photo/social clears are sent as owner choices, no duplicate imported fields (0.299229ms)
✔ URL validation rejects userinfo/javascript while unrelated malformed stored website remains untouched (0.559485ms)
✔ source panel uses exact shared held/import/owner clear policy (1.035473ms)
✔ choices require exact workspace and approved claims; malformed ownership not accepted (0.415396ms)
✔ receipt must prove current request/scope/version before accepting saved UI (1.023711ms)
✔ token refresh account switch prevents dispatch; late reply cannot become saved data (0.546871ms)
✔ fresh authority and existing snapshot surround the actual writer, replay uses exact immutable nonce (3.297386ms)
✔ role/current-listing refusal prevents writer and current authority is checked after awaits (2.068792ms)
✔ CAS conflict never fabricates success and no new nonce is generated by publication retry (0.525291ms)
✔ nonce-only interrupted marker survives remount, validates scope, stores no contact payload (1.796203ms)
✔ marker waits and current-account failures never dispatch or consume another workspace reference (0.32096ms)
(node:17892) [MODULE_TYPELESS_PACKAGE_JSON] Warning: Module type of file:///workspaces/zoi-city/.recovery/native-owner-authority-independent-2026-10-03/mobile/src/session.ts is not specified and it doesn't parse as CommonJS.
Reparsing as ES module because module syntax was detected. This incurs a performance overhead.
To eliminate this warning, add "type": "module" to /workspaces/zoi-city/.recovery/native-owner-authority-independent-2026-10-03/mobile/package.json.
(Use `node --trace-warnings ...` to show where the warning was created)
✔ actual owner authority HTTP400 preserves exact safe code and proves private state refusal (57.599387ms)
✔ generic HTTP400 and transient failures stay uncertain; no broad payload or code disclosure (5.438373ms)
✔ bounded code retention does not alter other suites/auth/provider error handling (4.724831ms)
✔ exact existing Company and document authority RPCs preserve safe codes and actual status only (96.989828ms)
✔ operator code recognition remains bounded to exact path, exact message and authority status (35.742119ms)
(node:17912) [MODULE_TYPELESS_PACKAGE_JSON] Warning: Module type of file:///workspaces/zoi-city/.recovery/native-owner-authority-independent-2026-10-03/mobile/src/calendar.ts is not specified and it doesn't parse as CommonJS.
Reparsing as ES module because module syntax was detected. This incurs a performance overhead.
To eliminate this warning, add "type": "module" to /workspaces/zoi-city/.recovery/native-owner-authority-independent-2026-10-03/mobile/package.json.
(Use `node --trace-warnings ...` to show where the warning was created)
✔ calendar ranges reject impossible dates and bound exactly90 UTC days (1.982591ms)
✔ public calendar rejects private drafts and another listing (0.438659ms)
✔ workspace calendar rejects another tenant (0.40725ms)
✔ same calendar planner validates dates and exact saved receipt (25.574267ms)
✔ profile calendar/group actions require exact same-listing server paths (2.663272ms)
(node:17928) [MODULE_TYPELESS_PACKAGE_JSON] Warning: Module type of file:///workspaces/zoi-city/.recovery/native-owner-authority-independent-2026-10-03/mobile/src/commerce.ts is not specified and it doesn't parse as CommonJS.
Reparsing as ES module because module syntax was detected. This incurs a performance overhead.
To eliminate this warning, add "type": "module" to /workspaces/zoi-city/.recovery/native-owner-authority-independent-2026-10-03/mobile/package.json.
(Use `node --trace-warnings ...` to show where the warning was created)
✔ basket totals preserve decimal precision and separate currencies (2.754001ms)
✔ persisted basket rejects duplicate IDs and invalid quantities (1.240806ms)
✔ adding unavailable options or excessive aggregate quantities fails (0.840679ms)
✔ fresh checkout must match exact official cart and all quantities (1.080327ms)
✔ product imagery and deep links reject untrusted URLs and invalid identifiers (0.600953ms)
✔ native shared option cannot silently substitute another product variant (0.295592ms)
✔ malformed explicit native variant remains an explicit unresolved choice (0.609758ms)
✔ single default display metadata survives native basket mapping without changing provider title (2.647674ms)
(node:17929) [MODULE_TYPELESS_PACKAGE_JSON] Warning: Module type of file:///workspaces/zoi-city/.recovery/native-owner-authority-independent-2026-10-03/mobile/src/community.ts is not specified and it doesn't parse as CommonJS.
Reparsing as ES module because module syntax was detected. This incurs a performance overhead.
To eliminate this warning, add "type": "module" to /workspaces/zoi-city/.recovery/native-owner-authority-independent-2026-10-03/mobile/package.json.
(Use `node --trace-warnings ...` to show where the warning was created)
✔ visible reaction state comes from matching desired-state receipts only (5.560802ms)
✔ reply receipt is scoped to post and actual profile, not auth UUID (0.605771ms)
✔ public profile edits explicitly validate interests and chosen public fields (0.578039ms)
✔ feed preserves server snapshot and rejects a substituted mode (0.351556ms)
✔ recovered publication keeps original account, immutable request and actual receipt identity (2.712117ms)
(node:17937) [MODULE_TYPELESS_PACKAGE_JSON] Warning: Module type of file:///workspaces/zoi-city/.recovery/native-owner-authority-independent-2026-10-03/mobile/src/communityIntent.ts is not specified and it doesn't parse as CommonJS.
Reparsing as ES module because module syntax was detected. This incurs a performance overhead.
To eliminate this warning, add "type": "module" to /workspaces/zoi-city/.recovery/native-owner-authority-independent-2026-10-03/mobile/package.json.
(Use `node --trace-warnings ...` to show where the warning was created)
✔ sign-in retains question composer intent but cannot resume without an actor (2.276681ms)
✔ discussion return retains navigation and does not replay a reaction (0.325258ms)
✔ sign-in may retain public navigation but sign-out or account switch invalidates it (0.243234ms)
(node:17951) [MODULE_TYPELESS_PACKAGE_JSON] Warning: Module type of file:///workspaces/zoi-city/.recovery/native-owner-authority-independent-2026-10-03/mobile/src/communityMedia.ts is not specified and it doesn't parse as CommonJS.
Reparsing as ES module because module syntax was detected. This incurs a performance overhead.
To eliminate this warning, add "type": "module" to /workspaces/zoi-city/.recovery/native-owner-authority-independent-2026-10-03/mobile/package.json.
(Use `node --trace-warnings ...` to show where the warning was created)
✔ media selection validates actual bytes dimensions and video duration before transfer (2.751898ms)
✔ media URLs cannot execute scripts or expose embedded credentials (0.323234ms)
✔ offscreen background low-power reduced-motion and user pause all prevent autoplay (0.431415ms)
✔ upload receipt must match selected media type and a valid finalized identity (0.66958ms)
(node:17953) [MODULE_TYPELESS_PACKAGE_JSON] Warning: Module type of file:///workspaces/zoi-city/.recovery/native-owner-authority-independent-2026-10-03/mobile/src/companyConsole.ts is not specified and it doesn't parse as CommonJS.
Reparsing as ES module because module syntax was detected. This incurs a performance overhead.
To eliminate this warning, add "type": "module" to /workspaces/zoi-city/.recovery/native-owner-authority-independent-2026-10-03/mobile/package.json.
(Use `node --trace-warnings ...` to show where the warning was created)
✔ actual shared queue distinguishes cross-company urgency and selected company filters (7.297183ms)
✔ sparse and retired work does not create deadlines or company completion (23.050495ms)
✔ unknown assignee remains assigned, profile identity is not the signed-in actor (0.349212ms)
✔ queue rejects foreign saved scope (0.43963ms)
✔ queue rejects duplicate saved scope (0.390759ms)
✔ queue rejects invalid-data saved scope (0.197469ms)
✔ queue rejects missing-company saved scope (0.442335ms)
✔ Metro resolves only the exact shared Company CDN edge without altering packages or queries (567.378574ms)
(node:17963) [MODULE_TYPELESS_PACKAGE_JSON] Warning: Module type of file:///workspaces/zoi-city/.recovery/native-owner-authority-independent-2026-10-03/mobile/src/companyHandover.ts is not specified and it doesn't parse as CommonJS.
Reparsing as ES module because module syntax was detected. This incurs a performance overhead.
To eliminate this warning, add "type": "module" to /workspaces/zoi-city/.recovery/native-owner-authority-independent-2026-10-03/mobile/package.json.
(Use `node --trace-warnings ...` to show where the warning was created)
✔ reviewed selected-company JSON preserves nulls and versions, excludes foreign contacts and unqueried files (6.539619ms)
✔ authorized document metadata includes only saved company project IDs and current versions (2.242146ms)
✔ confirmation rejects changed version before handover (1.384064ms)
✔ confirmation rejects changed owner-clear before handover (1.094172ms)
✔ confirmation rejects changed assignment-clear before handover (3.786464ms)
✔ confirmation rejects changed contact-clear before handover (1.031726ms)
✔ confirmation rejects changed removed-company before handover (4.90757ms)
✔ confirmation rejects changed role before handover (1.004585ms)
✔ confirmation rejects changed document-version before handover (2.138232ms)
✔ private document review refuses viewer (0.944112ms)
✔ private document review refuses foreign (0.537603ms)
✔ private document review refuses duplicate (0.4175ms)
✔ private document review refuses missing-project (0.4875ms)
✔ viewer can review saved read-authorized records without accessing private files (2.313459ms)
✔ actual SessionClient handover fences token wait then account (36.83467ms)
✔ actual SessionClient handover fences token wait then workspace (0.716498ms)
✔ actual SessionClient handover fences token wait then unmount (3.421708ms)
✔ actual SessionClient handover fences records wait then account (32.614722ms)
✔ actual SessionClient handover fences records wait then workspace (7.107179ms)
✔ actual SessionClient handover fences records wait then unmount (13.251299ms)
✔ actual SessionClient handover fences documents wait then account (2.440927ms)
✔ actual SessionClient handover fences documents wait then workspace (17.056996ms)
✔ actual SessionClient handover fences documents wait then unmount (1.410032ms)
✔ temporary file cleanup is idempotent and removes the prior copy before replacement (0.371574ms)
✔ actual native handover adapter success protects ephemeral copy (1.284578ms)
✔ actual native handover adapter unavailable protects ephemeral copy (3.761934ms)
✔ actual native handover adapter share-failure protects ephemeral copy (0.78775ms)
✔ actual native handover adapter availability-scope-change protects ephemeral copy (0.539868ms)
✔ actual native handover adapter copy-scope-change protects ephemeral copy (0.67512ms)
✔ actual native handover adapter share-scope-change protects ephemeral copy (2.692938ms)
✔ actual native handover adapter changed-record protects ephemeral copy (0.544556ms)
(node:17964) [MODULE_TYPELESS_PACKAGE_JSON] Warning: Module type of file:///workspaces/zoi-city/.recovery/native-owner-authority-independent-2026-10-03/mobile/src/companyWorkspace.ts is not specified and it doesn't parse as CommonJS.
Reparsing as ES module because module syntax was detected. This incurs a performance overhead.
To eliminate this warning, add "type": "module" to /workspaces/zoi-city/.recovery/native-owner-authority-independent-2026-10-03/mobile/package.json.
(Use `node --trace-warnings ...` to show where the warning was created)
✔ native company aggregates exact active relationships without assuming member Auth identity (9.957621ms)
✔ company draft uses current company ID and existing persisted payload (4.85796ms)
✔ company source rejects foreign (0.501667ms)
✔ company source rejects archived (0.264023ms)
✔ company source rejects missing (0.210422ms)
✔ company source rejects duplicate (0.183233ms)
✔ archived linked project has no company return and archived work is omitted (0.344563ms)
✔ existing roles keep company edit distinct from project work (0.188001ms)
✔ actual SessionClient ignores held Company response after account (114.125098ms)
✔ actual SessionClient ignores held Company response after workspace (2.97303ms)
✔ actual SessionClient ignores held Company response after unmount (1.640272ms)
(node:17978) [MODULE_TYPELESS_PACKAGE_JSON] Warning: Module type of file:///workspaces/zoi-city/.recovery/native-owner-authority-independent-2026-10-03/mobile/src/creator.ts is not specified and it doesn't parse as CommonJS.
Reparsing as ES module because module syntax was detected. This incurs a performance overhead.
To eliminate this warning, add "type": "module" to /workspaces/zoi-city/.recovery/native-owner-authority-independent-2026-10-03/mobile/package.json.
(Use `node --trace-warnings ...` to show where the warning was created)
✔ bio preserves order and unpublished intent in exact server payload (2.636221ms)
✔ bio refuses truncation and unsafe links before save (0.700027ms)
✔ bio needs exact save receipt and never treats empty response as success (0.564454ms)
(node:17987) [MODULE_TYPELESS_PACKAGE_JSON] Warning: Module type of file:///workspaces/zoi-city/.recovery/native-owner-authority-independent-2026-10-03/mobile/src/creatorAccess.ts is not specified and it doesn't parse as CommonJS.
Reparsing as ES module because module syntax was detected. This incurs a performance overhead.
To eliminate this warning, add "type": "module" to /workspaces/zoi-city/.recovery/native-owner-authority-independent-2026-10-03/mobile/package.json.
(Use `node --trace-warnings ...` to show where the warning was created)
✔ authoritative creator denials invalidate private data for reads and writes (2.856613ms)
✔ temporary failure and creator read-only states retain draft and recovery state (0.687794ms)
✔ late denial from an unmounted or different actor cannot clear the current screen (0.406338ms)
✔ successful reads and confirmed writes remain unchanged (0.366186ms)
(node:17988) [MODULE_TYPELESS_PACKAGE_JSON] Warning: Module type of file:///workspaces/zoi-city/.recovery/native-owner-authority-independent-2026-10-03/mobile/src/creatorRecovery.ts is not specified and it doesn't parse as CommonJS.
Reparsing as ES module because module syntax was detected. This incurs a performance overhead.
To eliminate this warning, add "type": "module" to /workspaces/zoi-city/.recovery/native-owner-authority-independent-2026-10-03/mobile/package.json.
(Use `node --trace-warnings ...` to show where the warning was created)
✔ all seven actions execute through durable nonce-only wrapper and validate receipt (6.624698ms)
✔ lost response blocks replacement, exact retry retains immutable memory payload (0.975681ms)
✔ reload has no payload, missing receipt retains fence, cancellation requires exact proof (1.839925ms)
✔ permission denial drops private payload without deleting recovery reference (0.736525ms)
✔ storage failure, corrupt marker and late account change cannot permit dispatch or acknowledgement (0.852011ms)
✔ mismatched saved entity does not discard recovery reference (0.364732ms)
✔ account switch during persisted readback prevents dispatch (0.31613ms)
✔ readback failure after persistence retains marker and fences another send (0.664471ms)
(node:18000) [MODULE_TYPELESS_PACKAGE_JSON] Warning: Module type of file:///workspaces/zoi-city/.recovery/native-owner-authority-independent-2026-10-03/mobile/src/creatorStudio.ts is not specified and it doesn't parse as CommonJS.
Reparsing as ES module because module syntax was detected. This incurs a performance overhead.
To eliminate this warning, add "type": "module" to /workspaces/zoi-city/.recovery/native-owner-authority-independent-2026-10-03/mobile/package.json.
(Use `node --trace-warnings ...` to show where the warning was created)
✔ creator fee is explicit currency units converted to bounded minor units (4.063496ms)
✔ private drafts may be incomplete but sharing needs disclosures and deliverables (0.5409ms)
✔ customer detail rejects internal workspace records and audit data (0.736665ms)
✔ creator mutation receipts require matching workspace and decision request (0.596454ms)
✔ proof links remain explicit public HTTPS links and deliverables honor field limits (0.712801ms)
(node:18002) [MODULE_TYPELESS_PACKAGE_JSON] Warning: Module type of file:///workspaces/zoi-city/.recovery/native-owner-authority-independent-2026-10-03/mobile/src/discovery.ts is not specified and it doesn't parse as CommonJS.
Reparsing as ES module because module syntax was detected. This incurs a performance overhead.
To eliminate this warning, add "type": "module" to /workspaces/zoi-city/.recovery/native-owner-authority-independent-2026-10-03/mobile/package.json.
(Use `node --trace-warnings ...` to show where the warning was created)
✔ saved home applies only to default browsing, global search and temporary city do not overwrite it (2.726461ms)
✔ authoritative preference receipt supports explicit clears and sparse account; malformed receipt refused (0.941147ms)
✔ scope inputs literal and public rows must match chosen city/country/current identity (2.381676ms)
✔ coarse, missing, fake centroids and conflicted street coordinates never become precise pins (2.318268ms)
✔ fresh selected entity must match exact current slug/id and public visibility (0.613366ms)
✔ Directions uses actual same-record reviewed receipt, current address, or explicit provider name search (0.650054ms)
✔ native discovery/map public links carry explicit intent and canonical place without touching home (0.955534ms)
✔ native viewport clusters count real pins, hide coarse points and split with zoom without jitter (1.366181ms)
(node:18009) [MODULE_TYPELESS_PACKAGE_JSON] Warning: Module type of file:///workspaces/zoi-city/.recovery/native-owner-authority-independent-2026-10-03/mobile/src/discoveryMedia.ts is not specified and it doesn't parse as CommonJS.
Reparsing as ES module because module syntax was detected. This incurs a performance overhead.
To eliminate this warning, add "type": "module" to /workspaces/zoi-city/.recovery/native-owner-authority-independent-2026-10-03/mobile/package.json.
(Use `node --trace-warnings ...` to show where the warning was created)
✔ actual public Signature null SQL photo uses exact shared reviewed media on card and selected home (12.949708ms)
✔ owner photo edit and explicit null clear follow shared model on both bounded and full entities (10.875585ms)
✔ owner website edit and clears remove old reviewed imagery without a native override (0.559915ms)
✔ raw profile hero clear and owner all-media clear remain explicit (0.766871ms)
✔ association/quarantined source cannot regain curated media through native (0.565455ms)
✔ sparse, unsafe and failed roles do not infer a photo or leak raw fields (0.622743ms)
✔ official logo-only identity uses model fit and backdrop; poster keeps full aspect (3.967988ms)
✔ gallery-only or interface artwork cannot become native hero (1.427114ms)
✔ legacy selected logo and sparse selected photo preserve fallback semantics (0.737086ms)
(node:18016) [MODULE_TYPELESS_PACKAGE_JSON] Warning: Module type of file:///workspaces/zoi-city/.recovery/native-owner-authority-independent-2026-10-03/mobile/src/discoveryScope.ts is not specified and it doesn't parse as CommonJS.
Reparsing as ES module because module syntax was detected. This incurs a performance overhead.
To eliminate this warning, add "type": "module" to /workspaces/zoi-city/.recovery/native-owner-authority-independent-2026-10-03/mobile/package.json.
(Use `node --trace-warnings ...` to show where the warning was created)
✔ community_me refresh account (48.530516ms)
✔ community_me refresh unmount (1.109712ms)
✔ community_me refresh unchanged (1.4244ms)
✔ community_me response account (21.924755ms)
✔ community_me response unmount (1.493439ms)
✔ community_me response unchanged (4.894186ms)
✔ community_preferences_save refresh account (4.563139ms)
✔ community_preferences_save refresh unmount (0.906412ms)
✔ community_preferences_save refresh unchanged (2.793395ms)
✔ community_preferences_save response account (6.616072ms)
✔ community_preferences_save response unmount (14.412728ms)
✔ community_preferences_save response unchanged (5.648295ms)
✔ no unknown mutations or malformed preference versions dispatch (1.979546ms)
(node:18023) [MODULE_TYPELESS_PACKAGE_JSON] Warning: Module type of file:///workspaces/zoi-city/.recovery/native-owner-authority-independent-2026-10-03/mobile/src/documentScope.ts is not specified and it doesn't parse as CommonJS.
Reparsing as ES module because module syntax was detected. This incurs a performance overhead.
To eliminate this warning, add "type": "module" to /workspaces/zoi-city/.recovery/native-owner-authority-independent-2026-10-03/mobile/package.json.
(Use `node --trace-warnings ...` to show where the warning was created)
✔ actual SessionClient private documents refresh actor (61.710517ms)
✔ actual SessionClient private documents refresh workspace (1.040572ms)
✔ actual SessionClient private documents refresh project (1.02886ms)
✔ actual SessionClient private documents refresh unmount (1.182788ms)
✔ actual SessionClient private documents refresh unchanged (5.298382ms)
✔ actual SessionClient private documents response actor (21.818014ms)
✔ actual SessionClient private documents response workspace (1.361251ms)
✔ actual SessionClient private documents response project (2.972741ms)
✔ actual SessionClient private documents response unmount (2.310503ms)
✔ actual SessionClient private documents response unchanged (1.838622ms)
✔ private document RPC refuses malformed scopes, unknown writers and foreign workspace before dispatch (0.793952ms)
(node:18033) [MODULE_TYPELESS_PACKAGE_JSON] Warning: Module type of file:///workspaces/zoi-city/.recovery/native-owner-authority-independent-2026-10-03/mobile/src/documents.ts is not specified and it doesn't parse as CommonJS.
Reparsing as ES module because module syntax was detected. This incurs a performance overhead.
To eliminate this warning, add "type": "module" to /workspaces/zoi-city/.recovery/native-owner-authority-independent-2026-10-03/mobile/package.json.
(Use `node --trace-warnings ...` to show where the warning was created)
✔ private upload receipt requires workspace, document identity and ready version (2.041832ms)
✔ private attachment requires no-store, attachment headers, correct type and exact bounded size (58.720771ms)
✔ native document selection uses same metadata limits as server (0.808299ms)
(node:18038) [MODULE_TYPELESS_PACKAGE_JSON] Warning: Module type of file:///workspaces/zoi-city/.recovery/native-owner-authority-independent-2026-10-03/mobile/src/drafts.ts is not specified and it doesn't parse as CommonJS.
Reparsing as ES module because module syntax was detected. This incurs a performance overhead.
To eliminate this warning, add "type": "module" to /workspaces/zoi-city/.recovery/native-owner-authority-independent-2026-10-03/mobile/package.json.
(Use `node --trace-warnings ...` to show where the warning was created)
✔ sign-out removal waits for in-flight draft save and prevents queued resurrection (12.377358ms)
✔ switching account blocks previous account queued draft writes (3.78131ms)
✔ publishing requires explicit success and real UUID receipt (0.347548ms)
✔ native map labels share exact source geometry and boundedpreferences (2.128474ms)
✔ native prepared note shares same nontransactional contract (0.825931ms)
(node:18060) ExperimentalWarning: stripTypeScriptTypes is an experimental feature and might change at any time
(Use `node --trace-warnings ...` to show where the warning was created)
✔ guest link carries only canonical selected event, never credentials (1.650742ms)
✔ organiser handoff validates exact selected workspace and event with fresh authority (1.582334ms)
✔ viewer, missing, duplicate and malformed memberships cannot produce operator link (0.716708ms)
✔ selected workspace never falls back to first membership (2.252777ms)
✔ wrong event and denied operator proof cannot open a link (0.787801ms)
✔ late account/workspace switches fence membership and operator responses (11.390886ms)
(node:18068) [MODULE_TYPELESS_PACKAGE_JSON] Warning: Module type of file:///workspaces/zoi-city/.recovery/native-owner-authority-independent-2026-10-03/mobile/src/session.ts is not specified and it doesn't parse as CommonJS.
Reparsing as ES module because module syntax was detected. This incurs a performance overhead.
To eliminate this warning, add "type": "module" to /workspaces/zoi-city/.recovery/native-owner-authority-independent-2026-10-03/mobile/package.json.
(Use `node --trace-warnings ...` to show where the warning was created)
✔ actual session refresh preserves exact authorised event/workspace without credentials in link (56.319858ms)
✔ held actual refresh refuses private send after workspace switch (1.440419ms)
✔ held actual refresh refuses private send after actor switch (0.99636ms)
✔ late private response is refused after scope change (11.806763ms)
✔ invalid actor, guest, lost scope and unsupported RPC refuse dispatch (0.618575ms)
✔ refresh rejection never dispatches private proof (0.3319ms)
(node:18076) [MODULE_TYPELESS_PACKAGE_JSON] Warning: Module type of file:///workspaces/zoi-city/.recovery/native-owner-authority-independent-2026-10-03/mobile/src/eventPlanner.ts is not specified and it doesn't parse as CommonJS.
Reparsing as ES module because module syntax was detected. This incurs a performance overhead.
To eliminate this warning, add "type": "module" to /workspaces/zoi-city/.recovery/native-owner-authority-independent-2026-10-03/mobile/package.json.
(Use `node --trace-warnings ...` to show where the warning was created)
✔ event plans preserve private notes and reject invalid quantities (26.249568ms)
✔ recovery never substitutes profile or plan version (0.720946ms)
✔ current booking reads cannot import foreign private plans (0.388956ms)
✔ resource units enforce one performer, bounded venue guests and equipment units (0.496878ms)
(node:18084) [MODULE_TYPELESS_PACKAGE_JSON] Warning: Module type of file:///workspaces/zoi-city/.recovery/native-owner-authority-independent-2026-10-03/mobile/src/festival.ts is not specified and it doesn't parse as CommonJS.
Reparsing as ES module because module syntax was detected. This incurs a performance overhead.
To eliminate this warning, add "type": "module" to /workspaces/zoi-city/.recovery/native-owner-authority-independent-2026-10-03/mobile/package.json.
(Use `node --trace-warnings ...` to show where the warning was created)
✔ application ignores client prices and validates contact and units (4.0545ms)
✔ commercial offers use exact cents and bounded benefit lines (38.708869ms)
✔ application receipt requires correct actor tenant enquiry and version (0.461402ms)
✔ private pages reject foreign records and invalid pagination (0.53025ms)
✔ public offer action only uses exact matching host UUID (5.794258ms)
(node:18090) [MODULE_TYPELESS_PACKAGE_JSON] Warning: Module type of file:///workspaces/zoi-city/.recovery/native-owner-authority-independent-2026-10-03/mobile/src/generalReservation.ts is not specified and it doesn't parse as CommonJS.
Reparsing as ES module because module syntax was detected. This incurs a performance overhead.
To eliminate this warning, add "type": "module" to /workspaces/zoi-city/.recovery/native-owner-authority-independent-2026-10-03/mobile/package.json.
(Use `node --trace-warnings ...` to show where the warning was created)
✔ interrupted reservation remains blocked after remount and across tier changes, scoped to actor and event (3.389247ms)
✔ only exact confirmed free receipt clears original attempt; malformed and stale confirmations preserve warning (1.238292ms)
✔ storage failure and account change stop request preparation before network action (0.476249ms)
✔ new request recovery accepts only exact nonce/event/tier/quantity receipt, with no contact storage (3.745893ms)
✔ legacy saved requests cannot be upgraded to once protocol, and malformed recovery never clears warning (1.438205ms)
✔ recovered creation receipt cannot imply active ticket after cancellation or closed event (0.393855ms)
✔ signing in cannot bypass an unresolved guest reservation or reuse its nonce as an account request (2.01932ms)
✔ confirmed nonce reference survives reopening without contacts and never claims cached ticket status (1.14641ms)
✔ confirmed references cap at five, expire after one year, and storage failure preserves unresolved warning (3.168235ms)
✔ member state accepts closed group with own history but rejects unrelated membership (1.750038ms)
✔ membership decisions validate tenant identity and exact increment (0.429402ms)
✔ attendance receipt binds event membership and status (0.362036ms)
✔ membership settings cannot cross workspace or skip version (0.330457ms)
(node:18099) [MODULE_TYPELESS_PACKAGE_JSON] Warning: Module type of file:///workspaces/zoi-city/.recovery/native-owner-authority-independent-2026-10-03/mobile/src/inquiries.ts is not specified and it doesn't parse as CommonJS.
Reparsing as ES module because module syntax was detected. This incurs a performance overhead.
To eliminate this warning, add "type": "module" to /workspaces/zoi-city/.recovery/native-owner-authority-independent-2026-10-03/mobile/package.json.
(Use `node --trace-warnings ...` to show where the warning was created)
✔ enquiry start validates actor listing and immutable request payload (10.229138ms)
✔ reply requires exact author thread request and body receipt (0.502769ms)
✔ thread read guards workspace message identity and readonly contract (3.547393ms)
✔ enquiry inputs reject invalid IDs and oversized empty messages (0.33222ms)
(node:18108) [MODULE_TYPELESS_PACKAGE_JSON] Warning: Module type of file:///workspaces/zoi-city/.recovery/native-owner-authority-independent-2026-10-03/mobile/src/privateRequests.ts is not specified and it doesn't parse as CommonJS.
Reparsing as ES module because module syntax was detected. This incurs a performance overhead.
To eliminate this warning, add "type": "module" to /workspaces/zoi-city/.recovery/native-owner-authority-independent-2026-10-03/mobile/package.json.
(Use `node --trace-warnings ...` to show where the warning was created)
✔ restart restores nonce-only metadata and prevents replacement (18.338899ms)
✔ A to B to A protects and preserves original marker (4.991307ms)
✔ SecureStore failure and silent adapter failure prevent dispatch (3.998545ms)
✔ receipt requires exact nonce kind and target; notfound is not cancellation (0.559905ms)
✔ failed recovery keeps marker until confirmed cancellation acknowledgement (2.700746ms)
✔ corrupt active null prevents a replacement inquiry nonce (0.472673ms)
(node:18114) [MODULE_TYPELESS_PACKAGE_JSON] Warning: Module type of file:///workspaces/zoi-city/.recovery/native-owner-authority-independent-2026-10-03/mobile/src/memberStart.ts is not specified and it doesn't parse as CommonJS.
Reparsing as ES module because module syntax was detected. This incurs a performance overhead.
To eliminate this warning, add "type": "module" to /workspaces/zoi-city/.recovery/native-owner-authority-independent-2026-10-03/mobile/package.json.
(Use `node --trace-warnings ...` to show where the warning was created)
✔ server profile identity includes no-deadline assignment and excludes Auth UUID assignment (8.234193ms)
✔ reject ambiguous member scope role (0.485687ms)
✔ reject ambiguous member scope workspace (0.25171ms)
✔ reject ambiguous member scope profile (0.183323ms)
✔ reject ambiguous member scope record (0.199563ms)
✔ actual token refresh fences workspace_team_get actor (53.97447ms)
✔ actual token refresh fences workspace_team_get workspace (1.569511ms)
✔ actual token refresh fences workspace_team_get unmount (3.16047ms)
✔ actual token refresh fences workspace_team_get rotation (3.120686ms)
✔ actual token refresh fences ops_records_list actor (1.182317ms)
✔ actual token refresh fences ops_records_list workspace (1.677462ms)
✔ actual token refresh fences ops_records_list unmount (0.611512ms)
✔ actual token refresh fences ops_records_list rotation (1.44645ms)
✔ actual token refresh fences social_list_posts actor (0.472533ms)
✔ actual token refresh fences social_list_posts workspace (3.275996ms)
✔ actual token refresh fences social_list_posts unmount (1.064717ms)
✔ actual token refresh fences social_list_posts rotation (0.922031ms)
✔ actual token refresh fences booking_operator_list actor (0.395509ms)
✔ actual token refresh fences booking_operator_list workspace (0.409785ms)
✔ actual token refresh fences booking_operator_list unmount (2.376366ms)
✔ actual token refresh fences booking_operator_list rotation (2.243568ms)
✔ held actual response rejects retired actor (30.40603ms)
✔ held actual response rejects retired workspace (1.416815ms)
✔ held actual response rejects retired unmount (0.671574ms)
✔ wrong workspace argument never dispatches (0.225932ms)
(node:18116) [MODULE_TYPELESS_PACKAGE_JSON] Warning: Module type of file:///workspaces/zoi-city/.recovery/native-owner-authority-independent-2026-10-03/mobile/src/music.ts is not specified and it doesn't parse as CommonJS.
Reparsing as ES module because module syntax was detected. This incurs a performance overhead.
To eliminate this warning, add "type": "module" to /workspaces/zoi-city/.recovery/native-owner-authority-independent-2026-10-03/mobile/package.json.
(Use `node --trace-warnings ...` to show where the warning was created)
✔ music prefill honors explicit cleared flat fields over old nested aliases (2.72083ms)
✔ music clearing sends null and leaves unrelated owner fields untouched (1.723849ms)
✔ music validation rejects unsafe links and impossible dates (1.209628ms)
(node:18129) [MODULE_TYPELESS_PACKAGE_JSON] Warning: Module type of file:///workspaces/zoi-city/.recovery/native-owner-authority-independent-2026-10-03/mobile/src/nativeParea.ts is not specified and it doesn't parse as CommonJS.
Reparsing as ES module because module syntax was detected. This incurs a performance overhead.
To eliminate this warning, add "type": "module" to /workspaces/zoi-city/.recovery/native-owner-authority-independent-2026-10-03/mobile/package.json.
(Use `node --trace-warnings ...` to show where the warning was created)
✔ whole-ticket 3/1/5 plan leaves one unassigned and keeps exact individual prices (27.648099ms)
✔ fractional, duplicate, excess and expired plans do not become invitations (1.038068ms)
✔ only current unclaimed guest version can rotate link without extra quota (0.682294ms)
✔ guest choices require current event, explicit deadline proof and unpaid policy version (2.966757ms)
(node:18136) [MODULE_TYPELESS_PACKAGE_JSON] Warning: Module type of file:///workspaces/zoi-city/.recovery/native-owner-authority-independent-2026-10-03/mobile/src/nativePareaClient.ts is not specified and it doesn't parse as CommonJS.
Reparsing as ES module because module syntax was detected. This incurs a performance overhead.
To eliminate this warning, add "type": "module" to /workspaces/zoi-city/.recovery/native-owner-authority-independent-2026-10-03/mobile/package.json.
(Use `node --trace-warnings ...` to show where the warning was created)
✔ event_host_guest_save refresh account (60.700113ms)
✔ event_host_guest_save refresh unmount (1.972563ms)
✔ event_host_guest_save refresh unchanged (1.792837ms)
✔ event_host_guest_save response account (1.242498ms)
✔ event_host_guest_save response unmount (2.933067ms)
✔ event_host_guest_save response unchanged (1.038939ms)
✔ event_host_claim refresh account (0.992824ms)
✔ event_host_claim refresh unmount (3.807388ms)
✔ event_host_claim refresh unchanged (1.722796ms)
✔ event_host_claim response account (1.540145ms)
✔ event_host_claim response unmount (1.363766ms)
✔ event_host_claim response unchanged (1.091517ms)
✔ event_guest_payment_choose refresh account (1.465817ms)
✔ event_guest_payment_choose refresh unmount (1.156579ms)
✔ event_guest_payment_choose refresh unchanged (1.123508ms)
✔ event_guest_payment_choose response account (1.249552ms)
✔ event_guest_payment_choose response unmount (1.031165ms)
✔ event_guest_payment_choose response unchanged (0.995629ms)
✔ actual shared host client persists nonce before dispatch, loss retries same request and token (4.552399ms)
✔ remount cannot retry bearer args, exact missing-result cancellation settles before new request (1.003313ms)
✔ no token or RPC dispatch if durable storage has failed (0.646407ms)
✔ native host never depends on browser structuredClone and rejects non-JSON mutation data (0.784635ms)
✔ durable clear failure blocks new writes until exact storage operation is confirmed (0.775187ms)
(node:18153) [MODULE_TYPELESS_PACKAGE_JSON] Warning: Module type of file:///workspaces/zoi-city/.recovery/native-owner-authority-independent-2026-10-03/mobile/src/nativePareaRecovery.ts is not specified and it doesn't parse as CommonJS.
Reparsing as ES module because module syntax was detected. This incurs a performance overhead.
To eliminate this warning, add "type": "module" to /workspaces/zoi-city/.recovery/native-owner-authority-independent-2026-10-03/mobile/package.json.
(Use `node --trace-warnings ...` to show where the warning was created)
✔ nonce-only durable reference restores in exact account/event and contains no bearer or labels (2.418435ms)
✔ private capabilities and unexpected stored fields fail closed before writes (0.896033ms)
✔ failed persistence retains same queued reference until confirmed, then durable clear (0.62665ms)
✔ account/view invalidation after storage await keeps recovery reference but rejects stale continuation (0.805324ms)
✔ payment recovery includes exact guest/version/method/request only (1.910017ms)
(node:18155) [MODULE_TYPELESS_PACKAGE_JSON] Warning: Module type of file:///workspaces/zoi-city/.recovery/native-owner-authority-independent-2026-10-03/mobile/src/profile.ts is not specified and it doesn't parse as CommonJS.
Reparsing as ES module because module syntax was detected. This incurs a performance overhead.
To eliminate this warning, add "type": "module" to /workspaces/zoi-city/.recovery/native-owner-authority-independent-2026-10-03/mobile/package.json.
(Use `node --trace-warnings ...` to show where the warning was created)
✔ native outward action suppresses held source defaults and imported fallback for every family (5.201872ms)
✔ native published website edits and null/empty clears retain web authority despite stale source holds (2.765754ms)
(node:18164) [MODULE_TYPELESS_PACKAGE_JSON] Warning: Module type of file:///workspaces/zoi-city/.recovery/native-owner-authority-independent-2026-10-03/mobile/src/operations.ts is not specified and it doesn't parse as CommonJS.
Reparsing as ES module because module syntax was detected. This incurs a performance overhead.
To eliminate this warning, add "type": "module" to /workspaces/zoi-city/.recovery/native-owner-authority-independent-2026-10-03/mobile/package.json.
(Use `node --trace-warnings ...` to show where the warning was created)
✔ save receipts require correct workspace, identity and incremented version (1.992831ms)
✔ editor can edit contacts/projects/tasks but not company records; viewers cannot write (0.242172ms)
✔ full-form edits preserve custom existing data and explicitly clear relations (2.320252ms)
✔ invalid deadline and blank title fail before sending (0.411649ms)
✔ projects require company and tasks require project before sending (0.70713ms)
✔ unicode payload byte limit is enforced before sending (11.07768ms)
✔ unmodified deadline preserves its exact timestamp (1.537962ms)
✔ new company has valid default sector and cannot submit blank sector (0.376874ms)
(node:18183) [MODULE_TYPELESS_PACKAGE_JSON] Warning: Module type of file:///workspaces/zoi-city/.recovery/native-owner-authority-independent-2026-10-03/mobile/src/organizationWorkflow.ts is not specified and it doesn't parse as CommonJS.
Reparsing as ES module because module syntax was detected. This incurs a performance overhead.
To eliminate this warning, add "type": "module" to /workspaces/zoi-city/.recovery/native-owner-authority-independent-2026-10-03/mobile/package.json.
(Use `node --trace-warnings ...` to show where the warning was created)
✔ contextual native drafts preserve saved relationships and real writer payload (7.243133ms)
✔ project browser handoff fresh role owner (0.566768ms)
✔ project browser handoff fresh role admin (0.214852ms)
✔ project browser handoff fresh role editor (0.186347ms)
✔ project browser handoff fresh role viewer (0.42316ms)
✔ reject missing project context (0.345415ms)
✔ reject archived project context (0.205083ms)
✔ reject duplicate project context (0.328323ms)
✔ reject foreign project context (3.554456ms)
✔ reject scope project context (0.391451ms)
✔ actual SessionClient held refresh actor (45.318058ms)
✔ actual SessionClient held refresh workspace (1.439588ms)
✔ actual SessionClient held refresh unchanged (1.229796ms)
(node:18188) [MODULE_TYPELESS_PACKAGE_JSON] Warning: Module type of file:///workspaces/zoi-city/.recovery/native-owner-authority-independent-2026-10-03/mobile/src/ownerEditorHandoff.ts is not specified and it doesn't parse as CommonJS.
Reparsing as ES module because module syntax was detected. This incurs a performance overhead.
To eliminate this warning, add "type": "module" to /workspaces/zoi-city/.recovery/native-owner-authority-independent-2026-10-03/mobile/package.json.
(Use `node --trace-warnings ...` to show where the warning was created)
✔ fresh authorization opens only fixed browser editor, with exact authorized listing and without credentials (2.714428ms)
✔ account or workspace switch during authorization never opens browser (0.304629ms)
✔ invalid identity, denied access and mismatched receipts never open browser (5.922447ms)
✔ revoked or failed authorization surfaces failure without opening (0.617713ms)
(node:18219) ExperimentalWarning: stripTypeScriptTypes is an experimental feature and might change at any time
(Use `node --trace-warnings ...` to show where the warning was created)
✔ private link exact canonical event and opaque fragment only (3.329346ms)
✔ current own group counts whole-ticket quantities and expires without paid inference (0.769156ms)
✔ recipient preview rejects expired, cross-event, missing no-payment envelope and malformed amounts (0.630676ms)
✔ own reader binds list and detail IDs and profile distinct from Auth UUID (3.301854ms)
✔ refresh/response scope changes prevent private request or result use (0.750812ms)
(node:18223) [MODULE_TYPELESS_PACKAGE_JSON] Warning: Module type of file:///workspaces/zoi-city/.recovery/native-owner-authority-independent-2026-10-03/mobile/src/placeNavigation.ts is not specified and it doesn't parse as CommonJS.
Reparsing as ES module because module syntax was detected. This incurs a performance overhead.
To eliminate this warning, add "type": "module" to /workspaces/zoi-city/.recovery/native-owner-authority-independent-2026-10-03/mobile/package.json.
(Use `node --trace-warnings ...` to show where the warning was created)
✔ current public slug wins over stale unhashed artist SEO path (1.326437ms)
✔ fallback permits only internal profile routes (0.470489ms)
(node:18253) [MODULE_TYPELESS_PACKAGE_JSON] Warning: Module type of file:///workspaces/zoi-city/.recovery/native-owner-authority-independent-2026-10-03/mobile/src/privateRequests.ts is not specified and it doesn't parse as CommonJS.
Reparsing as ES module because module syntax was detected. This incurs a performance overhead.
To eliminate this warning, add "type": "module" to /workspaces/zoi-city/.recovery/native-owner-authority-independent-2026-10-03/mobile/package.json.
(Use `node --trace-warnings ...` to show where the warning was created)
✔ private recovery stores exact Unicode across bounded secure chunks (18.672621ms)
✔ account switch cannot read or save another account’s private request (3.652499ms)
✔ sign-out cleanup runs after queued writes and removes every chunk (13.05837ms)
✔ incomplete persistence is never mistaken for a retryable request (5.614592ms)
✔ cleanup failure cannot roll back a committed recovery request (5.935292ms)
✔ separate workflows keep distinct encrypted recovery namespaces (1.388906ms)
✔ failed storage cleanup retains a discoverable manifest until explicit cleanup succeeds (2.389962ms)
✔ non-null malformed manifests never masquerade as no pending request (1.735049ms)
✔ valid active-null pending manifest remains interrupted, not empty (0.69637ms)
✔ an active null payload is corruption rather than no pending request (0.586415ms)
(node:18257) [MODULE_TYPELESS_PACKAGE_JSON] Warning: Module type of file:///workspaces/zoi-city/.recovery/native-owner-authority-independent-2026-10-03/mobile/src/profile.ts is not specified and it doesn't parse as CommonJS.
Reparsing as ES module because module syntax was detected. This incurs a performance overhead.
To eliminate this warning, add "type": "module" to /workspaces/zoi-city/.recovery/native-owner-authority-independent-2026-10-03/mobile/package.json.
(Use `node --trace-warnings ...` to show where the warning was created)
✔ profile gives owner fields priority, merges actual socials and labels enrichment (11.393741ms)
✔ profile never fabricates verification or ratings from owner data (3.523007ms)
✔ profile rejects unsafe external schemes and credentials (1.512254ms)
✔ missing entity is absent, not invented profile (0.347429ms)
✔ profile actions require exact server routes and matching booking listing (1.321367ms)
✔ private enquiry entry requires server invitation for this same listing (0.648761ms)
✔ profile photos preserve wide logos, portraits and small artwork (3.046758ms)
✔ image loading supports native source dimensions and web natural dimensions (0.26239ms)
✔ native uses shared phone validity and authoritative owner clear (4.328451ms)
✔ native machine social syntax and exact publisher identity match web while owner links survive (1.814688ms)
✔ native Fournos chain root contacts cannot replace branch base or explicit owner values (1.092199ms)
(node:18270) [MODULE_TYPELESS_PACKAGE_JSON] Warning: Module type of file:///workspaces/zoi-city/.recovery/native-owner-authority-independent-2026-10-03/mobile/src/seating.ts is not specified and it doesn't parse as CommonJS.
Reparsing as ES module because module syntax was detected. This incurs a performance overhead.
To eliminate this warning, add "type": "module" to /workspaces/zoi-city/.recovery/native-owner-authority-independent-2026-10-03/mobile/package.json.
(Use `node --trace-warnings ...` to show where the warning was created)
✔ hold requires exact requested seats and confirmed receipt (2.268375ms)
✔ free confirmation rejects payment, quantity, seat and hold mismatches (0.462093ms)
✔ foreground status restores exact hold and validates cancellation (0.83571ms)
✔ countdown accounts for server clock and clamps expired holds (0.24138ms)
✔ missing inventory stays unavailable and malformed maps never invent seats (0.712891ms)
✔ seat inventory uses actual geometry and rejects unsafe bigint IDs or unknown state (1.014664ms)
(node:18272) [MODULE_TYPELESS_PACKAGE_JSON] Warning: Module type of file:///workspaces/zoi-city/.recovery/native-owner-authority-independent-2026-10-03/mobile/src/session.ts is not specified and it doesn't parse as CommonJS.
Reparsing as ES module because module syntax was detected. This incurs a performance overhead.
To eliminate this warning, add "type": "module" to /workspaces/zoi-city/.recovery/native-owner-authority-independent-2026-10-03/mobile/package.json.
(Use `node --trace-warnings ...` to show where the warning was created)
✔ persists only refresh credential and restores by exchanging it (58.770755ms)
✔ expired concurrent API requests share one refresh and use renewed token (19.826626ms)
✔ invalid refresh removes stored credential and session (1.44611ms)
✔ transient refresh failure preserves credential for recovery (0.375391ms)
✔ sign-out clears device credentials even if revocation is offline (0.454999ms)
✔ in-flight sign-in cannot resurrect a signed-out account (1.474774ms)
✔ anonymous authenticated RPC is rejected without making a request (0.652188ms)
✔ application error envelopes cannot appear as publishing success (0.934224ms)
✔ server-rejected access token clears session without replaying mutation (1.684044ms)
✔ optimistic edit conflict is explained without replaying the write (2.086575ms)
✔ fetch transport uses global receiver required by browsers (0.804993ms)
✔ community validation errors remain actionable without treating them as password failures (1.189691ms)
(node:18276) [MODULE_TYPELESS_PACKAGE_JSON] Warning: Module type of file:///workspaces/zoi-city/.recovery/native-owner-authority-independent-2026-10-03/mobile/src/profile.ts is not specified and it doesn't parse as CommonJS.
Reparsing as ES module because module syntax was detected. This incurs a performance overhead.
To eliminate this warning, add "type": "module" to /workspaces/zoi-city/.recovery/native-owner-authority-independent-2026-10-03/mobile/package.json.
(Use `node --trace-warnings ...` to show where the warning was created)
✔ native public profile excludes held imported identity/contact/media/social without changing base facts (8.912319ms)
✔ native sparse held profile has no foreign fallback (0.659491ms)
✔ native owner profile edits and explicit phone/social/image clears win while wrong source stays held (0.732367ms)
✔ native actual Cafe Boulis profile no longer offers the held foreign tagline (3.413543ms)
✔ native retained receipt timestamps/classification/conflict do not become visible imported fields or enrichment note (0.366885ms)
(node:18298) [MODULE_TYPELESS_PACKAGE_JSON] Warning: Module type of file:///workspaces/zoi-city/.recovery/native-owner-authority-independent-2026-10-03/mobile/src/sponsorFulfillment.ts is not specified and it doesn't parse as CommonJS.
Reparsing as ES module because module syntax was detected. This incurs a performance overhead.
To eliminate this warning, add "type": "module" to /workspaces/zoi-city/.recovery/native-owner-authority-independent-2026-10-03/mobile/package.json.
(Use `node --trace-warnings ...` to show where the warning was created)
✔ fresh approved sponsor ok (2.653655ms)
✔ fresh approved sponsor viewer (0.643622ms)
✔ fresh approved sponsor cancelled (0.302705ms)
✔ fresh approved sponsor foreign (0.292707ms)
✔ fresh approved sponsor capability (0.354902ms)
✔ fresh approved sponsor missing (0.246009ms)
✔ actual SessionClient refresh fence actor (35.150295ms)
✔ actual SessionClient refresh fence workspace (1.507024ms)
✔ actual SessionClient refresh fence unchanged (2.068131ms)
(node:18303) [MODULE_TYPELESS_PACKAGE_JSON] Warning: Module type of file:///workspaces/zoi-city/.recovery/native-owner-authority-independent-2026-10-03/mobile/src/timekeeping.ts is not specified and it doesn't parse as CommonJS.
Reparsing as ES module because module syntax was detected. This incurs a performance overhead.
To eliminate this warning, add "type": "module" to /workspaces/zoi-city/.recovery/native-owner-authority-independent-2026-10-03/mobile/package.json.
(Use `node --trace-warnings ...` to show where the warning was created)
✔ manual time uses explicit validated duration and hourly cents (38.920594ms)
✔ timer start excludes client-controlled start and duration (4.216191ms)
✔ receipts require tenant actor version and terminal state (0.580423ms)
✔ dashboard rejects another editor’s private narrative and foreign timer (0.62694ms)
✔ timesheet CSV prevents formula execution and escapes multiline quotes (1.006459ms)
(node:18317) [MODULE_TYPELESS_PACKAGE_JSON] Warning: Module type of file:///workspaces/zoi-city/.recovery/native-owner-authority-independent-2026-10-03/mobile/src/trips.ts is not specified and it doesn't parse as CommonJS.
Reparsing as ES module because module syntax was detected. This incurs a performance overhead.
To eliminate this warning, add "type": "module" to /workspaces/zoi-city/.recovery/native-owner-authority-independent-2026-10-03/mobile/package.json.
(Use `node --trace-warnings ...` to show where the warning was created)
✔ trip dates require explicit zone and reject reversed or overlong stops (55.687908ms)
✔ private itinerary cannot accept another profile or trip receipt (0.763546ms)
✔ appearance discovery cannot substitute another artist or claim inferred confirmation (1.093541ms)
✔ appearance proposal requires source HTTPS and real distinct listing IDs (4.016949ms)
(node:18319) [MODULE_TYPELESS_PACKAGE_JSON] Warning: Module type of file:///workspaces/zoi-city/.recovery/native-owner-authority-independent-2026-10-03/mobile/src/volunteer.ts is not specified and it doesn't parse as CommonJS.
Reparsing as ES module because module syntax was detected. This incurs a performance overhead.
To eliminate this warning, add "type": "module" to /workspaces/zoi-city/.recovery/native-owner-authority-independent-2026-10-03/mobile/package.json.
(Use `node --trace-warnings ...` to show where the warning was created)
✔ volunteer invitation extracts explicit organization ID only (1.827021ms)
✔ withdrawn public opportunity stays unavailable even if saved shift was scheduled (22.815025ms)
✔ shift actions never reopen cancelled or started history (0.254726ms)
✔ signup and cancellation receipts must identify the same shift and final state (0.655834ms)
✔ organization writes require workspace identity and exact version increment (0.382995ms)
(node:18334) [MODULE_TYPELESS_PACKAGE_JSON] Warning: Module type of file:///workspaces/zoi-city/.recovery/native-owner-authority-independent-2026-10-03/mobile/src/volunteerOperations.ts is not specified and it doesn't parse as CommonJS.
Reparsing as ES module because module syntax was detected. This incurs a performance overhead.
To eliminate this warning, add "type": "module" to /workspaces/zoi-city/.recovery/native-owner-authority-independent-2026-10-03/mobile/package.json.
(Use `node --trace-warnings ...` to show where the warning was created)
✔ org_operation_save actual SessionClient token refresh actor (41.218875ms)
✔ org_operation_save actual SessionClient token refresh workspace (1.236829ms)
✔ org_operation_save actual SessionClient token refresh unchanged (0.767263ms)
✔ org_signup actual SessionClient token refresh actor (0.621821ms)
✔ org_signup actual SessionClient token refresh workspace (3.066685ms)
✔ org_signup actual SessionClient token refresh unchanged (2.409488ms)
✔ org_signup_cancel actual SessionClient token refresh actor (1.160817ms)
✔ org_signup_cancel actual SessionClient token refresh workspace (1.015425ms)
✔ org_signup_cancel actual SessionClient token refresh unchanged (1.300589ms)
✔ org_roster actual SessionClient token refresh actor (0.993686ms)
✔ org_roster actual SessionClient token refresh workspace (0.475207ms)
✔ org_roster actual SessionClient token refresh unchanged (0.676744ms)
✔ lost native create survives remount and clears only exact receipt (1.666251ms)
✔ cancel unknown native create validates workspace/request and preserves marker on wrong response (0.788943ms)
✔ generic authorization denial is recognizable without matching server wording (0.237443ms)
✔ absent installed capability keeps pending recovery and dispatches no operation (0.443268ms)
(node:18346) [MODULE_TYPELESS_PACKAGE_JSON] Warning: Module type of file:///workspaces/zoi-city/.recovery/native-owner-authority-independent-2026-10-03/mobile/src/webHandoffs.ts is not specified and it doesn't parse as CommonJS.
Reparsing as ES module because module syntax was detected. This incurs a performance overhead.
To eliminate this warning, add "type": "module" to /workspaces/zoi-city/.recovery/native-owner-authority-independent-2026-10-03/mobile/package.json.
(Use `node --trace-warnings ...` to show where the warning was created)
✔ music shelf and unscoped personal calendar explicitly reach their actual web capabilities (1.652615ms)
✔ native parish calendar, member discussion and artist homes stay native (0.475167ms)
✔ handoff resolver never opens spoofed hosts or credentials (0.351206ms)
✔ map deep links use the real web map and preserve only public search/place/view context (1.229495ms)
✔ explicit guardian links hand off only public listing context, adult groups stay native (1.043017ms)
(node:18364) ExperimentalWarning: stripTypeScriptTypes is an experimental feature and might change at any time
(Use `node --trace-warnings ...` to show where the warning was created)
✔ roles protect owner/self and admin peer escalation (2.473689ms)
✔ real controller confirms save only after current roster read (1.98161ms)
✔ lost response survives remount; receipt check does not resend (1.640362ms)
✔ unknown request blocks new write and safely cancels (3.040607ms)
✔ conflict refreshes membership; storage failure prevents submission (0.889571ms)
✔ authority loss clears private roster and account change fences calls (1.674747ms)
(node:18365) [MODULE_TYPELESS_PACKAGE_JSON] Warning: Module type of file:///workspaces/zoi-city/.recovery/native-owner-authority-independent-2026-10-03/mobile/src/session.ts is not specified and it doesn't parse as CommonJS.
Reparsing as ES module because module syntax was detected. This incurs a performance overhead.
To eliminate this warning, add "type": "module" to /workspaces/zoi-city/.recovery/native-owner-authority-independent-2026-10-03/mobile/package.json.
(Use `node --trace-warnings ...` to show where the warning was created)
(node:18365) ExperimentalWarning: stripTypeScriptTypes is an experimental feature and might change at any time
✔ only scoped team conflict/cancel envelope passes transport for controller verification (41.932791ms)
✔ exact known team SQL rejection preserved; generic 400 and other RPC remain uncertain (7.101238ms)
✔ real SessionClient quota clears marker; ambiguous400 keeps it;403 clears roster (3.653912ms)
✔ youth programme validates exact bounded ages, places and actual listing (2.515206ms)
✔ enrolment requires explicit authority and consent without inferring age (0.545088ms)
✔ enrolment receipts bind guardian child programme and exact version (0.778052ms)
✔ attendance and instructor assignment receipts reject unrelated identity (4.418419ms)
✔ private operator response rejects another workspace or programme roster (0.515302ms)
✔ public catalogue rejects unrelated listing and private family rejects malformed records (0.421116ms)
(node:18387) [MODULE_TYPELESS_PACKAGE_JSON] Warning: Module type of file:///workspaces/zoi-city/.recovery/native-owner-authority-independent-2026-10-03/mobile/src/youthReadiness.ts is not specified and it doesn't parse as CommonJS.
Reparsing as ES module because module syntax was detected. This incurs a performance overhead.
To eliminate this warning, add "type": "module" to /workspaces/zoi-city/.recovery/native-owner-authority-independent-2026-10-03/mobile/package.json.
(Use `node --trace-warnings ...` to show where the warning was created)
✔ native Youth remains read-only without exact installed actor and guardian capability (1.55347ms)
✔ native organizer readiness additionally binds exact workspace and current role (0.313085ms)
(node:18396) [MODULE_TYPELESS_PACKAGE_JSON] Warning: Module type of file:///workspaces/zoi-city/.recovery/native-owner-authority-independent-2026-10-03/mobile/src/session.ts is not specified and it doesn't parse as CommonJS.
Reparsing as ES module because module syntax was detected. This incurs a performance overhead.
To eliminate this warning, add "type": "module" to /workspaces/zoi-city/.recovery/native-owner-authority-independent-2026-10-03/mobile/package.json.
(Use `node --trace-warnings ...` to show where the warning was created)
✔ actual SessionClient youth refresh account fences private dispatch/result (33.690951ms)
✔ actual SessionClient youth refresh workspace fences private dispatch/result (0.715104ms)
✔ actual SessionClient youth refresh unmount fences private dispatch/result (0.744099ms)
✔ actual SessionClient youth response account fences private dispatch/result (7.697722ms)
✔ actual SessionClient youth response workspace fences private dispatch/result (1.357574ms)
✔ actual SessionClient youth response unmount fences private dispatch/result (1.154866ms)
✔ same actor token rotation sends private request using freshly captured token (1.106226ms)
✔ private method cannot dispatch anonymously; denied status remains recognizable (0.50911ms)
✔ installed native capability binds internal guardian profile separately from Auth (0.276346ms)
ℹ tests 444
ℹ suites 0
ℹ pass 444
ℹ fail 0
ℹ cancelled 0
ℹ skipped 0
ℹ todo 0
ℹ duration_ms 1426.024045
