Starting Metro Bundler

| (node:292986) Warning: The 'NO_COLOR' env is ignored due to the 'FORCE_COLOR' env being set.
| (Use `node --trace-warnings ...` to show where the warning was created)
| (node:292986) Warning: The 'NO_COLOR' env is ignored due to the 'FORCE_COLOR' env being set.
| (Use `node --trace-warnings ...` to show where the warning was created)
Web Bundled 14819ms index.ts (516 modules)
iOS Bundled 22041ms index.ts (934 modules)
Android Bundled 29321ms index.ts (931 modules)

› Assets (2):
assets/zoi-logo.5a531fbd3a49e35f2cb1b6fc3dcd5ad0.png (113KB)
assets/zoi-logo.png (113KB)

› web bundles (2):
_expo/static/js/web/index-2ff1ff7cc4a088cde8f38220e507b445.js (1.4MB)
_expo/static/js/web/index-2ff1ff7cc4a088cde8f38220e507b445.js.map (4.8MB)

› ios bundles (2):
_expo/static/js/ios/index-83aae9f5f9b6b64e36007f0eebaf934a.hbc (2.7MB)
_expo/static/js/ios/index-83aae9f5f9b6b64e36007f0eebaf934a.hbc.map (6.1MB)

› android bundles (2):
_expo/static/js/android/index-fff633974cadefdd77fc05f0338daba3.hbc (2.7MB)
_expo/static/js/android/index-fff633974cadefdd77fc05f0338daba3.hbc.map (6.1MB)

› Files (3):
favicon.ico (15KB)
index.html (1.2KB)
metadata.json (368B)

Exported: /tmp/zoi-next-hour-platforms-20261003
