✔ map loader bounds concurrency at four and stops after the first short page (14.229188ms)
✔ an outage stops after the first page probe and never becomes an empty success (1.096228ms)
✔ failed or malformed pages remain explicit holes in partial results (1.325877ms)
✔ a full configured cap is marked truncated and not complete (0.447345ms)
✔ known empty first page is a real empty dataset; out-of-range failures do not invent holes (0.295813ms)
✔ selection focus respects precision, viewport occlusion and reduced motion (0.331599ms)
✔ invalid coordinates never enter MapLibre while valid zero coordinates remain valid (0.426597ms)
✔ search bounds use only finite street-level coordinates, keep zero and never invent an empty destination (0.661356ms)
✔ selecting a city-positioned place preserves a closer manual zoom instead of jumping back out (1.446813ms)
✔ transient page failures retry at most twice inside the four worker slots (2.288866ms)
✔ exhausted network retries remain explicit partial coverage and invalid responses are not retried (0.830672ms)
✔ unmapped deep links preserve exact identity without inventing any coordinates (0.553213ms)
✔ unmapped identity survives resize moveend and late response cannot replace a new selection (4.10554ms)
✔ coarse and unknown coordinates never become premises or move search bounds (0.501517ms)
✔ false street labels reused across cities or many addresses remain unplotted (0.954653ms)
✔ coordinate guards reject coercion values and dual-zero while retaining real zero-axis locations (0.423742ms)
✔ area search retains scoped unmapped results, paginates truthfully and never supplies coordinates (1.05947ms)
✔ area responses cannot overwrite changed account/location, and failure stays retryable (0.601033ms)
✔ scoped area response rejects wrong country and private rows without promoting returned coordinates (0.451604ms)
✔ service outage retries only the health probe, never starts parallel directory reads (0.496146ms)
✔ unlocated published address search keeps exact place identity and never routes by coordinates (0.699247ms)
✔ address lookup refuses city-only, country-only, absent, non-text and oversized addresses (0.397193ms)
✔ fresh explicit address edit and clear override earlier place without using map scope as locality (0.459489ms)
✔ actual map directions refuse unreviewed numeric points and recover published address search (2.31288ms)
✔ actual map numeric directions require exact identity and coordinate receipt, and fresh clear cannot retain old action (2.107136ms)
✔ global startup reader is explicit opt-in and retains bounded public pagination without coordinates (0.817608ms)
✔ global startup account invalidation drops a pending result and failure remains retryable (0.576066ms)
✔ actual Escape and close handlers return keyboard focus after selected preview is removed (2.67676ms)
✔ actual search input clears the prior selected view before refreshing and keeps the new query (2.026957ms)
✔ every production precision value resolves to a defined label (1.733048ms)
✔ an unrecorded precision is never called "approximate" (0.338883ms)
✔ only rooftop, address and street count as exact (0.234859ms)
✔ spelling variants collapse to one tier (0.178975ms)
✔ precision lookup is case-insensitive (0.188462ms)
✔ rank orders the tiers monotonically (0.177491ms)
✔ published-address search uses exact record name/address while coordinates remain unverified (0.768415ms)
✔ an unverified coordinate is never a routing destination (0.185476ms)
✔ a street tag without reviewed proof cannot route by coordinate (0.219581ms)
✔ a record with neither address nor city yields no directions link (0.276046ms)
✔ directions destinations are url-encoded (0.428781ms)
✔ zoom follows the accuracy radius (0.263362ms)
✔ a missing or zero accuracy does not pretend to be precise (0.232915ms)
✔ the coarse-fix threshold is a real-world city radius (0.16605ms)
✔ the map ships a directions affordance (0.137226ms)
✔ the stale precision fallback copy is gone (0.148248ms)
✔ precision is never inferred from coordinate collisions (0.261037ms)
✔ a selected place is addressable in the url (0.130724ms)
✔ partial directory failures are counted, not swallowed (0.123621ms)
✔ latin diacritics fold so unaccented typing finds accented names (0.181288ms)
✔ greek tonos folds so untoned typing finds toned names (0.176581ms)
✔ greek final sigma folds to sigma (0.150761ms)
✔ folding is idempotent and total (0.285293ms)
✔ folding does not collapse distinct words (0.12307ms)
✔ conflicting street metadata and missing address supply no numerical or guessed name destination (1.235759ms)
✔ invalid street coordinates cannot become directions destination (0.477983ms)
✔ independent reviewed destination supersedes incomplete imported address (0.742918ms)
✔ incomplete global cohorts suppress ordinary plot eligibility while exact reviewed routing remains independent (0.470669ms)
✔ device saves persist exact public slug, remove without duplicate and sanitize corrupt storage (1.935075ms)
✔ storage denial cannot fabricate saved completion and storage cap is bounded (0.672145ms)
✔ spoken summary preserves public facts and precision, never implies turn-by-turn directions (0.616852ms)
✔ read-aloud starts only on explicit action, stops on hide/destroy and ignores superseded callbacks (2.711897ms)
ℹ tests 61
ℹ suites 0
ℹ pass 61
ℹ fail 0
ℹ cancelled 0
ℹ skipped 0
ℹ todo 0
ℹ duration_ms 127.942596
