node:internal/modules/run_main:107
    triggerUncaughtException(
    ^

AssertionError [ERR_ASSERTION]: Expected values to be strictly deep-equal:
+ actual - expected

+ [
+   {
+     method: 'POST',
+     url: 'https://csebihpaychdkanjjsmz.supabase.co/rest/v1/rpc/inquiry_availability'
+   }
+ ]
- []

    at file:///workspaces/zoi-city/.recovery/community-release/tests/browser/artist-publisher-independent/verify.mjs:65:125 {
  generatedMessage: true,
  code: 'ERR_ASSERTION',
  actual: [
    {
      method: 'POST',
      url: 'https://csebihpaychdkanjjsmz.supabase.co/rest/v1/rpc/inquiry_availability'
    }
  ],
  expected: [],
  operator: 'deepStrictEqual',
  diff: 'simple'
}

Node.js v24.14.0
