(node:69127) [MODULE_TYPELESS_PACKAGE_JSON] Warning: Module type of file:///tmp/zoi-native-media-independent-p5ydhhuu/mobile/src/discoveryMedia.ts is not specified and it doesn't parse as CommonJS.
Reparsing as ES module because module syntax was detected. This incurs a performance overhead.
To eliminate this warning, add "type": "module" to /tmp/zoi-native-media-independent-p5ydhhuu/mobile/package.json.
(Use `node --trace-warnings ...` to show where the warning was created)
✔ actual public Signature null SQL photo uses exact shared reviewed media on card and selected home (7.271184ms)
✔ owner photo edit and explicit null clear follow shared model on both bounded and full entities (2.272956ms)
✔ owner website edit and clears remove old reviewed imagery without a native override (0.547232ms)
✔ raw profile hero clear and owner all-media clear remain explicit (0.542443ms)
✔ association/quarantined source cannot regain curated media through native (0.363318ms)
✔ sparse, unsafe and failed roles do not infer a photo or leak raw fields (0.364061ms)
✔ official logo-only identity uses model fit and backdrop; poster keeps full aspect (0.550388ms)
✔ gallery-only or interface artwork cannot become native hero (0.750562ms)
✔ legacy selected logo and sparse selected photo preserve fallback semantics (0.33699ms)
ℹ tests 9
ℹ suites 0
ℹ pass 9
ℹ fail 0
ℹ cancelled 0
ℹ skipped 0
ℹ todo 0
ℹ duration_ms 147.648695
