locator.selectOption: Timeout 30000ms exceeded.
Call log:
[2m  - waiting for locator('[data-find]')[22m
[2m    - locator resolved to <select data-find="">…</select>[22m
[2m  - attempting select option action[22m
[2m    2 × waiting for element to be visible and enabled[22m
[2m      - element is not visible[22m
[2m    - retrying select option action[22m
[2m    - waiting 20ms[22m
[2m    2 × waiting for element to be visible and enabled[22m
[2m      - element is not visible[22m
[2m    - retrying select option action[22m
[2m      - waiting 100ms[22m
[2m    50 × waiting for element to be visible and enabled[22m
[2m       - element is not visible[22m
[2m     - retrying select option action[22m
[2m       - waiting 500ms[22m

    at /workspaces/zoi-city/.recovery/event-guest-finish-20261003/tests/browser/event-guest-finish/verify.cjs:17:724 {
  log: [
    "  - waiting for locator('[data-find]')",
    '    - locator resolved to <select data-find="">…</select>',
    '  - attempting select option action',
    '    2 × waiting for element to be visible and enabled',
    '      - element is not visible',
    '    - retrying select option action',
    '    - waiting 20ms',
    '    2 × waiting for element to be visible and enabled',
    '      - element is not visible',
    '    - retrying select option action',
    '      - waiting 100ms',
    '    50 × waiting for element to be visible and enabled',
    '       - element is not visible',
    '     - retrying select option action',
    '       - waiting 500ms'
  ],
  name: 'TimeoutError'
}
{"status":"failed","cases":[{"kind":"toronto","width":390,"steps":[]}]}
