locator.click: Timeout 30000ms exceeded.
Call log:
[2m  - waiting for locator('[data-table="9"]').first()[22m
[2m    - locator resolved to <button type="button" tabindex="-1" data-table="9" aria-pressed="false" aria-label="Table 9. Printed category $200. Availability unknown.">…</button>[22m
[2m  - attempting click action[22m
[2m    2 × waiting for element to be visible, enabled and stable[22m
[2m      - element is not visible[22m
[2m    - retrying click action[22m
[2m    - waiting 20ms[22m
[2m    2 × waiting for element to be visible, enabled and stable[22m
[2m      - element is not visible[22m
[2m    - retrying click action[22m
[2m      - waiting 100ms[22m
[2m    50 × waiting for element to be visible, enabled and stable[22m
[2m       - element is not visible[22m
[2m     - retrying click action[22m
[2m       - waiting 500ms[22m

    at /workspaces/zoi-city/.recovery/event-guest-finish-20261003/tests/browser/event-guest-finish/verify.cjs:17:737 {
  log: [
    `  - waiting for locator('[data-table="9"]').first()`,
    '    - locator resolved to <button type="button" tabindex="-1" data-table="9" aria-pressed="false" aria-label="Table 9. Printed category $200. Availability unknown.">…</button>',
    '  - attempting click action',
    '    2 × waiting for element to be visible, enabled and stable',
    '      - element is not visible',
    '    - retrying click action',
    '    - waiting 20ms',
    '    2 × waiting for element to be visible, enabled and stable',
    '      - element is not visible',
    '    - retrying click action',
    '      - waiting 100ms',
    '    50 × waiting for element to be visible, enabled and stable',
    '       - element is not visible',
    '     - retrying click action',
    '       - waiting 500ms'
  ],
  name: 'TimeoutError'
}
{"status":"failed","cases":[{"kind":"toronto","width":390,"steps":[]}]}
