✔ table discovery belongs only to real event pages and honours hidden offerings (16.631982ms)
✔ generic venue inherits four designs using only its own spaces and capacity (1.743716ms)
✔ generic event uses actual published metadata with no price or seating inference (1.115553ms)
✔ owner clears, visibility, unsafe sources and internal capability boundaries fail closed (3.739591ms)
✔ hidden/reordered generic sections and escaped authored copy preserve same renderer contract (0.835329ms)
✔ current canonical and Toronto compatibility route share same private event key (1.848742ms)
✔ private notes preserve exact Unicode title and whole tickets; legacy is read-only (2.267133ms)
✔ malformed quantities, contact fields and source labels never silently restore (0.624034ms)
✔ identity outage remains unavailable; retry is single flight and never writes (1.755969ms)
✔ mismatched identity, malformed map, timeout and disposed late replies are fenced (11.138004ms)
✔ source image positions cover all118 exact printed labels within800x659 (2.571321ms)
✔ preferences bounded and enquiry never asserts inventory (0.897075ms)
✔ venue enquiry validates actual date and bounded guest count (0.770719ms)
✔ four reusable designs honor escapedcopy visibility and canonical defaults (6.999147ms)
✔ Signature company HQ four designs separate archive/festival and real concert destination (8.154445ms)
✔ owner explicit identity fields/gallery clears remain authoritative and safe (7.448937ms)
✔ owner section visibility/order and copy have no broken anchors or injected markup (1.85368ms)
✔ curated company identity cannot leak to another business; Parkview keeps own renderer (3.403594ms)
✔ announced artists link exact existing profiles with explicit provider playback only (0.76039ms)
✔ artist card uses immutable IDs rather than filtered position (0.825261ms)
✔ concert scene uses every exact source position without mutating source geometry (4.189692ms)
✔ invalid IDs, dimensions, duplicate positions and unreviewed price bands rejected (0.712149ms)
✔ explicit separate event-screen consent required; new uploads remain pending until current moderator approves (12.32454ms)
✔ cross-event, other author, social URLs, unready uploads, SVG, credentials and arbitrary providers are rejected (7.872692ms)
✔ approval needs role, current membership, same event and exact revision; consent version changes hide old approval (0.866238ms)
✔ owner revocation is immediate and idempotent; operator removal cannot be republished (0.645955ms)
✔ no photos before event, after screen expiry, malformed time, future consent or expired consent; tags are display only (0.5193ms)
✔ sponsor must match event and placement, active dates and approval; no campaign fabricated when missing (0.465919ms)
✔ approval and screen require positive revisions and chronological submission/consent/moderation (0.714323ms)
✔ Parea hero links reach the group planner; explicit Explore still opens the room (4.446933ms)
✔ canonical entry binds anonymous public event identity separately from private saves (3.9902ms)
✔ shared private plan tools clear with account switch and BFCache remount (1.893455ms)
✔ save action reaches shared controller without resetting the parea (1.339982ms)
✔ placements require exact event, configuration, revision and active approval (2.483657ms)
✔ unsafe URLs, duplicate placements, oversize copy rejected; no fabricated pricing/order fields (0.888288ms)
✔ facing configuration has two five-cushion couches opposite each other, no table ID mapping (3.14953ms)
✔ open rectangular concept has three couch sides and remains descriptive not sellable capacity (0.662226ms)
✔ per-guest quote and uneven group shares conserve cents without claiming payment (3.601174ms)
✔ currency input refuses rounding, exponents, negative values and unsupported group size (0.715196ms)
✔ prepayment gate stays closed until every operational prerequisite is configured (0.423761ms)
✔ sponsors require approval, exact placement and active campaign; links cannot execute code (0.486769ms)
✔ one reusable Parea context does not transplant Toronto source pricing into other events (1.269079ms)
✔ planning invitations carry only the intended whole-ticket share and public event, never guest tokens or contacts (0.60521ms)
✔ real contract-shaped save validates receipt and stores no guest names in durable marker (26.382588ms)
✔ uncertain save retries identical nonce and payload; fresh save blocked (2.365917ms)
✔ reload of unknown new plan retains marker and blocks duplicate replacement (1.410834ms)
✔ account switch discards stale returned private plan without clearing prior account marker (7.256021ms)
✔ denied storage prevents write, known version conflict permits reload and malformed selections denied (1.26943ms)
✔ reviewing a saved plan does not silently bind an unrestored customer form as its edit target (0.753958ms)
✔ actual backend required contact fields are validated before RPC and never persisted in nonce marker (0.901893ms)
✔ private plan supports explicit IANA timezone across global events and rejects invented timezone (1.175295ms)
✔ changed source context rejects editor adoption before binding a saved plan target (0.869643ms)
✔ reloaded pending reference is discoverable without issuing an RPC or adopting an edit target (0.586345ms)
✔ explicit price, unknown stock/allergens and draft status preserved without inference (3.200705ms)
✔ CSV quotes, BOM, errors and explicit booleans prevent silent zero/free defaults (1.70856ms)
✔ duplicate CSV IDs and unsupported currency produce review errors (0.460961ms)
✔ eligibility binds exact version, zone, availability, stock, alcohol and real mapping (0.940627ms)
✔ reorder proposal contains only exact IDs and version, never stale price or stock writes (1.678354ms)
✔ string or numeric alcohol authorization cannot bypass the strict authorization flag (0.39112ms)
✔ different draft identifiers cannot alias one server item and evade stock checks (1.074466ms)
✔ CSV rejects formula cells, malformed quote tails and explicit invalid booleans without coercion (3.330097ms)
✔ undefined stock and imprecise cents fail rather than assuming unlimited or free (0.41206ms)
✔ first HTML includes the same real concert shell used by client hydration (1.154706ms)
✔ scene styles are available before the room is rendered (0.179204ms)
✔ actual numbered choices derive their published perguest tier without a second space selector (2.329409ms)
✔ mixed alternatives never invent a single price and empty choices do not imply selection (0.452063ms)
✔ published image trace has each numbered position1to118 once, bounded and nonoverlapping (4.591112ms)
✔ source anchor positions and categories agree with visually reviewed floorplan (0.437327ms)
✔ keyboard spatial moves follow the published rows instead of numerical seat order (0.704466ms)
✔ preferences carry only source plan identity and max3 verified table labels (0.566387ms)
✔ sponsors require approval and exact table plus safe destination; no sponsor invented by default (0.461902ms)
✔ sponsor schedule is explicit, current, exclusive at end and scoped to this event (0.244837ms)
✔ guest preference ordering is immutable, exact-ID bounded and never changes floor geometry (0.964982ms)
✔ mixed or mismatched source table price bands cannot produce a selected-budget subtotal (9.401472ms)
ℹ tests 74
ℹ suites 0
ℹ pass 74
ℹ fail 0
ℹ cancelled 0
ℹ skipped 0
ℹ todo 0
ℹ duration_ms 180.737077
