✔ table discovery belongs only to real event pages and honours hidden offerings (12.591799ms)
✔ generic venue inherits four designs using only its own spaces and capacity (1.703901ms)
✔ generic event uses actual published metadata with no price or seating inference (0.99114ms)
✔ owner clears, visibility, unsafe sources and internal capability boundaries fail closed (2.5227ms)
✔ hidden/reordered generic sections and escaped authored copy preserve same renderer contract (0.577789ms)
✔ current canonical and Toronto compatibility route share same private event key (0.959562ms)
✔ private notes preserve exact Unicode title and whole tickets; legacy is read-only (1.500381ms)
✔ malformed quantities, contact fields and source labels never silently restore (0.483113ms)
✔ identity outage remains unavailable; retry is single flight and never writes (1.070869ms)
✔ mismatched identity, malformed map, timeout and disposed late replies are fenced (11.250797ms)
✔ source image positions cover all118 exact printed labels within800x659 (1.595869ms)
✔ preferences bounded and enquiry never asserts inventory (0.491908ms)
✔ venue enquiry validates actual date and bounded guest count (0.535249ms)
✔ four reusable designs honor escapedcopy visibility and canonical defaults (4.293316ms)
✔ Parea hero links reach the group planner; explicit Explore still opens the room (2.860821ms)
✔ canonical entry binds anonymous public event identity separately from private saves (2.26604ms)
✔ shared private plan tools clear with account switch and BFCache remount (1.016207ms)
✔ save action reaches shared controller without resetting the parea (0.876025ms)
✔ real contract-shaped save validates receipt and stores no guest names in durable marker (21.620104ms)
✔ uncertain save retries identical nonce and payload; fresh save blocked (1.716104ms)
✔ reload of unknown new plan retains marker and blocks duplicate replacement (1.04984ms)
✔ account switch discards stale returned private plan without clearing prior account marker (5.341292ms)
✔ denied storage prevents write, known version conflict permits reload and malformed selections denied (2.109558ms)
✔ reviewing a saved plan does not silently bind an unrestored customer form as its edit target (0.731395ms)
✔ actual backend required contact fields are validated before RPC and never persisted in nonce marker (0.762414ms)
ℹ tests 25
ℹ suites 0
ℹ pass 25
ℹ fail 0
ℹ cancelled 0
ℹ skipped 0
ℹ todo 0
ℹ duration_ms 101.984521
