✔ table discovery belongs only to real event pages and honours hidden offerings (22.730886ms)
✔ generic venue inherits four designs using only its own spaces and capacity (1.937528ms)
✔ generic event uses actual published metadata with no price or seating inference (1.448675ms)
✔ owner clears, visibility, unsafe sources and internal capability boundaries fail closed (4.184412ms)
✔ hidden/reordered generic sections and escaped authored copy preserve same renderer contract (0.715726ms)
✔ current canonical and Toronto compatibility route share same private event key (1.409161ms)
✔ private notes preserve exact Unicode title and whole tickets; legacy is read-only (2.674724ms)
✔ malformed quantities, contact fields and source labels never silently restore (0.633422ms)
✔ identity outage remains unavailable; retry is single flight and never writes (1.542119ms)
✔ mismatched identity, malformed map, timeout and disposed late replies are fenced (13.919758ms)
✔ source image positions cover all118 exact printed labels within800x659 (2.806509ms)
✔ preferences bounded and enquiry never asserts inventory (0.758636ms)
✔ venue enquiry validates actual date and bounded guest count (0.673788ms)
✔ four reusable designs honor escapedcopy visibility and canonical defaults (6.493223ms)
✔ Signature company HQ four designs separate archive/festival and real concert destination (9.382366ms)
✔ owner explicit identity fields/gallery clears remain authoritative and safe (7.978816ms)
✔ owner section visibility/order and copy have no broken anchors or injected markup (1.794891ms)
✔ curated company identity cannot leak to another business; Parkview keeps own renderer (3.52446ms)
✔ announced artists link exact existing profiles with explicit provider playback only (0.767102ms)
✔ artist card uses immutable IDs rather than filtered position (0.892948ms)
✔ concert scene uses every exact source position without mutating source geometry (4.425943ms)
✔ invalid IDs, dimensions, duplicate positions and unreviewed price bands rejected (0.633673ms)
✔ explicit separate event-screen consent required; new uploads remain pending until current moderator approves (6.622494ms)
✔ cross-event, other author, social URLs, unready uploads, SVG, credentials and arbitrary providers are rejected (1.824947ms)
✔ approval needs role, current membership, same event and exact revision; consent version changes hide old approval (0.940946ms)
✔ owner revocation is immediate and idempotent; operator removal cannot be republished (0.702962ms)
✔ no photos before event, after screen expiry, malformed time, future consent or expired consent; tags are display only (0.597255ms)
✔ sponsor must match event and placement, active dates and approval; no campaign fabricated when missing (0.633603ms)
✔ approval and screen require positive revisions and chronological submission/consent/moderation (1.306299ms)
✔ Parea hero links reach the group planner; explicit Explore still opens the room (4.70295ms)
✔ canonical entry binds anonymous public event identity separately from private saves (4.095938ms)
✔ shared private plan tools clear with account switch and BFCache remount (2.530213ms)
✔ save action reaches shared controller without resetting the parea (1.79435ms)
✔ placements require exact event, configuration, revision and active approval (5.036604ms)
✔ unsafe URLs, duplicate placements, oversize copy rejected; no fabricated pricing/order fields (0.568511ms)
✔ facing configuration has two five-cushion couches opposite each other, no table ID mapping (1.991789ms)
✔ open rectangular concept has three couch sides and remains descriptive not sellable capacity (0.783803ms)
✔ per-guest quote and uneven group shares conserve cents without claiming payment (3.683758ms)
✔ currency input refuses rounding, exponents, negative values and unsupported group size (0.694547ms)
✔ prepayment gate stays closed until every operational prerequisite is configured (0.451853ms)
✔ sponsors require approval, exact placement and active campaign; links cannot execute code (0.455771ms)
✔ one reusable Parea context does not transplant Toronto source pricing into other events (1.308122ms)
✔ planning invitations carry only the intended whole-ticket share and public event, never guest tokens or contacts (0.603286ms)
✔ real contract-shaped save validates receipt and stores no guest names in durable marker (27.13492ms)
✔ uncertain save retries identical nonce and payload; fresh save blocked (2.127592ms)
✔ reload of unknown new plan retains marker and blocks duplicate replacement (1.344079ms)
✔ account switch discards stale returned private plan without clearing prior account marker (6.466988ms)
✔ denied storage prevents write, known version conflict permits reload and malformed selections denied (3.108724ms)
✔ reviewing a saved plan does not silently bind an unrestored customer form as its edit target (1.103269ms)
✔ actual backend required contact fields are validated before RPC and never persisted in nonce marker (1.157291ms)
✔ explicit price, unknown stock/allergens and draft status preserved without inference (3.525642ms)
✔ CSV quotes, BOM, errors and explicit booleans prevent silent zero/free defaults (1.84233ms)
✔ duplicate CSV IDs and unsupported currency produce review errors (0.495515ms)
✔ eligibility binds exact version, zone, availability, stock, alcohol and real mapping (1.340833ms)
✔ reorder proposal contains only exact IDs and version, never stale price or stock writes (1.624954ms)
✔ string or numeric alcohol authorization cannot bypass the strict authorization flag (0.443868ms)
✔ different draft identifiers cannot alias one server item and evade stock checks (0.897897ms)
✔ CSV rejects formula cells, malformed quote tails and explicit invalid booleans without coercion (2.81858ms)
✔ undefined stock and imprecise cents fail rather than assuming unlimited or free (0.501055ms)
✔ first HTML includes the same real concert shell used by client hydration (1.497064ms)
✔ scene styles are available before the room is rendered (0.234708ms)
✔ actual numbered choices derive their published perguest tier without a second space selector (2.254519ms)
✔ mixed alternatives never invent a single price and empty choices do not imply selection (0.67513ms)
✔ published image trace has each numbered position1to118 once, bounded and nonoverlapping (5.213974ms)
✔ source anchor positions and categories agree with visually reviewed floorplan (0.427849ms)
✔ keyboard spatial moves follow the published rows instead of numerical seat order (0.642449ms)
✔ preferences carry only source plan identity and max3 verified table labels (0.637931ms)
✔ sponsors require approval and exact table plus safe destination; no sponsor invented by default (0.517797ms)
✔ sponsor schedule is explicit, current, exclusive at end and scoped to this event (0.240479ms)
✔ guest preference ordering is immutable, exact-ID bounded and never changes floor geometry (0.82461ms)
✔ mixed or mismatched source table price bands cannot produce a selected-budget subtotal (9.386705ms)
ℹ tests 71
ℹ suites 0
ℹ pass 71
ℹ fail 0
ℹ cancelled 0
ℹ skipped 0
ℹ todo 0
ℹ duration_ms 182.513
