✔ table discovery belongs only to real event pages and honours hidden offerings (18.838355ms)
✔ generic venue inherits four designs using only its own spaces and capacity (1.600979ms)
✔ generic event uses actual published metadata with no price or seating inference (1.289047ms)
✔ owner clears, visibility, unsafe sources and internal capability boundaries fail closed (3.052479ms)
✔ hidden/reordered generic sections and escaped authored copy preserve same renderer contract (0.633022ms)
✔ current canonical and Toronto compatibility route share same private event key (1.639671ms)
✔ private notes preserve exact Unicode title and whole tickets; legacy is read-only (2.271761ms)
✔ malformed quantities, contact fields and source labels never silently restore (0.765128ms)
✔ identity outage remains unavailable; retry is single flight and never writes (1.66054ms)
✔ mismatched identity, malformed map, timeout and disposed late replies are fenced (14.158835ms)
✔ source image positions cover all118 exact printed labels within800x659 (2.299984ms)
✔ preferences bounded and enquiry never asserts inventory (0.667295ms)
✔ venue enquiry validates actual date and bounded guest count (0.681843ms)
✔ four reusable designs honor escapedcopy visibility and canonical defaults (5.91843ms)
✔ Signature company HQ four designs separate archive/festival and real concert destination (8.663175ms)
✔ owner explicit identity fields/gallery clears remain authoritative and safe (7.729771ms)
✔ owner section visibility/order and copy have no broken anchors or injected markup (1.696237ms)
✔ curated company identity cannot leak to another business; Parkview keeps own renderer (3.546631ms)
✔ announced artists link exact existing profiles with explicit provider playback only (0.844968ms)
✔ artist card uses immutable IDs rather than filtered position (0.91045ms)
✔ concert scene uses every exact source position without mutating source geometry (4.651625ms)
✔ invalid IDs, dimensions, duplicate positions and unreviewed price bands rejected (0.717931ms)
✔ explicit separate event-screen consent required; new uploads remain pending until current moderator approves (13.004028ms)
✔ cross-event, other author, social URLs, unready uploads, SVG, credentials and arbitrary providers are rejected (2.617166ms)
✔ approval needs role, current membership, same event and exact revision; consent version changes hide old approval (0.827455ms)
✔ owner revocation is immediate and idempotent; operator removal cannot be republished (0.710547ms)
✔ no photos before event, after screen expiry, malformed time, future consent or expired consent; tags are display only (0.545719ms)
✔ sponsor must match event and placement, active dates and approval; no campaign fabricated when missing (0.413633ms)
✔ approval and screen require positive revisions and chronological submission/consent/moderation (1.079095ms)
✔ Parea hero links reach the group planner; explicit Explore still opens the room (5.308551ms)
✔ canonical entry binds anonymous public event identity separately from private saves (4.312372ms)
✔ shared private plan tools clear with account switch and BFCache remount (1.648248ms)
✔ save action reaches shared controller without resetting the parea (1.345151ms)
✔ placements require exact event, configuration, revision and active approval (4.360231ms)
✔ unsafe URLs, duplicate placements, oversize copy rejected; no fabricated pricing/order fields (0.543796ms)
✔ facing configuration has two five-cushion couches opposite each other, no table ID mapping (2.130407ms)
✔ open rectangular concept has three couch sides and remains descriptive not sellable capacity (0.655775ms)
✔ per-guest quote and uneven group shares conserve cents without claiming payment (3.191106ms)
✔ currency input refuses rounding, exponents, negative values and unsupported group size (0.633112ms)
✔ prepayment gate stays closed until every operational prerequisite is configured (0.421397ms)
✔ sponsors require approval, exact placement and active campaign; links cannot execute code (0.383175ms)
✔ one reusable Parea context does not transplant Toronto source pricing into other events (1.03924ms)
✔ planning invitations carry only the intended whole-ticket share and public event, never guest tokens or contacts (0.561568ms)
✔ real contract-shaped save validates receipt and stores no guest names in durable marker (28.65039ms)
✔ uncertain save retries identical nonce and payload; fresh save blocked (1.810239ms)
✔ reload of unknown new plan retains marker and blocks duplicate replacement (1.287965ms)
✔ account switch discards stale returned private plan without clearing prior account marker (6.410398ms)
✔ denied storage prevents write, known version conflict permits reload and malformed selections denied (1.246297ms)
✔ reviewing a saved plan does not silently bind an unrestored customer form as its edit target (0.769376ms)
✔ actual backend required contact fields are validated before RPC and never persisted in nonce marker (0.737045ms)
✔ private plan supports explicit IANA timezone across global events and rejects invented timezone (1.059759ms)
✔ changed source context rejects editor adoption before binding a saved plan target (0.979378ms)
✔ explicit price, unknown stock/allergens and draft status preserved without inference (2.703726ms)
✔ CSV quotes, BOM, errors and explicit booleans prevent silent zero/free defaults (1.501954ms)
✔ duplicate CSV IDs and unsupported currency produce review errors (0.480667ms)
✔ eligibility binds exact version, zone, availability, stock, alcohol and real mapping (1.059127ms)
✔ reorder proposal contains only exact IDs and version, never stale price or stock writes (1.498126ms)
✔ string or numeric alcohol authorization cannot bypass the strict authorization flag (0.441024ms)
✔ different draft identifiers cannot alias one server item and evade stock checks (0.812547ms)
✔ CSV rejects formula cells, malformed quote tails and explicit invalid booleans without coercion (5.594956ms)
✔ undefined stock and imprecise cents fail rather than assuming unlimited or free (0.428049ms)
✔ first HTML includes the same real concert shell used by client hydration (1.434639ms)
✔ scene styles are available before the room is rendered (0.185486ms)
✔ actual numbered choices derive their published perguest tier without a second space selector (1.96585ms)
✔ mixed alternatives never invent a single price and empty choices do not imply selection (0.542172ms)
✔ published image trace has each numbered position1to118 once, bounded and nonoverlapping (6.885234ms)
✔ source anchor positions and categories agree with visually reviewed floorplan (0.557031ms)
✔ keyboard spatial moves follow the published rows instead of numerical seat order (1.309054ms)
✔ preferences carry only source plan identity and max3 verified table labels (0.761472ms)
✔ sponsors require approval and exact table plus safe destination; no sponsor invented by default (0.679749ms)
✔ sponsor schedule is explicit, current, exclusive at end and scoped to this event (0.40184ms)
✔ guest preference ordering is immutable, exact-ID bounded and never changes floor geometry (1.282154ms)
✔ mixed or mismatched source table price bands cannot produce a selected-budget subtotal (13.509131ms)
ℹ tests 73
ℹ suites 0
ℹ pass 73
ℹ fail 0
ℹ cancelled 0
ℹ skipped 0
ℹ todo 0
ℹ duration_ms 220.604891
