Starting project at /tmp/zoi-youth-independent-k5ers4ls/mobile
Metro is running in CI mode, reloads are disabled. Remove CI=true to enable watch mode.
Starting Metro Bundler

Waiting on http://localhost:8199

Logs for your project will appear below.
| (node:614208) Warning: The 'NO_COLOR' env is ignored due to the 'FORCE_COLOR' env being set.
| (Use `node --trace-warnings ...` to show where the warning was created)
| (node:614208) Warning: The 'NO_COLOR' env is ignored due to the 'FORCE_COLOR' env being set.
| (Use `node --trace-warnings ...` to show where the warning was created)
| (node:614208) Warning: The 'NO_COLOR' env is ignored due to the 'FORCE_COLOR' env being set.
| (Use `node --trace-warnings ...` to show where the warning was created)
| (node:614208) Warning: The 'NO_COLOR' env is ignored due to the 'FORCE_COLOR' env being set.
| (Use `node --trace-warnings ...` to show where the warning was created)
| (node:614208) Warning: The 'NO_COLOR' env is ignored due to the 'FORCE_COLOR' env being set.
| (Use `node --trace-warnings ...` to show where the warning was created)
| (node:614208) Warning: The 'NO_COLOR' env is ignored due to the 'FORCE_COLOR' env being set.
| (Use `node --trace-warnings ...` to show where the warning was created)
| (node:614208) Warning: The 'NO_COLOR' env is ignored due to the 'FORCE_COLOR' env being set.
| (Use `node --trace-warnings ...` to show where the warning was created)
| (node:614208) Warning: The 'NO_COLOR' env is ignored due to the 'FORCE_COLOR' env being set.
| (Use `node --trace-warnings ...` to show where the warning was created)
| (node:614208) Warning: The 'NO_COLOR' env is ignored due to the 'FORCE_COLOR' env being set.
| (Use `node --trace-warnings ...` to show where the warning was created)
| (node:614208) Warning: The 'NO_COLOR' env is ignored due to the 'FORCE_COLOR' env being set.
| (Use `node --trace-warnings ...` to show where the warning was created)
Web Bundled 2593ms tests/fixtures/youth-entry.tsx (247 modules)
Web Bundled 13ms tests/fixtures/youth-entry.tsx (1 module)
Web Bundled 12ms tests/fixtures/youth-entry.tsx (1 module)
Web Bundled 11ms tests/fixtures/youth-entry.tsx (1 module)
Web Bundled 12ms tests/fixtures/youth-entry.tsx (1 module)
Web Bundled 13ms tests/fixtures/youth-entry.tsx (1 module)
Web Bundled 11ms tests/fixtures/youth-entry.tsx (1 module)
Web Bundled 12ms tests/fixtures/youth-entry.tsx (1 module)
Web Bundled 11ms tests/fixtures/youth-entry.tsx (1 module)
Web Bundled 11ms tests/fixtures/youth-entry.tsx (1 module)
Web Bundled 12ms tests/fixtures/youth-entry.tsx (1 module)
Web Bundled 11ms tests/fixtures/youth-entry.tsx (1 module)
Web Bundled 13ms tests/fixtures/youth-entry.tsx (1 module)
Web Bundled 12ms tests/fixtures/youth-entry.tsx (1 module)
Web Bundled 12ms tests/fixtures/youth-entry.tsx (1 module)
Web Bundled 12ms tests/fixtures/youth-entry.tsx (1 module)
Web Bundled 12ms tests/fixtures/youth-entry.tsx (1 module)
Web Bundled 12ms tests/fixtures/youth-entry.tsx (1 module)
Web Bundled 11ms tests/fixtures/youth-entry.tsx (1 module)
Web Bundled 11ms tests/fixtures/youth-entry.tsx (1 module)
Web Bundled 12ms tests/fixtures/youth-entry.tsx (1 module)
Web Bundled 12ms tests/fixtures/youth-entry.tsx (1 module)
Web Bundled 11ms tests/fixtures/youth-entry.tsx (1 module)
Web Bundled 12ms tests/fixtures/youth-entry.tsx (1 module)
Web Bundled 12ms tests/fixtures/youth-entry.tsx (1 module)
Web Bundled 19ms tests/fixtures/youth-entry.tsx (1 module)
Web Bundled 11ms tests/fixtures/youth-entry.tsx (1 module)
Web Bundled 16ms tests/fixtures/youth-entry.tsx (1 module)
Web Bundled 11ms tests/fixtures/youth-entry.tsx (1 module)
Web Bundled 25ms tests/fixtures/youth-entry.tsx (1 module)
Web Bundled 24ms tests/fixtures/youth-entry.tsx (1 module)
Web Bundled 11ms tests/fixtures/youth-entry.tsx (1 module)
Web Bundled 11ms tests/fixtures/youth-entry.tsx (1 module)
Web Bundled 14ms tests/fixtures/youth-entry.tsx (1 module)
Web Bundled 11ms tests/fixtures/youth-entry.tsx (1 module)
Web Bundled 11ms tests/fixtures/youth-entry.tsx (1 module)
Web Bundled 11ms tests/fixtures/youth-entry.tsx (1 module)
Web Bundled 12ms tests/fixtures/youth-entry.tsx (1 module)
Web Bundled 11ms tests/fixtures/youth-entry.tsx (1 module)
Web Bundled 12ms tests/fixtures/youth-entry.tsx (1 module)
Web Bundled 12ms tests/fixtures/youth-entry.tsx (1 module)
Web Bundled 11ms tests/fixtures/youth-entry.tsx (1 module)
Web Bundled 11ms tests/fixtures/youth-entry.tsx (1 module)
Web Bundled 11ms tests/fixtures/youth-entry.tsx (1 module)
Web Bundled 12ms tests/fixtures/youth-entry.tsx (1 module)
Web Bundled 12ms tests/fixtures/youth-entry.tsx (1 module)
Web Bundled 12ms tests/fixtures/youth-entry.tsx (1 module)
Web Bundled 12ms tests/fixtures/youth-entry.tsx (1 module)
Web Bundled 11ms tests/fixtures/youth-entry.tsx (1 module)
Web Bundled 12ms tests/fixtures/youth-entry.tsx (1 module)
Web Bundled 12ms tests/fixtures/youth-entry.tsx (1 module)
Web Bundled 12ms tests/fixtures/youth-entry.tsx (1 module)
Web Bundled 11ms tests/fixtures/youth-entry.tsx (1 module)
Web Bundled 12ms tests/fixtures/youth-entry.tsx (1 module)
