PASS native installed capability retains nonce/zero writes 390 family legacy
PASS native installed capability retains nonce/zero writes 390 family absent
PASS native installed capability retains nonce/zero writes 390 family string
PASS native installed capability retains nonce/zero writes 390 family unknown
PASS native installed capability retains nonce/zero writes 390 family actor
PASS native installed capability retains nonce/zero writes 390 family profile
PASS native installed capability retains nonce/zero writes 390 operator legacy
PASS native installed capability retains nonce/zero writes 390 operator absent
PASS native installed capability retains nonce/zero writes 390 operator string
PASS native installed capability retains nonce/zero writes 390 operator unknown
PASS native installed capability retains nonce/zero writes 390 operator actor
PASS native installed capability retains nonce/zero writes 1440 family legacy
PASS native installed capability retains nonce/zero writes 1440 family absent
PASS native installed capability retains nonce/zero writes 1440 family string
PASS native installed capability retains nonce/zero writes 1440 family unknown
PASS native installed capability retains nonce/zero writes 1440 family actor
PASS native installed capability retains nonce/zero writes 1440 family profile
PASS native installed capability retains nonce/zero writes 1440 operator legacy
PASS native installed capability retains nonce/zero writes 1440 operator absent
PASS native installed capability retains nonce/zero writes 1440 operator string
PASS native installed capability retains nonce/zero writes 1440 operator unknown
PASS native installed capability retains nonce/zero writes 1440 operator actor
