PASS only owner/admin publishes public age-band programme; youth-only page discovers real group link
PASS guardian children stay private and retries do not duplicate records
PASS explicit authority, consent and matching age band required
PASS public catalogue has no identities and editors require explicit instructor assignment
PASS two administrators racing for the last place produce one approval
PASS assigned instructor marks actual linked class; only relevant family sees attendance
PASS instructor revocation blocks reads and even historical retry receipt
PASS changed terms require fresh guardian consent while preserving the approved place
PASS active child archival, stale versions and changed retry payload rejected
PASS cross-guardian withdrawal, future/cancelled attendance and unlinking recorded classes are denied
PASS flagged organization hides public programmes/current family details and refuses new enrolment/publication while preserving private history
PASS cleared organization restores reviewed public programmes
PASS anonymous users read only non-identifying catalogue and null optimistic versions cannot bypass locking
PASS ownership transfer removes operator access; guardian retains private history and withdrawal
PASS withdrawn re-enrolment cannot bypass bounded pending request capacity
PASS private tables and internal authorization helpers deny direct client access
PASS exact production rollback fixture verifies authenticated lifecycle/anonymous privacy and persists zero synthetic records
PASS installed capability and exact actor/scope receipt lookup recover lost child create without cross-guardian disclosure
PASS missing request cancellation tombstone fences delayed legacy RPC shape and replays safely
PASS historical receipt does not reapply enrollment after later withdrawal
PASS current instructor removal denies historical private attendance receipt
PASS removed member null role denies saved attendance recovery and legacy cancellation
PASS current expired session denies private family and recovery reader
PASS Auth UUID remains distinct from internal guardian profile and historical receipt identity
PASS concurrent cancel/create serializes to one saved receipt or one tombstone
PASS expiry across actor wait rolls back writer and receipt
PASS anonymous, direct table and retained-writer bypasses remain denied
PASS legacy nonce-only markers recover saved results or fence missing writes without private payload reconstruction
28 youth programme database checks passed
