(node:620559) ExperimentalWarning: stripTypeScriptTypes is an experimental feature and might change at any time
(Use `node --trace-warnings ...` to show where the warning was created)
✔ owner tool browser handoffs preserve explicit selected workspace with no token (2.362464ms)
✔ missing malformed and injected identities cannot fabricate a setup destination (0.9494ms)
(node:620560) [MODULE_TYPELESS_PACKAGE_JSON] Warning: Module type of file:///tmp/zoi-youth-independent-k5ers4ls/mobile/src/artistMusic.ts is not specified and it doesn't parse as CommonJS.
Reparsing as ES module because module syntax was detected. This incurs a performance overhead.
To eliminate this warning, add "type": "module" to /tmp/zoi-youth-independent-k5ers4ls/mobile/package.json.
(Use `node --trace-warnings ...` to show where the warning was created)
✔ reviewed catalogue binds identity and uses verified high-resolution photos (3.130105ms)
✔ unknown artist never inherits featured content (0.245878ms)
✔ provider links reject spoofed hosts unsafe schemes and credentials (0.232443ms)
✔ city validation supports Greek and NFKC without markup (3.725614ms)
✔ receipts bind artist request active state and expected version (0.749958ms)
✔ summary rejects subthreshold counts and wrong artist; mine preserves inactive rows (0.683054ms)
✔ interrupted authenticated interest retries identical persisted request, then withdrawal reads real server version (43.097562ms)
✔ native planner shares venue timezone and buffer boundaries (1.221998ms)
✔ native planner cannot accept another tenant or changed appointment preview (0.779543ms)
✔ native planner requires complete unique saved slots matching the preview (0.497638ms)
(node:620567) [MODULE_TYPELESS_PACKAGE_JSON] Warning: Module type of file:///tmp/zoi-youth-independent-k5ers4ls/mobile/src/backendReadiness.ts is not specified and it doesn't parse as CommonJS.
Reparsing as ES module because module syntax was detected. This incurs a performance overhead.
To eliminate this warning, add "type": "module" to /tmp/zoi-youth-independent-k5ers4ls/mobile/package.json.
(Use `node --trace-warnings ...` to show where the warning was created)
✔ verified guardian backend is enabled while unavailable integrations fail closed (2.9077ms)
✔ guardian release gate is backed by complete deployed RPC evidence (0.871334ms)
(node:620573) [MODULE_TYPELESS_PACKAGE_JSON] Warning: Module type of file:///tmp/zoi-youth-independent-k5ers4ls/mobile/src/booking.ts is not specified and it doesn't parse as CommonJS.
Reparsing as ES module because module syntax was detected. This incurs a performance overhead.
To eliminate this warning, add "type": "module" to /tmp/zoi-youth-independent-k5ers4ls/mobile/package.json.
(Use `node --trace-warnings ...` to show where the warning was created)
✔ booking receipts require exact idempotency request, slot and party (2.188189ms)
✔ retry receipt preserves terminal cancellation rather than inventing confirmation (0.256769ms)
✔ booking catalog refuses malformed times and unknown timezone (21.230987ms)
✔ venue times honor the venue timezone rather than device default (0.838844ms)
(node:620579) [MODULE_TYPELESS_PACKAGE_JSON] Warning: Module type of file:///tmp/zoi-youth-independent-k5ers4ls/mobile/src/bookingOperator.ts is not specified and it doesn't parse as CommonJS.
Reparsing as ES module because module syntax was detected. This incurs a performance overhead.
To eliminate this warning, add "type": "module" to /tmp/zoi-youth-independent-k5ers4ls/mobile/package.json.
(Use `node --trace-warnings ...` to show where the warning was created)
✔ operator mutation requires exact workspace and incremented version (2.16235ms)
✔ operator service decimal prices are exact minor units and bounded (0.42923ms)
✔ staff resource cannot silently admit a party (0.294088ms)
✔ schedule converts venue-local time and rejects both DST edge cases (27.773291ms)
✔ native reschedule uses venue-local range and rejects impossible calendar dates (27.141053ms)
✔ reschedule selection pins reviewed version and exact price (0.726444ms)
✔ move receipt requires same booking, expected version, reviewed time and no collected payment (0.549003ms)
(node:620591) [MODULE_TYPELESS_PACKAGE_JSON] Warning: Module type of file:///tmp/zoi-youth-independent-k5ers4ls/mobile/src/brand.ts is not specified and it doesn't parse as CommonJS.
Reparsing as ES module because module syntax was detected. This incurs a performance overhead.
To eliminate this warning, add "type": "module" to /tmp/zoi-youth-independent-k5ers4ls/mobile/package.json.
(Use `node --trace-warnings ...` to show where the warning was created)
✔ native shared body, subdued text and actions stay readable on every adopted surface (2.464925ms)
✔ native and web material colors share the same semantic values (6.366868ms)
(node:620595) [MODULE_TYPELESS_PACKAGE_JSON] Warning: Module type of file:///tmp/zoi-youth-independent-k5ers4ls/mobile/src/businessEdit.ts is not specified and it doesn't parse as CommonJS.
Reparsing as ES module because module syntax was detected. This incurs a performance overhead.
To eliminate this warning, add "type": "module" to /tmp/zoi-youth-independent-k5ers4ls/mobile/package.json.
(Use `node --trace-warnings ...` to show where the warning was created)
✔ only owned and explicitly approved claims can appear in business editor (2.315868ms)
✔ business edit preserves unknown social keys and explicit cleared fields (0.57393ms)
✔ business edit rejects unsafe replacement and ambiguous social payloads (0.658698ms)
(node:620610) [MODULE_TYPELESS_PACKAGE_JSON] Warning: Module type of file:///tmp/zoi-youth-independent-k5ers4ls/mobile/src/calendar.ts is not specified and it doesn't parse as CommonJS.
Reparsing as ES module because module syntax was detected. This incurs a performance overhead.
To eliminate this warning, add "type": "module" to /tmp/zoi-youth-independent-k5ers4ls/mobile/package.json.
(Use `node --trace-warnings ...` to show where the warning was created)
✔ calendar ranges reject impossible dates and bound exactly90 UTC days (1.975212ms)
✔ public calendar rejects private drafts and another listing (0.428548ms)
✔ workspace calendar rejects another tenant (2.463763ms)
✔ same calendar planner validates dates and exact saved receipt (25.249237ms)
✔ profile calendar/group actions require exact same-listing server paths (1.488555ms)
(node:620611) [MODULE_TYPELESS_PACKAGE_JSON] Warning: Module type of file:///tmp/zoi-youth-independent-k5ers4ls/mobile/src/commerce.ts is not specified and it doesn't parse as CommonJS.
Reparsing as ES module because module syntax was detected. This incurs a performance overhead.
To eliminate this warning, add "type": "module" to /tmp/zoi-youth-independent-k5ers4ls/mobile/package.json.
(Use `node --trace-warnings ...` to show where the warning was created)
✔ basket totals preserve decimal precision and separate currencies (3.006014ms)
✔ persisted basket rejects duplicate IDs and invalid quantities (1.203644ms)
✔ adding unavailable options or excessive aggregate quantities fails (0.918802ms)
✔ fresh checkout must match exact official cart and all quantities (1.198244ms)
✔ product imagery and deep links reject untrusted URLs and invalid identifiers (0.454267ms)
✔ native shared option cannot silently substitute another product variant (0.344472ms)
✔ malformed explicit native variant remains an explicit unresolved choice (0.68677ms)
✔ single default display metadata survives native basket mapping without changing provider title (2.8542ms)
(node:620614) [MODULE_TYPELESS_PACKAGE_JSON] Warning: Module type of file:///tmp/zoi-youth-independent-k5ers4ls/mobile/src/community.ts is not specified and it doesn't parse as CommonJS.
Reparsing as ES module because module syntax was detected. This incurs a performance overhead.
To eliminate this warning, add "type": "module" to /tmp/zoi-youth-independent-k5ers4ls/mobile/package.json.
(Use `node --trace-warnings ...` to show where the warning was created)
✔ visible reaction state comes from matching desired-state receipts only (1.565799ms)
✔ reply receipt is scoped to post and actual profile, not auth UUID (0.46631ms)
✔ public profile edits explicitly validate interests and chosen public fields (0.491636ms)
✔ feed preserves server snapshot and rejects a substituted mode (0.313014ms)
✔ recovered publication keeps original account, immutable request and actual receipt identity (0.634402ms)
(node:620639) [MODULE_TYPELESS_PACKAGE_JSON] Warning: Module type of file:///tmp/zoi-youth-independent-k5ers4ls/mobile/src/communityIntent.ts is not specified and it doesn't parse as CommonJS.
Reparsing as ES module because module syntax was detected. This incurs a performance overhead.
To eliminate this warning, add "type": "module" to /tmp/zoi-youth-independent-k5ers4ls/mobile/package.json.
(Use `node --trace-warnings ...` to show where the warning was created)
✔ sign-in retains question composer intent but cannot resume without an actor (2.139208ms)
✔ discussion return retains navigation and does not replay a reaction (0.33833ms)
✔ sign-in may retain public navigation but sign-out or account switch invalidates it (0.220601ms)
(node:620641) [MODULE_TYPELESS_PACKAGE_JSON] Warning: Module type of file:///tmp/zoi-youth-independent-k5ers4ls/mobile/src/communityMedia.ts is not specified and it doesn't parse as CommonJS.
Reparsing as ES module because module syntax was detected. This incurs a performance overhead.
To eliminate this warning, add "type": "module" to /tmp/zoi-youth-independent-k5ers4ls/mobile/package.json.
(Use `node --trace-warnings ...` to show where the warning was created)
✔ media selection validates actual bytes dimensions and video duration before transfer (5.543941ms)
✔ media URLs cannot execute scripts or expose embedded credentials (0.30585ms)
✔ offscreen background low-power reduced-motion and user pause all prevent autoplay (0.322221ms)
✔ upload receipt must match selected media type and a valid finalized identity (0.657135ms)
(node:620647) [MODULE_TYPELESS_PACKAGE_JSON] Warning: Module type of file:///tmp/zoi-youth-independent-k5ers4ls/mobile/src/companyWorkspace.ts is not specified and it doesn't parse as CommonJS.
Reparsing as ES module because module syntax was detected. This incurs a performance overhead.
To eliminate this warning, add "type": "module" to /tmp/zoi-youth-independent-k5ers4ls/mobile/package.json.
(Use `node --trace-warnings ...` to show where the warning was created)
✔ native company aggregates exact active relationships without assuming member Auth identity (3.267411ms)
✔ company draft uses current company ID and existing persisted payload (0.655632ms)
✔ company source rejects foreign (0.441143ms)
✔ company source rejects archived (0.25784ms)
✔ company source rejects missing (0.424612ms)
✔ company source rejects duplicate (0.254048ms)
✔ archived linked project has no company return and archived work is omitted (0.395367ms)
✔ existing roles keep company edit distinct from project work (0.204ms)
✔ actual SessionClient ignores held Company response after account (48.053394ms)
✔ actual SessionClient ignores held Company response after workspace (3.788622ms)
✔ actual SessionClient ignores held Company response after unmount (2.048017ms)
(node:620664) [MODULE_TYPELESS_PACKAGE_JSON] Warning: Module type of file:///tmp/zoi-youth-independent-k5ers4ls/mobile/src/creator.ts is not specified and it doesn't parse as CommonJS.
Reparsing as ES module because module syntax was detected. This incurs a performance overhead.
To eliminate this warning, add "type": "module" to /tmp/zoi-youth-independent-k5ers4ls/mobile/package.json.
(Use `node --trace-warnings ...` to show where the warning was created)
✔ bio preserves order and unpublished intent in exact server payload (1.717441ms)
✔ bio refuses truncation and unsafe links before save (0.461271ms)
✔ bio needs exact save receipt and never treats empty response as success (0.376662ms)
(node:620665) [MODULE_TYPELESS_PACKAGE_JSON] Warning: Module type of file:///tmp/zoi-youth-independent-k5ers4ls/mobile/src/creatorAccess.ts is not specified and it doesn't parse as CommonJS.
Reparsing as ES module because module syntax was detected. This incurs a performance overhead.
To eliminate this warning, add "type": "module" to /tmp/zoi-youth-independent-k5ers4ls/mobile/package.json.
(Use `node --trace-warnings ...` to show where the warning was created)
✔ authoritative creator denials invalidate private data for reads and writes (3.631239ms)
✔ temporary failure and creator read-only states retain draft and recovery state (0.592164ms)
✔ late denial from an unmounted or different actor cannot clear the current screen (1.021114ms)
✔ successful reads and confirmed writes remain unchanged (0.430984ms)
(node:620679) [MODULE_TYPELESS_PACKAGE_JSON] Warning: Module type of file:///tmp/zoi-youth-independent-k5ers4ls/mobile/src/creatorRecovery.ts is not specified and it doesn't parse as CommonJS.
Reparsing as ES module because module syntax was detected. This incurs a performance overhead.
To eliminate this warning, add "type": "module" to /tmp/zoi-youth-independent-k5ers4ls/mobile/package.json.
(Use `node --trace-warnings ...` to show where the warning was created)
✔ all seven actions execute through durable nonce-only wrapper and validate receipt (8.110739ms)
✔ lost response blocks replacement, exact retry retains immutable memory payload (6.709246ms)
✔ reload has no payload, missing receipt retains fence, cancellation requires exact proof (3.970106ms)
✔ permission denial drops private payload without deleting recovery reference (0.472651ms)
✔ storage failure, corrupt marker and late account change cannot permit dispatch or acknowledgement (2.918678ms)
✔ mismatched saved entity does not discard recovery reference (0.471068ms)
✔ account switch during persisted readback prevents dispatch (0.397541ms)
✔ readback failure after persistence retains marker and fences another send (0.724611ms)
(node:620681) [MODULE_TYPELESS_PACKAGE_JSON] Warning: Module type of file:///tmp/zoi-youth-independent-k5ers4ls/mobile/src/creatorStudio.ts is not specified and it doesn't parse as CommonJS.
Reparsing as ES module because module syntax was detected. This incurs a performance overhead.
To eliminate this warning, add "type": "module" to /tmp/zoi-youth-independent-k5ers4ls/mobile/package.json.
(Use `node --trace-warnings ...` to show where the warning was created)
✔ creator fee is explicit currency units converted to bounded minor units (2.015457ms)
✔ private drafts may be incomplete but sharing needs disclosures and deliverables (0.476418ms)
✔ customer detail rejects internal workspace records and audit data (2.766326ms)
✔ creator mutation receipts require matching workspace and decision request (0.606801ms)
✔ proof links remain explicit public HTTPS links and deliverables honor field limits (0.736923ms)
(node:620687) [MODULE_TYPELESS_PACKAGE_JSON] Warning: Module type of file:///tmp/zoi-youth-independent-k5ers4ls/mobile/src/documents.ts is not specified and it doesn't parse as CommonJS.
Reparsing as ES module because module syntax was detected. This incurs a performance overhead.
To eliminate this warning, add "type": "module" to /tmp/zoi-youth-independent-k5ers4ls/mobile/package.json.
(Use `node --trace-warnings ...` to show where the warning was created)
✔ private upload receipt requires workspace, document identity and ready version (1.813049ms)
✔ private attachment requires no-store, attachment headers, correct type and exact bounded size (44.079477ms)
✔ native document selection uses same metadata limits as server (0.633721ms)
(node:620693) [MODULE_TYPELESS_PACKAGE_JSON] Warning: Module type of file:///tmp/zoi-youth-independent-k5ers4ls/mobile/src/drafts.ts is not specified and it doesn't parse as CommonJS.
Reparsing as ES module because module syntax was detected. This incurs a performance overhead.
To eliminate this warning, add "type": "module" to /tmp/zoi-youth-independent-k5ers4ls/mobile/package.json.
(Use `node --trace-warnings ...` to show where the warning was created)
✔ sign-out removal waits for in-flight draft save and prevents queued resurrection (4.736749ms)
✔ switching account blocks previous account queued draft writes (0.618483ms)
✔ publishing requires explicit success and real UUID receipt (0.306271ms)
✔ native map labels share exact source geometry and boundedpreferences (1.78122ms)
✔ native prepared note shares same nontransactional contract (0.801584ms)
(node:620707) ExperimentalWarning: stripTypeScriptTypes is an experimental feature and might change at any time
(Use `node --trace-warnings ...` to show where the warning was created)
✔ guest link carries only canonical selected event, never credentials (1.724685ms)
✔ organiser handoff validates exact selected workspace and event with fresh authority (1.454451ms)
✔ viewer, missing, duplicate and malformed memberships cannot produce operator link (2.559981ms)
✔ selected workspace never falls back to first membership (0.29002ms)
✔ wrong event and denied operator proof cannot open a link (0.72396ms)
✔ late account/workspace switches fence membership and operator responses (15.456182ms)
(node:620715) [MODULE_TYPELESS_PACKAGE_JSON] Warning: Module type of file:///tmp/zoi-youth-independent-k5ers4ls/mobile/src/session.ts is not specified and it doesn't parse as CommonJS.
Reparsing as ES module because module syntax was detected. This incurs a performance overhead.
To eliminate this warning, add "type": "module" to /tmp/zoi-youth-independent-k5ers4ls/mobile/package.json.
(Use `node --trace-warnings ...` to show where the warning was created)
✔ actual session refresh preserves exact authorised event/workspace without credentials in link (56.770144ms)
✔ held actual refresh refuses private send after workspace switch (1.705129ms)
✔ held actual refresh refuses private send after actor switch (0.895169ms)
✔ late private response is refused after scope change (9.793753ms)
✔ invalid actor, guest, lost scope and unsupported RPC refuse dispatch (0.553732ms)
✔ refresh rejection never dispatches private proof (0.326659ms)
(node:620722) [MODULE_TYPELESS_PACKAGE_JSON] Warning: Module type of file:///tmp/zoi-youth-independent-k5ers4ls/mobile/src/eventPlanner.ts is not specified and it doesn't parse as CommonJS.
Reparsing as ES module because module syntax was detected. This incurs a performance overhead.
To eliminate this warning, add "type": "module" to /tmp/zoi-youth-independent-k5ers4ls/mobile/package.json.
(Use `node --trace-warnings ...` to show where the warning was created)
✔ event plans preserve private notes and reject invalid quantities (34.971635ms)
✔ recovery never substitutes profile or plan version (0.730442ms)
✔ current booking reads cannot import foreign private plans (0.360853ms)
✔ resource units enforce one performer, bounded venue guests and equipment units (0.451542ms)
(node:620724) [MODULE_TYPELESS_PACKAGE_JSON] Warning: Module type of file:///tmp/zoi-youth-independent-k5ers4ls/mobile/src/festival.ts is not specified and it doesn't parse as CommonJS.
Reparsing as ES module because module syntax was detected. This incurs a performance overhead.
To eliminate this warning, add "type": "module" to /tmp/zoi-youth-independent-k5ers4ls/mobile/package.json.
(Use `node --trace-warnings ...` to show where the warning was created)
✔ application ignores client prices and validates contact and units (1.808902ms)
✔ commercial offers use exact cents and bounded benefit lines (25.016763ms)
✔ application receipt requires correct actor tenant enquiry and version (1.939536ms)
✔ private pages reject foreign records and invalid pagination (0.33793ms)
✔ public offer action only uses exact matching host UUID (1.754901ms)
(node:620744) [MODULE_TYPELESS_PACKAGE_JSON] Warning: Module type of file:///tmp/zoi-youth-independent-k5ers4ls/mobile/src/generalReservation.ts is not specified and it doesn't parse as CommonJS.
Reparsing as ES module because module syntax was detected. This incurs a performance overhead.
To eliminate this warning, add "type": "module" to /tmp/zoi-youth-independent-k5ers4ls/mobile/package.json.
(Use `node --trace-warnings ...` to show where the warning was created)
✔ interrupted reservation remains blocked after remount and across tier changes, scoped to actor and event (2.823112ms)
✔ only exact confirmed free receipt clears original attempt; malformed and stale confirmations preserve warning (1.084692ms)
✔ storage failure and account change stop request preparation before network action (0.399634ms)
✔ new request recovery accepts only exact nonce/event/tier/quantity receipt, with no contact storage (1.430907ms)
✔ legacy saved requests cannot be upgraded to once protocol, and malformed recovery never clears warning (2.630354ms)
✔ recovered creation receipt cannot imply active ticket after cancellation or closed event (0.473512ms)
✔ signing in cannot bypass an unresolved guest reservation or reuse its nonce as an account request (1.705629ms)
✔ confirmed nonce reference survives reopening without contacts and never claims cached ticket status (1.015202ms)
✔ confirmed references cap at five, expire after one year, and storage failure preserves unresolved warning (2.597662ms)
✔ member state accepts closed group with own history but rejects unrelated membership (1.717291ms)
✔ membership decisions validate tenant identity and exact increment (0.398673ms)
✔ attendance receipt binds event membership and status (0.354831ms)
✔ membership settings cannot cross workspace or skip version (0.29539ms)
(node:620756) [MODULE_TYPELESS_PACKAGE_JSON] Warning: Module type of file:///tmp/zoi-youth-independent-k5ers4ls/mobile/src/inquiries.ts is not specified and it doesn't parse as CommonJS.
Reparsing as ES module because module syntax was detected. This incurs a performance overhead.
To eliminate this warning, add "type": "module" to /tmp/zoi-youth-independent-k5ers4ls/mobile/package.json.
(Use `node --trace-warnings ...` to show where the warning was created)
✔ enquiry start validates actor listing and immutable request payload (1.873242ms)
✔ reply requires exact author thread request and body receipt (0.582336ms)
✔ thread read guards workspace message identity and readonly contract (0.523917ms)
✔ enquiry inputs reject invalid IDs and oversized empty messages (0.365933ms)
(node:620757) [MODULE_TYPELESS_PACKAGE_JSON] Warning: Module type of file:///tmp/zoi-youth-independent-k5ers4ls/mobile/src/privateRequests.ts is not specified and it doesn't parse as CommonJS.
Reparsing as ES module because module syntax was detected. This incurs a performance overhead.
To eliminate this warning, add "type": "module" to /tmp/zoi-youth-independent-k5ers4ls/mobile/package.json.
(Use `node --trace-warnings ...` to show where the warning was created)
✔ restart restores nonce-only metadata and prevents replacement (4.982417ms)
✔ A to B to A protects and preserves original marker (7.245596ms)
✔ SecureStore failure and silent adapter failure prevent dispatch (0.899577ms)
✔ receipt requires exact nonce kind and target; notfound is not cancellation (0.473944ms)
✔ failed recovery keeps marker until confirmed cancellation acknowledgement (3.471481ms)
✔ corrupt active null prevents a replacement inquiry nonce (6.681785ms)
(node:620776) [MODULE_TYPELESS_PACKAGE_JSON] Warning: Module type of file:///tmp/zoi-youth-independent-k5ers4ls/mobile/src/memberStart.ts is not specified and it doesn't parse as CommonJS.
Reparsing as ES module because module syntax was detected. This incurs a performance overhead.
To eliminate this warning, add "type": "module" to /tmp/zoi-youth-independent-k5ers4ls/mobile/package.json.
(Use `node --trace-warnings ...` to show where the warning was created)
✔ server profile identity includes no-deadline assignment and excludes Auth UUID assignment (4.642944ms)
✔ reject ambiguous member scope role (0.488561ms)
✔ reject ambiguous member scope workspace (0.174115ms)
✔ reject ambiguous member scope profile (0.140492ms)
✔ reject ambiguous member scope record (0.183121ms)
✔ actual token refresh fences workspace_team_get actor (35.590513ms)
✔ actual token refresh fences workspace_team_get workspace (1.454832ms)
✔ actual token refresh fences workspace_team_get unmount (2.718858ms)
✔ actual token refresh fences workspace_team_get rotation (0.828634ms)
✔ actual token refresh fences ops_records_list actor (0.722226ms)
✔ actual token refresh fences ops_records_list workspace (0.813736ms)
✔ actual token refresh fences ops_records_list unmount (0.572838ms)
✔ actual token refresh fences ops_records_list rotation (1.18576ms)
✔ actual token refresh fences social_list_posts actor (0.65429ms)
✔ actual token refresh fences social_list_posts workspace (0.469876ms)
✔ actual token refresh fences social_list_posts unmount (1.222599ms)
✔ actual token refresh fences social_list_posts rotation (0.689565ms)
✔ actual token refresh fences booking_operator_list actor (0.373676ms)
✔ actual token refresh fences booking_operator_list workspace (0.330527ms)
✔ actual token refresh fences booking_operator_list unmount (0.835187ms)
✔ actual token refresh fences booking_operator_list rotation (0.553441ms)
✔ held actual response rejects retired actor (27.223647ms)
✔ held actual response rejects retired workspace (0.84233ms)
✔ held actual response rejects retired unmount (0.686329ms)
✔ wrong workspace argument never dispatches (0.480967ms)
(node:620782) [MODULE_TYPELESS_PACKAGE_JSON] Warning: Module type of file:///tmp/zoi-youth-independent-k5ers4ls/mobile/src/music.ts is not specified and it doesn't parse as CommonJS.
Reparsing as ES module because module syntax was detected. This incurs a performance overhead.
To eliminate this warning, add "type": "module" to /tmp/zoi-youth-independent-k5ers4ls/mobile/package.json.
(Use `node --trace-warnings ...` to show where the warning was created)
✔ music prefill honors explicit cleared flat fields over old nested aliases (1.29798ms)
✔ music clearing sends null and leaves unrelated owner fields untouched (1.503202ms)
✔ music validation rejects unsafe links and impossible dates (0.932198ms)
(node:620792) [MODULE_TYPELESS_PACKAGE_JSON] Warning: Module type of file:///tmp/zoi-youth-independent-k5ers4ls/mobile/src/operations.ts is not specified and it doesn't parse as CommonJS.
Reparsing as ES module because module syntax was detected. This incurs a performance overhead.
To eliminate this warning, add "type": "module" to /tmp/zoi-youth-independent-k5ers4ls/mobile/package.json.
(Use `node --trace-warnings ...` to show where the warning was created)
✔ save receipts require correct workspace, identity and incremented version (4.400332ms)
✔ editor can edit contacts/projects/tasks but not company records; viewers cannot write (0.317832ms)
✔ full-form edits preserve custom existing data and explicitly clear relations (4.213053ms)
✔ invalid deadline and blank title fail before sending (0.389656ms)
✔ projects require company and tasks require project before sending (0.594729ms)
✔ unicode payload byte limit is enforced before sending (7.940662ms)
✔ unmodified deadline preserves its exact timestamp (6.213523ms)
✔ new company has valid default sector and cannot submit blank sector (0.409964ms)
(node:620795) [MODULE_TYPELESS_PACKAGE_JSON] Warning: Module type of file:///tmp/zoi-youth-independent-k5ers4ls/mobile/src/organizationWorkflow.ts is not specified and it doesn't parse as CommonJS.
Reparsing as ES module because module syntax was detected. This incurs a performance overhead.
To eliminate this warning, add "type": "module" to /tmp/zoi-youth-independent-k5ers4ls/mobile/package.json.
(Use `node --trace-warnings ...` to show where the warning was created)
✔ contextual native drafts preserve saved relationships and real writer payload (4.293593ms)
✔ project browser handoff fresh role owner (0.524658ms)
✔ project browser handoff fresh role admin (0.182651ms)
✔ project browser handoff fresh role editor (0.164536ms)
✔ project browser handoff fresh role viewer (0.398512ms)
✔ reject missing project context (0.314527ms)
✔ reject archived project context (0.195946ms)
✔ reject duplicate project context (0.231862ms)
✔ reject foreign project context (0.28935ms)
✔ reject scope project context (0.314437ms)
✔ actual SessionClient held refresh actor (39.73053ms)
✔ actual SessionClient held refresh workspace (1.154843ms)
✔ actual SessionClient held refresh unchanged (1.002398ms)
(node:620801) [MODULE_TYPELESS_PACKAGE_JSON] Warning: Module type of file:///tmp/zoi-youth-independent-k5ers4ls/mobile/src/ownerEditorHandoff.ts is not specified and it doesn't parse as CommonJS.
Reparsing as ES module because module syntax was detected. This incurs a performance overhead.
To eliminate this warning, add "type": "module" to /tmp/zoi-youth-independent-k5ers4ls/mobile/package.json.
(Use `node --trace-warnings ...` to show where the warning was created)
✔ fresh authorization opens only fixed browser editor, with exact authorized listing and without credentials (2.477959ms)
✔ account or workspace switch during authorization never opens browser (0.313885ms)
✔ invalid identity, denied access and mismatched receipts never open browser (0.845766ms)
✔ revoked or failed authorization surfaces failure without opening (0.55787ms)
(node:620812) ExperimentalWarning: stripTypeScriptTypes is an experimental feature and might change at any time
(Use `node --trace-warnings ...` to show where the warning was created)
✔ private link exact canonical event and opaque fragment only (3.257482ms)
✔ current own group counts whole-ticket quantities and expires without paid inference (0.81585ms)
✔ recipient preview rejects expired, cross-event, missing no-payment envelope and malformed amounts (0.502417ms)
✔ own reader binds list and detail IDs and profile distinct from Auth UUID (2.78376ms)
✔ refresh/response scope changes prevent private request or result use (0.796996ms)
(node:620821) [MODULE_TYPELESS_PACKAGE_JSON] Warning: Module type of file:///tmp/zoi-youth-independent-k5ers4ls/mobile/src/placeNavigation.ts is not specified and it doesn't parse as CommonJS.
Reparsing as ES module because module syntax was detected. This incurs a performance overhead.
To eliminate this warning, add "type": "module" to /tmp/zoi-youth-independent-k5ers4ls/mobile/package.json.
(Use `node --trace-warnings ...` to show where the warning was created)
✔ current public slug wins over stale unhashed artist SEO path (1.299352ms)
✔ fallback permits only internal profile routes (0.436284ms)
(node:620828) [MODULE_TYPELESS_PACKAGE_JSON] Warning: Module type of file:///tmp/zoi-youth-independent-k5ers4ls/mobile/src/privateRequests.ts is not specified and it doesn't parse as CommonJS.
Reparsing as ES module because module syntax was detected. This incurs a performance overhead.
To eliminate this warning, add "type": "module" to /tmp/zoi-youth-independent-k5ers4ls/mobile/package.json.
(Use `node --trace-warnings ...` to show where the warning was created)
✔ private recovery stores exact Unicode across bounded secure chunks (11.459561ms)
✔ account switch cannot read or save another account’s private request (4.045411ms)
✔ sign-out cleanup runs after queued writes and removes every chunk (2.894876ms)
✔ incomplete persistence is never mistaken for a retryable request (4.735918ms)
✔ cleanup failure cannot roll back a committed recovery request (2.769944ms)
✔ separate workflows keep distinct encrypted recovery namespaces (1.293101ms)
✔ failed storage cleanup retains a discoverable manifest until explicit cleanup succeeds (1.987605ms)
✔ non-null malformed manifests never masquerade as no pending request (1.439354ms)
✔ valid active-null pending manifest remains interrupted, not empty (0.925816ms)
✔ an active null payload is corruption rather than no pending request (0.808757ms)
(node:620829) [MODULE_TYPELESS_PACKAGE_JSON] Warning: Module type of file:///tmp/zoi-youth-independent-k5ers4ls/mobile/src/profile.ts is not specified and it doesn't parse as CommonJS.
Reparsing as ES module because module syntax was detected. This incurs a performance overhead.
To eliminate this warning, add "type": "module" to /tmp/zoi-youth-independent-k5ers4ls/mobile/package.json.
(Use `node --trace-warnings ...` to show where the warning was created)
✔ profile gives owner fields priority, merges actual socials and labels enrichment (5.42915ms)
✔ profile never fabricates verification or ratings from owner data (0.519047ms)
✔ profile rejects unsafe external schemes and credentials (0.43992ms)
✔ missing entity is absent, not invented profile (0.243063ms)
✔ profile actions require exact server routes and matching booking listing (3.181701ms)
✔ private enquiry entry requires server invitation for this same listing (0.666091ms)
✔ profile photos preserve wide logos, portraits and small artwork (0.439118ms)
✔ image loading supports native source dimensions and web natural dimensions (0.249145ms)
✔ native uses shared phone validity and authoritative owner clear (1.200939ms)
✔ native machine social syntax and exact publisher identity match web while owner links survive (1.650116ms)
✔ native Fournos chain root contacts cannot replace branch base or explicit owner values (0.760107ms)
(node:620836) [MODULE_TYPELESS_PACKAGE_JSON] Warning: Module type of file:///tmp/zoi-youth-independent-k5ers4ls/mobile/src/seating.ts is not specified and it doesn't parse as CommonJS.
Reparsing as ES module because module syntax was detected. This incurs a performance overhead.
To eliminate this warning, add "type": "module" to /tmp/zoi-youth-independent-k5ers4ls/mobile/package.json.
(Use `node --trace-warnings ...` to show where the warning was created)
✔ hold requires exact requested seats and confirmed receipt (2.047597ms)
✔ free confirmation rejects payment, quantity, seat and hold mismatches (0.492458ms)
✔ foreground status restores exact hold and validates cancellation (0.946153ms)
✔ countdown accounts for server clock and clamps expired holds (0.288919ms)
✔ missing inventory stays unavailable and malformed maps never invent seats (0.792337ms)
✔ seat inventory uses actual geometry and rejects unsafe bigint IDs or unknown state (1.188566ms)
(node:620842) [MODULE_TYPELESS_PACKAGE_JSON] Warning: Module type of file:///tmp/zoi-youth-independent-k5ers4ls/mobile/src/session.ts is not specified and it doesn't parse as CommonJS.
Reparsing as ES module because module syntax was detected. This incurs a performance overhead.
To eliminate this warning, add "type": "module" to /tmp/zoi-youth-independent-k5ers4ls/mobile/package.json.
(Use `node --trace-warnings ...` to show where the warning was created)
✔ persists only refresh credential and restores by exchanging it (43.659044ms)
✔ expired concurrent API requests share one refresh and use renewed token (11.79684ms)
✔ invalid refresh removes stored credential and session (2.17216ms)
✔ transient refresh failure preserves credential for recovery (0.403593ms)
✔ sign-out clears device credentials even if revocation is offline (0.674406ms)
✔ in-flight sign-in cannot resurrect a signed-out account (1.44311ms)
✔ anonymous authenticated RPC is rejected without making a request (0.49379ms)
✔ application error envelopes cannot appear as publishing success (0.897904ms)
✔ server-rejected access token clears session without replaying mutation (1.139063ms)
✔ optimistic edit conflict is explained without replaying the write (2.31766ms)
✔ fetch transport uses global receiver required by browsers (0.931055ms)
✔ community validation errors remain actionable without treating them as password failures (1.53956ms)
(node:620857) [MODULE_TYPELESS_PACKAGE_JSON] Warning: Module type of file:///tmp/zoi-youth-independent-k5ers4ls/mobile/src/sponsorFulfillment.ts is not specified and it doesn't parse as CommonJS.
Reparsing as ES module because module syntax was detected. This incurs a performance overhead.
To eliminate this warning, add "type": "module" to /tmp/zoi-youth-independent-k5ers4ls/mobile/package.json.
(Use `node --trace-warnings ...` to show where the warning was created)
✔ fresh approved sponsor ok (2.345462ms)
✔ fresh approved sponsor viewer (0.578678ms)
✔ fresh approved sponsor cancelled (0.263552ms)
✔ fresh approved sponsor foreign (3.57728ms)
✔ fresh approved sponsor capability (0.304367ms)
✔ fresh approved sponsor missing (0.193ms)
✔ actual SessionClient refresh fence actor (40.549117ms)
✔ actual SessionClient refresh fence workspace (1.384794ms)
✔ actual SessionClient refresh fence unchanged (0.876866ms)
(node:620858) [MODULE_TYPELESS_PACKAGE_JSON] Warning: Module type of file:///tmp/zoi-youth-independent-k5ers4ls/mobile/src/timekeeping.ts is not specified and it doesn't parse as CommonJS.
Reparsing as ES module because module syntax was detected. This incurs a performance overhead.
To eliminate this warning, add "type": "module" to /tmp/zoi-youth-independent-k5ers4ls/mobile/package.json.
(Use `node --trace-warnings ...` to show where the warning was created)
✔ manual time uses explicit validated duration and hourly cents (23.7802ms)
✔ timer start excludes client-controlled start and duration (0.296192ms)
✔ receipts require tenant actor version and terminal state (0.562558ms)
✔ dashboard rejects another editor’s private narrative and foreign timer (0.594308ms)
✔ timesheet CSV prevents formula execution and escapes multiline quotes (0.529377ms)
(node:620878) [MODULE_TYPELESS_PACKAGE_JSON] Warning: Module type of file:///tmp/zoi-youth-independent-k5ers4ls/mobile/src/trips.ts is not specified and it doesn't parse as CommonJS.
Reparsing as ES module because module syntax was detected. This incurs a performance overhead.
To eliminate this warning, add "type": "module" to /tmp/zoi-youth-independent-k5ers4ls/mobile/package.json.
(Use `node --trace-warnings ...` to show where the warning was created)
✔ trip dates require explicit zone and reject reversed or overlong stops (34.305949ms)
✔ private itinerary cannot accept another profile or trip receipt (0.814568ms)
✔ appearance discovery cannot substitute another artist or claim inferred confirmation (0.875502ms)
✔ appearance proposal requires source HTTPS and real distinct listing IDs (1.237416ms)
(node:620888) [MODULE_TYPELESS_PACKAGE_JSON] Warning: Module type of file:///tmp/zoi-youth-independent-k5ers4ls/mobile/src/volunteer.ts is not specified and it doesn't parse as CommonJS.
Reparsing as ES module because module syntax was detected. This incurs a performance overhead.
To eliminate this warning, add "type": "module" to /tmp/zoi-youth-independent-k5ers4ls/mobile/package.json.
(Use `node --trace-warnings ...` to show where the warning was created)
✔ volunteer invitation extracts explicit organization ID only (2.186506ms)
✔ withdrawn public opportunity stays unavailable even if saved shift was scheduled (26.186404ms)
✔ shift actions never reopen cancelled or started history (0.282727ms)
✔ signup and cancellation receipts must identify the same shift and final state (0.469004ms)
✔ organization writes require workspace identity and exact version increment (0.634423ms)
(node:620890) [MODULE_TYPELESS_PACKAGE_JSON] Warning: Module type of file:///tmp/zoi-youth-independent-k5ers4ls/mobile/src/volunteerOperations.ts is not specified and it doesn't parse as CommonJS.
Reparsing as ES module because module syntax was detected. This incurs a performance overhead.
To eliminate this warning, add "type": "module" to /tmp/zoi-youth-independent-k5ers4ls/mobile/package.json.
(Use `node --trace-warnings ...` to show where the warning was created)
✔ org_operation_save actual SessionClient token refresh actor (31.585989ms)
✔ org_operation_save actual SessionClient token refresh workspace (1.11574ms)
✔ org_operation_save actual SessionClient token refresh unchanged (0.856737ms)
✔ org_signup actual SessionClient token refresh actor (0.80455ms)
✔ org_signup actual SessionClient token refresh workspace (0.687531ms)
✔ org_signup actual SessionClient token refresh unchanged (1.407734ms)
✔ org_signup_cancel actual SessionClient token refresh actor (0.561256ms)
✔ org_signup_cancel actual SessionClient token refresh workspace (0.575252ms)
✔ org_signup_cancel actual SessionClient token refresh unchanged (0.56323ms)
✔ org_roster actual SessionClient token refresh actor (0.452614ms)
✔ org_roster actual SessionClient token refresh workspace (0.317091ms)
✔ org_roster actual SessionClient token refresh unchanged (0.508588ms)
✔ lost native create survives remount and clears only exact receipt (0.978575ms)
✔ cancel unknown native create validates workspace/request and preserves marker on wrong response (0.41282ms)
✔ generic authorization denial is recognizable without matching server wording (0.152144ms)
✔ absent installed capability keeps pending recovery and dispatches no operation (0.340304ms)
(node:620896) [MODULE_TYPELESS_PACKAGE_JSON] Warning: Module type of file:///tmp/zoi-youth-independent-k5ers4ls/mobile/src/webHandoffs.ts is not specified and it doesn't parse as CommonJS.
Reparsing as ES module because module syntax was detected. This incurs a performance overhead.
To eliminate this warning, add "type": "module" to /tmp/zoi-youth-independent-k5ers4ls/mobile/package.json.
(Use `node --trace-warnings ...` to show where the warning was created)
✔ music shelf and unscoped personal calendar explicitly reach their actual web capabilities (3.708796ms)
✔ native parish calendar, member discussion and artist homes stay native (0.464816ms)
✔ handoff resolver never opens spoofed hosts or credentials (0.282246ms)
✔ map deep links use the real web map and preserve only public search/place/view context (1.02469ms)
✔ explicit guardian links hand off only public listing context, adult groups stay native (0.896942ms)
(node:620908) ExperimentalWarning: stripTypeScriptTypes is an experimental feature and might change at any time
(Use `node --trace-warnings ...` to show where the warning was created)
✔ roles protect owner/self and admin peer escalation (2.392339ms)
✔ real controller confirms save only after current roster read (1.668791ms)
✔ lost response survives remount; receipt check does not resend (1.486702ms)
✔ unknown request blocks new write and safely cancels (3.181621ms)
✔ conflict refreshes membership; storage failure prevents submission (0.760177ms)
✔ authority loss clears private roster and account change fences calls (1.704077ms)
(node:620918) [MODULE_TYPELESS_PACKAGE_JSON] Warning: Module type of file:///tmp/zoi-youth-independent-k5ers4ls/mobile/src/session.ts is not specified and it doesn't parse as CommonJS.
Reparsing as ES module because module syntax was detected. This incurs a performance overhead.
To eliminate this warning, add "type": "module" to /tmp/zoi-youth-independent-k5ers4ls/mobile/package.json.
(Use `node --trace-warnings ...` to show where the warning was created)
(node:620918) ExperimentalWarning: stripTypeScriptTypes is an experimental feature and might change at any time
✔ only scoped team conflict/cancel envelope passes transport for controller verification (42.176081ms)
✔ exact known team SQL rejection preserved; generic 400 and other RPC remain uncertain (6.990882ms)
✔ real SessionClient quota clears marker; ambiguous400 keeps it;403 clears roster (3.788241ms)
✔ youth programme validates exact bounded ages, places and actual listing (1.846612ms)
✔ enrolment requires explicit authority and consent without inferring age (0.452303ms)
✔ enrolment receipts bind guardian child programme and exact version (0.48815ms)
✔ attendance and instructor assignment receipts reject unrelated identity (1.405429ms)
✔ private operator response rejects another workspace or programme roster (0.426275ms)
✔ public catalogue rejects unrelated listing and private family rejects malformed records (0.359781ms)
(node:620957) [MODULE_TYPELESS_PACKAGE_JSON] Warning: Module type of file:///tmp/zoi-youth-independent-k5ers4ls/mobile/src/youthReadiness.ts is not specified and it doesn't parse as CommonJS.
Reparsing as ES module because module syntax was detected. This incurs a performance overhead.
To eliminate this warning, add "type": "module" to /tmp/zoi-youth-independent-k5ers4ls/mobile/package.json.
(Use `node --trace-warnings ...` to show where the warning was created)
✔ native Youth remains read-only without exact installed actor and guardian capability (1.556842ms)
✔ native organizer readiness additionally binds exact workspace and current role (0.296653ms)
(node:620961) [MODULE_TYPELESS_PACKAGE_JSON] Warning: Module type of file:///tmp/zoi-youth-independent-k5ers4ls/mobile/src/session.ts is not specified and it doesn't parse as CommonJS.
Reparsing as ES module because module syntax was detected. This incurs a performance overhead.
To eliminate this warning, add "type": "module" to /tmp/zoi-youth-independent-k5ers4ls/mobile/package.json.
(Use `node --trace-warnings ...` to show where the warning was created)
✔ actual SessionClient youth refresh account fences private dispatch/result (28.702002ms)
✔ actual SessionClient youth refresh workspace fences private dispatch/result (0.588828ms)
✔ actual SessionClient youth refresh unmount fences private dispatch/result (0.53618ms)
✔ actual SessionClient youth response account fences private dispatch/result (5.179064ms)
✔ actual SessionClient youth response workspace fences private dispatch/result (0.882375ms)
✔ actual SessionClient youth response unmount fences private dispatch/result (0.788339ms)
✔ same actor token rotation sends private request using freshly captured token (1.251774ms)
✔ private method cannot dispatch anonymously; denied status remains recognizable (0.50429ms)
✔ installed native capability binds internal guardian profile separately from Auth (0.360863ms)
ℹ tests 307
ℹ suites 0
ℹ pass 307
ℹ fail 0
ℹ cancelled 0
ℹ skipped 0
ℹ todo 0
ℹ duration_ms 906.268828
