(node:615922) [MODULE_TYPELESS_PACKAGE_JSON] Warning: Module type of file:///tmp/zoi-youth-independent-k5ers4ls/mobile/src/privateRequests.ts is not specified and it doesn't parse as CommonJS.
Reparsing as ES module because module syntax was detected. This incurs a performance overhead.
To eliminate this warning, add "type": "module" to /tmp/zoi-youth-independent-k5ers4ls/mobile/package.json.
(Use `node --trace-warnings ...` to show where the warning was created)
✔ private recovery stores exact Unicode across bounded secure chunks (5.323473ms)
✔ account switch cannot read or save another account’s private request (0.65457ms)
✔ sign-out cleanup runs after queued writes and removes every chunk (1.531605ms)
✔ incomplete persistence is never mistaken for a retryable request (1.68953ms)
✔ cleanup failure cannot roll back a committed recovery request (0.868589ms)
✔ separate workflows keep distinct encrypted recovery namespaces (0.738406ms)
✔ failed storage cleanup retains a discoverable manifest until explicit cleanup succeeds (1.26573ms)
✔ non-null malformed manifests never masquerade as no pending request (0.876824ms)
✔ valid active-null pending manifest remains interrupted, not empty (0.286363ms)
✔ an active null payload is corruption rather than no pending request (0.333492ms)
✔ youth programme validates exact bounded ages, places and actual listing (1.338004ms)
✔ enrolment requires explicit authority and consent without inferring age (0.339954ms)
✔ enrolment receipts bind guardian child programme and exact version (0.354902ms)
✔ attendance and instructor assignment receipts reject unrelated identity (3.899218ms)
✔ private operator response rejects another workspace or programme roster (0.343089ms)
✔ public catalogue rejects unrelated listing and private family rejects malformed records (0.274892ms)
(node:615929) [MODULE_TYPELESS_PACKAGE_JSON] Warning: Module type of file:///tmp/zoi-youth-independent-k5ers4ls/mobile/src/youthReadiness.ts is not specified and it doesn't parse as CommonJS.
Reparsing as ES module because module syntax was detected. This incurs a performance overhead.
To eliminate this warning, add "type": "module" to /tmp/zoi-youth-independent-k5ers4ls/mobile/package.json.
(Use `node --trace-warnings ...` to show where the warning was created)
✔ native Youth remains read-only without exact installed actor and guardian capability (1.108105ms)
✔ native organizer readiness additionally binds exact workspace and current role (0.227153ms)
(node:615935) [MODULE_TYPELESS_PACKAGE_JSON] Warning: Module type of file:///tmp/zoi-youth-independent-k5ers4ls/mobile/src/session.ts is not specified and it doesn't parse as CommonJS.
Reparsing as ES module because module syntax was detected. This incurs a performance overhead.
To eliminate this warning, add "type": "module" to /tmp/zoi-youth-independent-k5ers4ls/mobile/package.json.
(Use `node --trace-warnings ...` to show where the warning was created)
✔ actual SessionClient youth refresh account fences private dispatch/result (24.560803ms)
✔ actual SessionClient youth refresh workspace fences private dispatch/result (0.524378ms)
✔ actual SessionClient youth refresh unmount fences private dispatch/result (0.508568ms)
✔ actual SessionClient youth response account fences private dispatch/result (4.941922ms)
✔ actual SessionClient youth response workspace fences private dispatch/result (0.891812ms)
✔ actual SessionClient youth response unmount fences private dispatch/result (0.778591ms)
✔ same actor token rotation sends private request using freshly captured token (0.905017ms)
✔ private method cannot dispatch anonymously; denied status remains recognizable (0.39701ms)
✔ installed native capability binds internal guardian profile separately from Auth (0.229739ms)
ℹ tests 27
ℹ suites 0
ℹ pass 27
ℹ fail 0
ℹ cancelled 0
ℹ skipped 0
ℹ todo 0
ℹ duration_ms 159.907717
