(node:49636) [MODULE_TYPELESS_PACKAGE_JSON] Warning: Module type of file:///tmp/zoi-parea-session-independent-mkd5i0y6/mobile/src/nativeParea.ts is not specified and it doesn't parse as CommonJS.
Reparsing as ES module because module syntax was detected. This incurs a performance overhead.
To eliminate this warning, add "type": "module" to /tmp/zoi-parea-session-independent-mkd5i0y6/mobile/package.json.
(Use `node --trace-warnings ...` to show where the warning was created)
✔ whole-ticket 3/1/5 plan leaves one unassigned and keeps exact individual prices (15.925512ms)
✔ fractional, duplicate, excess and expired plans do not become invitations (0.65338ms)
✔ only current unclaimed guest version can rotate link without extra quota (0.424092ms)
✔ guest choices require current event, explicit deadline proof and unpaid policy version (2.39786ms)
(node:49642) [MODULE_TYPELESS_PACKAGE_JSON] Warning: Module type of file:///tmp/zoi-parea-session-independent-mkd5i0y6/mobile/src/nativePareaClient.ts is not specified and it doesn't parse as CommonJS.
Reparsing as ES module because module syntax was detected. This incurs a performance overhead.
To eliminate this warning, add "type": "module" to /tmp/zoi-parea-session-independent-mkd5i0y6/mobile/package.json.
(Use `node --trace-warnings ...` to show where the warning was created)
✔ event_host_guest_save refresh account (28.534867ms)
✔ event_host_guest_save refresh unmount (1.06551ms)
✔ event_host_guest_save refresh unchanged (1.000149ms)
✔ event_host_guest_save response account (0.902296ms)
✔ event_host_guest_save response unmount (0.814322ms)
✔ event_host_guest_save response unchanged (0.64214ms)
✔ event_host_claim refresh account (1.475015ms)
✔ event_host_claim refresh unmount (0.796949ms)
✔ event_host_claim refresh unchanged (0.989459ms)
✔ event_host_claim response account (0.632943ms)
✔ event_host_claim response unmount (0.574523ms)
✔ event_host_claim response unchanged (0.469838ms)
✔ event_guest_payment_choose refresh account (0.572609ms)
✔ event_guest_payment_choose refresh unmount (0.511035ms)
✔ event_guest_payment_choose refresh unchanged (0.683086ms)
✔ event_guest_payment_choose response account (0.44973ms)
✔ event_guest_payment_choose response unmount (0.525121ms)
✔ event_guest_payment_choose response unchanged (0.389387ms)
✔ actual shared host client persists nonce before dispatch, loss retries same request and token (2.854573ms)
✔ remount cannot retry bearer args, exact missing-result cancellation settles before new request (0.632441ms)
✔ no token or RPC dispatch if durable storage has failed (0.391863ms)
✔ native host never depends on browser structuredClone and rejects non-JSON mutation data (0.475298ms)
✔ durable clear failure blocks new writes until exact storage operation is confirmed (0.500044ms)
(node:49643) [MODULE_TYPELESS_PACKAGE_JSON] Warning: Module type of file:///tmp/zoi-parea-session-independent-mkd5i0y6/mobile/src/nativePareaRecovery.ts is not specified and it doesn't parse as CommonJS.
Reparsing as ES module because module syntax was detected. This incurs a performance overhead.
To eliminate this warning, add "type": "module" to /tmp/zoi-parea-session-independent-mkd5i0y6/mobile/package.json.
(Use `node --trace-warnings ...` to show where the warning was created)
✔ nonce-only durable reference restores in exact account/event and contains no bearer or labels (1.875193ms)
✔ private capabilities and unexpected stored fields fail closed before writes (0.639635ms)
✔ failed persistence retains same queued reference until confirmed, then durable clear (0.511355ms)
✔ account/view invalidation after storage await keeps recovery reference but rejects stale continuation (0.656236ms)
✔ payment recovery includes exact guest/version/method/request only (0.977767ms)
ℹ tests 32
ℹ suites 0
ℹ pass 32
ℹ fail 0
ℹ cancelled 0
ℹ skipped 0
ℹ todo 0
ℹ duration_ms 175.220839
