PASS retained entire public rows round-trip to exact current production MD5
PASS Akylas refuses absent approval and leaves row intact
PASS Akylas actual lease/apply guarded transaction succeeds and defaultROLLBACK restores exact row
PASS Akylas stale ownership snapshot refuses source assignment
PASS Akylas new protected profile content refuses stale proposal
PASS Akylas wrong reviewed packet hash refuses
PASS Antigoni refuses absent approval and leaves row intact
PASS Antigoni actual lease/apply guarded transaction succeeds and defaultROLLBACK restores exact row
PASS Antigoni stale ownership snapshot refuses source assignment
PASS Antigoni new protected profile content refuses stale proposal
PASS Antigoni wrong reviewed packet hash refuses
PASS Bloody Hawk refuses absent approval and leaves row intact
PASS Bloody Hawk actual lease/apply guarded transaction succeeds and defaultROLLBACK restores exact row
PASS Bloody Hawk stale ownership snapshot refuses source assignment
PASS Bloody Hawk new protected profile content refuses stale proposal
PASS Bloody Hawk wrong reviewed packet hash refuses
PASS Bossikan refuses absent approval and leaves row intact
PASS Bossikan actual lease/apply guarded transaction succeeds and defaultROLLBACK restores exact row
PASS Bossikan stale ownership snapshot refuses source assignment
PASS Bossikan new protected profile content refuses stale proposal
PASS Bossikan wrong reviewed packet hash refuses
PASS Claydee refuses absent approval and leaves row intact
PASS Claydee actual lease/apply guarded transaction succeeds and defaultROLLBACK restores exact row
PASS Claydee stale ownership snapshot refuses source assignment
PASS Claydee new protected profile content refuses stale proposal
PASS Claydee wrong reviewed packet hash refuses
PASS Evangelia refuses absent approval and leaves row intact
PASS Evangelia actual lease/apply guarded transaction succeeds and defaultROLLBACK restores exact row
PASS Evangelia stale ownership snapshot refuses source assignment
PASS Evangelia new protected profile content refuses stale proposal
PASS Evangelia wrong reviewed packet hash refuses
PASS FLY LO refuses absent approval and leaves row intact
PASS FLY LO actual lease/apply guarded transaction succeeds and defaultROLLBACK restores exact row
PASS FLY LO stale ownership snapshot refuses source assignment
PASS FLY LO new protected profile content refuses stale proposal
PASS FLY LO wrong reviewed packet hash refuses
PASS HGEMONA$ refuses absent approval and leaves row intact
PASS HGEMONA$ actual lease/apply guarded transaction succeeds and defaultROLLBACK restores exact row
PASS HGEMONA$ stale ownership snapshot refuses source assignment
PASS HGEMONA$ new protected profile content refuses stale proposal
PASS HGEMONA$ wrong reviewed packet hash refuses
PASS iLLEOo refuses absent approval and leaves row intact
PASS iLLEOo actual lease/apply guarded transaction succeeds and defaultROLLBACK restores exact row
PASS iLLEOo stale ownership snapshot refuses source assignment
PASS iLLEOo new protected profile content refuses stale proposal
PASS iLLEOo wrong reviewed packet hash refuses
PASS Light refuses absent approval and leaves row intact
PASS Light actual lease/apply guarded transaction succeeds and defaultROLLBACK restores exact row
PASS Light stale ownership snapshot refuses source assignment
PASS Light new protected profile content refuses stale proposal
PASS Light wrong reviewed packet hash refuses
PASS Prestige The Band refuses absent approval and leaves row intact
PASS Prestige The Band actual lease/apply guarded transaction succeeds and defaultROLLBACK restores exact row
PASS Prestige The Band stale ownership snapshot refuses source assignment
PASS Prestige The Band new protected profile content refuses stale proposal
PASS Prestige The Band wrong reviewed packet hash refuses
PASS Slogan refuses absent approval and leaves row intact
PASS Slogan actual lease/apply guarded transaction succeeds and defaultROLLBACK restores exact row
PASS Slogan stale ownership snapshot refuses source assignment
PASS Slogan new protected profile content refuses stale proposal
PASS Slogan wrong reviewed packet hash refuses
PASS Thug Slime refuses absent approval and leaves row intact
PASS Thug Slime actual lease/apply guarded transaction succeeds and defaultROLLBACK restores exact row
PASS Thug Slime stale ownership snapshot refuses source assignment
PASS Thug Slime new protected profile content refuses stale proposal
PASS Thug Slime wrong reviewed packet hash refuses
PASS Toquel refuses absent approval and leaves row intact
PASS Toquel actual lease/apply guarded transaction succeeds and defaultROLLBACK restores exact row
PASS Toquel stale ownership snapshot refuses source assignment
PASS Toquel new protected profile content refuses stale proposal
PASS Toquel wrong reviewed packet hash refuses
PASS VLOSPA refuses absent approval and leaves row intact
PASS VLOSPA actual lease/apply guarded transaction succeeds and defaultROLLBACK restores exact row
PASS VLOSPA stale ownership snapshot refuses source assignment
PASS VLOSPA new protected profile content refuses stale proposal
PASS VLOSPA wrong reviewed packet hash refuses
PASS Giorgos Tsalikis refuses absent approval and leaves row intact
PASS Giorgos Tsalikis actual lease/apply guarded transaction succeeds and defaultROLLBACK restores exact row
PASS Giorgos Tsalikis stale ownership snapshot refuses source assignment
PASS Giorgos Tsalikis new protected profile content refuses stale proposal
PASS Giorgos Tsalikis wrong reviewed packet hash refuses
PASS actual helper definition drift refuses before row lock/write
{"checks":82,"production_writes":0,"fixture":"retained row shape + exact function bodies, no production triggers","port":15549}
