(node:310987) [MODULE_TYPELESS_PACKAGE_JSON] Warning: Module type of file:///workspaces/zoi-city/.recovery/community-release/.recovery/native-owner-source-candidate/mobile/src/businessOwner.ts is not specified and it doesn't parse as CommonJS.
Reparsing as ES module because module syntax was detected. This incurs a performance overhead.
To eliminate this warning, add "type": "module" to /workspaces/zoi-city/.recovery/community-release/.recovery/native-owner-source-candidate/mobile/package.json.
(Use `node --trace-warnings ...` to show where the warning was created)
✔ private snapshot rejects scope/version/base identity and does not mutate original source or menus (3.65068ms)
✔ changed website only uses real writer patch, leaves base clears and unknown menus/social shape untouched (0.437157ms)
✔ explicit website/photo/social clears are sent as owner choices, no duplicate imported fields (0.201557ms)
✔ URL validation rejects userinfo/javascript while unrelated malformed stored website remains untouched (0.334985ms)
✔ source panel uses exact shared held/import/owner clear policy (0.580104ms)
✔ choices require exact workspace and approved claims; malformed ownership not accepted (0.361465ms)
✔ receipt must prove current request/scope/version before accepting saved UI (0.530201ms)
✔ token refresh account switch prevents dispatch; late reply cannot become saved data (0.406639ms)
✔ fresh authority and existing snapshot surround the actual writer, replay uses exact immutable nonce (1.059419ms)
✔ role/current-listing refusal prevents writer and current authority is checked after awaits (0.698695ms)
✔ CAS conflict never fabricates success and no new nonce is generated by publication retry (0.33184ms)
✔ nonce-only interrupted marker survives remount, validates scope, stores no contact payload (0.698525ms)
✔ marker waits and current-account failures never dispatch or consume another workspace reference (0.216064ms)
ℹ tests 13
ℹ suites 0
ℹ pass 13
ℹ fail 0
ℹ cancelled 0
ℹ skipped 0
ℹ todo 0
ℹ duration_ms 126.300238
