(node:352339) [MODULE_TYPELESS_PACKAGE_JSON] Warning: Module type of file:///workspaces/zoi-city/.recovery/community-release/.recovery/native-owner-source-candidate/.recovery/owned-freezes/native-owner-source-2026-10-03/mobile/src/businessOwner.ts is not specified and it doesn't parse as CommonJS.
Reparsing as ES module because module syntax was detected. This incurs a performance overhead.
To eliminate this warning, add "type": "module" to /workspaces/zoi-city/.recovery/community-release/.recovery/native-owner-source-candidate/.recovery/owned-freezes/native-owner-source-2026-10-03/mobile/package.json.
(Use `node --trace-warnings ...` to show where the warning was created)
✔ private snapshot rejects scope/version/base identity and does not mutate original source or menus (2.806984ms)
✔ changed website only uses real writer patch, leaves base clears and unknown menus/social shape untouched (0.466051ms)
✔ explicit website/photo/social clears are sent as owner choices, no duplicate imported fields (0.194504ms)
✔ URL validation rejects userinfo/javascript while unrelated malformed stored website remains untouched (0.298117ms)
✔ source panel uses exact shared held/import/owner clear policy (0.593909ms)
✔ choices require exact workspace and approved claims; malformed ownership not accepted (0.32624ms)
✔ receipt must prove current request/scope/version before accepting saved UI (0.526744ms)
✔ token refresh account switch prevents dispatch; late reply cannot become saved data (0.373668ms)
✔ fresh authority and existing snapshot surround the actual writer, replay uses exact immutable nonce (1.024094ms)
✔ role/current-listing refusal prevents writer and current authority is checked after awaits (0.698034ms)
✔ CAS conflict never fabricates success and no new nonce is generated by publication retry (0.338272ms)
✔ nonce-only interrupted marker survives remount, validates scope, stores no contact payload (0.716338ms)
✔ marker waits and current-account failures never dispatch or consume another workspace reference (0.257982ms)
ℹ tests 13
ℹ suites 0
ℹ pass 13
ℹ fail 0
ℹ cancelled 0
ℹ skipped 0
ℹ todo 0
ℹ duration_ms 118.494485
