(node:340139) ExperimentalWarning: stripTypeScriptTypes is an experimental feature and might change at any time
(Use `node --trace-warnings ...` to show where the warning was created)
✔ owner tool browser handoffs preserve explicit selected workspace with no token (10.663434ms)
✔ missing malformed and injected identities cannot fabricate a setup destination (2.075226ms)
(node:340145) [MODULE_TYPELESS_PACKAGE_JSON] Warning: Module type of file:///workspaces/zoi-city/.recovery/community-release/.recovery/native-owner-source-candidate/mobile/src/artistMusic.ts is not specified and it doesn't parse as CommonJS.
Reparsing as ES module because module syntax was detected. This incurs a performance overhead.
To eliminate this warning, add "type": "module" to /workspaces/zoi-city/.recovery/community-release/.recovery/native-owner-source-candidate/mobile/package.json.
(Use `node --trace-warnings ...` to show where the warning was created)
✔ reviewed catalogue binds identity and uses verified high-resolution photos (3.698156ms)
✔ unknown artist never inherits featured content (0.319207ms)
✔ provider links reject spoofed hosts unsafe schemes and credentials (0.331319ms)
✔ city validation supports Greek and NFKC without markup (5.499697ms)
✔ receipts bind artist request active state and expected version (0.785678ms)
✔ summary rejects subthreshold counts and wrong artist; mine preserves inactive rows (1.034453ms)
✔ interrupted authenticated interest retries identical persisted request, then withdrawal reads real server version (38.99577ms)
✔ native planner shares venue timezone and buffer boundaries (1.261847ms)
✔ native planner cannot accept another tenant or changed appointment preview (0.942511ms)
✔ native planner requires complete unique saved slots matching the preview (2.090224ms)
(node:340147) [MODULE_TYPELESS_PACKAGE_JSON] Warning: Module type of file:///workspaces/zoi-city/.recovery/community-release/.recovery/native-owner-source-candidate/mobile/src/backendReadiness.ts is not specified and it doesn't parse as CommonJS.
Reparsing as ES module because module syntax was detected. This incurs a performance overhead.
To eliminate this warning, add "type": "module" to /workspaces/zoi-city/.recovery/community-release/.recovery/native-owner-source-candidate/mobile/package.json.
(Use `node --trace-warnings ...` to show where the warning was created)
✔ verified guardian backend is enabled while unavailable integrations fail closed (0.868923ms)
✔ guardian release gate is backed by complete deployed RPC evidence (0.965153ms)
(node:340149) [MODULE_TYPELESS_PACKAGE_JSON] Warning: Module type of file:///workspaces/zoi-city/.recovery/community-release/.recovery/native-owner-source-candidate/mobile/src/booking.ts is not specified and it doesn't parse as CommonJS.
Reparsing as ES module because module syntax was detected. This incurs a performance overhead.
To eliminate this warning, add "type": "module" to /workspaces/zoi-city/.recovery/community-release/.recovery/native-owner-source-candidate/mobile/package.json.
(Use `node --trace-warnings ...` to show where the warning was created)
✔ booking receipts require exact idempotency request, slot and party (1.76609ms)
✔ retry receipt preserves terminal cancellation rather than inventing confirmation (0.254876ms)
✔ booking catalog refuses malformed times and unknown timezone (37.137609ms)
✔ venue times honor the venue timezone rather than device default (1.306531ms)
(node:340154) [MODULE_TYPELESS_PACKAGE_JSON] Warning: Module type of file:///workspaces/zoi-city/.recovery/community-release/.recovery/native-owner-source-candidate/mobile/src/bookingOperator.ts is not specified and it doesn't parse as CommonJS.
Reparsing as ES module because module syntax was detected. This incurs a performance overhead.
To eliminate this warning, add "type": "module" to /workspaces/zoi-city/.recovery/community-release/.recovery/native-owner-source-candidate/mobile/package.json.
(Use `node --trace-warnings ...` to show where the warning was created)
✔ operator mutation requires exact workspace and incremented version (1.862158ms)
✔ operator service decimal prices are exact minor units and bounded (0.512838ms)
✔ staff resource cannot silently admit a party (0.280254ms)
✔ schedule converts venue-local time and rejects both DST edge cases (26.706011ms)
✔ native reschedule uses venue-local range and rejects impossible calendar dates (27.346898ms)
✔ reschedule selection pins reviewed version and exact price (0.698655ms)
✔ move receipt requires same booking, expected version, reviewed time and no collected payment (2.150979ms)
(node:340172) [MODULE_TYPELESS_PACKAGE_JSON] Warning: Module type of file:///workspaces/zoi-city/.recovery/community-release/.recovery/native-owner-source-candidate/mobile/src/brand.ts is not specified and it doesn't parse as CommonJS.
Reparsing as ES module because module syntax was detected. This incurs a performance overhead.
To eliminate this warning, add "type": "module" to /workspaces/zoi-city/.recovery/community-release/.recovery/native-owner-source-candidate/mobile/package.json.
(Use `node --trace-warnings ...` to show where the warning was created)
✔ native shared body, subdued text and actions stay readable on every adopted surface (1.869793ms)
✔ native and web material colors share the same semantic values (6.154207ms)
(node:340178) [MODULE_TYPELESS_PACKAGE_JSON] Warning: Module type of file:///workspaces/zoi-city/.recovery/community-release/.recovery/native-owner-source-candidate/mobile/src/businessEdit.ts is not specified and it doesn't parse as CommonJS.
Reparsing as ES module because module syntax was detected. This incurs a performance overhead.
To eliminate this warning, add "type": "module" to /workspaces/zoi-city/.recovery/community-release/.recovery/native-owner-source-candidate/mobile/package.json.
(Use `node --trace-warnings ...` to show where the warning was created)
✔ only owned and explicitly approved claims can appear in business editor (1.495314ms)
✔ business edit preserves unknown social keys and explicit cleared fields (0.380381ms)
✔ business edit rejects unsafe replacement and ambiguous social payloads (0.465158ms)
(node:340184) [MODULE_TYPELESS_PACKAGE_JSON] Warning: Module type of file:///workspaces/zoi-city/.recovery/community-release/.recovery/native-owner-source-candidate/mobile/src/businessOwner.ts is not specified and it doesn't parse as CommonJS.
Reparsing as ES module because module syntax was detected. This incurs a performance overhead.
To eliminate this warning, add "type": "module" to /workspaces/zoi-city/.recovery/community-release/.recovery/native-owner-source-candidate/mobile/package.json.
(Use `node --trace-warnings ...` to show where the warning was created)
✔ private snapshot rejects scope/version/base identity and does not mutate original source or menus (4.4485ms)
✔ changed website only uses real writer patch, leaves base clears and unknown menus/social shape untouched (0.649273ms)
✔ explicit website/photo/social clears are sent as owner choices, no duplicate imported fields (0.328694ms)
✔ URL validation rejects userinfo/javascript while unrelated malformed stored website remains untouched (0.403814ms)
✔ source panel uses exact shared held/import/owner clear policy (0.972427ms)
✔ choices require exact workspace and approved claims; malformed ownership not accepted (0.498101ms)
✔ receipt must prove current request/scope/version before accepting saved UI (0.777452ms)
✔ token refresh account switch prevents dispatch; late reply cannot become saved data (0.673358ms)
✔ fresh authority and existing snapshot surround the actual writer, replay uses exact immutable nonce (3.665962ms)
✔ role/current-listing refusal prevents writer and current authority is checked after awaits (1.045323ms)
✔ CAS conflict never fabricates success and no new nonce is generated by publication retry (0.509281ms)
✔ nonce-only interrupted marker survives remount, validates scope, stores no contact payload (1.119191ms)
✔ marker waits and current-account failures never dispatch or consume another workspace reference (0.327001ms)
(node:340191) [MODULE_TYPELESS_PACKAGE_JSON] Warning: Module type of file:///workspaces/zoi-city/.recovery/community-release/.recovery/native-owner-source-candidate/mobile/src/calendar.ts is not specified and it doesn't parse as CommonJS.
Reparsing as ES module because module syntax was detected. This incurs a performance overhead.
To eliminate this warning, add "type": "module" to /workspaces/zoi-city/.recovery/community-release/.recovery/native-owner-source-candidate/mobile/package.json.
(Use `node --trace-warnings ...` to show where the warning was created)
✔ calendar ranges reject impossible dates and bound exactly90 UTC days (1.85765ms)
✔ public calendar rejects private drafts and another listing (2.266895ms)
✔ workspace calendar rejects another tenant (0.310631ms)
✔ same calendar planner validates dates and exact saved receipt (24.536388ms)
✔ profile calendar/group actions require exact same-listing server paths (2.595239ms)
(node:340197) [MODULE_TYPELESS_PACKAGE_JSON] Warning: Module type of file:///workspaces/zoi-city/.recovery/community-release/.recovery/native-owner-source-candidate/mobile/src/commerce.ts is not specified and it doesn't parse as CommonJS.
Reparsing as ES module because module syntax was detected. This incurs a performance overhead.
To eliminate this warning, add "type": "module" to /workspaces/zoi-city/.recovery/community-release/.recovery/native-owner-source-candidate/mobile/package.json.
(Use `node --trace-warnings ...` to show where the warning was created)
✔ basket totals preserve decimal precision and separate currencies (2.861716ms)
✔ persisted basket rejects duplicate IDs and invalid quantities (1.279751ms)
✔ adding unavailable options or excessive aggregate quantities fails (0.966786ms)
✔ fresh checkout must match exact official cart and all quantities (1.215601ms)
✔ product imagery and deep links reject untrusted URLs and invalid identifiers (0.617895ms)
✔ native shared option cannot silently substitute another product variant (0.3484ms)
✔ malformed explicit native variant remains an explicit unresolved choice (0.554175ms)
✔ single default display metadata survives native basket mapping without changing provider title (0.868242ms)
(node:340220) [MODULE_TYPELESS_PACKAGE_JSON] Warning: Module type of file:///workspaces/zoi-city/.recovery/community-release/.recovery/native-owner-source-candidate/mobile/src/community.ts is not specified and it doesn't parse as CommonJS.
Reparsing as ES module because module syntax was detected. This incurs a performance overhead.
To eliminate this warning, add "type": "module" to /workspaces/zoi-city/.recovery/community-release/.recovery/native-owner-source-candidate/mobile/package.json.
(Use `node --trace-warnings ...` to show where the warning was created)
✔ visible reaction state comes from matching desired-state receipts only (1.149236ms)
✔ reply receipt is scoped to post and actual profile, not auth UUID (0.413102ms)
✔ public profile edits explicitly validate interests and chosen public fields (0.350435ms)
✔ feed preserves server snapshot and rejects a substituted mode (0.274683ms)
✔ recovered publication keeps original account, immutable request and actual receipt identity (0.451192ms)
(node:340222) [MODULE_TYPELESS_PACKAGE_JSON] Warning: Module type of file:///workspaces/zoi-city/.recovery/community-release/.recovery/native-owner-source-candidate/mobile/src/communityIntent.ts is not specified and it doesn't parse as CommonJS.
Reparsing as ES module because module syntax was detected. This incurs a performance overhead.
To eliminate this warning, add "type": "module" to /workspaces/zoi-city/.recovery/community-release/.recovery/native-owner-source-candidate/mobile/package.json.
(Use `node --trace-warnings ...` to show where the warning was created)
✔ sign-in retains question composer intent but cannot resume without an actor (2.128276ms)
✔ discussion return retains navigation and does not replay a reaction (0.35315ms)
✔ sign-in may retain public navigation but sign-out or account switch invalidates it (0.222826ms)
(node:340229) [MODULE_TYPELESS_PACKAGE_JSON] Warning: Module type of file:///workspaces/zoi-city/.recovery/community-release/.recovery/native-owner-source-candidate/mobile/src/communityMedia.ts is not specified and it doesn't parse as CommonJS.
Reparsing as ES module because module syntax was detected. This incurs a performance overhead.
To eliminate this warning, add "type": "module" to /workspaces/zoi-city/.recovery/community-release/.recovery/native-owner-source-candidate/mobile/package.json.
(Use `node --trace-warnings ...` to show where the warning was created)
✔ media selection validates actual bytes dimensions and video duration before transfer (1.832804ms)
✔ media URLs cannot execute scripts or expose embedded credentials (0.287287ms)
✔ offscreen background low-power reduced-motion and user pause all prevent autoplay (0.26203ms)
✔ upload receipt must match selected media type and a valid finalized identity (0.791187ms)
(node:340244) [MODULE_TYPELESS_PACKAGE_JSON] Warning: Module type of file:///workspaces/zoi-city/.recovery/community-release/.recovery/native-owner-source-candidate/mobile/src/companyConsole.ts is not specified and it doesn't parse as CommonJS.
Reparsing as ES module because module syntax was detected. This incurs a performance overhead.
To eliminate this warning, add "type": "module" to /workspaces/zoi-city/.recovery/community-release/.recovery/native-owner-source-candidate/mobile/package.json.
(Use `node --trace-warnings ...` to show where the warning was created)
✔ actual shared queue distinguishes cross-company urgency and selected company filters (5.075542ms)
✔ sparse and retired work does not create deadlines or company completion (25.300355ms)
✔ unknown assignee remains assigned, profile identity is not the signed-in actor (0.418582ms)
✔ queue rejects foreign saved scope (0.510835ms)
✔ queue rejects duplicate saved scope (0.231121ms)
✔ queue rejects invalid-data saved scope (0.208159ms)
✔ queue rejects missing-company saved scope (0.480468ms)
✔ Metro resolves only the exact shared Company CDN edge without altering packages or queries (451.600938ms)
(node:340245) [MODULE_TYPELESS_PACKAGE_JSON] Warning: Module type of file:///workspaces/zoi-city/.recovery/community-release/.recovery/native-owner-source-candidate/mobile/src/companyHandover.ts is not specified and it doesn't parse as CommonJS.
Reparsing as ES module because module syntax was detected. This incurs a performance overhead.
To eliminate this warning, add "type": "module" to /workspaces/zoi-city/.recovery/community-release/.recovery/native-owner-source-candidate/mobile/package.json.
(Use `node --trace-warnings ...` to show where the warning was created)
✔ reviewed selected-company JSON preserves nulls and versions, excludes foreign contacts and unqueried files (7.880493ms)
✔ authorized document metadata includes only saved company project IDs and current versions (2.29657ms)
✔ confirmation rejects changed version before handover (1.481758ms)
✔ confirmation rejects changed owner-clear before handover (1.098713ms)
✔ confirmation rejects changed assignment-clear before handover (1.725073ms)
✔ confirmation rejects changed contact-clear before handover (3.427924ms)
✔ confirmation rejects changed removed-company before handover (1.204931ms)
✔ confirmation rejects changed role before handover (0.716579ms)
✔ confirmation rejects changed document-version before handover (1.891013ms)
✔ private document review refuses viewer (0.864245ms)
✔ private document review refuses foreign (0.455301ms)
✔ private document review refuses duplicate (0.476089ms)
✔ private document review refuses missing-project (0.379519ms)
✔ viewer can review saved read-authorized records without accessing private files (1.771269ms)
✔ actual SessionClient handover fences token wait then account (38.768636ms)
✔ actual SessionClient handover fences token wait then workspace (3.108797ms)
✔ actual SessionClient handover fences token wait then unmount (0.932462ms)
✔ actual SessionClient handover fences records wait then account (24.982153ms)
✔ actual SessionClient handover fences records wait then workspace (4.915213ms)
✔ actual SessionClient handover fences records wait then unmount (1.214519ms)
✔ actual SessionClient handover fences documents wait then account (16.885862ms)
✔ actual SessionClient handover fences documents wait then workspace (1.939203ms)
✔ actual SessionClient handover fences documents wait then unmount (1.218316ms)
✔ temporary file cleanup is idempotent and removes the prior copy before replacement (0.375762ms)
✔ actual native handover adapter success protects ephemeral copy (1.30091ms)
✔ actual native handover adapter unavailable protects ephemeral copy (0.426718ms)
✔ actual native handover adapter share-failure protects ephemeral copy (0.743619ms)
✔ actual native handover adapter availability-scope-change protects ephemeral copy (0.358048ms)
✔ actual native handover adapter copy-scope-change protects ephemeral copy (0.541992ms)
✔ actual native handover adapter share-scope-change protects ephemeral copy (0.660193ms)
✔ actual native handover adapter changed-record protects ephemeral copy (0.528227ms)
(node:340258) [MODULE_TYPELESS_PACKAGE_JSON] Warning: Module type of file:///workspaces/zoi-city/.recovery/community-release/.recovery/native-owner-source-candidate/mobile/src/companyWorkspace.ts is not specified and it doesn't parse as CommonJS.
Reparsing as ES module because module syntax was detected. This incurs a performance overhead.
To eliminate this warning, add "type": "module" to /workspaces/zoi-city/.recovery/community-release/.recovery/native-owner-source-candidate/mobile/package.json.
(Use `node --trace-warnings ...` to show where the warning was created)
✔ native company aggregates exact active relationships without assuming member Auth identity (6.459507ms)
✔ company draft uses current company ID and existing persisted payload (3.821049ms)
✔ company source rejects foreign (0.536041ms)
✔ company source rejects archived (0.317784ms)
✔ company source rejects missing (0.287357ms)
✔ company source rejects duplicate (0.764578ms)
✔ archived linked project has no company return and archived work is omitted (4.30319ms)
✔ existing roles keep company edit distinct from project work (0.239528ms)
✔ actual SessionClient ignores held Company response after account (51.281301ms)
✔ actual SessionClient ignores held Company response after workspace (3.083911ms)
✔ actual SessionClient ignores held Company response after unmount (1.178622ms)
(node:340259) [MODULE_TYPELESS_PACKAGE_JSON] Warning: Module type of file:///workspaces/zoi-city/.recovery/community-release/.recovery/native-owner-source-candidate/mobile/src/creator.ts is not specified and it doesn't parse as CommonJS.
Reparsing as ES module because module syntax was detected. This incurs a performance overhead.
To eliminate this warning, add "type": "module" to /workspaces/zoi-city/.recovery/community-release/.recovery/native-owner-source-candidate/mobile/package.json.
(Use `node --trace-warnings ...` to show where the warning was created)
✔ bio preserves order and unpublished intent in exact server payload (2.464775ms)
✔ bio refuses truncation and unsafe links before save (0.720355ms)
✔ bio needs exact save receipt and never treats empty response as success (0.509622ms)
(node:340265) [MODULE_TYPELESS_PACKAGE_JSON] Warning: Module type of file:///workspaces/zoi-city/.recovery/community-release/.recovery/native-owner-source-candidate/mobile/src/creatorAccess.ts is not specified and it doesn't parse as CommonJS.
Reparsing as ES module because module syntax was detected. This incurs a performance overhead.
To eliminate this warning, add "type": "module" to /workspaces/zoi-city/.recovery/community-release/.recovery/native-owner-source-candidate/mobile/package.json.
(Use `node --trace-warnings ...` to show where the warning was created)
✔ authoritative creator denials invalidate private data for reads and writes (3.042464ms)
✔ temporary failure and creator read-only states retain draft and recovery state (0.804483ms)
✔ late denial from an unmounted or different actor cannot clear the current screen (0.558213ms)
✔ successful reads and confirmed writes remain unchanged (0.442327ms)
(node:340271) [MODULE_TYPELESS_PACKAGE_JSON] Warning: Module type of file:///workspaces/zoi-city/.recovery/community-release/.recovery/native-owner-source-candidate/mobile/src/creatorRecovery.ts is not specified and it doesn't parse as CommonJS.
Reparsing as ES module because module syntax was detected. This incurs a performance overhead.
To eliminate this warning, add "type": "module" to /workspaces/zoi-city/.recovery/community-release/.recovery/native-owner-source-candidate/mobile/package.json.
(Use `node --trace-warnings ...` to show where the warning was created)
✔ all seven actions execute through durable nonce-only wrapper and validate receipt (10.946969ms)
✔ lost response blocks replacement, exact retry retains immutable memory payload (2.324674ms)
✔ reload has no payload, missing receipt retains fence, cancellation requires exact proof (4.959145ms)
✔ permission denial drops private payload without deleting recovery reference (0.744802ms)
✔ storage failure, corrupt marker and late account change cannot permit dispatch or acknowledgement (2.556656ms)
✔ mismatched saved entity does not discard recovery reference (0.502058ms)
✔ account switch during persisted readback prevents dispatch (0.391862ms)
✔ readback failure after persistence retains marker and fences another send (0.735805ms)
(node:340286) [MODULE_TYPELESS_PACKAGE_JSON] Warning: Module type of file:///workspaces/zoi-city/.recovery/community-release/.recovery/native-owner-source-candidate/mobile/src/creatorStudio.ts is not specified and it doesn't parse as CommonJS.
Reparsing as ES module because module syntax was detected. This incurs a performance overhead.
To eliminate this warning, add "type": "module" to /workspaces/zoi-city/.recovery/community-release/.recovery/native-owner-source-candidate/mobile/package.json.
(Use `node --trace-warnings ...` to show where the warning was created)
✔ creator fee is explicit currency units converted to bounded minor units (3.840755ms)
✔ private drafts may be incomplete but sharing needs disclosures and deliverables (0.450091ms)
✔ customer detail rejects internal workspace records and audit data (0.548825ms)
✔ creator mutation receipts require matching workspace and decision request (0.52489ms)
✔ proof links remain explicit public HTTPS links and deliverables honor field limits (0.666235ms)
(node:340287) [MODULE_TYPELESS_PACKAGE_JSON] Warning: Module type of file:///workspaces/zoi-city/.recovery/community-release/.recovery/native-owner-source-candidate/mobile/src/discovery.ts is not specified and it doesn't parse as CommonJS.
Reparsing as ES module because module syntax was detected. This incurs a performance overhead.
To eliminate this warning, add "type": "module" to /workspaces/zoi-city/.recovery/community-release/.recovery/native-owner-source-candidate/mobile/package.json.
(Use `node --trace-warnings ...` to show where the warning was created)
✔ saved home applies only to default browsing, global search and temporary city do not overwrite it (2.503477ms)
✔ authoritative preference receipt supports explicit clears and sparse account; malformed receipt refused (0.898108ms)
✔ scope inputs literal and public rows must match chosen city/country/current identity (0.789044ms)
✔ coarse, missing, fake centroids and conflicted street coordinates never become precise pins (1.073064ms)
✔ fresh selected entity must match exact current slug/id and public visibility (0.386201ms)
✔ Directions uses actual same-record reviewed receipt, current address, or explicit provider name search (0.506667ms)
✔ native discovery/map public links carry explicit intent and canonical place without touching home (0.740884ms)
✔ native viewport clusters count real pins, hide coarse points and split with zoom without jitter (0.697814ms)
(node:340293) [MODULE_TYPELESS_PACKAGE_JSON] Warning: Module type of file:///workspaces/zoi-city/.recovery/community-release/.recovery/native-owner-source-candidate/mobile/src/discoveryMedia.ts is not specified and it doesn't parse as CommonJS.
Reparsing as ES module because module syntax was detected. This incurs a performance overhead.
To eliminate this warning, add "type": "module" to /workspaces/zoi-city/.recovery/community-release/.recovery/native-owner-source-candidate/mobile/package.json.
(Use `node --trace-warnings ...` to show where the warning was created)
✔ actual public Signature null SQL photo uses exact shared reviewed media on card and selected home (7.283447ms)
✔ owner photo edit and explicit null clear follow shared model on both bounded and full entities (2.605457ms)
✔ owner website edit and clears remove old reviewed imagery without a native override (0.513159ms)
✔ raw profile hero clear and owner all-media clear remain explicit (0.600823ms)
✔ association/quarantined source cannot regain curated media through native (0.343712ms)
✔ sparse, unsafe and failed roles do not infer a photo or leak raw fields (0.53012ms)
✔ official logo-only identity uses model fit and backdrop; poster keeps full aspect (0.606192ms)
✔ gallery-only or interface artwork cannot become native hero (0.85615ms)
✔ legacy selected logo and sparse selected photo preserve fallback semantics (0.940336ms)
(node:340294) [MODULE_TYPELESS_PACKAGE_JSON] Warning: Module type of file:///workspaces/zoi-city/.recovery/community-release/.recovery/native-owner-source-candidate/mobile/src/discoveryScope.ts is not specified and it doesn't parse as CommonJS.
Reparsing as ES module because module syntax was detected. This incurs a performance overhead.
To eliminate this warning, add "type": "module" to /workspaces/zoi-city/.recovery/community-release/.recovery/native-owner-source-candidate/mobile/package.json.
(Use `node --trace-warnings ...` to show where the warning was created)
✔ community_me refresh account (43.253163ms)
✔ community_me refresh unmount (0.750903ms)
✔ community_me refresh unchanged (0.644544ms)
✔ community_me response account (15.575577ms)
✔ community_me response unmount (1.219018ms)
✔ community_me response unchanged (2.277765ms)
✔ community_preferences_save refresh account (0.693887ms)
✔ community_preferences_save refresh unmount (2.604796ms)
✔ community_preferences_save refresh unchanged (1.531231ms)
✔ community_preferences_save response account (3.991968ms)
✔ community_preferences_save response unmount (2.58538ms)
✔ community_preferences_save response unchanged (2.162369ms)
✔ no unknown mutations or malformed preference versions dispatch (0.421568ms)
(node:340300) [MODULE_TYPELESS_PACKAGE_JSON] Warning: Module type of file:///workspaces/zoi-city/.recovery/community-release/.recovery/native-owner-source-candidate/mobile/src/documentScope.ts is not specified and it doesn't parse as CommonJS.
Reparsing as ES module because module syntax was detected. This incurs a performance overhead.
To eliminate this warning, add "type": "module" to /workspaces/zoi-city/.recovery/community-release/.recovery/native-owner-source-candidate/mobile/package.json.
(Use `node --trace-warnings ...` to show where the warning was created)
✔ actual SessionClient private documents refresh actor (40.076138ms)
✔ actual SessionClient private documents refresh workspace (1.013293ms)
✔ actual SessionClient private documents refresh project (1.040274ms)
✔ actual SessionClient private documents refresh unmount (0.694889ms)
✔ actual SessionClient private documents refresh unchanged (1.819389ms)
✔ actual SessionClient private documents response actor (13.874049ms)
✔ actual SessionClient private documents response workspace (1.371302ms)
✔ actual SessionClient private documents response project (3.098268ms)
✔ actual SessionClient private documents response unmount (1.920468ms)
✔ actual SessionClient private documents response unchanged (1.728098ms)
✔ private document RPC refuses malformed scopes, unknown writers and foreign workspace before dispatch (0.780228ms)
(node:340313) [MODULE_TYPELESS_PACKAGE_JSON] Warning: Module type of file:///workspaces/zoi-city/.recovery/community-release/.recovery/native-owner-source-candidate/mobile/src/documents.ts is not specified and it doesn't parse as CommonJS.
Reparsing as ES module because module syntax was detected. This incurs a performance overhead.
To eliminate this warning, add "type": "module" to /workspaces/zoi-city/.recovery/community-release/.recovery/native-owner-source-candidate/mobile/package.json.
(Use `node --trace-warnings ...` to show where the warning was created)
✔ private upload receipt requires workspace, document identity and ready version (1.526161ms)
✔ private attachment requires no-store, attachment headers, correct type and exact bounded size (42.133919ms)
✔ native document selection uses same metadata limits as server (1.213076ms)
(node:340319) [MODULE_TYPELESS_PACKAGE_JSON] Warning: Module type of file:///workspaces/zoi-city/.recovery/community-release/.recovery/native-owner-source-candidate/mobile/src/drafts.ts is not specified and it doesn't parse as CommonJS.
Reparsing as ES module because module syntax was detected. This incurs a performance overhead.
To eliminate this warning, add "type": "module" to /workspaces/zoi-city/.recovery/community-release/.recovery/native-owner-source-candidate/mobile/package.json.
(Use `node --trace-warnings ...` to show where the warning was created)
✔ sign-out removal waits for in-flight draft save and prevents queued resurrection (4.772205ms)
✔ switching account blocks previous account queued draft writes (0.635757ms)
✔ publishing requires explicit success and real UUID receipt (0.319016ms)
✔ native map labels share exact source geometry and boundedpreferences (2.381419ms)
✔ native prepared note shares same nontransactional contract (2.529846ms)
(node:340337) ExperimentalWarning: stripTypeScriptTypes is an experimental feature and might change at any time
(Use `node --trace-warnings ...` to show where the warning was created)
✔ guest link carries only canonical selected event, never credentials (1.704404ms)
✔ organiser handoff validates exact selected workspace and event with fresh authority (1.422177ms)
✔ viewer, missing, duplicate and malformed memberships cannot produce operator link (2.538281ms)
✔ selected workspace never falls back to first membership (0.278741ms)
✔ wrong event and denied operator proof cannot open a link (0.425415ms)
✔ late account/workspace switches fence membership and operator responses (8.048356ms)
(node:340350) [MODULE_TYPELESS_PACKAGE_JSON] Warning: Module type of file:///workspaces/zoi-city/.recovery/community-release/.recovery/native-owner-source-candidate/mobile/src/session.ts is not specified and it doesn't parse as CommonJS.
Reparsing as ES module because module syntax was detected. This incurs a performance overhead.
To eliminate this warning, add "type": "module" to /workspaces/zoi-city/.recovery/community-release/.recovery/native-owner-source-candidate/mobile/package.json.
(Use `node --trace-warnings ...` to show where the warning was created)
✔ actual session refresh preserves exact authorised event/workspace without credentials in link (39.576392ms)
✔ held actual refresh refuses private send after workspace switch (1.690157ms)
✔ held actual refresh refuses private send after actor switch (0.836743ms)
✔ late private response is refused after scope change (12.770818ms)
✔ invalid actor, guest, lost scope and unsupported RPC refuse dispatch (0.55137ms)
✔ refresh rejection never dispatches private proof (0.36407ms)
(node:340358) [MODULE_TYPELESS_PACKAGE_JSON] Warning: Module type of file:///workspaces/zoi-city/.recovery/community-release/.recovery/native-owner-source-candidate/mobile/src/eventPlanner.ts is not specified and it doesn't parse as CommonJS.
Reparsing as ES module because module syntax was detected. This incurs a performance overhead.
To eliminate this warning, add "type": "module" to /workspaces/zoi-city/.recovery/community-release/.recovery/native-owner-source-candidate/mobile/package.json.
(Use `node --trace-warnings ...` to show where the warning was created)
✔ event plans preserve private notes and reject invalid quantities (22.874252ms)
✔ recovery never substitutes profile or plan version (0.668338ms)
✔ current booking reads cannot import foreign private plans (0.375221ms)
✔ resource units enforce one performer, bounded venue guests and equipment units (2.56386ms)
(node:340365) [MODULE_TYPELESS_PACKAGE_JSON] Warning: Module type of file:///workspaces/zoi-city/.recovery/community-release/.recovery/native-owner-source-candidate/mobile/src/festival.ts is not specified and it doesn't parse as CommonJS.
Reparsing as ES module because module syntax was detected. This incurs a performance overhead.
To eliminate this warning, add "type": "module" to /workspaces/zoi-city/.recovery/community-release/.recovery/native-owner-source-candidate/mobile/package.json.
(Use `node --trace-warnings ...` to show where the warning was created)
✔ application ignores client prices and validates contact and units (1.951205ms)
✔ commercial offers use exact cents and bounded benefit lines (27.843005ms)
✔ application receipt requires correct actor tenant enquiry and version (0.486368ms)
✔ private pages reject foreign records and invalid pagination (0.33215ms)
✔ public offer action only uses exact matching host UUID (2.170145ms)
(node:340373) [MODULE_TYPELESS_PACKAGE_JSON] Warning: Module type of file:///workspaces/zoi-city/.recovery/community-release/.recovery/native-owner-source-candidate/mobile/src/generalReservation.ts is not specified and it doesn't parse as CommonJS.
Reparsing as ES module because module syntax was detected. This incurs a performance overhead.
To eliminate this warning, add "type": "module" to /workspaces/zoi-city/.recovery/community-release/.recovery/native-owner-source-candidate/mobile/package.json.
(Use `node --trace-warnings ...` to show where the warning was created)
✔ interrupted reservation remains blocked after remount and across tier changes, scoped to actor and event (3.601097ms)
✔ only exact confirmed free receipt clears original attempt; malformed and stale confirmations preserve warning (1.190324ms)
✔ storage failure and account change stop request preparation before network action (0.512787ms)
✔ new request recovery accepts only exact nonce/event/tier/quantity receipt, with no contact storage (3.848069ms)
✔ legacy saved requests cannot be upgraded to once protocol, and malformed recovery never clears warning (1.750363ms)
✔ recovered creation receipt cannot imply active ticket after cancellation or closed event (0.44939ms)
✔ signing in cannot bypass an unresolved guest reservation or reuse its nonce as an account request (0.898038ms)
✔ confirmed nonce reference survives reopening without contacts and never claims cached ticket status (0.850018ms)
✔ confirmed references cap at five, expire after one year, and storage failure preserves unresolved warning (2.689715ms)
✔ member state accepts closed group with own history but rejects unrelated membership (1.735943ms)
✔ membership decisions validate tenant identity and exact increment (0.392222ms)
✔ attendance receipt binds event membership and status (0.401079ms)
✔ membership settings cannot cross workspace or skip version (0.310079ms)
(node:340383) [MODULE_TYPELESS_PACKAGE_JSON] Warning: Module type of file:///workspaces/zoi-city/.recovery/community-release/.recovery/native-owner-source-candidate/mobile/src/inquiries.ts is not specified and it doesn't parse as CommonJS.
Reparsing as ES module because module syntax was detected. This incurs a performance overhead.
To eliminate this warning, add "type": "module" to /workspaces/zoi-city/.recovery/community-release/.recovery/native-owner-source-candidate/mobile/package.json.
(Use `node --trace-warnings ...` to show where the warning was created)
✔ enquiry start validates actor listing and immutable request payload (2.489881ms)
✔ reply requires exact author thread request and body receipt (0.42817ms)
✔ thread read guards workspace message identity and readonly contract (0.424994ms)
✔ enquiry inputs reject invalid IDs and oversized empty messages (0.297566ms)
(node:340385) [MODULE_TYPELESS_PACKAGE_JSON] Warning: Module type of file:///workspaces/zoi-city/.recovery/community-release/.recovery/native-owner-source-candidate/mobile/src/privateRequests.ts is not specified and it doesn't parse as CommonJS.
Reparsing as ES module because module syntax was detected. This incurs a performance overhead.
To eliminate this warning, add "type": "module" to /workspaces/zoi-city/.recovery/community-release/.recovery/native-owner-source-candidate/mobile/package.json.
(Use `node --trace-warnings ...` to show where the warning was created)
✔ restart restores nonce-only metadata and prevents replacement (4.702134ms)
✔ A to B to A protects and preserves original marker (2.789402ms)
✔ SecureStore failure and silent adapter failure prevent dispatch (1.670561ms)
✔ receipt requires exact nonce kind and target; notfound is not cancellation (0.527696ms)
✔ failed recovery keeps marker until confirmed cancellation acknowledgement (3.354948ms)
✔ corrupt active null prevents a replacement inquiry nonce (1.639513ms)
(node:340401) [MODULE_TYPELESS_PACKAGE_JSON] Warning: Module type of file:///workspaces/zoi-city/.recovery/community-release/.recovery/native-owner-source-candidate/mobile/src/memberStart.ts is not specified and it doesn't parse as CommonJS.
Reparsing as ES module because module syntax was detected. This incurs a performance overhead.
To eliminate this warning, add "type": "module" to /workspaces/zoi-city/.recovery/community-release/.recovery/native-owner-source-candidate/mobile/package.json.
(Use `node --trace-warnings ...` to show where the warning was created)
✔ server profile identity includes no-deadline assignment and excludes Auth UUID assignment (5.623004ms)
✔ reject ambiguous member scope role (0.553313ms)
✔ reject ambiguous member scope workspace (0.19803ms)
✔ reject ambiguous member scope profile (0.163635ms)
✔ reject ambiguous member scope record (0.333303ms)
✔ actual token refresh fences workspace_team_get actor (35.913873ms)
✔ actual token refresh fences workspace_team_get workspace (0.780658ms)
✔ actual token refresh fences workspace_team_get unmount (1.757132ms)
✔ actual token refresh fences workspace_team_get rotation (1.163424ms)
✔ actual token refresh fences ops_records_list actor (0.648598ms)
✔ actual token refresh fences ops_records_list workspace (0.558784ms)
✔ actual token refresh fences ops_records_list unmount (0.517827ms)
✔ actual token refresh fences ops_records_list rotation (0.984118ms)
✔ actual token refresh fences social_list_posts actor (0.400989ms)
✔ actual token refresh fences social_list_posts workspace (0.491267ms)
✔ actual token refresh fences social_list_posts unmount (0.329606ms)
✔ actual token refresh fences social_list_posts rotation (0.510935ms)
✔ actual token refresh fences booking_operator_list actor (0.288769ms)
✔ actual token refresh fences booking_operator_list workspace (0.229649ms)
✔ actual token refresh fences booking_operator_list unmount (0.51866ms)
✔ actual token refresh fences booking_operator_list rotation (0.647009ms)
✔ held actual response rejects retired actor (24.138268ms)
✔ held actual response rejects retired workspace (1.254213ms)
✔ held actual response rejects retired unmount (1.142615ms)
✔ wrong workspace argument never dispatches (0.46001ms)
(node:340403) [MODULE_TYPELESS_PACKAGE_JSON] Warning: Module type of file:///workspaces/zoi-city/.recovery/community-release/.recovery/native-owner-source-candidate/mobile/src/music.ts is not specified and it doesn't parse as CommonJS.
Reparsing as ES module because module syntax was detected. This incurs a performance overhead.
To eliminate this warning, add "type": "module" to /workspaces/zoi-city/.recovery/community-release/.recovery/native-owner-source-candidate/mobile/package.json.
(Use `node --trace-warnings ...` to show where the warning was created)
✔ music prefill honors explicit cleared flat fields over old nested aliases (1.35415ms)
✔ music clearing sends null and leaves unrelated owner fields untouched (1.307994ms)
✔ music validation rejects unsafe links and impossible dates (1.090948ms)
(node:340405) [MODULE_TYPELESS_PACKAGE_JSON] Warning: Module type of file:///workspaces/zoi-city/.recovery/community-release/.recovery/native-owner-source-candidate/mobile/src/nativeParea.ts is not specified and it doesn't parse as CommonJS.
Reparsing as ES module because module syntax was detected. This incurs a performance overhead.
To eliminate this warning, add "type": "module" to /workspaces/zoi-city/.recovery/community-release/.recovery/native-owner-source-candidate/mobile/package.json.
(Use `node --trace-warnings ...` to show where the warning was created)
✔ whole-ticket 3/1/5 plan leaves one unassigned and keeps exact individual prices (26.178275ms)
✔ fractional, duplicate, excess and expired plans do not become invitations (0.93113ms)
✔ only current unclaimed guest version can rotate link without extra quota (0.519099ms)
✔ guest choices require current event, explicit deadline proof and unpaid policy version (4.304521ms)
(node:340423) [MODULE_TYPELESS_PACKAGE_JSON] Warning: Module type of file:///workspaces/zoi-city/.recovery/community-release/.recovery/native-owner-source-candidate/mobile/src/nativePareaClient.ts is not specified and it doesn't parse as CommonJS.
Reparsing as ES module because module syntax was detected. This incurs a performance overhead.
To eliminate this warning, add "type": "module" to /workspaces/zoi-city/.recovery/community-release/.recovery/native-owner-source-candidate/mobile/package.json.
(Use `node --trace-warnings ...` to show where the warning was created)
✔ event_host_guest_save refresh account (46.980393ms)
✔ event_host_guest_save refresh unmount (2.261475ms)
✔ event_host_guest_save refresh unchanged (1.971203ms)
✔ event_host_guest_save response account (2.211711ms)
✔ event_host_guest_save response unmount (1.492308ms)
✔ event_host_guest_save response unchanged (1.051905ms)
✔ event_host_claim refresh account (3.593092ms)
✔ event_host_claim refresh unmount (1.147433ms)
✔ event_host_claim refresh unchanged (2.790663ms)
✔ event_host_claim response account (0.970032ms)
✔ event_host_claim response unmount (0.768746ms)
✔ event_host_claim response unchanged (4.00406ms)
✔ event_guest_payment_choose refresh account (3.182345ms)
✔ event_guest_payment_choose refresh unmount (1.414302ms)
✔ event_guest_payment_choose refresh unchanged (1.526441ms)
✔ event_guest_payment_choose response account (1.16205ms)
✔ event_guest_payment_choose response unmount (1.109653ms)
✔ event_guest_payment_choose response unchanged (2.294287ms)
✔ actual shared host client persists nonce before dispatch, loss retries same request and token (4.337934ms)
✔ remount cannot retry bearer args, exact missing-result cancellation settles before new request (0.928335ms)
✔ no token or RPC dispatch if durable storage has failed (0.534278ms)
✔ native host never depends on browser structuredClone and rejects non-JSON mutation data (0.841372ms)
✔ durable clear failure blocks new writes until exact storage operation is confirmed (0.823148ms)
(node:340424) [MODULE_TYPELESS_PACKAGE_JSON] Warning: Module type of file:///workspaces/zoi-city/.recovery/community-release/.recovery/native-owner-source-candidate/mobile/src/nativePareaRecovery.ts is not specified and it doesn't parse as CommonJS.
Reparsing as ES module because module syntax was detected. This incurs a performance overhead.
To eliminate this warning, add "type": "module" to /workspaces/zoi-city/.recovery/community-release/.recovery/native-owner-source-candidate/mobile/package.json.
(Use `node --trace-warnings ...` to show where the warning was created)
✔ nonce-only durable reference restores in exact account/event and contains no bearer or labels (2.468832ms)
✔ private capabilities and unexpected stored fields fail closed before writes (0.966997ms)
✔ failed persistence retains same queued reference until confirmed, then durable clear (0.668058ms)
✔ account/view invalidation after storage await keeps recovery reference but rejects stale continuation (1.333121ms)
✔ payment recovery includes exact guest/version/method/request only (1.479484ms)
(node:340437) [MODULE_TYPELESS_PACKAGE_JSON] Warning: Module type of file:///workspaces/zoi-city/.recovery/community-release/.recovery/native-owner-source-candidate/mobile/src/profile.ts is not specified and it doesn't parse as CommonJS.
Reparsing as ES module because module syntax was detected. This incurs a performance overhead.
To eliminate this warning, add "type": "module" to /workspaces/zoi-city/.recovery/community-release/.recovery/native-owner-source-candidate/mobile/package.json.
(Use `node --trace-warnings ...` to show where the warning was created)
✔ native outward action suppresses held source defaults and imported fallback for every family (6.105015ms)
✔ native published website edits and null/empty clears retain web authority despite stale source holds (5.851121ms)
(node:340445) [MODULE_TYPELESS_PACKAGE_JSON] Warning: Module type of file:///workspaces/zoi-city/.recovery/community-release/.recovery/native-owner-source-candidate/mobile/src/operations.ts is not specified and it doesn't parse as CommonJS.
Reparsing as ES module because module syntax was detected. This incurs a performance overhead.
To eliminate this warning, add "type": "module" to /workspaces/zoi-city/.recovery/community-release/.recovery/native-owner-source-candidate/mobile/package.json.
(Use `node --trace-warnings ...` to show where the warning was created)
✔ save receipts require correct workspace, identity and incremented version (2.103971ms)
✔ editor can edit contacts/projects/tasks but not company records; viewers cannot write (0.232234ms)
✔ full-form edits preserve custom existing data and explicitly clear relations (1.098993ms)
✔ invalid deadline and blank title fail before sending (0.444461ms)
✔ projects require company and tasks require project before sending (0.711058ms)
✔ unicode payload byte limit is enforced before sending (7.401186ms)
✔ unmodified deadline preserves its exact timestamp (0.372255ms)
✔ new company has valid default sector and cannot submit blank sector (0.328243ms)
(node:340454) [MODULE_TYPELESS_PACKAGE_JSON] Warning: Module type of file:///workspaces/zoi-city/.recovery/community-release/.recovery/native-owner-source-candidate/mobile/src/organizationWorkflow.ts is not specified and it doesn't parse as CommonJS.
Reparsing as ES module because module syntax was detected. This incurs a performance overhead.
To eliminate this warning, add "type": "module" to /workspaces/zoi-city/.recovery/community-release/.recovery/native-owner-source-candidate/mobile/package.json.
(Use `node --trace-warnings ...` to show where the warning was created)
✔ contextual native drafts preserve saved relationships and real writer payload (4.96739ms)
✔ project browser handoff fresh role owner (0.532615ms)
✔ project browser handoff fresh role admin (0.264694ms)
✔ project browser handoff fresh role editor (0.212016ms)
✔ project browser handoff fresh role viewer (0.6476ms)
✔ reject missing project context (0.382204ms)
✔ reject archived project context (0.23538ms)
✔ reject duplicate project context (0.243043ms)
✔ reject foreign project context (0.272069ms)
✔ reject scope project context (1.383204ms)
✔ actual SessionClient held refresh actor (37.784478ms)
✔ actual SessionClient held refresh workspace (0.815213ms)
✔ actual SessionClient held refresh unchanged (1.943931ms)
(node:340462) [MODULE_TYPELESS_PACKAGE_JSON] Warning: Module type of file:///workspaces/zoi-city/.recovery/community-release/.recovery/native-owner-source-candidate/mobile/src/ownerEditorHandoff.ts is not specified and it doesn't parse as CommonJS.
Reparsing as ES module because module syntax was detected. This incurs a performance overhead.
To eliminate this warning, add "type": "module" to /workspaces/zoi-city/.recovery/community-release/.recovery/native-owner-source-candidate/mobile/package.json.
(Use `node --trace-warnings ...` to show where the warning was created)
✔ fresh authorization opens only fixed browser editor, with exact authorized listing and without credentials (2.70327ms)
✔ account or workspace switch during authorization never opens browser (0.36398ms)
✔ invalid identity, denied access and mismatched receipts never open browser (0.982425ms)
✔ revoked or failed authorization surfaces failure without opening (0.645386ms)
(node:340463) ExperimentalWarning: stripTypeScriptTypes is an experimental feature and might change at any time
(Use `node --trace-warnings ...` to show where the warning was created)
✔ private link exact canonical event and opaque fragment only (3.075035ms)
✔ current own group counts whole-ticket quantities and expires without paid inference (0.799734ms)
✔ recipient preview rejects expired, cross-event, missing no-payment envelope and malformed amounts (0.505674ms)
✔ own reader binds list and detail IDs and profile distinct from Auth UUID (2.573508ms)
✔ refresh/response scope changes prevent private request or result use (0.692834ms)
(node:340464) [MODULE_TYPELESS_PACKAGE_JSON] Warning: Module type of file:///workspaces/zoi-city/.recovery/community-release/.recovery/native-owner-source-candidate/mobile/src/placeNavigation.ts is not specified and it doesn't parse as CommonJS.
Reparsing as ES module because module syntax was detected. This incurs a performance overhead.
To eliminate this warning, add "type": "module" to /workspaces/zoi-city/.recovery/community-release/.recovery/native-owner-source-candidate/mobile/package.json.
(Use `node --trace-warnings ...` to show where the warning was created)
✔ current public slug wins over stale unhashed artist SEO path (1.381491ms)
✔ fallback permits only internal profile routes (0.467824ms)
(node:340471) [MODULE_TYPELESS_PACKAGE_JSON] Warning: Module type of file:///workspaces/zoi-city/.recovery/community-release/.recovery/native-owner-source-candidate/mobile/src/privateRequests.ts is not specified and it doesn't parse as CommonJS.
Reparsing as ES module because module syntax was detected. This incurs a performance overhead.
To eliminate this warning, add "type": "module" to /workspaces/zoi-city/.recovery/community-release/.recovery/native-owner-source-candidate/mobile/package.json.
(Use `node --trace-warnings ...` to show where the warning was created)
✔ private recovery stores exact Unicode across bounded secure chunks (10.586607ms)
✔ account switch cannot read or save another account’s private request (0.860728ms)
✔ sign-out cleanup runs after queued writes and removes every chunk (3.333928ms)
✔ incomplete persistence is never mistaken for a retryable request (3.745056ms)
✔ cleanup failure cannot roll back a committed recovery request (1.444859ms)
✔ separate workflows keep distinct encrypted recovery namespaces (1.147433ms)
✔ failed storage cleanup retains a discoverable manifest until explicit cleanup succeeds (1.876345ms)
✔ non-null malformed manifests never masquerade as no pending request (1.265333ms)
✔ valid active-null pending manifest remains interrupted, not empty (0.603958ms)
✔ an active null payload is corruption rather than no pending request (0.752114ms)
(node:340488) [MODULE_TYPELESS_PACKAGE_JSON] Warning: Module type of file:///workspaces/zoi-city/.recovery/community-release/.recovery/native-owner-source-candidate/mobile/src/profile.ts is not specified and it doesn't parse as CommonJS.
Reparsing as ES module because module syntax was detected. This incurs a performance overhead.
To eliminate this warning, add "type": "module" to /workspaces/zoi-city/.recovery/community-release/.recovery/native-owner-source-candidate/mobile/package.json.
(Use `node --trace-warnings ...` to show where the warning was created)
✔ profile gives owner fields priority, merges actual socials and labels enrichment (5.518029ms)
✔ profile never fabricates verification or ratings from owner data (0.529549ms)
✔ profile rejects unsafe external schemes and credentials (0.371754ms)
✔ missing entity is absent, not invented profile (0.318445ms)
✔ profile actions require exact server routes and matching booking listing (1.513848ms)
✔ private enquiry entry requires server invitation for this same listing (0.99513ms)
✔ profile photos preserve wide logos, portraits and small artwork (3.841737ms)
✔ image loading supports native source dimensions and web natural dimensions (0.332942ms)
✔ native uses shared phone validity and authoritative owner clear (0.9365ms)
✔ native machine social syntax and exact publisher identity match web while owner links survive (3.953956ms)
✔ native Fournos chain root contacts cannot replace branch base or explicit owner values (0.780378ms)
(node:340495) [MODULE_TYPELESS_PACKAGE_JSON] Warning: Module type of file:///workspaces/zoi-city/.recovery/community-release/.recovery/native-owner-source-candidate/mobile/src/seating.ts is not specified and it doesn't parse as CommonJS.
Reparsing as ES module because module syntax was detected. This incurs a performance overhead.
To eliminate this warning, add "type": "module" to /workspaces/zoi-city/.recovery/community-release/.recovery/native-owner-source-candidate/mobile/package.json.
(Use `node --trace-warnings ...` to show where the warning was created)
✔ hold requires exact requested seats and confirmed receipt (1.897985ms)
✔ free confirmation rejects payment, quantity, seat and hold mismatches (0.456063ms)
✔ foreground status restores exact hold and validates cancellation (0.871538ms)
✔ countdown accounts for server clock and clamps expired holds (0.276165ms)
✔ missing inventory stays unavailable and malformed maps never invent seats (0.77087ms)
✔ seat inventory uses actual geometry and rejects unsafe bigint IDs or unknown state (1.189222ms)
(node:340497) [MODULE_TYPELESS_PACKAGE_JSON] Warning: Module type of file:///workspaces/zoi-city/.recovery/community-release/.recovery/native-owner-source-candidate/mobile/src/session.ts is not specified and it doesn't parse as CommonJS.
Reparsing as ES module because module syntax was detected. This incurs a performance overhead.
To eliminate this warning, add "type": "module" to /workspaces/zoi-city/.recovery/community-release/.recovery/native-owner-source-candidate/mobile/package.json.
(Use `node --trace-warnings ...` to show where the warning was created)
✔ persists only refresh credential and restores by exchanging it (38.563593ms)
✔ expired concurrent API requests share one refresh and use renewed token (13.790697ms)
✔ invalid refresh removes stored credential and session (1.511052ms)
✔ transient refresh failure preserves credential for recovery (0.394156ms)
✔ sign-out clears device credentials even if revocation is offline (0.724053ms)
✔ in-flight sign-in cannot resurrect a signed-out account (1.146288ms)
✔ anonymous authenticated RPC is rejected without making a request (0.379158ms)
✔ application error envelopes cannot appear as publishing success (0.997533ms)
✔ server-rejected access token clears session without replaying mutation (1.244294ms)
✔ optimistic edit conflict is explained without replaying the write (1.20441ms)
✔ fetch transport uses global receiver required by browsers (0.561119ms)
✔ community validation errors remain actionable without treating them as password failures (0.996041ms)
(node:340509) [MODULE_TYPELESS_PACKAGE_JSON] Warning: Module type of file:///workspaces/zoi-city/.recovery/community-release/.recovery/native-owner-source-candidate/mobile/src/profile.ts is not specified and it doesn't parse as CommonJS.
Reparsing as ES module because module syntax was detected. This incurs a performance overhead.
To eliminate this warning, add "type": "module" to /workspaces/zoi-city/.recovery/community-release/.recovery/native-owner-source-candidate/mobile/package.json.
(Use `node --trace-warnings ...` to show where the warning was created)
✔ native public profile excludes held imported identity/contact/media/social without changing base facts (4.292429ms)
✔ native sparse held profile has no foreign fallback (0.536673ms)
✔ native owner profile edits and explicit phone/social/image clears win while wrong source stays held (0.870456ms)
✔ native actual Cafe Boulis profile no longer offers the held foreign tagline (1.041245ms)
✔ native retained receipt timestamps/classification/conflict do not become visible imported fields or enrichment note (0.677295ms)
(node:340520) [MODULE_TYPELESS_PACKAGE_JSON] Warning: Module type of file:///workspaces/zoi-city/.recovery/community-release/.recovery/native-owner-source-candidate/mobile/src/sponsorFulfillment.ts is not specified and it doesn't parse as CommonJS.
Reparsing as ES module because module syntax was detected. This incurs a performance overhead.
To eliminate this warning, add "type": "module" to /workspaces/zoi-city/.recovery/community-release/.recovery/native-owner-source-candidate/mobile/package.json.
(Use `node --trace-warnings ...` to show where the warning was created)
✔ fresh approved sponsor ok (2.257317ms)
✔ fresh approved sponsor viewer (0.570557ms)
✔ fresh approved sponsor cancelled (1.798871ms)
✔ fresh approved sponsor foreign (0.228587ms)
✔ fresh approved sponsor capability (0.598872ms)
✔ fresh approved sponsor missing (0.252922ms)
✔ actual SessionClient refresh fence actor (39.092562ms)
✔ actual SessionClient refresh fence workspace (0.718913ms)
✔ actual SessionClient refresh fence unchanged (1.061824ms)
(node:340526) [MODULE_TYPELESS_PACKAGE_JSON] Warning: Module type of file:///workspaces/zoi-city/.recovery/community-release/.recovery/native-owner-source-candidate/mobile/src/timekeeping.ts is not specified and it doesn't parse as CommonJS.
Reparsing as ES module because module syntax was detected. This incurs a performance overhead.
To eliminate this warning, add "type": "module" to /workspaces/zoi-city/.recovery/community-release/.recovery/native-owner-source-candidate/mobile/package.json.
(Use `node --trace-warnings ...` to show where the warning was created)
✔ manual time uses explicit validated duration and hourly cents (17.362084ms)
✔ timer start excludes client-controlled start and duration (0.21946ms)
✔ receipts require tenant actor version and terminal state (0.43912ms)
✔ dashboard rejects another editor’s private narrative and foreign timer (0.351327ms)
✔ timesheet CSV prevents formula execution and escapes multiline quotes (0.441935ms)
(node:340527) [MODULE_TYPELESS_PACKAGE_JSON] Warning: Module type of file:///workspaces/zoi-city/.recovery/community-release/.recovery/native-owner-source-candidate/mobile/src/trips.ts is not specified and it doesn't parse as CommonJS.
Reparsing as ES module because module syntax was detected. This incurs a performance overhead.
To eliminate this warning, add "type": "module" to /workspaces/zoi-city/.recovery/community-release/.recovery/native-owner-source-candidate/mobile/package.json.
(Use `node --trace-warnings ...` to show where the warning was created)
✔ trip dates require explicit zone and reject reversed or overlong stops (19.620503ms)
✔ private itinerary cannot accept another profile or trip receipt (0.6581ms)
✔ appearance discovery cannot substitute another artist or claim inferred confirmation (0.870285ms)
✔ appearance proposal requires source HTTPS and real distinct listing IDs (1.384617ms)
(node:340538) [MODULE_TYPELESS_PACKAGE_JSON] Warning: Module type of file:///workspaces/zoi-city/.recovery/community-release/.recovery/native-owner-source-candidate/mobile/src/volunteer.ts is not specified and it doesn't parse as CommonJS.
Reparsing as ES module because module syntax was detected. This incurs a performance overhead.
To eliminate this warning, add "type": "module" to /workspaces/zoi-city/.recovery/community-release/.recovery/native-owner-source-candidate/mobile/package.json.
(Use `node --trace-warnings ...` to show where the warning was created)
✔ volunteer invitation extracts explicit organization ID only (1.827685ms)
✔ withdrawn public opportunity stays unavailable even if saved shift was scheduled (23.487468ms)
✔ shift actions never reopen cancelled or started history (0.263011ms)
✔ signup and cancellation receipts must identify the same shift and final state (0.664562ms)
✔ organization writes require workspace identity and exact version increment (0.435905ms)
(node:340549) [MODULE_TYPELESS_PACKAGE_JSON] Warning: Module type of file:///workspaces/zoi-city/.recovery/community-release/.recovery/native-owner-source-candidate/mobile/src/volunteerOperations.ts is not specified and it doesn't parse as CommonJS.
Reparsing as ES module because module syntax was detected. This incurs a performance overhead.
To eliminate this warning, add "type": "module" to /workspaces/zoi-city/.recovery/community-release/.recovery/native-owner-source-candidate/mobile/package.json.
(Use `node --trace-warnings ...` to show where the warning was created)
✔ org_operation_save actual SessionClient token refresh actor (28.138326ms)
✔ org_operation_save actual SessionClient token refresh workspace (0.698595ms)
✔ org_operation_save actual SessionClient token refresh unchanged (0.737106ms)
✔ org_signup actual SessionClient token refresh actor (0.740874ms)
✔ org_signup actual SessionClient token refresh workspace (1.388715ms)
✔ org_signup actual SessionClient token refresh unchanged (0.643522ms)
✔ org_signup_cancel actual SessionClient token refresh actor (0.621281ms)
✔ org_signup_cancel actual SessionClient token refresh workspace (0.500324ms)
✔ org_signup_cancel actual SessionClient token refresh unchanged (0.618395ms)
✔ org_roster actual SessionClient token refresh actor (0.416308ms)
✔ org_roster actual SessionClient token refresh workspace (0.340006ms)
✔ org_roster actual SessionClient token refresh unchanged (0.477943ms)
✔ lost native create survives remount and clears only exact receipt (0.945026ms)
✔ cancel unknown native create validates workspace/request and preserves marker on wrong response (0.413884ms)
✔ generic authorization denial is recognizable without matching server wording (0.15517ms)
✔ absent installed capability keeps pending recovery and dispatches no operation (0.345896ms)
(node:340550) [MODULE_TYPELESS_PACKAGE_JSON] Warning: Module type of file:///workspaces/zoi-city/.recovery/community-release/.recovery/native-owner-source-candidate/mobile/src/webHandoffs.ts is not specified and it doesn't parse as CommonJS.
Reparsing as ES module because module syntax was detected. This incurs a performance overhead.
To eliminate this warning, add "type": "module" to /workspaces/zoi-city/.recovery/community-release/.recovery/native-owner-source-candidate/mobile/package.json.
(Use `node --trace-warnings ...` to show where the warning was created)
✔ music shelf and unscoped personal calendar explicitly reach their actual web capabilities (1.473503ms)
✔ native parish calendar, member discussion and artist homes stay native (0.330688ms)
✔ handoff resolver never opens spoofed hosts or credentials (0.202488ms)
✔ map deep links use the real web map and preserve only public search/place/view context (0.689869ms)
✔ explicit guardian links hand off only public listing context, adult groups stay native (0.669411ms)
(node:340556) ExperimentalWarning: stripTypeScriptTypes is an experimental feature and might change at any time
(Use `node --trace-warnings ...` to show where the warning was created)
✔ roles protect owner/self and admin peer escalation (2.480184ms)
✔ real controller confirms save only after current roster read (1.856068ms)
✔ lost response survives remount; receipt check does not resend (2.689335ms)
✔ unknown request blocks new write and safely cancels (0.773345ms)
✔ conflict refreshes membership; storage failure prevents submission (0.687544ms)
✔ authority loss clears private roster and account change fences calls (3.898313ms)
(node:340558) [MODULE_TYPELESS_PACKAGE_JSON] Warning: Module type of file:///workspaces/zoi-city/.recovery/community-release/.recovery/native-owner-source-candidate/mobile/src/session.ts is not specified and it doesn't parse as CommonJS.
Reparsing as ES module because module syntax was detected. This incurs a performance overhead.
To eliminate this warning, add "type": "module" to /workspaces/zoi-city/.recovery/community-release/.recovery/native-owner-source-candidate/mobile/package.json.
(Use `node --trace-warnings ...` to show where the warning was created)
(node:340558) ExperimentalWarning: stripTypeScriptTypes is an experimental feature and might change at any time
✔ only scoped team conflict/cancel envelope passes transport for controller verification (31.868856ms)
✔ exact known team SQL rejection preserved; generic 400 and other RPC remain uncertain (5.180538ms)
✔ real SessionClient quota clears marker; ambiguous400 keeps it;403 clears roster (2.762732ms)
✔ youth programme validates exact bounded ages, places and actual listing (2.390677ms)
✔ enrolment requires explicit authority and consent without inferring age (0.528167ms)
✔ enrolment receipts bind guardian child programme and exact version (0.520181ms)
✔ attendance and instructor assignment receipts reject unrelated identity (2.136201ms)
✔ private operator response rejects another workspace or programme roster (0.594581ms)
✔ public catalogue rejects unrelated listing and private family rejects malformed records (0.438849ms)
(node:340585) [MODULE_TYPELESS_PACKAGE_JSON] Warning: Module type of file:///workspaces/zoi-city/.recovery/community-release/.recovery/native-owner-source-candidate/mobile/src/youthReadiness.ts is not specified and it doesn't parse as CommonJS.
Reparsing as ES module because module syntax was detected. This incurs a performance overhead.
To eliminate this warning, add "type": "module" to /workspaces/zoi-city/.recovery/community-release/.recovery/native-owner-source-candidate/mobile/package.json.
(Use `node --trace-warnings ...` to show where the warning was created)
✔ native Youth remains read-only without exact installed actor and guardian capability (1.527273ms)
✔ native organizer readiness additionally binds exact workspace and current role (0.325268ms)
(node:340586) [MODULE_TYPELESS_PACKAGE_JSON] Warning: Module type of file:///workspaces/zoi-city/.recovery/community-release/.recovery/native-owner-source-candidate/mobile/src/session.ts is not specified and it doesn't parse as CommonJS.
Reparsing as ES module because module syntax was detected. This incurs a performance overhead.
To eliminate this warning, add "type": "module" to /workspaces/zoi-city/.recovery/community-release/.recovery/native-owner-source-candidate/mobile/package.json.
(Use `node --trace-warnings ...` to show where the warning was created)
✔ actual SessionClient youth refresh account fences private dispatch/result (24.865563ms)
✔ actual SessionClient youth refresh workspace fences private dispatch/result (0.516384ms)
✔ actual SessionClient youth refresh unmount fences private dispatch/result (0.543535ms)
✔ actual SessionClient youth response account fences private dispatch/result (5.012842ms)
✔ actual SessionClient youth response workspace fences private dispatch/result (0.881868ms)
✔ actual SessionClient youth response unmount fences private dispatch/result (0.740823ms)
✔ same actor token rotation sends private request using freshly captured token (0.890694ms)
✔ private method cannot dispatch anonymously; denied status remains recognizable (0.348231ms)
✔ installed native capability binds internal guardian profile separately from Auth (0.242222ms)
ℹ tests 439
ℹ suites 0
ℹ pass 439
ℹ fail 0
ℹ cancelled 0
ℹ skipped 0
ℹ todo 0
ℹ duration_ms 1018.13624
