Starting Metro Bundler

| (node:340833) Warning: The 'NO_COLOR' env is ignored due to the 'FORCE_COLOR' env being set.
| (Use `node --trace-warnings ...` to show where the warning was created)
| (node:340833) Warning: The 'NO_COLOR' env is ignored due to the 'FORCE_COLOR' env being set.
| (Use `node --trace-warnings ...` to show where the warning was created)
Web Bundled 14424ms index.ts (521 modules)
Android Bundled 21553ms index.ts (936 modules)
iOS Bundled 28831ms index.ts (939 modules)

› Assets (2):
assets/zoi-logo.5a531fbd3a49e35f2cb1b6fc3dcd5ad0.png (113KB)
assets/zoi-logo.png (113KB)

› web bundles (2):
_expo/static/js/web/index-64bc995bd440882b2f3f486fd28baa50.js (1.5MB)
_expo/static/js/web/index-64bc995bd440882b2f3f486fd28baa50.js.map (4.8MB)

› android bundles (2):
_expo/static/js/android/index-7aa690561f503e9e873375f215af774a.hbc (2.7MB)
_expo/static/js/android/index-7aa690561f503e9e873375f215af774a.hbc.map (6.1MB)

› ios bundles (2):
_expo/static/js/ios/index-df1a0d048b0ff4d921143df21310b9ce.hbc (2.7MB)
_expo/static/js/ios/index-df1a0d048b0ff4d921143df21310b9ce.hbc.map (6.1MB)

› Files (3):
favicon.ico (15KB)
index.html (1.2KB)
metadata.json (368B)

Exported: /tmp/zoi-native-owner-source-export
