PASS 19 installed function definitions and ACLs reconstructed exactly
PASS baseline expired-session write and private read defect reproduced before candidate
PASS whole-definition drift fails and transaction leaves no helper
PASS exact direct-read policy drift refuses candidate
PASS disabled table RLS refuses candidate before policy replacement
PASS anonymous function ACL drift refuses candidate without partial replacements
PASS draft installed locally; broad role helper and trusted workers/session helpers byte-identical
PASS whole existing company/project/task writer retains parent, null clears and CAS
PASS lost-response exact receipt and immutable retry/cancellation stay unchanged
PASS expired/revoked/banned/deleted/anonymous sessions reject RPCs and direct RLS reads
PASS missing/malformed/cross-account session bindings refuse
PASS private reservation/retry/verified worker completion/version/download semantics preserved
PASS legacy contact update after membership downgrade observed actual lock wait and refusal
PASS legacy contact update after clock expiry observed actual lock wait and refusal
PASS legacy archive after profile account remapping observed actual lock wait and refusal
PASS receipt read after session removal observed actual lock wait and refusal
PASS missing-request cancellation after membership removal observed actual lock wait and refusal
PASS new mutation after actor budget lock and expiry observed actual lock wait and refusal
PASS private upload after profile lock and role downgrade observed actual lock wait and refusal
PASS private archive after document lock and session removal observed actual lock wait and refusal
PASS private history blocked in read then membership removed observed actual lock wait and refusal
PASS private catalogue blocked in read then session expired observed actual lock wait and refusal
PASS download audit blocked then current permission removed observed actual lock wait and refusal
PASS Operations records blocked then session removed observed actual lock wait and refusal
PASS Operations audit blocked then account banned observed actual lock wait and refusal
PASS Operations read refreshes role after downgrade observed actual lock wait and current-role response
PASS NULL role cannot pass three-valued permission guards
PASS trusted worker finish after document lock and uploader removal observed actual lock wait and refusal
PASS cleanup prepare after document lock and manage-role loss observed actual lock wait and refusal
PASS concurrent exact replay and cancellation still serialize one outcome
PASS service worker completion retains trusted non-JWT contract; not represented as client session completion
PASS all original ACLs preserved; private authority helper not client callable
32 Company/document authority groups passed
