[
  {
    "width": 390,
    "calls": [
      {
        "ms": 734,
        "args": {
          "p_q": "SIGNAT",
          "p_city": null,
          "p_country": null,
          "p_limit": 8,
          "p_offset": 0,
          "p_type": null
        }
      },
      {
        "ms": 2224,
        "args": {
          "p_q": "SIGNAT",
          "p_type": null,
          "p_city": null,
          "p_country": null,
          "p_limit": 24,
          "p_offset": 0
        }
      },
      {
        "ms": 2357,
        "args": {
          "p_q": "Held",
          "p_type": null,
          "p_city": null,
          "p_country": null,
          "p_limit": 24,
          "p_offset": 0
        }
      },
      {
        "ms": 2632,
        "args": {
          "p_q": "Current",
          "p_city": null,
          "p_country": null,
          "p_limit": 8,
          "p_offset": 0,
          "p_type": null
        }
      },
      {
        "ms": 2850,
        "args": {
          "p_q": "Current",
          "p_type": null,
          "p_city": null,
          "p_country": null,
          "p_limit": 24,
          "p_offset": 0
        }
      },
      {
        "ms": 2883,
        "args": {
          "p_q": "Held",
          "p_type": null,
          "p_city": null,
          "p_country": null,
          "p_limit": 24,
          "p_offset": 0
        }
      },
      {
        "ms": 2937,
        "args": {
          "p_q": "SIGNAT",
          "p_type": null,
          "p_city": null,
          "p_country": null,
          "p_limit": 24,
          "p_offset": 0
        }
      },
      {
        "ms": 3172,
        "args": {
          "p_q": "Away",
          "p_city": null,
          "p_country": null,
          "p_limit": 8,
          "p_offset": 0,
          "p_type": null
        }
      },
      {
        "ms": 3456,
        "args": {
          "p_q": "Account",
          "p_city": null,
          "p_country": null,
          "p_limit": 8,
          "p_offset": 0,
          "p_type": null
        }
      },
      {
        "ms": 3577,
        "args": {
          "p_q": "Filtered",
          "p_type": "business",
          "p_city": null,
          "p_country": null,
          "p_limit": 24,
          "p_offset": 0
        }
      },
      {
        "ms": 3709,
        "args": {
          "p_q": "Retry",
          "p_type": "business",
          "p_city": null,
          "p_country": null,
          "p_limit": 24,
          "p_offset": 0
        }
      },
      {
        "ms": 3849,
        "args": {
          "p_q": "Retry",
          "p_type": "business",
          "p_city": null,
          "p_country": null,
          "p_limit": 24,
          "p_offset": 0
        }
      },
      {
        "ms": 4231,
        "args": {
          "p_q": "Keyboard",
          "p_city": null,
          "p_country": null,
          "p_limit": 8,
          "p_offset": 0,
          "p_type": null
        }
      }
    ]
  },
  {
    "width": 1440,
    "calls": [
      {
        "ms": 299,
        "args": {
          "p_q": "SIGNAT",
          "p_city": null,
          "p_country": null,
          "p_limit": 8,
          "p_offset": 0,
          "p_type": null
        }
      },
      {
        "ms": 1863,
        "args": {
          "p_q": "SIGNAT",
          "p_type": null,
          "p_city": null,
          "p_country": null,
          "p_limit": 24,
          "p_offset": 0
        }
      },
      {
        "ms": 2025,
        "args": {
          "p_q": "Held",
          "p_type": null,
          "p_city": null,
          "p_country": null,
          "p_limit": 24,
          "p_offset": 0
        }
      },
      {
        "ms": 2217,
        "args": {
          "p_q": "Current",
          "p_city": null,
          "p_country": null,
          "p_limit": 8,
          "p_offset": 0,
          "p_type": null
        }
      },
      {
        "ms": 2410,
        "args": {
          "p_q": "Current",
          "p_type": null,
          "p_city": null,
          "p_country": null,
          "p_limit": 24,
          "p_offset": 0
        }
      },
      {
        "ms": 2442,
        "args": {
          "p_q": "Held",
          "p_type": null,
          "p_city": null,
          "p_country": null,
          "p_limit": 24,
          "p_offset": 0
        }
      },
      {
        "ms": 2475,
        "args": {
          "p_q": "SIGNAT",
          "p_type": null,
          "p_city": null,
          "p_country": null,
          "p_limit": 24,
          "p_offset": 0
        }
      },
      {
        "ms": 2713,
        "args": {
          "p_q": "Away",
          "p_city": null,
          "p_country": null,
          "p_limit": 8,
          "p_offset": 0,
          "p_type": null
        }
      },
      {
        "ms": 3000,
        "args": {
          "p_q": "Account",
          "p_city": null,
          "p_country": null,
          "p_limit": 8,
          "p_offset": 0,
          "p_type": null
        }
      },
      {
        "ms": 3126,
        "args": {
          "p_q": "Filtered",
          "p_type": "business",
          "p_city": null,
          "p_country": null,
          "p_limit": 24,
          "p_offset": 0
        }
      },
      {
        "ms": 3233,
        "args": {
          "p_q": "Retry",
          "p_type": "business",
          "p_city": null,
          "p_country": null,
          "p_limit": 24,
          "p_offset": 0
        }
      },
      {
        "ms": 3547,
        "args": {
          "p_q": "Retry",
          "p_type": "business",
          "p_city": null,
          "p_country": null,
          "p_limit": 24,
          "p_offset": 0
        }
      },
      {
        "ms": 4088,
        "args": {
          "p_q": "Keyboard",
          "p_city": null,
          "p_country": null,
          "p_limit": 8,
          "p_offset": 0,
          "p_type": null
        }
      }
    ]
  }
]
