
> mobile@1.0.0 test
> node --test tests/*.test.mjs

(node:49639) ExperimentalWarning: stripTypeScriptTypes is an experimental feature and might change at any time
(Use `node --trace-warnings ...` to show where the warning was created)
✔ owner tool browser handoffs preserve explicit selected workspace with no token (2.728644ms)
✔ missing malformed and injected identities cannot fabricate a setup destination (0.498731ms)
(node:49641) [MODULE_TYPELESS_PACKAGE_JSON] Warning: Module type of file:///workspaces/zoi-city/.recovery/session-feature-stage-20261003/mobile/src/artistMusic.ts is not specified and it doesn't parse as CommonJS.
Reparsing as ES module because module syntax was detected. This incurs a performance overhead.
To eliminate this warning, add "type": "module" to /workspaces/zoi-city/.recovery/session-feature-stage-20261003/mobile/package.json.
(Use `node --trace-warnings ...` to show where the warning was created)
✔ reviewed catalogue binds identity and uses verified high-resolution photos (4.693232ms)
✔ unknown artist never inherits featured content (0.472983ms)
✔ provider links reject spoofed hosts unsafe schemes and credentials (0.368408ms)
✔ city validation supports Greek and NFKC without markup (5.413226ms)
✔ receipts bind artist request active state and expected version (0.977696ms)
✔ summary rejects subthreshold counts and wrong artist; mine preserves inactive rows (1.079135ms)
✔ interrupted authenticated interest retries identical persisted request, then withdrawal reads real server version (49.610782ms)
✔ native planner shares venue timezone and buffer boundaries (1.164054ms)
✔ native planner cannot accept another tenant or changed appointment preview (0.998114ms)
✔ native planner requires complete unique saved slots matching the preview (0.497949ms)
(node:49659) [MODULE_TYPELESS_PACKAGE_JSON] Warning: Module type of file:///workspaces/zoi-city/.recovery/session-feature-stage-20261003/mobile/src/backendReadiness.ts is not specified and it doesn't parse as CommonJS.
Reparsing as ES module because module syntax was detected. This incurs a performance overhead.
To eliminate this warning, add "type": "module" to /workspaces/zoi-city/.recovery/session-feature-stage-20261003/mobile/package.json.
(Use `node --trace-warnings ...` to show where the warning was created)
✔ verified guardian backend is enabled while unavailable integrations fail closed (1.176526ms)
✔ guardian release gate is backed by complete deployed RPC evidence (0.798562ms)
(node:49660) [MODULE_TYPELESS_PACKAGE_JSON] Warning: Module type of file:///workspaces/zoi-city/.recovery/session-feature-stage-20261003/mobile/src/booking.ts is not specified and it doesn't parse as CommonJS.
Reparsing as ES module because module syntax was detected. This incurs a performance overhead.
To eliminate this warning, add "type": "module" to /workspaces/zoi-city/.recovery/session-feature-stage-20261003/mobile/package.json.
(Use `node --trace-warnings ...` to show where the warning was created)
✔ booking receipts require exact idempotency request, slot and party (4.481237ms)
✔ retry receipt preserves terminal cancellation rather than inventing confirmation (0.26275ms)
✔ booking catalog refuses malformed times and unknown timezone (25.006748ms)
✔ venue times honor the venue timezone rather than device default (1.291341ms)
(node:49666) [MODULE_TYPELESS_PACKAGE_JSON] Warning: Module type of file:///workspaces/zoi-city/.recovery/session-feature-stage-20261003/mobile/src/bookingOperator.ts is not specified and it doesn't parse as CommonJS.
Reparsing as ES module because module syntax was detected. This incurs a performance overhead.
To eliminate this warning, add "type": "module" to /workspaces/zoi-city/.recovery/session-feature-stage-20261003/mobile/package.json.
(Use `node --trace-warnings ...` to show where the warning was created)
✔ operator mutation requires exact workspace and incremented version (1.730791ms)
✔ operator service decimal prices are exact minor units and bounded (0.509601ms)
✔ staff resource cannot silently admit a party (0.288188ms)
✔ schedule converts venue-local time and rejects both DST edge cases (26.801558ms)
✔ native reschedule uses venue-local range and rejects impossible calendar dates (41.499519ms)
✔ reschedule selection pins reviewed version and exact price (0.764358ms)
✔ move receipt requires same booking, expected version, reviewed time and no collected payment (0.854214ms)
(node:49685) [MODULE_TYPELESS_PACKAGE_JSON] Warning: Module type of file:///workspaces/zoi-city/.recovery/session-feature-stage-20261003/mobile/src/brand.ts is not specified and it doesn't parse as CommonJS.
Reparsing as ES module because module syntax was detected. This incurs a performance overhead.
To eliminate this warning, add "type": "module" to /workspaces/zoi-city/.recovery/session-feature-stage-20261003/mobile/package.json.
(Use `node --trace-warnings ...` to show where the warning was created)
✔ native shared body, subdued text and actions stay readable on every adopted surface (2.063763ms)
✔ native and web material colors share the same semantic values (7.45596ms)
(node:49693) [MODULE_TYPELESS_PACKAGE_JSON] Warning: Module type of file:///workspaces/zoi-city/.recovery/session-feature-stage-20261003/mobile/src/businessEdit.ts is not specified and it doesn't parse as CommonJS.
Reparsing as ES module because module syntax was detected. This incurs a performance overhead.
To eliminate this warning, add "type": "module" to /workspaces/zoi-city/.recovery/session-feature-stage-20261003/mobile/package.json.
(Use `node --trace-warnings ...` to show where the warning was created)
✔ only owned and explicitly approved claims can appear in business editor (2.334799ms)
✔ business edit preserves unknown social keys and explicit cleared fields (0.567499ms)
✔ business edit rejects unsafe replacement and ambiguous social payloads (0.622863ms)
(node:49700) [MODULE_TYPELESS_PACKAGE_JSON] Warning: Module type of file:///workspaces/zoi-city/.recovery/session-feature-stage-20261003/mobile/src/businessOwner.ts is not specified and it doesn't parse as CommonJS.
Reparsing as ES module because module syntax was detected. This incurs a performance overhead.
To eliminate this warning, add "type": "module" to /workspaces/zoi-city/.recovery/session-feature-stage-20261003/mobile/package.json.
(Use `node --trace-warnings ...` to show where the warning was created)
✔ private snapshot rejects scope/version/base identity and does not mutate original source or menus (3.605972ms)
✔ changed website only uses real writer patch, leaves base clears and unknown menus/social shape untouched (4.697017ms)
✔ explicit website/photo/social clears are sent as owner choices, no duplicate imported fields (0.367055ms)
✔ URL validation rejects userinfo/javascript while unrelated malformed stored website remains untouched (0.490777ms)
✔ source panel uses exact shared held/import/owner clear policy (0.892947ms)
✔ choices require exact workspace and approved claims; malformed ownership not accepted (8.16334ms)
✔ receipt must prove current request/scope/version before accepting saved UI (4.12951ms)
✔ token refresh account switch prevents dispatch; late reply cannot become saved data (0.681742ms)
✔ fresh authority and existing snapshot surround the actual writer, replay uses exact immutable nonce (2.218972ms)
✔ role/current-listing refusal prevents writer and current authority is checked after awaits (2.302799ms)
✔ CAS conflict never fabricates success and no new nonce is generated by publication retry (0.620488ms)
✔ nonce-only interrupted marker survives remount, validates scope, stores no contact payload (1.826771ms)
✔ marker waits and current-account failures never dispatch or consume another workspace reference (0.256409ms)
(node:49718) [MODULE_TYPELESS_PACKAGE_JSON] Warning: Module type of file:///workspaces/zoi-city/.recovery/session-feature-stage-20261003/mobile/src/session.ts is not specified and it doesn't parse as CommonJS.
Reparsing as ES module because module syntax was detected. This incurs a performance overhead.
To eliminate this warning, add "type": "module" to /workspaces/zoi-city/.recovery/session-feature-stage-20261003/mobile/package.json.
(Use `node --trace-warnings ...` to show where the warning was created)
✔ actual owner authority HTTP400 preserves exact safe code and proves private state refusal (59.183405ms)
✔ generic HTTP400 and transient failures stay uncertain; no broad payload or code disclosure (1.979746ms)
✔ bounded code retention does not alter other suites/auth/provider error handling (1.225087ms)
✔ exact existing Company and document authority RPCs preserve safe codes and actual status only (66.850108ms)
✔ operator code recognition remains bounded to exact path, exact message and authority status (22.427842ms)
(node:49726) [MODULE_TYPELESS_PACKAGE_JSON] Warning: Module type of file:///workspaces/zoi-city/.recovery/session-feature-stage-20261003/mobile/src/calendar.ts is not specified and it doesn't parse as CommonJS.
Reparsing as ES module because module syntax was detected. This incurs a performance overhead.
To eliminate this warning, add "type": "module" to /workspaces/zoi-city/.recovery/session-feature-stage-20261003/mobile/package.json.
(Use `node --trace-warnings ...` to show where the warning was created)
✔ calendar ranges reject impossible dates and bound exactly90 UTC days (5.070135ms)
✔ public calendar rejects private drafts and another listing (0.462153ms)
✔ workspace calendar rejects another tenant (6.419275ms)
✔ same calendar planner validates dates and exact saved receipt (29.824803ms)
✔ profile calendar/group actions require exact same-listing server paths (2.616835ms)
(node:49747) [MODULE_TYPELESS_PACKAGE_JSON] Warning: Module type of file:///workspaces/zoi-city/.recovery/session-feature-stage-20261003/mobile/src/commerce.ts is not specified and it doesn't parse as CommonJS.
Reparsing as ES module because module syntax was detected. This incurs a performance overhead.
To eliminate this warning, add "type": "module" to /workspaces/zoi-city/.recovery/session-feature-stage-20261003/mobile/package.json.
(Use `node --trace-warnings ...` to show where the warning was created)
✔ basket totals preserve decimal precision and separate currencies (2.752309ms)
✔ persisted basket rejects duplicate IDs and invalid quantities (1.308944ms)
✔ adding unavailable options or excessive aggregate quantities fails (0.877739ms)
✔ fresh checkout must match exact official cart and all quantities (1.318702ms)
✔ product imagery and deep links reject untrusted URLs and invalid identifiers (0.656496ms)
✔ native shared option cannot silently substitute another product variant (0.428169ms)
✔ malformed explicit native variant remains an explicit unresolved choice (0.607223ms)
✔ single default display metadata survives native basket mapping without changing provider title (0.777412ms)
(node:49748) [MODULE_TYPELESS_PACKAGE_JSON] Warning: Module type of file:///workspaces/zoi-city/.recovery/session-feature-stage-20261003/mobile/src/community.ts is not specified and it doesn't parse as CommonJS.
Reparsing as ES module because module syntax was detected. This incurs a performance overhead.
To eliminate this warning, add "type": "module" to /workspaces/zoi-city/.recovery/session-feature-stage-20261003/mobile/package.json.
(Use `node --trace-warnings ...` to show where the warning was created)
✔ visible reaction state comes from matching desired-state receipts only (1.545145ms)
✔ reply receipt is scoped to post and actual profile, not auth UUID (3.763747ms)
✔ public profile edits explicitly validate interests and chosen public fields (0.64808ms)
✔ feed preserves server snapshot and rejects a substituted mode (0.341939ms)
✔ recovered publication keeps original account, immutable request and actual receipt identity (4.582806ms)
(node:49755) [MODULE_TYPELESS_PACKAGE_JSON] Warning: Module type of file:///workspaces/zoi-city/.recovery/session-feature-stage-20261003/mobile/src/communityIntent.ts is not specified and it doesn't parse as CommonJS.
Reparsing as ES module because module syntax was detected. This incurs a performance overhead.
To eliminate this warning, add "type": "module" to /workspaces/zoi-city/.recovery/session-feature-stage-20261003/mobile/package.json.
(Use `node --trace-warnings ...` to show where the warning was created)
✔ sign-in retains question composer intent but cannot resume without an actor (2.024099ms)
✔ discussion return retains navigation and does not replay a reaction (0.303296ms)
✔ sign-in may retain public navigation but sign-out or account switch invalidates it (0.210934ms)
(node:49782) [MODULE_TYPELESS_PACKAGE_JSON] Warning: Module type of file:///workspaces/zoi-city/.recovery/session-feature-stage-20261003/mobile/src/communityMedia.ts is not specified and it doesn't parse as CommonJS.
Reparsing as ES module because module syntax was detected. This incurs a performance overhead.
To eliminate this warning, add "type": "module" to /workspaces/zoi-city/.recovery/session-feature-stage-20261003/mobile/package.json.
(Use `node --trace-warnings ...` to show where the warning was created)
✔ media selection validates actual bytes dimensions and video duration before transfer (1.753123ms)
✔ media URLs cannot execute scripts or expose embedded credentials (0.31065ms)
✔ offscreen background low-power reduced-motion and user pause all prevent autoplay (0.3322ms)
✔ upload receipt must match selected media type and a valid finalized identity (0.670733ms)
(node:49802) [MODULE_TYPELESS_PACKAGE_JSON] Warning: Module type of file:///workspaces/zoi-city/.recovery/session-feature-stage-20261003/mobile/src/companyConsole.ts is not specified and it doesn't parse as CommonJS.
Reparsing as ES module because module syntax was detected. This incurs a performance overhead.
To eliminate this warning, add "type": "module" to /workspaces/zoi-city/.recovery/session-feature-stage-20261003/mobile/package.json.
(Use `node --trace-warnings ...` to show where the warning was created)
✔ actual shared queue distinguishes cross-company urgency and selected company filters (5.014672ms)
✔ sparse and retired work does not create deadlines or company completion (23.143609ms)
✔ unknown assignee remains assigned, profile identity is not the signed-in actor (0.512297ms)
✔ queue rejects foreign saved scope (0.493ms)
✔ queue rejects duplicate saved scope (0.275845ms)
✔ queue rejects invalid-data saved scope (0.208419ms)
✔ queue rejects missing-company saved scope (0.465629ms)
✔ Metro resolves only the exact shared Company CDN edge without altering packages or queries (499.696608ms)
(node:49806) [MODULE_TYPELESS_PACKAGE_JSON] Warning: Module type of file:///workspaces/zoi-city/.recovery/session-feature-stage-20261003/mobile/src/companyHandover.ts is not specified and it doesn't parse as CommonJS.
Reparsing as ES module because module syntax was detected. This incurs a performance overhead.
To eliminate this warning, add "type": "module" to /workspaces/zoi-city/.recovery/session-feature-stage-20261003/mobile/package.json.
(Use `node --trace-warnings ...` to show where the warning was created)
✔ reviewed selected-company JSON preserves nulls and versions, excludes foreign contacts and unqueried files (12.879987ms)
✔ authorized document metadata includes only saved company project IDs and current versions (8.320555ms)
✔ confirmation rejects changed version before handover (1.400294ms)
✔ confirmation rejects changed owner-clear before handover (1.191415ms)
✔ confirmation rejects changed assignment-clear before handover (1.633319ms)
✔ confirmation rejects changed contact-clear before handover (3.193052ms)
✔ confirmation rejects changed removed-company before handover (1.138055ms)
✔ confirmation rejects changed role before handover (0.655313ms)
✔ confirmation rejects changed document-version before handover (1.985737ms)
✔ private document review refuses viewer (0.818348ms)
✔ private document review refuses foreign (0.537043ms)
✔ private document review refuses duplicate (0.464027ms)
✔ private document review refuses missing-project (0.403874ms)
✔ viewer can review saved read-authorized records without accessing private files (1.726323ms)
✔ actual SessionClient handover fences token wait then account (36.587278ms)
✔ actual SessionClient handover fences token wait then workspace (0.551099ms)
✔ actual SessionClient handover fences token wait then unmount (2.87123ms)
✔ actual SessionClient handover fences records wait then account (26.721429ms)
✔ actual SessionClient handover fences records wait then workspace (2.945559ms)
✔ actual SessionClient handover fences records wait then unmount (1.0929ms)
✔ actual SessionClient handover fences documents wait then account (3.132438ms)
✔ actual SessionClient handover fences documents wait then workspace (2.579565ms)
✔ actual SessionClient handover fences documents wait then unmount (2.020743ms)
✔ temporary file cleanup is idempotent and removes the prior copy before replacement (0.386041ms)
✔ actual native handover adapter success protects ephemeral copy (0.941768ms)
✔ actual native handover adapter unavailable protects ephemeral copy (0.436345ms)
✔ actual native handover adapter share-failure protects ephemeral copy (0.625438ms)
✔ actual native handover adapter availability-scope-change protects ephemeral copy (0.345995ms)
✔ actual native handover adapter copy-scope-change protects ephemeral copy (0.554355ms)
✔ actual native handover adapter share-scope-change protects ephemeral copy (0.641909ms)
✔ actual native handover adapter changed-record protects ephemeral copy (0.489344ms)
(node:49825) [MODULE_TYPELESS_PACKAGE_JSON] Warning: Module type of file:///workspaces/zoi-city/.recovery/session-feature-stage-20261003/mobile/src/companyWorkspace.ts is not specified and it doesn't parse as CommonJS.
Reparsing as ES module because module syntax was detected. This incurs a performance overhead.
To eliminate this warning, add "type": "module" to /workspaces/zoi-city/.recovery/session-feature-stage-20261003/mobile/package.json.
(Use `node --trace-warnings ...` to show where the warning was created)
✔ native company aggregates exact active relationships without assuming member Auth identity (4.969017ms)
✔ company draft uses current company ID and existing persisted payload (0.801266ms)
✔ company source rejects foreign (0.533517ms)
✔ company source rejects archived (0.32185ms)
✔ company source rejects missing (0.255387ms)
✔ company source rejects duplicate (0.506215ms)
✔ archived linked project has no company return and archived work is omitted (3.895363ms)
✔ existing roles keep company edit distinct from project work (0.249836ms)
✔ actual SessionClient ignores held Company response after account (56.297867ms)
✔ actual SessionClient ignores held Company response after workspace (2.917688ms)
✔ actual SessionClient ignores held Company response after unmount (1.315867ms)
(node:49829) [MODULE_TYPELESS_PACKAGE_JSON] Warning: Module type of file:///workspaces/zoi-city/.recovery/session-feature-stage-20261003/mobile/src/creator.ts is not specified and it doesn't parse as CommonJS.
Reparsing as ES module because module syntax was detected. This incurs a performance overhead.
To eliminate this warning, add "type": "module" to /workspaces/zoi-city/.recovery/session-feature-stage-20261003/mobile/package.json.
(Use `node --trace-warnings ...` to show where the warning was created)
✔ bio preserves order and unpublished intent in exact server payload (5.437622ms)
✔ bio refuses truncation and unsafe links before save (3.740964ms)
✔ bio needs exact save receipt and never treats empty response as success (0.419333ms)
(node:49840) [MODULE_TYPELESS_PACKAGE_JSON] Warning: Module type of file:///workspaces/zoi-city/.recovery/session-feature-stage-20261003/mobile/src/creatorAccess.ts is not specified and it doesn't parse as CommonJS.
Reparsing as ES module because module syntax was detected. This incurs a performance overhead.
To eliminate this warning, add "type": "module" to /workspaces/zoi-city/.recovery/session-feature-stage-20261003/mobile/package.json.
(Use `node --trace-warnings ...` to show where the warning was created)
✔ authoritative creator denials invalidate private data for reads and writes (3.528537ms)
✔ temporary failure and creator read-only states retain draft and recovery state (0.790857ms)
✔ late denial from an unmounted or different actor cannot clear the current screen (0.573922ms)
✔ successful reads and confirmed writes remain unchanged (0.518398ms)
(node:49850) [MODULE_TYPELESS_PACKAGE_JSON] Warning: Module type of file:///workspaces/zoi-city/.recovery/session-feature-stage-20261003/mobile/src/creatorRecovery.ts is not specified and it doesn't parse as CommonJS.
Reparsing as ES module because module syntax was detected. This incurs a performance overhead.
To eliminate this warning, add "type": "module" to /workspaces/zoi-city/.recovery/session-feature-stage-20261003/mobile/package.json.
(Use `node --trace-warnings ...` to show where the warning was created)
✔ all seven actions execute through durable nonce-only wrapper and validate receipt (7.95954ms)
✔ lost response blocks replacement, exact retry retains immutable memory payload (1.349559ms)
✔ reload has no payload, missing receipt retains fence, cancellation requires exact proof (2.294153ms)
✔ permission denial drops private payload without deleting recovery reference (0.528436ms)
✔ storage failure, corrupt marker and late account change cannot permit dispatch or acknowledgement (1.436983ms)
✔ mismatched saved entity does not discard recovery reference (0.355514ms)
✔ account switch during persisted readback prevents dispatch (0.436605ms)
✔ readback failure after persistence retains marker and fences another send (0.572729ms)
(node:49875) [MODULE_TYPELESS_PACKAGE_JSON] Warning: Module type of file:///workspaces/zoi-city/.recovery/session-feature-stage-20261003/mobile/src/creatorStudio.ts is not specified and it doesn't parse as CommonJS.
Reparsing as ES module because module syntax was detected. This incurs a performance overhead.
To eliminate this warning, add "type": "module" to /workspaces/zoi-city/.recovery/session-feature-stage-20261003/mobile/package.json.
(Use `node --trace-warnings ...` to show where the warning was created)
✔ creator fee is explicit currency units converted to bounded minor units (1.55983ms)
✔ private drafts may be incomplete but sharing needs disclosures and deliverables (0.417158ms)
✔ customer detail rejects internal workspace records and audit data (0.851058ms)
✔ creator mutation receipts require matching workspace and decision request (0.619236ms)
✔ proof links remain explicit public HTTPS links and deliverables honor field limits (0.681221ms)
(node:49899) [MODULE_TYPELESS_PACKAGE_JSON] Warning: Module type of file:///workspaces/zoi-city/.recovery/session-feature-stage-20261003/mobile/src/discovery.ts is not specified and it doesn't parse as CommonJS.
Reparsing as ES module because module syntax was detected. This incurs a performance overhead.
To eliminate this warning, add "type": "module" to /workspaces/zoi-city/.recovery/session-feature-stage-20261003/mobile/package.json.
(Use `node --trace-warnings ...` to show where the warning was created)
✔ saved home applies only to default browsing, global search and temporary city do not overwrite it (2.320432ms)
✔ authoritative preference receipt supports explicit clears and sparse account; malformed receipt refused (0.930437ms)
✔ scope inputs literal and public rows must match chosen city/country/current identity (0.777461ms)
✔ coarse, missing, fake centroids and conflicted street coordinates never become precise pins (4.042247ms)
✔ fresh selected entity must match exact current slug/id and public visibility (0.50884ms)
✔ Directions uses actual same-record reviewed receipt, current address, or explicit provider name search (0.606973ms)
✔ native discovery/map public links carry explicit intent and canonical place without touching home (1.045933ms)
✔ native viewport clusters count real pins, hide coarse points and split with zoom without jitter (0.660573ms)
(node:49909) [MODULE_TYPELESS_PACKAGE_JSON] Warning: Module type of file:///workspaces/zoi-city/.recovery/session-feature-stage-20261003/mobile/src/discoveryMedia.ts is not specified and it doesn't parse as CommonJS.
Reparsing as ES module because module syntax was detected. This incurs a performance overhead.
To eliminate this warning, add "type": "module" to /workspaces/zoi-city/.recovery/session-feature-stage-20261003/mobile/package.json.
(Use `node --trace-warnings ...` to show where the warning was created)
✔ actual public Signature null SQL photo uses exact shared reviewed media on card and selected home (7.270153ms)
✔ owner photo edit and explicit null clear follow shared model on both bounded and full entities (10.874072ms)
✔ owner website edit and clears remove old reviewed imagery without a native override (0.522746ms)
✔ raw profile hero clear and owner all-media clear remain explicit (0.6534ms)
✔ association/quarantined source cannot regain curated media through native (0.388505ms)
✔ sparse, unsafe and failed roles do not infer a photo or leak raw fields (0.415576ms)
✔ official logo-only identity uses model fit and backdrop; poster keeps full aspect (0.627632ms)
✔ gallery-only or interface artwork cannot become native hero (0.760219ms)
✔ legacy selected logo and sparse selected photo preserve fallback semantics (0.582878ms)
(node:49912) [MODULE_TYPELESS_PACKAGE_JSON] Warning: Module type of file:///workspaces/zoi-city/.recovery/session-feature-stage-20261003/mobile/src/discoveryScope.ts is not specified and it doesn't parse as CommonJS.
Reparsing as ES module because module syntax was detected. This incurs a performance overhead.
To eliminate this warning, add "type": "module" to /workspaces/zoi-city/.recovery/session-feature-stage-20261003/mobile/package.json.
(Use `node --trace-warnings ...` to show where the warning was created)
✔ community_me refresh account (41.51085ms)
✔ community_me refresh unmount (0.915179ms)
✔ community_me refresh unchanged (1.694965ms)
✔ community_me response account (13.216525ms)
✔ community_me response unmount (2.375084ms)
✔ community_me response unchanged (2.543408ms)
✔ community_preferences_save refresh account (0.770308ms)
✔ community_preferences_save refresh unmount (2.326122ms)
✔ community_preferences_save refresh unchanged (1.846848ms)
✔ community_preferences_save response account (2.956319ms)
✔ community_preferences_save response unmount (4.371651ms)
✔ community_preferences_save response unchanged (0.868792ms)
✔ no unknown mutations or malformed preference versions dispatch (0.470979ms)
(node:49919) [MODULE_TYPELESS_PACKAGE_JSON] Warning: Module type of file:///workspaces/zoi-city/.recovery/session-feature-stage-20261003/mobile/src/documentScope.ts is not specified and it doesn't parse as CommonJS.
Reparsing as ES module because module syntax was detected. This incurs a performance overhead.
To eliminate this warning, add "type": "module" to /workspaces/zoi-city/.recovery/session-feature-stage-20261003/mobile/package.json.
(Use `node --trace-warnings ...` to show where the warning was created)
✔ actual SessionClient private documents refresh actor (40.320518ms)
✔ actual SessionClient private documents refresh workspace (0.913506ms)
✔ actual SessionClient private documents refresh project (1.063907ms)
✔ actual SessionClient private documents refresh unmount (0.801215ms)
✔ actual SessionClient private documents refresh unchanged (1.900408ms)
✔ actual SessionClient private documents response actor (14.043609ms)
✔ actual SessionClient private documents response workspace (1.342457ms)
✔ actual SessionClient private documents response project (5.348596ms)
✔ actual SessionClient private documents response unmount (1.585329ms)
✔ actual SessionClient private documents response unchanged (3.218398ms)
✔ private document RPC refuses malformed scopes, unknown writers and foreign workspace before dispatch (0.783843ms)
(node:49934) [MODULE_TYPELESS_PACKAGE_JSON] Warning: Module type of file:///workspaces/zoi-city/.recovery/session-feature-stage-20261003/mobile/src/documents.ts is not specified and it doesn't parse as CommonJS.
Reparsing as ES module because module syntax was detected. This incurs a performance overhead.
To eliminate this warning, add "type": "module" to /workspaces/zoi-city/.recovery/session-feature-stage-20261003/mobile/package.json.
(Use `node --trace-warnings ...` to show where the warning was created)
✔ private upload receipt requires workspace, document identity and ready version (1.781256ms)
✔ private attachment requires no-store, attachment headers, correct type and exact bounded size (54.459124ms)
✔ native document selection uses same metadata limits as server (0.920518ms)
(node:49944) [MODULE_TYPELESS_PACKAGE_JSON] Warning: Module type of file:///workspaces/zoi-city/.recovery/session-feature-stage-20261003/mobile/src/drafts.ts is not specified and it doesn't parse as CommonJS.
Reparsing as ES module because module syntax was detected. This incurs a performance overhead.
To eliminate this warning, add "type": "module" to /workspaces/zoi-city/.recovery/session-feature-stage-20261003/mobile/package.json.
(Use `node --trace-warnings ...` to show where the warning was created)
✔ sign-out removal waits for in-flight draft save and prevents queued resurrection (5.277152ms)
✔ switching account blocks previous account queued draft writes (3.763987ms)
✔ publishing requires explicit success and real UUID receipt (0.340446ms)
✔ native map labels share exact source geometry and boundedpreferences (2.028978ms)
✔ native prepared note shares same nontransactional contract (0.839317ms)
(node:49988) ExperimentalWarning: stripTypeScriptTypes is an experimental feature and might change at any time
(Use `node --trace-warnings ...` to show where the warning was created)
✔ guest link carries only canonical selected event, never credentials (5.657853ms)
✔ organiser handoff validates exact selected workspace and event with fresh authority (1.416565ms)
✔ viewer, missing, duplicate and malformed memberships cannot produce operator link (0.827475ms)
✔ selected workspace never falls back to first membership (0.304739ms)
✔ wrong event and denied operator proof cannot open a link (0.407922ms)
✔ late account/workspace switches fence membership and operator responses (13.882653ms)
(node:49993) [MODULE_TYPELESS_PACKAGE_JSON] Warning: Module type of file:///workspaces/zoi-city/.recovery/session-feature-stage-20261003/mobile/src/session.ts is not specified and it doesn't parse as CommonJS.
Reparsing as ES module because module syntax was detected. This incurs a performance overhead.
To eliminate this warning, add "type": "module" to /workspaces/zoi-city/.recovery/session-feature-stage-20261003/mobile/package.json.
(Use `node --trace-warnings ...` to show where the warning was created)
✔ actual session refresh preserves exact authorised event/workspace without credentials in link (49.510926ms)
✔ held actual refresh refuses private send after workspace switch (1.38705ms)
✔ held actual refresh refuses private send after actor switch (0.761732ms)
✔ late private response is refused after scope change (11.610417ms)
✔ invalid actor, guest, lost scope and unsupported RPC refuse dispatch (0.428149ms)
✔ refresh rejection never dispatches private proof (0.368318ms)
(node:50006) [MODULE_TYPELESS_PACKAGE_JSON] Warning: Module type of file:///workspaces/zoi-city/.recovery/session-feature-stage-20261003/mobile/src/eventPlanner.ts is not specified and it doesn't parse as CommonJS.
Reparsing as ES module because module syntax was detected. This incurs a performance overhead.
To eliminate this warning, add "type": "module" to /workspaces/zoi-city/.recovery/session-feature-stage-20261003/mobile/package.json.
(Use `node --trace-warnings ...` to show where the warning was created)
✔ event plans preserve private notes and reject invalid quantities (38.414349ms)
✔ recovery never substitutes profile or plan version (0.737136ms)
✔ current booking reads cannot import foreign private plans (0.32693ms)
✔ resource units enforce one performer, bounded venue guests and equipment units (0.448117ms)
(node:50014) [MODULE_TYPELESS_PACKAGE_JSON] Warning: Module type of file:///workspaces/zoi-city/.recovery/session-feature-stage-20261003/mobile/src/festival.ts is not specified and it doesn't parse as CommonJS.
Reparsing as ES module because module syntax was detected. This incurs a performance overhead.
To eliminate this warning, add "type": "module" to /workspaces/zoi-city/.recovery/session-feature-stage-20261003/mobile/package.json.
(Use `node --trace-warnings ...` to show where the warning was created)
✔ application ignores client prices and validates contact and units (1.946654ms)
✔ commercial offers use exact cents and bounded benefit lines (26.8405ms)
✔ application receipt requires correct actor tenant enquiry and version (0.440443ms)
✔ private pages reject foreign records and invalid pagination (0.346818ms)
✔ public offer action only uses exact matching host UUID (2.204696ms)
(node:50032) [MODULE_TYPELESS_PACKAGE_JSON] Warning: Module type of file:///workspaces/zoi-city/.recovery/session-feature-stage-20261003/mobile/src/generalReservation.ts is not specified and it doesn't parse as CommonJS.
Reparsing as ES module because module syntax was detected. This incurs a performance overhead.
To eliminate this warning, add "type": "module" to /workspaces/zoi-city/.recovery/session-feature-stage-20261003/mobile/package.json.
(Use `node --trace-warnings ...` to show where the warning was created)
✔ interrupted reservation remains blocked after remount and across tier changes, scoped to actor and event (2.926163ms)
✔ only exact confirmed free receipt clears original attempt; malformed and stale confirmations preserve warning (1.273538ms)
✔ storage failure and account change stop request preparation before network action (0.534377ms)
✔ new request recovery accepts only exact nonce/event/tier/quantity receipt, with no contact storage (3.513249ms)
✔ legacy saved requests cannot be upgraded to once protocol, and malformed recovery never clears warning (2.021374ms)
✔ recovered creation receipt cannot imply active ticket after cancellation or closed event (0.371794ms)
✔ signing in cannot bypass an unresolved guest reservation or reuse its nonce as an account request (1.318612ms)
✔ confirmed nonce reference survives reopening without contacts and never claims cached ticket status (0.989417ms)
✔ confirmed references cap at five, expire after one year, and storage failure preserves unresolved warning (1.883136ms)
✔ member state accepts closed group with own history but rejects unrelated membership (1.80512ms)
✔ membership decisions validate tenant identity and exact increment (0.46069ms)
✔ attendance receipt binds event membership and status (0.359331ms)
✔ membership settings cannot cross workspace or skip version (0.276406ms)
(node:50056) [MODULE_TYPELESS_PACKAGE_JSON] Warning: Module type of file:///workspaces/zoi-city/.recovery/session-feature-stage-20261003/mobile/src/inquiries.ts is not specified and it doesn't parse as CommonJS.
Reparsing as ES module because module syntax was detected. This incurs a performance overhead.
To eliminate this warning, add "type": "module" to /workspaces/zoi-city/.recovery/session-feature-stage-20261003/mobile/package.json.
(Use `node --trace-warnings ...` to show where the warning was created)
✔ enquiry start validates actor listing and immutable request payload (5.760314ms)
✔ reply requires exact author thread request and body receipt (0.532444ms)
✔ thread read guards workspace message identity and readonly contract (0.451303ms)
✔ enquiry inputs reject invalid IDs and oversized empty messages (0.328474ms)
(node:50078) [MODULE_TYPELESS_PACKAGE_JSON] Warning: Module type of file:///workspaces/zoi-city/.recovery/session-feature-stage-20261003/mobile/src/privateRequests.ts is not specified and it doesn't parse as CommonJS.
Reparsing as ES module because module syntax was detected. This incurs a performance overhead.
To eliminate this warning, add "type": "module" to /workspaces/zoi-city/.recovery/session-feature-stage-20261003/mobile/package.json.
(Use `node --trace-warnings ...` to show where the warning was created)
✔ restart restores nonce-only metadata and prevents replacement (4.599217ms)
✔ A to B to A protects and preserves original marker (3.172964ms)
✔ SecureStore failure and silent adapter failure prevent dispatch (1.494309ms)
✔ receipt requires exact nonce kind and target; notfound is not cancellation (0.458335ms)
✔ failed recovery keeps marker until confirmed cancellation acknowledgement (3.659792ms)
✔ corrupt active null prevents a replacement inquiry nonce (0.538966ms)
(node:50081) [MODULE_TYPELESS_PACKAGE_JSON] Warning: Module type of file:///workspaces/zoi-city/.recovery/session-feature-stage-20261003/mobile/src/memberStart.ts is not specified and it doesn't parse as CommonJS.
Reparsing as ES module because module syntax was detected. This incurs a performance overhead.
To eliminate this warning, add "type": "module" to /workspaces/zoi-city/.recovery/session-feature-stage-20261003/mobile/package.json.
(Use `node --trace-warnings ...` to show where the warning was created)
✔ server profile identity includes no-deadline assignment and excludes Auth UUID assignment (4.621538ms)
✔ reject ambiguous member scope role (0.437677ms)
✔ reject ambiguous member scope workspace (0.129702ms)
✔ reject ambiguous member scope profile (0.130924ms)
✔ reject ambiguous member scope record (0.159989ms)
✔ actual token refresh fences workspace_team_get actor (35.135187ms)
✔ actual token refresh fences workspace_team_get workspace (0.871036ms)
✔ actual token refresh fences workspace_team_get unmount (2.971197ms)
✔ actual token refresh fences workspace_team_get rotation (1.102469ms)
✔ actual token refresh fences ops_records_list actor (0.797649ms)
✔ actual token refresh fences ops_records_list workspace (3.36916ms)
✔ actual token refresh fences ops_records_list unmount (0.746574ms)
✔ actual token refresh fences ops_records_list rotation (1.247489ms)
✔ actual token refresh fences social_list_posts actor (0.542342ms)
✔ actual token refresh fences social_list_posts workspace (1.985337ms)
✔ actual token refresh fences social_list_posts unmount (0.891495ms)
✔ actual token refresh fences social_list_posts rotation (0.826333ms)
✔ actual token refresh fences booking_operator_list actor (0.397903ms)
✔ actual token refresh fences booking_operator_list workspace (0.421537ms)
✔ actual token refresh fences booking_operator_list unmount (1.250064ms)
✔ actual token refresh fences booking_operator_list rotation (0.611882ms)
✔ held actual response rejects retired actor (25.597851ms)
✔ held actual response rejects retired workspace (0.915209ms)
✔ held actual response rejects retired unmount (0.714313ms)
✔ wrong workspace argument never dispatches (0.278641ms)
(node:50108) [MODULE_TYPELESS_PACKAGE_JSON] Warning: Module type of file:///workspaces/zoi-city/.recovery/session-feature-stage-20261003/mobile/src/music.ts is not specified and it doesn't parse as CommonJS.
Reparsing as ES module because module syntax was detected. This incurs a performance overhead.
To eliminate this warning, add "type": "module" to /workspaces/zoi-city/.recovery/session-feature-stage-20261003/mobile/package.json.
(Use `node --trace-warnings ...` to show where the warning was created)
✔ music prefill honors explicit cleared flat fields over old nested aliases (1.331335ms)
✔ music clearing sends null and leaves unrelated owner fields untouched (1.683073ms)
✔ music validation rejects unsafe links and impossible dates (1.315807ms)
(node:50120) [MODULE_TYPELESS_PACKAGE_JSON] Warning: Module type of file:///workspaces/zoi-city/.recovery/session-feature-stage-20261003/mobile/src/nativeParea.ts is not specified and it doesn't parse as CommonJS.
Reparsing as ES module because module syntax was detected. This incurs a performance overhead.
To eliminate this warning, add "type": "module" to /workspaces/zoi-city/.recovery/session-feature-stage-20261003/mobile/package.json.
(Use `node --trace-warnings ...` to show where the warning was created)
✔ whole-ticket 3/1/5 plan leaves one unassigned and keeps exact individual prices (24.744257ms)
✔ fractional, duplicate, excess and expired plans do not become invitations (0.9963ms)
✔ only current unclaimed guest version can rotate link without extra quota (0.501957ms)
✔ guest choices require current event, explicit deadline proof and unpaid policy version (4.243412ms)
(node:50127) [MODULE_TYPELESS_PACKAGE_JSON] Warning: Module type of file:///workspaces/zoi-city/.recovery/session-feature-stage-20261003/mobile/src/nativePareaClient.ts is not specified and it doesn't parse as CommonJS.
Reparsing as ES module because module syntax was detected. This incurs a performance overhead.
To eliminate this warning, add "type": "module" to /workspaces/zoi-city/.recovery/session-feature-stage-20261003/mobile/package.json.
(Use `node --trace-warnings ...` to show where the warning was created)
✔ event_host_guest_save refresh account (58.627319ms)
✔ event_host_guest_save refresh unmount (2.842728ms)
✔ event_host_guest_save refresh unchanged (1.986018ms)
✔ event_host_guest_save response account (2.158941ms)
✔ event_host_guest_save response unmount (2.132391ms)
✔ event_host_guest_save response unchanged (1.552688ms)
✔ event_host_claim refresh account (4.194451ms)
✔ event_host_claim refresh unmount (3.498912ms)
✔ event_host_claim refresh unchanged (3.022082ms)
✔ event_host_claim response account (1.823144ms)
✔ event_host_claim response unmount (1.373725ms)
✔ event_host_claim response unchanged (0.695147ms)
✔ event_guest_payment_choose refresh account (0.806716ms)
✔ event_guest_payment_choose refresh unmount (2.450184ms)
✔ event_guest_payment_choose refresh unchanged (1.718398ms)
✔ event_guest_payment_choose response account (1.9015ms)
✔ event_guest_payment_choose response unmount (1.209037ms)
✔ event_guest_payment_choose response unchanged (2.599925ms)
✔ actual shared host client persists nonce before dispatch, loss retries same request and token (4.473031ms)
✔ remount cannot retry bearer args, exact missing-result cancellation settles before new request (1.169905ms)
✔ no token or RPC dispatch if durable storage has failed (0.613175ms)
✔ native host never depends on browser structuredClone and rejects non-JSON mutation data (0.885563ms)
✔ durable clear failure blocks new writes until exact storage operation is confirmed (0.805684ms)
(node:50138) [MODULE_TYPELESS_PACKAGE_JSON] Warning: Module type of file:///workspaces/zoi-city/.recovery/session-feature-stage-20261003/mobile/src/nativePareaRecovery.ts is not specified and it doesn't parse as CommonJS.
Reparsing as ES module because module syntax was detected. This incurs a performance overhead.
To eliminate this warning, add "type": "module" to /workspaces/zoi-city/.recovery/session-feature-stage-20261003/mobile/package.json.
(Use `node --trace-warnings ...` to show where the warning was created)
✔ nonce-only durable reference restores in exact account/event and contains no bearer or labels (2.450355ms)
✔ private capabilities and unexpected stored fields fail closed before writes (0.949994ms)
✔ failed persistence retains same queued reference until confirmed, then durable clear (0.791609ms)
✔ account/view invalidation after storage await keeps recovery reference but rejects stale continuation (0.764959ms)
✔ payment recovery includes exact guest/version/method/request only (1.249914ms)
(node:50153) [MODULE_TYPELESS_PACKAGE_JSON] Warning: Module type of file:///workspaces/zoi-city/.recovery/session-feature-stage-20261003/mobile/src/profile.ts is not specified and it doesn't parse as CommonJS.
Reparsing as ES module because module syntax was detected. This incurs a performance overhead.
To eliminate this warning, add "type": "module" to /workspaces/zoi-city/.recovery/session-feature-stage-20261003/mobile/package.json.
(Use `node --trace-warnings ...` to show where the warning was created)
✔ native outward action suppresses held source defaults and imported fallback for every family (4.829566ms)
✔ native published website edits and null/empty clears retain web authority despite stale source holds (2.773879ms)
(node:50161) [MODULE_TYPELESS_PACKAGE_JSON] Warning: Module type of file:///workspaces/zoi-city/.recovery/session-feature-stage-20261003/mobile/src/operations.ts is not specified and it doesn't parse as CommonJS.
Reparsing as ES module because module syntax was detected. This incurs a performance overhead.
To eliminate this warning, add "type": "module" to /workspaces/zoi-city/.recovery/session-feature-stage-20261003/mobile/package.json.
(Use `node --trace-warnings ...` to show where the warning was created)
✔ save receipts require correct workspace, identity and incremented version (1.91205ms)
✔ editor can edit contacts/projects/tasks but not company records; viewers cannot write (0.229739ms)
✔ full-form edits preserve custom existing data and explicitly clear relations (1.055931ms)
✔ invalid deadline and blank title fail before sending (0.40707ms)
✔ projects require company and tasks require project before sending (0.87814ms)
✔ unicode payload byte limit is enforced before sending (7.020247ms)
✔ unmodified deadline preserves its exact timestamp (0.423892ms)
✔ new company has valid default sector and cannot submit blank sector (0.335776ms)
(node:50186) [MODULE_TYPELESS_PACKAGE_JSON] Warning: Module type of file:///workspaces/zoi-city/.recovery/session-feature-stage-20261003/mobile/src/organizationWorkflow.ts is not specified and it doesn't parse as CommonJS.
Reparsing as ES module because module syntax was detected. This incurs a performance overhead.
To eliminate this warning, add "type": "module" to /workspaces/zoi-city/.recovery/session-feature-stage-20261003/mobile/package.json.
(Use `node --trace-warnings ...` to show where the warning was created)
✔ contextual native drafts preserve saved relationships and real writer payload (9.363422ms)
✔ project browser handoff fresh role owner (0.534147ms)
✔ project browser handoff fresh role admin (0.231792ms)
✔ project browser handoff fresh role editor (0.205143ms)
✔ project browser handoff fresh role viewer (0.727609ms)
✔ reject missing project context (0.353049ms)
✔ reject archived project context (2.336011ms)
✔ reject duplicate project context (0.239307ms)
✔ reject foreign project context (0.919947ms)
✔ reject scope project context (1.501142ms)
✔ actual SessionClient held refresh actor (42.551834ms)
✔ actual SessionClient held refresh workspace (0.829558ms)
✔ actual SessionClient held refresh unchanged (2.370095ms)
(node:50191) [MODULE_TYPELESS_PACKAGE_JSON] Warning: Module type of file:///workspaces/zoi-city/.recovery/session-feature-stage-20261003/mobile/src/ownerEditorHandoff.ts is not specified and it doesn't parse as CommonJS.
Reparsing as ES module because module syntax was detected. This incurs a performance overhead.
To eliminate this warning, add "type": "module" to /workspaces/zoi-city/.recovery/session-feature-stage-20261003/mobile/package.json.
(Use `node --trace-warnings ...` to show where the warning was created)
✔ fresh authorization opens only fixed browser editor, with exact authorized listing and without credentials (2.785189ms)
✔ account or workspace switch during authorization never opens browser (0.280183ms)
✔ invalid identity, denied access and mismatched receipts never open browser (0.837543ms)
✔ revoked or failed authorization surfaces failure without opening (0.568772ms)
(node:50211) ExperimentalWarning: stripTypeScriptTypes is an experimental feature and might change at any time
(Use `node --trace-warnings ...` to show where the warning was created)
✔ private link exact canonical event and opaque fragment only (6.39498ms)
✔ current own group counts whole-ticket quantities and expires without paid inference (0.691401ms)
✔ recipient preview rejects expired, cross-event, missing no-payment envelope and malformed amounts (0.508099ms)
✔ own reader binds list and detail IDs and profile distinct from Auth UUID (4.640473ms)
✔ refresh/response scope changes prevent private request or result use (0.663348ms)
(node:50219) [MODULE_TYPELESS_PACKAGE_JSON] Warning: Module type of file:///workspaces/zoi-city/.recovery/session-feature-stage-20261003/mobile/src/placeNavigation.ts is not specified and it doesn't parse as CommonJS.
Reparsing as ES module because module syntax was detected. This incurs a performance overhead.
To eliminate this warning, add "type": "module" to /workspaces/zoi-city/.recovery/session-feature-stage-20261003/mobile/package.json.
(Use `node --trace-warnings ...` to show where the warning was created)
✔ current public slug wins over stale unhashed artist SEO path (1.461859ms)
✔ fallback permits only internal profile routes (0.514571ms)
(node:50226) [MODULE_TYPELESS_PACKAGE_JSON] Warning: Module type of file:///workspaces/zoi-city/.recovery/session-feature-stage-20261003/mobile/src/privateRequests.ts is not specified and it doesn't parse as CommonJS.
Reparsing as ES module because module syntax was detected. This incurs a performance overhead.
To eliminate this warning, add "type": "module" to /workspaces/zoi-city/.recovery/session-feature-stage-20261003/mobile/package.json.
(Use `node --trace-warnings ...` to show where the warning was created)
✔ private recovery stores exact Unicode across bounded secure chunks (11.803648ms)
✔ account switch cannot read or save another account’s private request (1.755057ms)
✔ sign-out cleanup runs after queued writes and removes every chunk (3.634044ms)
✔ incomplete persistence is never mistaken for a retryable request (2.845403ms)
✔ cleanup failure cannot roll back a committed recovery request (2.55479ms)
✔ separate workflows keep distinct encrypted recovery namespaces (1.189962ms)
✔ failed storage cleanup retains a discoverable manifest until explicit cleanup succeeds (1.982541ms)
✔ non-null malformed manifests never masquerade as no pending request (1.199771ms)
✔ valid active-null pending manifest remains interrupted, not empty (0.35346ms)
✔ an active null payload is corruption rather than no pending request (0.534208ms)
(node:50241) [MODULE_TYPELESS_PACKAGE_JSON] Warning: Module type of file:///workspaces/zoi-city/.recovery/session-feature-stage-20261003/mobile/src/profile.ts is not specified and it doesn't parse as CommonJS.
Reparsing as ES module because module syntax was detected. This incurs a performance overhead.
To eliminate this warning, add "type": "module" to /workspaces/zoi-city/.recovery/session-feature-stage-20261003/mobile/package.json.
(Use `node --trace-warnings ...` to show where the warning was created)
✔ profile gives owner fields priority, merges actual socials and labels enrichment (6.125426ms)
✔ profile never fabricates verification or ratings from owner data (0.568682ms)
✔ profile rejects unsafe external schemes and credentials (0.325127ms)
✔ missing entity is absent, not invented profile (0.502769ms)
✔ profile actions require exact server routes and matching booking listing (1.616487ms)
✔ private enquiry entry requires server invitation for this same listing (1.052374ms)
✔ profile photos preserve wide logos, portraits and small artwork (0.421417ms)
✔ image loading supports native source dimensions and web natural dimensions (0.312202ms)
✔ native uses shared phone validity and authoritative owner clear (3.023024ms)
✔ native machine social syntax and exact publisher identity match web while owner links survive (2.905224ms)
✔ native Fournos chain root contacts cannot replace branch base or explicit owner values (2.289585ms)
(node:50257) [MODULE_TYPELESS_PACKAGE_JSON] Warning: Module type of file:///workspaces/zoi-city/.recovery/session-feature-stage-20261003/mobile/src/seating.ts is not specified and it doesn't parse as CommonJS.
Reparsing as ES module because module syntax was detected. This incurs a performance overhead.
To eliminate this warning, add "type": "module" to /workspaces/zoi-city/.recovery/session-feature-stage-20261003/mobile/package.json.
(Use `node --trace-warnings ...` to show where the warning was created)
✔ hold requires exact requested seats and confirmed receipt (1.857037ms)
✔ free confirmation rejects payment, quantity, seat and hold mismatches (0.374499ms)
✔ foreground status restores exact hold and validates cancellation (0.827745ms)
✔ countdown accounts for server clock and clamps expired holds (0.273781ms)
✔ missing inventory stays unavailable and malformed maps never invent seats (0.682475ms)
✔ seat inventory uses actual geometry and rejects unsafe bigint IDs or unknown state (1.212815ms)
(node:50282) [MODULE_TYPELESS_PACKAGE_JSON] Warning: Module type of file:///workspaces/zoi-city/.recovery/session-feature-stage-20261003/mobile/src/session.ts is not specified and it doesn't parse as CommonJS.
Reparsing as ES module because module syntax was detected. This incurs a performance overhead.
To eliminate this warning, add "type": "module" to /workspaces/zoi-city/.recovery/session-feature-stage-20261003/mobile/package.json.
(Use `node --trace-warnings ...` to show where the warning was created)
✔ persists only refresh credential and restores by exchanging it (45.072603ms)
✔ expired concurrent API requests share one refresh and use renewed token (12.872523ms)
✔ invalid refresh removes stored credential and session (1.407839ms)
✔ transient refresh failure preserves credential for recovery (0.400558ms)
✔ sign-out clears device credentials even if revocation is offline (0.872318ms)
✔ in-flight sign-in cannot resurrect a signed-out account (1.393692ms)
✔ anonymous authenticated RPC is rejected without making a request (0.489064ms)
✔ application error envelopes cannot appear as publishing success (0.944453ms)
✔ server-rejected access token clears session without replaying mutation (1.096527ms)
✔ optimistic edit conflict is explained without replaying the write (0.996771ms)
✔ fetch transport uses global receiver required by browsers (0.572599ms)
✔ community validation errors remain actionable without treating them as password failures (0.947028ms)
(node:50284) [MODULE_TYPELESS_PACKAGE_JSON] Warning: Module type of file:///workspaces/zoi-city/.recovery/session-feature-stage-20261003/mobile/src/profile.ts is not specified and it doesn't parse as CommonJS.
Reparsing as ES module because module syntax was detected. This incurs a performance overhead.
To eliminate this warning, add "type": "module" to /workspaces/zoi-city/.recovery/session-feature-stage-20261003/mobile/package.json.
(Use `node --trace-warnings ...` to show where the warning was created)
✔ native public profile excludes held imported identity/contact/media/social without changing base facts (4.446932ms)
✔ native sparse held profile has no foreign fallback (0.543925ms)
✔ native owner profile edits and explicit phone/social/image clears win while wrong source stays held (0.802798ms)
✔ native actual Cafe Boulis profile no longer offers the held foreign tagline (3.209983ms)
✔ native retained receipt timestamps/classification/conflict do not become visible imported fields or enrichment note (0.677655ms)
(node:50291) [MODULE_TYPELESS_PACKAGE_JSON] Warning: Module type of file:///workspaces/zoi-city/.recovery/session-feature-stage-20261003/mobile/src/sponsorFulfillment.ts is not specified and it doesn't parse as CommonJS.
Reparsing as ES module because module syntax was detected. This incurs a performance overhead.
To eliminate this warning, add "type": "module" to /workspaces/zoi-city/.recovery/session-feature-stage-20261003/mobile/package.json.
(Use `node --trace-warnings ...` to show where the warning was created)
✔ fresh approved sponsor ok (5.031263ms)
✔ fresh approved sponsor viewer (0.526673ms)
✔ fresh approved sponsor cancelled (0.319527ms)
✔ fresh approved sponsor foreign (0.263782ms)
✔ fresh approved sponsor capability (0.683907ms)
✔ fresh approved sponsor missing (0.228406ms)
✔ actual SessionClient refresh fence actor (61.134067ms)
✔ actual SessionClient refresh fence workspace (1.233914ms)
✔ actual SessionClient refresh fence unchanged (1.45214ms)
(node:50321) [MODULE_TYPELESS_PACKAGE_JSON] Warning: Module type of file:///workspaces/zoi-city/.recovery/session-feature-stage-20261003/mobile/src/timekeeping.ts is not specified and it doesn't parse as CommonJS.
Reparsing as ES module because module syntax was detected. This incurs a performance overhead.
To eliminate this warning, add "type": "module" to /workspaces/zoi-city/.recovery/session-feature-stage-20261003/mobile/package.json.
(Use `node --trace-warnings ...` to show where the warning was created)
✔ manual time uses explicit validated duration and hourly cents (36.374982ms)
✔ timer start excludes client-controlled start and duration (0.240729ms)
✔ receipts require tenant actor version and terminal state (0.456853ms)
✔ dashboard rejects another editor’s private narrative and foreign timer (0.488532ms)
✔ timesheet CSV prevents formula execution and escapes multiline quotes (0.6263ms)
(node:50322) [MODULE_TYPELESS_PACKAGE_JSON] Warning: Module type of file:///workspaces/zoi-city/.recovery/session-feature-stage-20261003/mobile/src/trips.ts is not specified and it doesn't parse as CommonJS.
Reparsing as ES module because module syntax was detected. This incurs a performance overhead.
To eliminate this warning, add "type": "module" to /workspaces/zoi-city/.recovery/session-feature-stage-20261003/mobile/package.json.
(Use `node --trace-warnings ...` to show where the warning was created)
✔ trip dates require explicit zone and reject reversed or overlong stops (27.524608ms)
✔ private itinerary cannot accept another profile or trip receipt (0.757144ms)
✔ appearance discovery cannot substitute another artist or claim inferred confirmation (1.211902ms)
✔ appearance proposal requires source HTTPS and real distinct listing IDs (2.037565ms)
(node:50326) [MODULE_TYPELESS_PACKAGE_JSON] Warning: Module type of file:///workspaces/zoi-city/.recovery/session-feature-stage-20261003/mobile/src/volunteer.ts is not specified and it doesn't parse as CommonJS.
Reparsing as ES module because module syntax was detected. This incurs a performance overhead.
To eliminate this warning, add "type": "module" to /workspaces/zoi-city/.recovery/session-feature-stage-20261003/mobile/package.json.
(Use `node --trace-warnings ...` to show where the warning was created)
✔ volunteer invitation extracts explicit organization ID only (1.766007ms)
✔ withdrawn public opportunity stays unavailable even if saved shift was scheduled (23.668789ms)
✔ shift actions never reopen cancelled or started history (0.29479ms)
✔ signup and cancellation receipts must identify the same shift and final state (0.620999ms)
✔ organization writes require workspace identity and exact version increment (0.413993ms)
(node:50343) [MODULE_TYPELESS_PACKAGE_JSON] Warning: Module type of file:///workspaces/zoi-city/.recovery/session-feature-stage-20261003/mobile/src/volunteerOperations.ts is not specified and it doesn't parse as CommonJS.
Reparsing as ES module because module syntax was detected. This incurs a performance overhead.
To eliminate this warning, add "type": "module" to /workspaces/zoi-city/.recovery/session-feature-stage-20261003/mobile/package.json.
(Use `node --trace-warnings ...` to show where the warning was created)
✔ org_operation_save actual SessionClient token refresh actor (30.355216ms)
✔ org_operation_save actual SessionClient token refresh workspace (0.850428ms)
✔ org_operation_save actual SessionClient token refresh unchanged (0.788051ms)
✔ org_signup actual SessionClient token refresh actor (0.694296ms)
✔ org_signup actual SessionClient token refresh workspace (1.423939ms)
✔ org_signup actual SessionClient token refresh unchanged (0.816144ms)
✔ org_signup_cancel actual SessionClient token refresh actor (0.758797ms)
✔ org_signup_cancel actual SessionClient token refresh workspace (0.69621ms)
✔ org_signup_cancel actual SessionClient token refresh unchanged (0.552251ms)
✔ org_roster actual SessionClient token refresh actor (0.542563ms)
✔ org_roster actual SessionClient token refresh workspace (0.297746ms)
✔ org_roster actual SessionClient token refresh unchanged (0.587057ms)
✔ lost native create survives remount and clears only exact receipt (1.052084ms)
✔ cancel unknown native create validates workspace/request and preserves marker on wrong response (0.468604ms)
✔ generic authorization denial is recognizable without matching server wording (0.190025ms)
✔ absent installed capability keeps pending recovery and dispatches no operation (0.302004ms)
(node:50360) [MODULE_TYPELESS_PACKAGE_JSON] Warning: Module type of file:///workspaces/zoi-city/.recovery/session-feature-stage-20261003/mobile/src/webHandoffs.ts is not specified and it doesn't parse as CommonJS.
Reparsing as ES module because module syntax was detected. This incurs a performance overhead.
To eliminate this warning, add "type": "module" to /workspaces/zoi-city/.recovery/session-feature-stage-20261003/mobile/package.json.
(Use `node --trace-warnings ...` to show where the warning was created)
✔ music shelf and unscoped personal calendar explicitly reach their actual web capabilities (1.748955ms)
✔ native parish calendar, member discussion and artist homes stay native (0.541771ms)
✔ handoff resolver never opens spoofed hosts or credentials (0.322101ms)
✔ map deep links use the real web map and preserve only public search/place/view context (0.769497ms)
✔ explicit guardian links hand off only public listing context, adult groups stay native (0.853213ms)
(node:50376) ExperimentalWarning: stripTypeScriptTypes is an experimental feature and might change at any time
(Use `node --trace-warnings ...` to show where the warning was created)
✔ roles protect owner/self and admin peer escalation (2.216057ms)
✔ real controller confirms save only after current roster read (1.59628ms)
✔ lost response survives remount; receipt check does not resend (1.39262ms)
✔ unknown request blocks new write and safely cancels (2.693419ms)
✔ conflict refreshes membership; storage failure prevents submission (0.743548ms)
✔ authority loss clears private roster and account change fences calls (1.532111ms)
(node:50406) [MODULE_TYPELESS_PACKAGE_JSON] Warning: Module type of file:///workspaces/zoi-city/.recovery/session-feature-stage-20261003/mobile/src/session.ts is not specified and it doesn't parse as CommonJS.
Reparsing as ES module because module syntax was detected. This incurs a performance overhead.
To eliminate this warning, add "type": "module" to /workspaces/zoi-city/.recovery/session-feature-stage-20261003/mobile/package.json.
(Use `node --trace-warnings ...` to show where the warning was created)
(node:50406) ExperimentalWarning: stripTypeScriptTypes is an experimental feature and might change at any time
✔ only scoped team conflict/cancel envelope passes transport for controller verification (31.393371ms)
✔ exact known team SQL rejection preserved; generic 400 and other RPC remain uncertain (4.802286ms)
✔ real SessionClient quota clears marker; ambiguous400 keeps it;403 clears roster (2.848718ms)
✔ youth programme validates exact bounded ages, places and actual listing (2.428995ms)
✔ enrolment requires explicit authority and consent without inferring age (0.608426ms)
✔ enrolment receipts bind guardian child programme and exact version (0.601613ms)
✔ attendance and instructor assignment receipts reject unrelated identity (2.122402ms)
✔ private operator response rejects another workspace or programme roster (0.686282ms)
✔ public catalogue rejects unrelated listing and private family rejects malformed records (0.441344ms)
(node:50408) [MODULE_TYPELESS_PACKAGE_JSON] Warning: Module type of file:///workspaces/zoi-city/.recovery/session-feature-stage-20261003/mobile/src/youthReadiness.ts is not specified and it doesn't parse as CommonJS.
Reparsing as ES module because module syntax was detected. This incurs a performance overhead.
To eliminate this warning, add "type": "module" to /workspaces/zoi-city/.recovery/session-feature-stage-20261003/mobile/package.json.
(Use `node --trace-warnings ...` to show where the warning was created)
✔ native Youth remains read-only without exact installed actor and guardian capability (1.487958ms)
✔ native organizer readiness additionally binds exact workspace and current role (0.301193ms)
(node:50416) [MODULE_TYPELESS_PACKAGE_JSON] Warning: Module type of file:///workspaces/zoi-city/.recovery/session-feature-stage-20261003/mobile/src/session.ts is not specified and it doesn't parse as CommonJS.
Reparsing as ES module because module syntax was detected. This incurs a performance overhead.
To eliminate this warning, add "type": "module" to /workspaces/zoi-city/.recovery/session-feature-stage-20261003/mobile/package.json.
(Use `node --trace-warnings ...` to show where the warning was created)
✔ actual SessionClient youth refresh account fences private dispatch/result (26.918618ms)
✔ actual SessionClient youth refresh workspace fences private dispatch/result (0.6319ms)
✔ actual SessionClient youth refresh unmount fences private dispatch/result (0.600561ms)
✔ actual SessionClient youth response account fences private dispatch/result (6.259577ms)
✔ actual SessionClient youth response workspace fences private dispatch/result (1.032097ms)
✔ actual SessionClient youth response unmount fences private dispatch/result (0.760169ms)
✔ same actor token rotation sends private request using freshly captured token (0.971163ms)
✔ private method cannot dispatch anonymously; denied status remains recognizable (0.377545ms)
✔ installed native capability binds internal guardian profile separately from Auth (0.301122ms)
ℹ tests 444
ℹ suites 0
ℹ pass 444
ℹ fail 0
ℹ cancelled 0
ℹ skipped 0
ℹ todo 0
ℹ duration_ms 1223.404147
