✔ default browser clone isolates nested original input and overrides supplied nonce across lost retries (2.67739ms)
✔ provided JSON clone isolates nested original input and overrides supplied nonce across lost retries (0.510812ms)
✔ JSON caller operates with structuredClone absent and no native browser defaults accessed (1.006847ms)
✔ clone failure sends nothing, stores no nonce/private data and permits a later clean attempt (0.632159ms)
✔ capabilities have 256 bits and are removed from the URL immediately (1.233419ms)
✔ lost response retains exact nonce/payload but persists no contacts or secrets (1.795237ms)
✔ missing receipt retains pending request after reload (1.255992ms)
✔ late account response never becomes another account receipt (0.479815ms)
✔ malformed and mismatched receipt cannot clear pending state (0.529006ms)
✔ a refusal after an uncertain attempt retains nonce (0.379737ms)
✔ storage refusal prevents both initial write and retry (0.412128ms)
✔ caller-supplied JSON clone preserves the exact retry payload without browser globals (0.417188ms)
ℹ tests 12
ℹ suites 0
ℹ pass 12
ℹ fail 0
ℹ cancelled 0
ℹ skipped 0
ℹ todo 0
ℹ duration_ms 69.546729
