✔ actual bridge reads nested saved notes safely without treating review as form restoration (3.111633ms)
✔ actual bridge clears private view on storage account switch and remounts from fresh Core state (1.170988ms)
✔ BFCache hide destroys private view; persisted show restores controls without stale form (1.034422ms)
✔ save-only contact form uses entered contact and preserves group snapshot until valid submission (1.338902ms)
✔ old contact form cannot submit into a different account even before auth event arrives (1.180225ms)
✔ Parea hero links reach the group planner; explicit Explore still opens the room (0.942451ms)
✔ canonical entry binds anonymous public event identity separately from private saves (1.563731ms)
✔ real contract-shaped save validates receipt and stores no guest names in durable marker (3.262395ms)
✔ uncertain save retries identical nonce and payload; fresh save blocked (1.59542ms)
✔ reload of unknown new plan retains marker and blocks duplicate replacement (0.985612ms)
✔ account switch discards stale returned private plan without clearing prior account marker (5.148568ms)
✔ denied storage prevents write, known version conflict permits reload and malformed selections denied (1.546589ms)
✔ reviewing a saved plan does not silently bind an unrestored customer form as its edit target (0.619106ms)
✔ actual backend required contact fields are validated before RPC and never persisted in nonce marker (0.666385ms)
✔ first HTML includes the same real concert shell used by client hydration (1.26871ms)
✔ scene styles are available before the room is rendered (0.237974ms)
✔ actual numbered choices derive their published perguest tier without a second space selector (1.647799ms)
✔ mixed alternatives never invent a single price and empty choices do not imply selection (0.455271ms)
ℹ tests 18
ℹ suites 0
ℹ pass 18
ℹ fail 0
ℹ cancelled 0
ℹ skipped 0
ℹ todo 0
ℹ duration_ms 87.147866
