✔ actual bridge reads nested saved notes safely without treating review as form restoration (3.365548ms)
✔ actual bridge clears private view on storage account switch and remounts from fresh Core state (1.73983ms)
✔ BFCache hide destroys private view; persisted show restores controls without stale form (1.72369ms)
✔ save-only contact form uses entered contact and preserves group snapshot until valid submission (1.958238ms)
✔ old contact form cannot submit into a different account even before auth event arrives (1.597284ms)
✖ plan-night hero links open the room directly without hash navigation (1.29014ms)
✖ canonical entry binds anonymous public event identity separately from private saves (2.390336ms)
✔ real contract-shaped save validates receipt and stores no guest names in durable marker (8.167368ms)
✔ uncertain save retries identical nonce and payload; fresh save blocked (2.437954ms)
✔ reload of unknown new plan retains marker and blocks duplicate replacement (1.259974ms)
✔ account switch discards stale returned private plan without clearing prior account marker (8.117304ms)
✔ denied storage prevents write, known version conflict permits reload and malformed selections denied (2.101476ms)
✔ reviewing a saved plan does not silently bind an unrestored customer form as its edit target (0.733881ms)
✔ actual backend required contact fields are validated before RPC and never persisted in nonce marker (0.789194ms)
✔ first HTML includes the same real concert shell used by client hydration (1.714372ms)
✔ scene styles are available before the room is rendered (0.259705ms)
✔ actual numbered choices derive their published perguest tier without a second space selector (2.310887ms)
✔ mixed alternatives never invent a single price and empty choices do not imply selection (0.677456ms)
ℹ tests 18
ℹ suites 0
ℹ pass 16
ℹ fail 2
ℹ cancelled 0
ℹ skipped 0
ℹ todo 0
ℹ duration_ms 193.790654

✖ failing tests:

test at tests/unit/signature-experience.test.mjs:17:1
✖ plan-night hero links open the room directly without hash navigation (1.29014ms)
  TypeError: customer.showGroupSetup is not a function
      at Object.click (evalmachine.<anonymous>:30:260)
      at TestContext.<anonymous> (file:///workspaces/zoi-city/.recovery/community-release/tests/unit/signature-experience.test.mjs:17:335)
      at Test.runInAsyncScope (node:async_hooks:228:14)
      at Test.run (node:internal/test_runner/test:1118:25)
      at Test.processPendingSubtests (node:internal/test_runner/test:787:18)
      at Test.postRun (node:internal/test_runner/test:1247:19)
      at Test.run (node:internal/test_runner/test:1175:12)
      at async Test.processPendingSubtests (node:internal/test_runner/test:787:7)

test at tests/unit/signature-experience.test.mjs:19:1
✖ canonical entry binds anonymous public event identity separately from private saves (2.390336ms)
  AssertionError [ERR_ASSERTION]: Expected values to be strictly equal:
  
  0 !== 1
  
      at TestContext.<anonymous> (file:///workspaces/zoi-city/.recovery/community-release/tests/unit/signature-experience.test.mjs:19:376)
      at async Test.run (node:internal/test_runner/test:1125:7)
      at async Test.processPendingSubtests (node:internal/test_runner/test:787:7) {
    generatedMessage: true,
    code: 'ERR_ASSERTION',
    actual: 0,
    expected: 1,
    operator: 'strictEqual',
    diff: 'simple'
  }
