✔ city selector combines aliases without altering source data (1.858113ms)
✔ unknown-country duplicate stays searchable without invented geography (0.290301ms)
✔ cities shared across countries remain one unambiguous broad search (0.257019ms)
✔ browse index contains no broken geography paths or stale counts (0.38083ms)
✔ latest search wins when older network responses arrive afterward (2.061543ms)
✔ search failures leave an actionable retry and clear busy state (1.10503ms)
✔ failed category counts preserve selected filter and a successful explicit retry restores facets (15.34815ms)
{"event":"public_home_unavailable","reason":"http_503"}
✔ early incoming policy is idempotent, motion-aware and adds no script or stylesheet (1.767935ms)
✔ existing inline family policy remains authoritative (0.186478ms)
✔ actual public handler adds policy only to successful content, not errors or redirects (36.163772ms)
✔ actual reviewed Signature/Parkview identity matches canonical hero/logo across search and Quick look without per-card RPC (8.890282ms)
✔ actual Yamas and artist source imagery retained, reviewed base summaries retained for sparse families (2.606508ms)
✔ canonical reviewed IDs alone cannot bypass owner website/identity change or source scope quarantine (1.253888ms)
✔ owner nullable photo/logo and gallery clears suppress imported or reviewed defaults consistently (2.271371ms)
✔ artist biography is source-bound, owner description clears authoritative, nonartist summary base-first (0.416376ms)
✔ bounded projected media and complete canonical entity select the same hero/logo/clear state (2.158474ms)
✔ gallery roles/interface artwork and credential/protocol checks apply to batch resolver (0.734349ms)
✔ HTTP official-source biography keeps outbound compatibility while every image remains HTTPS only (0.250076ms)
✔ event poster remains fully identified across imported page and owner edit then clear (0.89591ms)
✔ current base photo replaces a legacy profile poster without retaining its role; clears remain authoritative (1.42154ms)
✔ sparse Quick look retains omitted-photo semantics for every listing family while explicit clears replace a cover (4.655307ms)
✔ partial Quick look identity policies clear a loaded cover even when the photo field is omitted (2.46197ms)
✔ reviewed artist catalog identity remains source-bound and owner edit then clear wins (1.189368ms)
✔ public detail actions preserve source identity and owner clears (3.61027ms)
✔ untrusted URL actions and mismatched machine contacts never become links (0.443197ms)
✔ same-identity source imagery and menu hydrate while explicit media clears and quarantine suppress fallback (3.795705ms)
✔ public descriptions remove imported markup including unfinished source fragments (0.16114ms)
✔ explicit poster role applies only to its current photo and respects owner replacement or clear (5.178622ms)
✔ photo authority distinguishes omitted fields from explicit owner and projected clears (1.268304ms)
✔ trusted source hero survives nullable base and gallery clear but not explicit hero clears (2.240437ms)
ℹ tests 30
ℹ suites 0
ℹ pass 30
ℹ fail 0
ℹ cancelled 0
ℹ skipped 0
ℹ todo 0
ℹ duration_ms 154.001888
