✔ city selector combines aliases without altering source data (1.932452ms)
✔ unknown-country duplicate stays searchable without invented geography (0.264513ms)
✔ cities shared across countries remain one unambiguous broad search (0.231281ms)
✔ browse index contains no broken geography paths or stale counts (0.363718ms)
✔ latest search wins when older network responses arrive afterward (2.149978ms)
✔ search failures leave an actionable retry and clear busy state (1.104309ms)
✔ failed category counts preserve selected filter and a successful explicit retry restores facets (18.721658ms)
node:internal/modules/esm/resolve:275
    throw new ERR_MODULE_NOT_FOUND(
          ^

Error [ERR_MODULE_NOT_FOUND]: Cannot find module '/tmp/zoi-media-repair-independent-mzd2qpkr/api/_home-navigation.js' imported from /tmp/zoi-media-repair-independent-mzd2qpkr/tests/unit/home-navigation.test.mjs
    at finalizeResolution (node:internal/modules/esm/resolve:275:11)
    at moduleResolve (node:internal/modules/esm/resolve:865:10)
    at defaultResolve (node:internal/modules/esm/resolve:991:11)
    at #cachedDefaultResolve (node:internal/modules/esm/loader:719:20)
    at #resolveAndMaybeBlockOnLoaderThread (node:internal/modules/esm/loader:736:38)
    at ModuleLoader.resolveSync (node:internal/modules/esm/loader:765:52)
    at #resolve (node:internal/modules/esm/loader:701:17)
    at ModuleLoader.getOrCreateModuleJob (node:internal/modules/esm/loader:621:35)
    at ModuleJob.syncLink (node:internal/modules/esm/module_job:160:33)
    at ModuleJob.link (node:internal/modules/esm/module_job:245:17) {
  code: 'ERR_MODULE_NOT_FOUND',
  url: 'file:///tmp/zoi-media-repair-independent-mzd2qpkr/api/_home-navigation.js'
}

Node.js v24.14.0
✖ tests/unit/home-navigation.test.mjs (39.206964ms)
✔ actual reviewed Signature/Parkview identity matches canonical hero/logo across search and Quick look without per-card RPC (11.095994ms)
✔ actual Yamas and artist source imagery retained, reviewed base summaries retained for sparse families (3.393566ms)
✔ canonical reviewed IDs alone cannot bypass owner website/identity change or source scope quarantine (1.152789ms)
✔ owner nullable photo/logo and gallery clears suppress imported or reviewed defaults consistently (3.03071ms)
✔ artist biography is source-bound, owner description clears authoritative, nonartist summary base-first (0.628031ms)
✔ bounded projected media and complete canonical entity select the same hero/logo/clear state (3.015571ms)
✔ gallery roles/interface artwork and credential/protocol checks apply to batch resolver (0.891132ms)
✔ HTTP official-source biography keeps outbound compatibility while every image remains HTTPS only (0.302314ms)
✔ event poster remains fully identified across imported page and owner edit then clear (1.594112ms)
✔ current base photo replaces a legacy profile poster without retaining its role; clears remain authoritative (1.530373ms)
✔ sparse Quick look retains omitted-photo semantics for every listing family while explicit clears replace a cover (5.883798ms)
✔ reviewed artist catalog identity remains source-bound and owner edit then clear wins (1.086886ms)
ℹ tests 20
ℹ suites 0
ℹ pass 19
ℹ fail 1
ℹ cancelled 0
ℹ skipped 0
ℹ todo 0
ℹ duration_ms 139.968843

✖ failing tests:

test at tests/unit/home-navigation.test.mjs:1:1
✖ tests/unit/home-navigation.test.mjs (39.206964ms)
  'test failed'
