(node:411777) [MODULE_TYPELESS_PACKAGE_JSON] Warning: Module type of file:///workspaces/zoi-city/.recovery/community-release/.recovery/native-owner-source-candidate/mobile/src/businessOwner.ts is not specified and it doesn't parse as CommonJS.
Reparsing as ES module because module syntax was detected. This incurs a performance overhead.
To eliminate this warning, add "type": "module" to /workspaces/zoi-city/.recovery/community-release/.recovery/native-owner-source-candidate/mobile/package.json.
(Use `node --trace-warnings ...` to show where the warning was created)
✔ private snapshot rejects scope/version/base identity and does not mutate original source or menus (3.555769ms)
✔ changed website only uses real writer patch, leaves base clears and unknown menus/social shape untouched (0.48178ms)
✔ explicit website/photo/social clears are sent as owner choices, no duplicate imported fields (0.234628ms)
✔ URL validation rejects userinfo/javascript while unrelated malformed stored website remains untouched (0.329045ms)
✔ source panel uses exact shared held/import/owner clear policy (0.685461ms)
✔ choices require exact workspace and approved claims; malformed ownership not accepted (0.339895ms)
✔ receipt must prove current request/scope/version before accepting saved UI (0.622713ms)
✔ token refresh account switch prevents dispatch; late reply cannot become saved data (0.361265ms)
✔ fresh authority and existing snapshot surround the actual writer, replay uses exact immutable nonce (1.149497ms)
✔ role/current-listing refusal prevents writer and current authority is checked after awaits (0.739682ms)
✔ CAS conflict never fabricates success and no new nonce is generated by publication retry (0.395919ms)
✔ nonce-only interrupted marker survives remount, validates scope, stores no contact payload (0.74369ms)
✔ marker waits and current-account failures never dispatch or consume another workspace reference (0.253243ms)
(node:411778) [MODULE_TYPELESS_PACKAGE_JSON] Warning: Module type of file:///workspaces/zoi-city/.recovery/community-release/.recovery/native-owner-source-candidate/mobile/src/session.ts is not specified and it doesn't parse as CommonJS.
Reparsing as ES module because module syntax was detected. This incurs a performance overhead.
To eliminate this warning, add "type": "module" to /workspaces/zoi-city/.recovery/community-release/.recovery/native-owner-source-candidate/mobile/package.json.
(Use `node --trace-warnings ...` to show where the warning was created)
✔ actual owner authority HTTP400 preserves exact safe code and proves private state refusal (30.114348ms)
✔ generic HTTP400 and transient failures stay uncertain; no broad payload or code disclosure (1.463413ms)
✔ bounded code retention does not alter other suites/auth/provider error handling (0.990531ms)
✔ exact existing Company and document authority RPCs preserve safe codes and actual status only (28.227182ms)
✔ operator code recognition remains bounded to exact path, exact message and authority status (6.485706ms)
(node:411784) [MODULE_TYPELESS_PACKAGE_JSON] Warning: Module type of file:///workspaces/zoi-city/.recovery/community-release/.recovery/native-owner-source-candidate/mobile/src/session.ts is not specified and it doesn't parse as CommonJS.
Reparsing as ES module because module syntax was detected. This incurs a performance overhead.
To eliminate this warning, add "type": "module" to /workspaces/zoi-city/.recovery/community-release/.recovery/native-owner-source-candidate/mobile/package.json.
(Use `node --trace-warnings ...` to show where the warning was created)
✔ persists only refresh credential and restores by exchanging it (33.513288ms)
✔ expired concurrent API requests share one refresh and use renewed token (11.491858ms)
✔ invalid refresh removes stored credential and session (0.949144ms)
✔ transient refresh failure preserves credential for recovery (0.277569ms)
✔ sign-out clears device credentials even if revocation is offline (0.331819ms)
✔ in-flight sign-in cannot resurrect a signed-out account (0.696872ms)
✔ anonymous authenticated RPC is rejected without making a request (0.268071ms)
✔ application error envelopes cannot appear as publishing success (0.5297ms)
✔ server-rejected access token clears session without replaying mutation (0.771522ms)
✔ optimistic edit conflict is explained without replaying the write (0.739692ms)
✔ fetch transport uses global receiver required by browsers (0.383477ms)
✔ community validation errors remain actionable without treating them as password failures (0.696551ms)
ℹ tests 30
ℹ suites 0
ℹ pass 30
ℹ fail 0
ℹ cancelled 0
ℹ skipped 0
ℹ todo 0
ℹ duration_ms 195.400487
