Starting Metro Bundler

| (node:417090) Warning: The 'NO_COLOR' env is ignored due to the 'FORCE_COLOR' env being set.
| (Use `node --trace-warnings ...` to show where the warning was created)
| (node:417090) Warning: The 'NO_COLOR' env is ignored due to the 'FORCE_COLOR' env being set.
| (Use `node --trace-warnings ...` to show where the warning was created)
Web Bundled 2052ms index.ts (521 modules)
Android Bundled 11160ms index.ts (846 modules)
iOS Bundled 19060ms index.ts (913 modules)

› Assets (2):
assets/zoi-logo.5a531fbd3a49e35f2cb1b6fc3dcd5ad0.png (113KB)
assets/zoi-logo.png (113KB)

› web bundles (2):
_expo/static/js/web/index-293d49ceeac4e128e37d225c1a3d2e53.js (1.5MB)
_expo/static/js/web/index-293d49ceeac4e128e37d225c1a3d2e53.js.map (4.8MB)

› android bundles (2):
_expo/static/js/android/index-c506834a67913c22022485406792aa49.hbc (2.7MB)
_expo/static/js/android/index-c506834a67913c22022485406792aa49.hbc.map (6.1MB)

› ios bundles (2):
_expo/static/js/ios/index-c2c2cf3cd56740ae04e4a5f0337038a3.hbc (2.7MB)
_expo/static/js/ios/index-c2c2cf3cd56740ae04e4a5f0337038a3.hbc.map (6.1MB)

› Files (3):
favicon.ico (15KB)
index.html (1.2KB)
metadata.json (368B)

Exported: /tmp/zoi-native-owner-authority-combined-exports
