(node:412526) ExperimentalWarning: stripTypeScriptTypes is an experimental feature and might change at any time
(Use `node --trace-warnings ...` to show where the warning was created)
✔ owner tool browser handoffs preserve explicit selected workspace with no token (2.421163ms)
✔ missing malformed and injected identities cannot fabricate a setup destination (0.419975ms)
(node:412527) [MODULE_TYPELESS_PACKAGE_JSON] Warning: Module type of file:///workspaces/zoi-city/.recovery/community-release/.recovery/native-owner-source-candidate/mobile/src/artistMusic.ts is not specified and it doesn't parse as CommonJS.
Reparsing as ES module because module syntax was detected. This incurs a performance overhead.
To eliminate this warning, add "type": "module" to /workspaces/zoi-city/.recovery/community-release/.recovery/native-owner-source-candidate/mobile/package.json.
(Use `node --trace-warnings ...` to show where the warning was created)
✔ reviewed catalogue binds identity and uses verified high-resolution photos (4.522379ms)
✔ unknown artist never inherits featured content (0.340045ms)
✔ provider links reject spoofed hosts unsafe schemes and credentials (0.311242ms)
✔ city validation supports Greek and NFKC without markup (5.360273ms)
✔ receipts bind artist request active state and expected version (0.996021ms)
✔ summary rejects subthreshold counts and wrong artist; mine preserves inactive rows (1.097931ms)
✔ interrupted authenticated interest retries identical persisted request, then withdrawal reads real server version (50.379588ms)
✔ native planner shares venue timezone and buffer boundaries (1.227393ms)
✔ native planner cannot accept another tenant or changed appointment preview (0.794575ms)
✔ native planner requires complete unique saved slots matching the preview (1.516974ms)
(node:412539) [MODULE_TYPELESS_PACKAGE_JSON] Warning: Module type of file:///workspaces/zoi-city/.recovery/community-release/.recovery/native-owner-source-candidate/mobile/src/backendReadiness.ts is not specified and it doesn't parse as CommonJS.
Reparsing as ES module because module syntax was detected. This incurs a performance overhead.
To eliminate this warning, add "type": "module" to /workspaces/zoi-city/.recovery/community-release/.recovery/native-owner-source-candidate/mobile/package.json.
(Use `node --trace-warnings ...` to show where the warning was created)
✔ verified guardian backend is enabled while unavailable integrations fail closed (1.335054ms)
✔ guardian release gate is backed by complete deployed RPC evidence (1.234526ms)
(node:412540) [MODULE_TYPELESS_PACKAGE_JSON] Warning: Module type of file:///workspaces/zoi-city/.recovery/community-release/.recovery/native-owner-source-candidate/mobile/src/booking.ts is not specified and it doesn't parse as CommonJS.
Reparsing as ES module because module syntax was detected. This incurs a performance overhead.
To eliminate this warning, add "type": "module" to /workspaces/zoi-city/.recovery/community-release/.recovery/native-owner-source-candidate/mobile/package.json.
(Use `node --trace-warnings ...` to show where the warning was created)
✔ booking receipts require exact idempotency request, slot and party (1.760509ms)
✔ retry receipt preserves terminal cancellation rather than inventing confirmation (0.228367ms)
✔ booking catalog refuses malformed times and unknown timezone (23.897013ms)
✔ venue times honor the venue timezone rather than device default (1.201114ms)
(node:412541) [MODULE_TYPELESS_PACKAGE_JSON] Warning: Module type of file:///workspaces/zoi-city/.recovery/community-release/.recovery/native-owner-source-candidate/mobile/src/bookingOperator.ts is not specified and it doesn't parse as CommonJS.
Reparsing as ES module because module syntax was detected. This incurs a performance overhead.
To eliminate this warning, add "type": "module" to /workspaces/zoi-city/.recovery/community-release/.recovery/native-owner-source-candidate/mobile/package.json.
(Use `node --trace-warnings ...` to show where the warning was created)
✔ operator mutation requires exact workspace and incremented version (2.003663ms)
✔ operator service decimal prices are exact minor units and bounded (0.511476ms)
✔ staff resource cannot silently admit a party (0.267369ms)
✔ schedule converts venue-local time and rejects both DST edge cases (24.874319ms)
✔ native reschedule uses venue-local range and rejects impossible calendar dates (27.679359ms)
✔ reschedule selection pins reviewed version and exact price (0.697594ms)
✔ move receipt requires same booking, expected version, reviewed time and no collected payment (2.245124ms)
(node:412554) [MODULE_TYPELESS_PACKAGE_JSON] Warning: Module type of file:///workspaces/zoi-city/.recovery/community-release/.recovery/native-owner-source-candidate/mobile/src/brand.ts is not specified and it doesn't parse as CommonJS.
Reparsing as ES module because module syntax was detected. This incurs a performance overhead.
To eliminate this warning, add "type": "module" to /workspaces/zoi-city/.recovery/community-release/.recovery/native-owner-source-candidate/mobile/package.json.
(Use `node --trace-warnings ...` to show where the warning was created)
✔ native shared body, subdued text and actions stay readable on every adopted surface (2.241127ms)
✔ native and web material colors share the same semantic values (5.362758ms)
(node:412561) [MODULE_TYPELESS_PACKAGE_JSON] Warning: Module type of file:///workspaces/zoi-city/.recovery/community-release/.recovery/native-owner-source-candidate/mobile/src/businessEdit.ts is not specified and it doesn't parse as CommonJS.
Reparsing as ES module because module syntax was detected. This incurs a performance overhead.
To eliminate this warning, add "type": "module" to /workspaces/zoi-city/.recovery/community-release/.recovery/native-owner-source-candidate/mobile/package.json.
(Use `node --trace-warnings ...` to show where the warning was created)
✔ only owned and explicitly approved claims can appear in business editor (2.057454ms)
✔ business edit preserves unknown social keys and explicit cleared fields (0.500244ms)
✔ business edit rejects unsafe replacement and ambiguous social payloads (0.600401ms)
(node:412572) [MODULE_TYPELESS_PACKAGE_JSON] Warning: Module type of file:///workspaces/zoi-city/.recovery/community-release/.recovery/native-owner-source-candidate/mobile/src/businessOwner.ts is not specified and it doesn't parse as CommonJS.
Reparsing as ES module because module syntax was detected. This incurs a performance overhead.
To eliminate this warning, add "type": "module" to /workspaces/zoi-city/.recovery/community-release/.recovery/native-owner-source-candidate/mobile/package.json.
(Use `node --trace-warnings ...` to show where the warning was created)
✔ private snapshot rejects scope/version/base identity and does not mutate original source or menus (3.682159ms)
✔ changed website only uses real writer patch, leaves base clears and unknown menus/social shape untouched (0.580645ms)
✔ explicit website/photo/social clears are sent as owner choices, no duplicate imported fields (0.208289ms)
✔ URL validation rejects userinfo/javascript while unrelated malformed stored website remains untouched (0.349353ms)
✔ source panel uses exact shared held/import/owner clear policy (0.698715ms)
✔ choices require exact workspace and approved claims; malformed ownership not accepted (0.485015ms)
✔ receipt must prove current request/scope/version before accepting saved UI (0.795717ms)
✔ token refresh account switch prevents dispatch; late reply cannot become saved data (0.601143ms)
✔ fresh authority and existing snapshot surround the actual writer, replay uses exact immutable nonce (1.829418ms)
✔ role/current-listing refusal prevents writer and current authority is checked after awaits (2.27488ms)
✔ CAS conflict never fabricates success and no new nonce is generated by publication retry (0.451834ms)
✔ nonce-only interrupted marker survives remount, validates scope, stores no contact payload (1.842352ms)
✔ marker waits and current-account failures never dispatch or consume another workspace reference (0.253614ms)
(node:412578) [MODULE_TYPELESS_PACKAGE_JSON] Warning: Module type of file:///workspaces/zoi-city/.recovery/community-release/.recovery/native-owner-source-candidate/mobile/src/session.ts is not specified and it doesn't parse as CommonJS.
Reparsing as ES module because module syntax was detected. This incurs a performance overhead.
To eliminate this warning, add "type": "module" to /workspaces/zoi-city/.recovery/community-release/.recovery/native-owner-source-candidate/mobile/package.json.
(Use `node --trace-warnings ...` to show where the warning was created)
✔ actual owner authority HTTP400 preserves exact safe code and proves private state refusal (53.56146ms)
✔ generic HTTP400 and transient failures stay uncertain; no broad payload or code disclosure (2.489911ms)
✔ bounded code retention does not alter other suites/auth/provider error handling (1.548452ms)
✔ exact existing Company and document authority RPCs preserve safe codes and actual status only (48.793703ms)
✔ operator code recognition remains bounded to exact path, exact message and authority status (14.999862ms)
(node:412580) [MODULE_TYPELESS_PACKAGE_JSON] Warning: Module type of file:///workspaces/zoi-city/.recovery/community-release/.recovery/native-owner-source-candidate/mobile/src/calendar.ts is not specified and it doesn't parse as CommonJS.
Reparsing as ES module because module syntax was detected. This incurs a performance overhead.
To eliminate this warning, add "type": "module" to /workspaces/zoi-city/.recovery/community-release/.recovery/native-owner-source-candidate/mobile/package.json.
(Use `node --trace-warnings ...` to show where the warning was created)
✔ calendar ranges reject impossible dates and bound exactly90 UTC days (2.235116ms)
✔ public calendar rejects private drafts and another listing (7.14091ms)
✔ workspace calendar rejects another tenant (0.35345ms)
✔ same calendar planner validates dates and exact saved receipt (22.973849ms)
✔ profile calendar/group actions require exact same-listing server paths (2.645983ms)
(node:412606) [MODULE_TYPELESS_PACKAGE_JSON] Warning: Module type of file:///workspaces/zoi-city/.recovery/community-release/.recovery/native-owner-source-candidate/mobile/src/commerce.ts is not specified and it doesn't parse as CommonJS.
Reparsing as ES module because module syntax was detected. This incurs a performance overhead.
To eliminate this warning, add "type": "module" to /workspaces/zoi-city/.recovery/community-release/.recovery/native-owner-source-candidate/mobile/package.json.
(Use `node --trace-warnings ...` to show where the warning was created)
✔ basket totals preserve decimal precision and separate currencies (2.92804ms)
✔ persisted basket rejects duplicate IDs and invalid quantities (1.04918ms)
✔ adding unavailable options or excessive aggregate quantities fails (0.930809ms)
✔ fresh checkout must match exact official cart and all quantities (2.183318ms)
✔ product imagery and deep links reject untrusted URLs and invalid identifiers (0.648702ms)
✔ native shared option cannot silently substitute another product variant (0.338863ms)
✔ malformed explicit native variant remains an explicit unresolved choice (0.436756ms)
✔ single default display metadata survives native basket mapping without changing provider title (2.952676ms)
(node:412608) [MODULE_TYPELESS_PACKAGE_JSON] Warning: Module type of file:///workspaces/zoi-city/.recovery/community-release/.recovery/native-owner-source-candidate/mobile/src/community.ts is not specified and it doesn't parse as CommonJS.
Reparsing as ES module because module syntax was detected. This incurs a performance overhead.
To eliminate this warning, add "type": "module" to /workspaces/zoi-city/.recovery/community-release/.recovery/native-owner-source-candidate/mobile/package.json.
(Use `node --trace-warnings ...` to show where the warning was created)
✔ visible reaction state comes from matching desired-state receipts only (1.817596ms)
✔ reply receipt is scoped to post and actual profile, not auth UUID (0.498852ms)
✔ public profile edits explicitly validate interests and chosen public fields (0.511396ms)
✔ feed preserves server snapshot and rejects a substituted mode (0.341098ms)
✔ recovered publication keeps original account, immutable request and actual receipt identity (0.603677ms)
(node:412616) [MODULE_TYPELESS_PACKAGE_JSON] Warning: Module type of file:///workspaces/zoi-city/.recovery/community-release/.recovery/native-owner-source-candidate/mobile/src/communityIntent.ts is not specified and it doesn't parse as CommonJS.
Reparsing as ES module because module syntax was detected. This incurs a performance overhead.
To eliminate this warning, add "type": "module" to /workspaces/zoi-city/.recovery/community-release/.recovery/native-owner-source-candidate/mobile/package.json.
(Use `node --trace-warnings ...` to show where the warning was created)
✔ sign-in retains question composer intent but cannot resume without an actor (1.683916ms)
✔ discussion return retains navigation and does not replay a reaction (0.333192ms)
✔ sign-in may retain public navigation but sign-out or account switch invalidates it (0.27339ms)
(node:412631) [MODULE_TYPELESS_PACKAGE_JSON] Warning: Module type of file:///workspaces/zoi-city/.recovery/community-release/.recovery/native-owner-source-candidate/mobile/src/communityMedia.ts is not specified and it doesn't parse as CommonJS.
Reparsing as ES module because module syntax was detected. This incurs a performance overhead.
To eliminate this warning, add "type": "module" to /workspaces/zoi-city/.recovery/community-release/.recovery/native-owner-source-candidate/mobile/package.json.
(Use `node --trace-warnings ...` to show where the warning was created)
✔ media selection validates actual bytes dimensions and video duration before transfer (1.700917ms)
✔ media URLs cannot execute scripts or expose embedded credentials (0.287948ms)
✔ offscreen background low-power reduced-motion and user pause all prevent autoplay (0.456503ms)
✔ upload receipt must match selected media type and a valid finalized identity (0.690029ms)
(node:412632) [MODULE_TYPELESS_PACKAGE_JSON] Warning: Module type of file:///workspaces/zoi-city/.recovery/community-release/.recovery/native-owner-source-candidate/mobile/src/companyConsole.ts is not specified and it doesn't parse as CommonJS.
Reparsing as ES module because module syntax was detected. This incurs a performance overhead.
To eliminate this warning, add "type": "module" to /workspaces/zoi-city/.recovery/community-release/.recovery/native-owner-source-candidate/mobile/package.json.
(Use `node --trace-warnings ...` to show where the warning was created)
✔ actual shared queue distinguishes cross-company urgency and selected company filters (6.404675ms)
✔ sparse and retired work does not create deadlines or company completion (27.434723ms)
✔ unknown assignee remains assigned, profile identity is not the signed-in actor (0.522717ms)
✔ queue rejects foreign saved scope (0.5672ms)
✔ queue rejects duplicate saved scope (0.257771ms)
✔ queue rejects invalid-data saved scope (0.268451ms)
✔ queue rejects missing-company saved scope (0.302224ms)
✔ Metro resolves only the exact shared Company CDN edge without altering packages or queries (470.576004ms)
(node:412639) [MODULE_TYPELESS_PACKAGE_JSON] Warning: Module type of file:///workspaces/zoi-city/.recovery/community-release/.recovery/native-owner-source-candidate/mobile/src/companyHandover.ts is not specified and it doesn't parse as CommonJS.
Reparsing as ES module because module syntax was detected. This incurs a performance overhead.
To eliminate this warning, add "type": "module" to /workspaces/zoi-city/.recovery/community-release/.recovery/native-owner-source-candidate/mobile/package.json.
(Use `node --trace-warnings ...` to show where the warning was created)
✔ reviewed selected-company JSON preserves nulls and versions, excludes foreign contacts and unqueried files (13.940303ms)
✔ authorized document metadata includes only saved company project IDs and current versions (6.051806ms)
✔ confirmation rejects changed version before handover (1.534237ms)
✔ confirmation rejects changed owner-clear before handover (1.090877ms)
✔ confirmation rejects changed assignment-clear before handover (1.268138ms)
✔ confirmation rejects changed contact-clear before handover (0.97952ms)
✔ confirmation rejects changed removed-company before handover (2.856299ms)
✔ confirmation rejects changed role before handover (0.927322ms)
✔ confirmation rejects changed document-version before handover (1.472801ms)
✔ private document review refuses viewer (0.656136ms)
✔ private document review refuses foreign (1.421656ms)
✔ private document review refuses duplicate (0.537784ms)
✔ private document review refuses missing-project (0.464377ms)
✔ viewer can review saved read-authorized records without accessing private files (1.917332ms)
✔ actual SessionClient handover fences token wait then account (36.814425ms)
✔ actual SessionClient handover fences token wait then workspace (0.694077ms)
✔ actual SessionClient handover fences token wait then unmount (3.047173ms)
✔ actual SessionClient handover fences records wait then account (20.56772ms)
✔ actual SessionClient handover fences records wait then workspace (3.119862ms)
✔ actual SessionClient handover fences records wait then unmount (1.039341ms)
✔ actual SessionClient handover fences documents wait then account (4.923728ms)
✔ actual SessionClient handover fences documents wait then workspace (1.824879ms)
✔ actual SessionClient handover fences documents wait then unmount (3.113153ms)
✔ temporary file cleanup is idempotent and removes the prior copy before replacement (0.377055ms)
✔ actual native handover adapter success protects ephemeral copy (1.007843ms)
✔ actual native handover adapter unavailable protects ephemeral copy (0.408704ms)
✔ actual native handover adapter share-failure protects ephemeral copy (0.516975ms)
✔ actual native handover adapter availability-scope-change protects ephemeral copy (0.255948ms)
✔ actual native handover adapter copy-scope-change protects ephemeral copy (0.535009ms)
✔ actual native handover adapter share-scope-change protects ephemeral copy (0.610892ms)
✔ actual native handover adapter changed-record protects ephemeral copy (0.617754ms)
(node:412645) [MODULE_TYPELESS_PACKAGE_JSON] Warning: Module type of file:///workspaces/zoi-city/.recovery/community-release/.recovery/native-owner-source-candidate/mobile/src/companyWorkspace.ts is not specified and it doesn't parse as CommonJS.
Reparsing as ES module because module syntax was detected. This incurs a performance overhead.
To eliminate this warning, add "type": "module" to /workspaces/zoi-city/.recovery/community-release/.recovery/native-owner-source-candidate/mobile/package.json.
(Use `node --trace-warnings ...` to show where the warning was created)
✔ native company aggregates exact active relationships without assuming member Auth identity (3.368282ms)
✔ company draft uses current company ID and existing persisted payload (0.731927ms)
✔ company source rejects foreign (0.451274ms)
✔ company source rejects archived (0.324607ms)
✔ company source rejects missing (0.47056ms)
✔ company source rejects duplicate (0.39069ms)
✔ archived linked project has no company return and archived work is omitted (0.443309ms)
✔ existing roles keep company edit distinct from project work (0.146354ms)
✔ actual SessionClient ignores held Company response after account (63.573445ms)
✔ actual SessionClient ignores held Company response after workspace (6.435012ms)
✔ actual SessionClient ignores held Company response after unmount (1.057496ms)
(node:412657) [MODULE_TYPELESS_PACKAGE_JSON] Warning: Module type of file:///workspaces/zoi-city/.recovery/community-release/.recovery/native-owner-source-candidate/mobile/src/creator.ts is not specified and it doesn't parse as CommonJS.
Reparsing as ES module because module syntax was detected. This incurs a performance overhead.
To eliminate this warning, add "type": "module" to /workspaces/zoi-city/.recovery/community-release/.recovery/native-owner-source-candidate/mobile/package.json.
(Use `node --trace-warnings ...` to show where the warning was created)
✔ bio preserves order and unpublished intent in exact server payload (2.367232ms)
✔ bio refuses truncation and unsafe links before save (0.697934ms)
✔ bio needs exact save receipt and never treats empty response as success (0.490426ms)
(node:412659) [MODULE_TYPELESS_PACKAGE_JSON] Warning: Module type of file:///workspaces/zoi-city/.recovery/community-release/.recovery/native-owner-source-candidate/mobile/src/creatorAccess.ts is not specified and it doesn't parse as CommonJS.
Reparsing as ES module because module syntax was detected. This incurs a performance overhead.
To eliminate this warning, add "type": "module" to /workspaces/zoi-city/.recovery/community-release/.recovery/native-owner-source-candidate/mobile/package.json.
(Use `node --trace-warnings ...` to show where the warning was created)
✔ authoritative creator denials invalidate private data for reads and writes (2.849764ms)
✔ temporary failure and creator read-only states retain draft and recovery state (0.653471ms)
✔ late denial from an unmounted or different actor cannot clear the current screen (0.356206ms)
✔ successful reads and confirmed writes remain unchanged (0.481039ms)
(node:412670) [MODULE_TYPELESS_PACKAGE_JSON] Warning: Module type of file:///workspaces/zoi-city/.recovery/community-release/.recovery/native-owner-source-candidate/mobile/src/creatorRecovery.ts is not specified and it doesn't parse as CommonJS.
Reparsing as ES module because module syntax was detected. This incurs a performance overhead.
To eliminate this warning, add "type": "module" to /workspaces/zoi-city/.recovery/community-release/.recovery/native-owner-source-candidate/mobile/package.json.
(Use `node --trace-warnings ...` to show where the warning was created)
✔ all seven actions execute through durable nonce-only wrapper and validate receipt (10.385013ms)
✔ lost response blocks replacement, exact retry retains immutable memory payload (1.174986ms)
✔ reload has no payload, missing receipt retains fence, cancellation requires exact proof (1.584129ms)
✔ permission denial drops private payload without deleting recovery reference (0.65311ms)
✔ storage failure, corrupt marker and late account change cannot permit dispatch or acknowledgement (0.907375ms)
✔ mismatched saved entity does not discard recovery reference (0.377125ms)
✔ account switch during persisted readback prevents dispatch (0.480367ms)
✔ readback failure after persistence retains marker and fences another send (0.604799ms)
(node:412680) [MODULE_TYPELESS_PACKAGE_JSON] Warning: Module type of file:///workspaces/zoi-city/.recovery/community-release/.recovery/native-owner-source-candidate/mobile/src/creatorStudio.ts is not specified and it doesn't parse as CommonJS.
Reparsing as ES module because module syntax was detected. This incurs a performance overhead.
To eliminate this warning, add "type": "module" to /workspaces/zoi-city/.recovery/community-release/.recovery/native-owner-source-candidate/mobile/package.json.
(Use `node --trace-warnings ...` to show where the warning was created)
✔ creator fee is explicit currency units converted to bounded minor units (3.578064ms)
✔ private drafts may be incomplete but sharing needs disclosures and deliverables (0.470709ms)
✔ customer detail rejects internal workspace records and audit data (0.705688ms)
✔ creator mutation receipts require matching workspace and decision request (0.549827ms)
✔ proof links remain explicit public HTTPS links and deliverables honor field limits (0.628945ms)
(node:412682) [MODULE_TYPELESS_PACKAGE_JSON] Warning: Module type of file:///workspaces/zoi-city/.recovery/community-release/.recovery/native-owner-source-candidate/mobile/src/discovery.ts is not specified and it doesn't parse as CommonJS.
Reparsing as ES module because module syntax was detected. This incurs a performance overhead.
To eliminate this warning, add "type": "module" to /workspaces/zoi-city/.recovery/community-release/.recovery/native-owner-source-candidate/mobile/package.json.
(Use `node --trace-warnings ...` to show where the warning was created)
✔ saved home applies only to default browsing, global search and temporary city do not overwrite it (2.332086ms)
✔ authoritative preference receipt supports explicit clears and sparse account; malformed receipt refused (0.886687ms)
✔ scope inputs literal and public rows must match chosen city/country/current identity (0.8619ms)
✔ coarse, missing, fake centroids and conflicted street coordinates never become precise pins (1.460358ms)
✔ fresh selected entity must match exact current slug/id and public visibility (0.638633ms)
✔ Directions uses actual same-record reviewed receipt, current address, or explicit provider name search (0.599891ms)
✔ native discovery/map public links carry explicit intent and canonical place without touching home (0.918656ms)
✔ native viewport clusters count real pins, hide coarse points and split with zoom without jitter (0.648181ms)
(node:412690) [MODULE_TYPELESS_PACKAGE_JSON] Warning: Module type of file:///workspaces/zoi-city/.recovery/community-release/.recovery/native-owner-source-candidate/mobile/src/discoveryMedia.ts is not specified and it doesn't parse as CommonJS.
Reparsing as ES module because module syntax was detected. This incurs a performance overhead.
To eliminate this warning, add "type": "module" to /workspaces/zoi-city/.recovery/community-release/.recovery/native-owner-source-candidate/mobile/package.json.
(Use `node --trace-warnings ...` to show where the warning was created)
✔ actual public Signature null SQL photo uses exact shared reviewed media on card and selected home (10.797999ms)
✔ owner photo edit and explicit null clear follow shared model on both bounded and full entities (3.375075ms)
✔ owner website edit and clears remove old reviewed imagery without a native override (0.50862ms)
✔ raw profile hero clear and owner all-media clear remain explicit (0.556921ms)
✔ association/quarantined source cannot regain curated media through native (0.311772ms)
✔ sparse, unsafe and failed roles do not infer a photo or leak raw fields (0.350565ms)
✔ official logo-only identity uses model fit and backdrop; poster keeps full aspect (0.568311ms)
✔ gallery-only or interface artwork cannot become native hero (1.351405ms)
✔ legacy selected logo and sparse selected photo preserve fallback semantics (0.688256ms)
(node:412695) [MODULE_TYPELESS_PACKAGE_JSON] Warning: Module type of file:///workspaces/zoi-city/.recovery/community-release/.recovery/native-owner-source-candidate/mobile/src/discoveryScope.ts is not specified and it doesn't parse as CommonJS.
Reparsing as ES module because module syntax was detected. This incurs a performance overhead.
To eliminate this warning, add "type": "module" to /workspaces/zoi-city/.recovery/community-release/.recovery/native-owner-source-candidate/mobile/package.json.
(Use `node --trace-warnings ...` to show where the warning was created)
✔ community_me refresh account (41.828071ms)
✔ community_me refresh unmount (1.11315ms)
✔ community_me refresh unchanged (1.511163ms)
✔ community_me response account (12.548213ms)
✔ community_me response unmount (2.042065ms)
✔ community_me response unchanged (2.253821ms)
✔ community_preferences_save refresh account (0.802689ms)
✔ community_preferences_save refresh unmount (1.388173ms)
✔ community_preferences_save refresh unchanged (1.129ms)
✔ community_preferences_save response account (4.160673ms)
✔ community_preferences_save response unmount (5.328895ms)
✔ community_preferences_save response unchanged (0.998575ms)
✔ no unknown mutations or malformed preference versions dispatch (0.960826ms)
(node:412707) [MODULE_TYPELESS_PACKAGE_JSON] Warning: Module type of file:///workspaces/zoi-city/.recovery/community-release/.recovery/native-owner-source-candidate/mobile/src/documentScope.ts is not specified and it doesn't parse as CommonJS.
Reparsing as ES module because module syntax was detected. This incurs a performance overhead.
To eliminate this warning, add "type": "module" to /workspaces/zoi-city/.recovery/community-release/.recovery/native-owner-source-candidate/mobile/package.json.
(Use `node --trace-warnings ...` to show where the warning was created)
✔ actual SessionClient private documents refresh actor (42.945138ms)
✔ actual SessionClient private documents refresh workspace (1.039391ms)
✔ actual SessionClient private documents refresh project (1.018783ms)
✔ actual SessionClient private documents refresh unmount (0.752125ms)
✔ actual SessionClient private documents refresh unchanged (1.925707ms)
✔ actual SessionClient private documents response actor (12.706478ms)
✔ actual SessionClient private documents response workspace (2.072612ms)
✔ actual SessionClient private documents response project (2.678093ms)
✔ actual SessionClient private documents response unmount (2.155296ms)
✔ actual SessionClient private documents response unchanged (1.965282ms)
✔ private document RPC refuses malformed scopes, unknown writers and foreign workspace before dispatch (0.790998ms)
(node:412708) [MODULE_TYPELESS_PACKAGE_JSON] Warning: Module type of file:///workspaces/zoi-city/.recovery/community-release/.recovery/native-owner-source-candidate/mobile/src/documents.ts is not specified and it doesn't parse as CommonJS.
Reparsing as ES module because module syntax was detected. This incurs a performance overhead.
To eliminate this warning, add "type": "module" to /workspaces/zoi-city/.recovery/community-release/.recovery/native-owner-source-candidate/mobile/package.json.
(Use `node --trace-warnings ...` to show where the warning was created)
✔ private upload receipt requires workspace, document identity and ready version (1.886164ms)
✔ private attachment requires no-store, attachment headers, correct type and exact bounded size (45.372122ms)
✔ native document selection uses same metadata limits as server (0.700789ms)
(node:412724) [MODULE_TYPELESS_PACKAGE_JSON] Warning: Module type of file:///workspaces/zoi-city/.recovery/community-release/.recovery/native-owner-source-candidate/mobile/src/drafts.ts is not specified and it doesn't parse as CommonJS.
Reparsing as ES module because module syntax was detected. This incurs a performance overhead.
To eliminate this warning, add "type": "module" to /workspaces/zoi-city/.recovery/community-release/.recovery/native-owner-source-candidate/mobile/package.json.
(Use `node --trace-warnings ...` to show where the warning was created)
✔ sign-out removal waits for in-flight draft save and prevents queued resurrection (4.684472ms)
✔ switching account blocks previous account queued draft writes (0.649553ms)
✔ publishing requires explicit success and real UUID receipt (0.334805ms)
✔ native map labels share exact source geometry and boundedpreferences (5.242806ms)
✔ native prepared note shares same nontransactional contract (2.481145ms)
(node:412737) ExperimentalWarning: stripTypeScriptTypes is an experimental feature and might change at any time
(Use `node --trace-warnings ...` to show where the warning was created)
✔ guest link carries only canonical selected event, never credentials (1.637099ms)
✔ organiser handoff validates exact selected workspace and event with fresh authority (1.084867ms)
✔ viewer, missing, duplicate and malformed memberships cannot produce operator link (1.580012ms)
✔ selected workspace never falls back to first membership (0.211696ms)
✔ wrong event and denied operator proof cannot open a link (0.552492ms)
✔ late account/workspace switches fence membership and operator responses (6.586308ms)
(node:412741) [MODULE_TYPELESS_PACKAGE_JSON] Warning: Module type of file:///workspaces/zoi-city/.recovery/community-release/.recovery/native-owner-source-candidate/mobile/src/session.ts is not specified and it doesn't parse as CommonJS.
Reparsing as ES module because module syntax was detected. This incurs a performance overhead.
To eliminate this warning, add "type": "module" to /workspaces/zoi-city/.recovery/community-release/.recovery/native-owner-source-candidate/mobile/package.json.
(Use `node --trace-warnings ...` to show where the warning was created)
✔ actual session refresh preserves exact authorised event/workspace without credentials in link (43.023184ms)
✔ held actual refresh refuses private send after workspace switch (1.57418ms)
✔ held actual refresh refuses private send after actor switch (0.719494ms)
✔ late private response is refused after scope change (12.234566ms)
✔ invalid actor, guest, lost scope and unsupported RPC refuse dispatch (0.609549ms)
✔ refresh rejection never dispatches private proof (0.309538ms)
(node:412751) [MODULE_TYPELESS_PACKAGE_JSON] Warning: Module type of file:///workspaces/zoi-city/.recovery/community-release/.recovery/native-owner-source-candidate/mobile/src/eventPlanner.ts is not specified and it doesn't parse as CommonJS.
Reparsing as ES module because module syntax was detected. This incurs a performance overhead.
To eliminate this warning, add "type": "module" to /workspaces/zoi-city/.recovery/community-release/.recovery/native-owner-source-candidate/mobile/package.json.
(Use `node --trace-warnings ...` to show where the warning was created)
✔ event plans preserve private notes and reject invalid quantities (24.707107ms)
✔ recovery never substitutes profile or plan version (0.734422ms)
✔ current booking reads cannot import foreign private plans (0.329094ms)
✔ resource units enforce one performer, bounded venue guests and equipment units (2.522262ms)
(node:412753) [MODULE_TYPELESS_PACKAGE_JSON] Warning: Module type of file:///workspaces/zoi-city/.recovery/community-release/.recovery/native-owner-source-candidate/mobile/src/festival.ts is not specified and it doesn't parse as CommonJS.
Reparsing as ES module because module syntax was detected. This incurs a performance overhead.
To eliminate this warning, add "type": "module" to /workspaces/zoi-city/.recovery/community-release/.recovery/native-owner-source-candidate/mobile/package.json.
(Use `node --trace-warnings ...` to show where the warning was created)
✔ application ignores client prices and validates contact and units (4.145134ms)
✔ commercial offers use exact cents and bounded benefit lines (25.230394ms)
✔ application receipt requires correct actor tenant enquiry and version (0.489945ms)
✔ private pages reject foreign records and invalid pagination (0.364902ms)
✔ public offer action only uses exact matching host UUID (2.217863ms)
(node:412768) [MODULE_TYPELESS_PACKAGE_JSON] Warning: Module type of file:///workspaces/zoi-city/.recovery/community-release/.recovery/native-owner-source-candidate/mobile/src/generalReservation.ts is not specified and it doesn't parse as CommonJS.
Reparsing as ES module because module syntax was detected. This incurs a performance overhead.
To eliminate this warning, add "type": "module" to /workspaces/zoi-city/.recovery/community-release/.recovery/native-owner-source-candidate/mobile/package.json.
(Use `node --trace-warnings ...` to show where the warning was created)
✔ interrupted reservation remains blocked after remount and across tier changes, scoped to actor and event (3.690785ms)
✔ only exact confirmed free receipt clears original attempt; malformed and stale confirmations preserve warning (1.453475ms)
✔ storage failure and account change stop request preparation before network action (0.500595ms)
✔ new request recovery accepts only exact nonce/event/tier/quantity receipt, with no contact storage (3.85951ms)
✔ legacy saved requests cannot be upgraded to once protocol, and malformed recovery never clears warning (1.495774ms)
✔ recovered creation receipt cannot imply active ticket after cancellation or closed event (0.426387ms)
✔ signing in cannot bypass an unresolved guest reservation or reuse its nonce as an account request (1.548783ms)
✔ confirmed nonce reference survives reopening without contacts and never claims cached ticket status (1.203418ms)
✔ confirmed references cap at five, expire after one year, and storage failure preserves unresolved warning (5.295462ms)
✔ member state accepts closed group with own history but rejects unrelated membership (1.790194ms)
✔ membership decisions validate tenant identity and exact increment (0.388255ms)
✔ attendance receipt binds event membership and status (0.386232ms)
✔ membership settings cannot cross workspace or skip version (0.3215ms)
(node:412784) [MODULE_TYPELESS_PACKAGE_JSON] Warning: Module type of file:///workspaces/zoi-city/.recovery/community-release/.recovery/native-owner-source-candidate/mobile/src/inquiries.ts is not specified and it doesn't parse as CommonJS.
Reparsing as ES module because module syntax was detected. This incurs a performance overhead.
To eliminate this warning, add "type": "module" to /workspaces/zoi-city/.recovery/community-release/.recovery/native-owner-source-candidate/mobile/package.json.
(Use `node --trace-warnings ...` to show where the warning was created)
✔ enquiry start validates actor listing and immutable request payload (1.855627ms)
✔ reply requires exact author thread request and body receipt (0.469847ms)
✔ thread read guards workspace message identity and readonly contract (0.555949ms)
✔ enquiry inputs reject invalid IDs and oversized empty messages (0.446254ms)
(node:412790) [MODULE_TYPELESS_PACKAGE_JSON] Warning: Module type of file:///workspaces/zoi-city/.recovery/community-release/.recovery/native-owner-source-candidate/mobile/src/privateRequests.ts is not specified and it doesn't parse as CommonJS.
Reparsing as ES module because module syntax was detected. This incurs a performance overhead.
To eliminate this warning, add "type": "module" to /workspaces/zoi-city/.recovery/community-release/.recovery/native-owner-source-candidate/mobile/package.json.
(Use `node --trace-warnings ...` to show where the warning was created)
✔ restart restores nonce-only metadata and prevents replacement (5.003998ms)
✔ A to B to A protects and preserves original marker (3.685425ms)
✔ SecureStore failure and silent adapter failure prevent dispatch (1.664149ms)
✔ receipt requires exact nonce kind and target; notfound is not cancellation (0.551801ms)
✔ failed recovery keeps marker until confirmed cancellation acknowledgement (4.970446ms)
✔ corrupt active null prevents a replacement inquiry nonce (0.720416ms)
(node:412793) [MODULE_TYPELESS_PACKAGE_JSON] Warning: Module type of file:///workspaces/zoi-city/.recovery/community-release/.recovery/native-owner-source-candidate/mobile/src/memberStart.ts is not specified and it doesn't parse as CommonJS.
Reparsing as ES module because module syntax was detected. This incurs a performance overhead.
To eliminate this warning, add "type": "module" to /workspaces/zoi-city/.recovery/community-release/.recovery/native-owner-source-candidate/mobile/package.json.
(Use `node --trace-warnings ...` to show where the warning was created)
✔ server profile identity includes no-deadline assignment and excludes Auth UUID assignment (4.02532ms)
✔ reject ambiguous member scope role (0.64231ms)
✔ reject ambiguous member scope workspace (0.182141ms)
✔ reject ambiguous member scope profile (0.208259ms)
✔ reject ambiguous member scope record (0.699647ms)
✔ actual token refresh fences workspace_team_get actor (37.423402ms)
✔ actual token refresh fences workspace_team_get workspace (3.032976ms)
✔ actual token refresh fences workspace_team_get unmount (1.488812ms)
✔ actual token refresh fences workspace_team_get rotation (0.903167ms)
✔ actual token refresh fences ops_records_list actor (0.627452ms)
✔ actual token refresh fences ops_records_list workspace (0.662268ms)
✔ actual token refresh fences ops_records_list unmount (0.561218ms)
✔ actual token refresh fences ops_records_list rotation (1.247951ms)
✔ actual token refresh fences social_list_posts actor (0.714053ms)
✔ actual token refresh fences social_list_posts workspace (0.482241ms)
✔ actual token refresh fences social_list_posts unmount (0.492339ms)
✔ actual token refresh fences social_list_posts rotation (0.675352ms)
✔ actual token refresh fences booking_operator_list actor (0.389558ms)
✔ actual token refresh fences booking_operator_list workspace (0.360143ms)
✔ actual token refresh fences booking_operator_list unmount (1.295229ms)
✔ actual token refresh fences booking_operator_list rotation (0.657068ms)
✔ held actual response rejects retired actor (28.664174ms)
✔ held actual response rejects retired workspace (1.151351ms)
✔ held actual response rejects retired unmount (0.851361ms)
✔ wrong workspace argument never dispatches (0.321851ms)
(node:412805) [MODULE_TYPELESS_PACKAGE_JSON] Warning: Module type of file:///workspaces/zoi-city/.recovery/community-release/.recovery/native-owner-source-candidate/mobile/src/music.ts is not specified and it doesn't parse as CommonJS.
Reparsing as ES module because module syntax was detected. This incurs a performance overhead.
To eliminate this warning, add "type": "module" to /workspaces/zoi-city/.recovery/community-release/.recovery/native-owner-source-candidate/mobile/package.json.
(Use `node --trace-warnings ...` to show where the warning was created)
✔ music prefill honors explicit cleared flat fields over old nested aliases (1.323833ms)
✔ music clearing sends null and leaves unrelated owner fields untouched (1.53112ms)
✔ music validation rejects unsafe links and impossible dates (1.344081ms)
(node:412814) [MODULE_TYPELESS_PACKAGE_JSON] Warning: Module type of file:///workspaces/zoi-city/.recovery/community-release/.recovery/native-owner-source-candidate/mobile/src/nativeParea.ts is not specified and it doesn't parse as CommonJS.
Reparsing as ES module because module syntax was detected. This incurs a performance overhead.
To eliminate this warning, add "type": "module" to /workspaces/zoi-city/.recovery/community-release/.recovery/native-owner-source-candidate/mobile/package.json.
(Use `node --trace-warnings ...` to show where the warning was created)
✔ whole-ticket 3/1/5 plan leaves one unassigned and keeps exact individual prices (24.555863ms)
✔ fractional, duplicate, excess and expired plans do not become invitations (0.937802ms)
✔ only current unclaimed guest version can rotate link without extra quota (0.686252ms)
✔ guest choices require current event, explicit deadline proof and unpaid policy version (4.176672ms)
(node:412815) [MODULE_TYPELESS_PACKAGE_JSON] Warning: Module type of file:///workspaces/zoi-city/.recovery/community-release/.recovery/native-owner-source-candidate/mobile/src/nativePareaClient.ts is not specified and it doesn't parse as CommonJS.
Reparsing as ES module because module syntax was detected. This incurs a performance overhead.
To eliminate this warning, add "type": "module" to /workspaces/zoi-city/.recovery/community-release/.recovery/native-owner-source-candidate/mobile/package.json.
(Use `node --trace-warnings ...` to show where the warning was created)
✔ event_host_guest_save refresh account (45.052926ms)
✔ event_host_guest_save refresh unmount (2.839906ms)
✔ event_host_guest_save refresh unchanged (2.026866ms)
✔ event_host_guest_save response account (2.292333ms)
✔ event_host_guest_save response unmount (3.85963ms)
✔ event_host_guest_save response unchanged (1.057045ms)
✔ event_host_claim refresh account (3.762138ms)
✔ event_host_claim refresh unmount (1.601301ms)
✔ event_host_claim refresh unchanged (1.68082ms)
✔ event_host_claim response account (1.11862ms)
✔ event_host_claim response unmount (1.222103ms)
✔ event_host_claim response unchanged (0.715858ms)
✔ event_guest_payment_choose refresh account (1.556327ms)
✔ event_guest_payment_choose refresh unmount (0.676093ms)
✔ event_guest_payment_choose refresh unchanged (1.44527ms)
✔ event_guest_payment_choose response account (0.682425ms)
✔ event_guest_payment_choose response unmount (0.78673ms)
✔ event_guest_payment_choose response unchanged (0.688336ms)
✔ actual shared host client persists nonce before dispatch, loss retries same request and token (4.340118ms)
✔ remount cannot retry bearer args, exact missing-result cancellation settles before new request (1.064689ms)
✔ no token or RPC dispatch if durable storage has failed (0.594841ms)
✔ native host never depends on browser structuredClone and rejects non-JSON mutation data (0.850679ms)
✔ durable clear failure blocks new writes until exact storage operation is confirmed (0.756413ms)
(node:412822) [MODULE_TYPELESS_PACKAGE_JSON] Warning: Module type of file:///workspaces/zoi-city/.recovery/community-release/.recovery/native-owner-source-candidate/mobile/src/nativePareaRecovery.ts is not specified and it doesn't parse as CommonJS.
Reparsing as ES module because module syntax was detected. This incurs a performance overhead.
To eliminate this warning, add "type": "module" to /workspaces/zoi-city/.recovery/community-release/.recovery/native-owner-source-candidate/mobile/package.json.
(Use `node --trace-warnings ...` to show where the warning was created)
✔ nonce-only durable reference restores in exact account/event and contains no bearer or labels (2.611689ms)
✔ private capabilities and unexpected stored fields fail closed before writes (1.286343ms)
✔ failed persistence retains same queued reference until confirmed, then durable clear (0.930197ms)
✔ account/view invalidation after storage await keeps recovery reference but rejects stale continuation (0.847804ms)
✔ payment recovery includes exact guest/version/method/request only (1.5146ms)
(node:412833) [MODULE_TYPELESS_PACKAGE_JSON] Warning: Module type of file:///workspaces/zoi-city/.recovery/community-release/.recovery/native-owner-source-candidate/mobile/src/profile.ts is not specified and it doesn't parse as CommonJS.
Reparsing as ES module because module syntax was detected. This incurs a performance overhead.
To eliminate this warning, add "type": "module" to /workspaces/zoi-city/.recovery/community-release/.recovery/native-owner-source-candidate/mobile/package.json.
(Use `node --trace-warnings ...` to show where the warning was created)
✔ native outward action suppresses held source defaults and imported fallback for every family (3.606567ms)
✔ native published website edits and null/empty clears retain web authority despite stale source holds (2.603383ms)
(node:412836) [MODULE_TYPELESS_PACKAGE_JSON] Warning: Module type of file:///workspaces/zoi-city/.recovery/community-release/.recovery/native-owner-source-candidate/mobile/src/operations.ts is not specified and it doesn't parse as CommonJS.
Reparsing as ES module because module syntax was detected. This incurs a performance overhead.
To eliminate this warning, add "type": "module" to /workspaces/zoi-city/.recovery/community-release/.recovery/native-owner-source-candidate/mobile/package.json.
(Use `node --trace-warnings ...` to show where the warning was created)
✔ save receipts require correct workspace, identity and incremented version (2.828664ms)
✔ editor can edit contacts/projects/tasks but not company records; viewers cannot write (0.224609ms)
✔ full-form edits preserve custom existing data and explicitly clear relations (1.039431ms)
✔ invalid deadline and blank title fail before sending (0.411469ms)
✔ projects require company and tasks require project before sending (0.759679ms)
✔ unicode payload byte limit is enforced before sending (3.303571ms)
✔ unmodified deadline preserves its exact timestamp (1.880143ms)
✔ new company has valid default sector and cannot submit blank sector (0.470969ms)
(node:412848) [MODULE_TYPELESS_PACKAGE_JSON] Warning: Module type of file:///workspaces/zoi-city/.recovery/community-release/.recovery/native-owner-source-candidate/mobile/src/organizationWorkflow.ts is not specified and it doesn't parse as CommonJS.
Reparsing as ES module because module syntax was detected. This incurs a performance overhead.
To eliminate this warning, add "type": "module" to /workspaces/zoi-city/.recovery/community-release/.recovery/native-owner-source-candidate/mobile/package.json.
(Use `node --trace-warnings ...` to show where the warning was created)
✔ contextual native drafts preserve saved relationships and real writer payload (2.634642ms)
✔ project browser handoff fresh role owner (0.57273ms)
✔ project browser handoff fresh role admin (0.245759ms)
✔ project browser handoff fresh role editor (0.219359ms)
✔ project browser handoff fresh role viewer (0.634004ms)
✔ reject missing project context (0.36906ms)
✔ reject archived project context (0.23034ms)
✔ reject duplicate project context (0.274763ms)
✔ reject foreign project context (0.270164ms)
✔ reject scope project context (2.046614ms)
✔ actual SessionClient held refresh actor (47.082798ms)
✔ actual SessionClient held refresh workspace (1.355051ms)
✔ actual SessionClient held refresh unchanged (0.677465ms)
(node:412858) [MODULE_TYPELESS_PACKAGE_JSON] Warning: Module type of file:///workspaces/zoi-city/.recovery/community-release/.recovery/native-owner-source-candidate/mobile/src/ownerEditorHandoff.ts is not specified and it doesn't parse as CommonJS.
Reparsing as ES module because module syntax was detected. This incurs a performance overhead.
To eliminate this warning, add "type": "module" to /workspaces/zoi-city/.recovery/community-release/.recovery/native-owner-source-candidate/mobile/package.json.
(Use `node --trace-warnings ...` to show where the warning was created)
✔ fresh authorization opens only fixed browser editor, with exact authorized listing and without credentials (4.263816ms)
✔ account or workspace switch during authorization never opens browser (0.306243ms)
✔ invalid identity, denied access and mismatched receipts never open browser (0.936609ms)
✔ revoked or failed authorization surfaces failure without opening (0.616041ms)
(node:412864) ExperimentalWarning: stripTypeScriptTypes is an experimental feature and might change at any time
(Use `node --trace-warnings ...` to show where the warning was created)
✔ private link exact canonical event and opaque fragment only (3.268226ms)
✔ current own group counts whole-ticket quantities and expires without paid inference (0.635287ms)
✔ recipient preview rejects expired, cross-event, missing no-payment envelope and malformed amounts (0.509732ms)
✔ own reader binds list and detail IDs and profile distinct from Auth UUID (2.909425ms)
✔ refresh/response scope changes prevent private request or result use (0.583199ms)
(node:412865) [MODULE_TYPELESS_PACKAGE_JSON] Warning: Module type of file:///workspaces/zoi-city/.recovery/community-release/.recovery/native-owner-source-candidate/mobile/src/placeNavigation.ts is not specified and it doesn't parse as CommonJS.
Reparsing as ES module because module syntax was detected. This incurs a performance overhead.
To eliminate this warning, add "type": "module" to /workspaces/zoi-city/.recovery/community-release/.recovery/native-owner-source-candidate/mobile/package.json.
(Use `node --trace-warnings ...` to show where the warning was created)
✔ current public slug wins over stale unhashed artist SEO path (1.505092ms)
✔ fallback permits only internal profile routes (0.453126ms)
(node:412871) [MODULE_TYPELESS_PACKAGE_JSON] Warning: Module type of file:///workspaces/zoi-city/.recovery/community-release/.recovery/native-owner-source-candidate/mobile/src/privateRequests.ts is not specified and it doesn't parse as CommonJS.
Reparsing as ES module because module syntax was detected. This incurs a performance overhead.
To eliminate this warning, add "type": "module" to /workspaces/zoi-city/.recovery/community-release/.recovery/native-owner-source-candidate/mobile/package.json.
(Use `node --trace-warnings ...` to show where the warning was created)
✔ private recovery stores exact Unicode across bounded secure chunks (9.447259ms)
✔ account switch cannot read or save another account’s private request (0.853334ms)
✔ sign-out cleanup runs after queued writes and removes every chunk (4.940479ms)
✔ incomplete persistence is never mistaken for a retryable request (3.362ms)
✔ cleanup failure cannot roll back a committed recovery request (1.703031ms)
✔ separate workflows keep distinct encrypted recovery namespaces (1.400646ms)
✔ failed storage cleanup retains a discoverable manifest until explicit cleanup succeeds (2.170886ms)
✔ non-null malformed manifests never masquerade as no pending request (1.533284ms)
✔ valid active-null pending manifest remains interrupted, not empty (0.519501ms)
✔ an active null payload is corruption rather than no pending request (0.477993ms)
(node:412880) [MODULE_TYPELESS_PACKAGE_JSON] Warning: Module type of file:///workspaces/zoi-city/.recovery/community-release/.recovery/native-owner-source-candidate/mobile/src/profile.ts is not specified and it doesn't parse as CommonJS.
Reparsing as ES module because module syntax was detected. This incurs a performance overhead.
To eliminate this warning, add "type": "module" to /workspaces/zoi-city/.recovery/community-release/.recovery/native-owner-source-candidate/mobile/package.json.
(Use `node --trace-warnings ...` to show where the warning was created)
✔ profile gives owner fields priority, merges actual socials and labels enrichment (5.114134ms)
✔ profile never fabricates verification or ratings from owner data (0.546611ms)
✔ profile rejects unsafe external schemes and credentials (1.639222ms)
✔ missing entity is absent, not invented profile (0.304619ms)
✔ profile actions require exact server routes and matching booking listing (1.558131ms)
✔ private enquiry entry requires server invitation for this same listing (0.943272ms)
✔ profile photos preserve wide logos, portraits and small artwork (0.372827ms)
✔ image loading supports native source dimensions and web natural dimensions (0.261148ms)
✔ native uses shared phone validity and authoritative owner clear (0.719073ms)
✔ native machine social syntax and exact publisher identity match web while owner links survive (2.754596ms)
✔ native Fournos chain root contacts cannot replace branch base or explicit owner values (1.224818ms)
(node:412887) [MODULE_TYPELESS_PACKAGE_JSON] Warning: Module type of file:///workspaces/zoi-city/.recovery/community-release/.recovery/native-owner-source-candidate/mobile/src/seating.ts is not specified and it doesn't parse as CommonJS.
Reparsing as ES module because module syntax was detected. This incurs a performance overhead.
To eliminate this warning, add "type": "module" to /workspaces/zoi-city/.recovery/community-release/.recovery/native-owner-source-candidate/mobile/package.json.
(Use `node --trace-warnings ...` to show where the warning was created)
✔ hold requires exact requested seats and confirmed receipt (1.794893ms)
✔ free confirmation rejects payment, quantity, seat and hold mismatches (0.404255ms)
✔ foreground status restores exact hold and validates cancellation (0.823088ms)
✔ countdown accounts for server clock and clamps expired holds (0.253664ms)
✔ missing inventory stays unavailable and malformed maps never invent seats (0.745192ms)
✔ seat inventory uses actual geometry and rejects unsafe bigint IDs or unknown state (1.064639ms)
(node:412888) [MODULE_TYPELESS_PACKAGE_JSON] Warning: Module type of file:///workspaces/zoi-city/.recovery/community-release/.recovery/native-owner-source-candidate/mobile/src/session.ts is not specified and it doesn't parse as CommonJS.
Reparsing as ES module because module syntax was detected. This incurs a performance overhead.
To eliminate this warning, add "type": "module" to /workspaces/zoi-city/.recovery/community-release/.recovery/native-owner-source-candidate/mobile/package.json.
(Use `node --trace-warnings ...` to show where the warning was created)
✔ persists only refresh credential and restores by exchanging it (42.31221ms)
✔ expired concurrent API requests share one refresh and use renewed token (12.724849ms)
✔ invalid refresh removes stored credential and session (1.685348ms)
✔ transient refresh failure preserves credential for recovery (0.431185ms)
✔ sign-out clears device credentials even if revocation is offline (0.484555ms)
✔ in-flight sign-in cannot resurrect a signed-out account (1.074708ms)
✔ anonymous authenticated RPC is rejected without making a request (0.361796ms)
✔ application error envelopes cannot appear as publishing success (1.016018ms)
✔ server-rejected access token clears session without replaying mutation (1.408952ms)
✔ optimistic edit conflict is explained without replaying the write (1.035434ms)
✔ fetch transport uses global receiver required by browsers (0.783033ms)
✔ community validation errors remain actionable without treating them as password failures (0.978899ms)
(node:412889) [MODULE_TYPELESS_PACKAGE_JSON] Warning: Module type of file:///workspaces/zoi-city/.recovery/community-release/.recovery/native-owner-source-candidate/mobile/src/profile.ts is not specified and it doesn't parse as CommonJS.
Reparsing as ES module because module syntax was detected. This incurs a performance overhead.
To eliminate this warning, add "type": "module" to /workspaces/zoi-city/.recovery/community-release/.recovery/native-owner-source-candidate/mobile/package.json.
(Use `node --trace-warnings ...` to show where the warning was created)
✔ native public profile excludes held imported identity/contact/media/social without changing base facts (3.914102ms)
✔ native sparse held profile has no foreign fallback (1.273479ms)
✔ native owner profile edits and explicit phone/social/image clears win while wrong source stays held (1.964159ms)
✔ native actual Cafe Boulis profile no longer offers the held foreign tagline (0.61589ms)
✔ native retained receipt timestamps/classification/conflict do not become visible imported fields or enrichment note (0.419874ms)
(node:412907) [MODULE_TYPELESS_PACKAGE_JSON] Warning: Module type of file:///workspaces/zoi-city/.recovery/community-release/.recovery/native-owner-source-candidate/mobile/src/sponsorFulfillment.ts is not specified and it doesn't parse as CommonJS.
Reparsing as ES module because module syntax was detected. This incurs a performance overhead.
To eliminate this warning, add "type": "module" to /workspaces/zoi-city/.recovery/community-release/.recovery/native-owner-source-candidate/mobile/package.json.
(Use `node --trace-warnings ...` to show where the warning was created)
✔ fresh approved sponsor ok (2.660349ms)
✔ fresh approved sponsor viewer (0.552443ms)
✔ fresh approved sponsor cancelled (0.338151ms)
✔ fresh approved sponsor foreign (0.312163ms)
✔ fresh approved sponsor capability (0.377865ms)
✔ fresh approved sponsor missing (0.231553ms)
✔ actual SessionClient refresh fence actor (41.069858ms)
✔ actual SessionClient refresh fence workspace (1.492558ms)
✔ actual SessionClient refresh fence unchanged (1.271325ms)
(node:412913) [MODULE_TYPELESS_PACKAGE_JSON] Warning: Module type of file:///workspaces/zoi-city/.recovery/community-release/.recovery/native-owner-source-candidate/mobile/src/timekeeping.ts is not specified and it doesn't parse as CommonJS.
Reparsing as ES module because module syntax was detected. This incurs a performance overhead.
To eliminate this warning, add "type": "module" to /workspaces/zoi-city/.recovery/community-release/.recovery/native-owner-source-candidate/mobile/package.json.
(Use `node --trace-warnings ...` to show where the warning was created)
✔ manual time uses explicit validated duration and hourly cents (30.692718ms)
✔ timer start excludes client-controlled start and duration (0.284431ms)
✔ receipts require tenant actor version and terminal state (0.60476ms)
✔ dashboard rejects another editor’s private narrative and foreign timer (0.497008ms)
✔ timesheet CSV prevents formula execution and escapes multiline quotes (0.693736ms)
(node:412930) [MODULE_TYPELESS_PACKAGE_JSON] Warning: Module type of file:///workspaces/zoi-city/.recovery/community-release/.recovery/native-owner-source-candidate/mobile/src/trips.ts is not specified and it doesn't parse as CommonJS.
Reparsing as ES module because module syntax was detected. This incurs a performance overhead.
To eliminate this warning, add "type": "module" to /workspaces/zoi-city/.recovery/community-release/.recovery/native-owner-source-candidate/mobile/package.json.
(Use `node --trace-warnings ...` to show where the warning was created)
✔ trip dates require explicit zone and reject reversed or overlong stops (26.789006ms)
✔ private itinerary cannot accept another profile or trip receipt (0.704867ms)
✔ appearance discovery cannot substitute another artist or claim inferred confirmation (1.106628ms)
✔ appearance proposal requires source HTTPS and real distinct listing IDs (1.711267ms)
(node:412936) [MODULE_TYPELESS_PACKAGE_JSON] Warning: Module type of file:///workspaces/zoi-city/.recovery/community-release/.recovery/native-owner-source-candidate/mobile/src/volunteer.ts is not specified and it doesn't parse as CommonJS.
Reparsing as ES module because module syntax was detected. This incurs a performance overhead.
To eliminate this warning, add "type": "module" to /workspaces/zoi-city/.recovery/community-release/.recovery/native-owner-source-candidate/mobile/package.json.
(Use `node --trace-warnings ...` to show where the warning was created)
✔ volunteer invitation extracts explicit organization ID only (1.742074ms)
✔ withdrawn public opportunity stays unavailable even if saved shift was scheduled (21.624207ms)
✔ shift actions never reopen cancelled or started history (0.291966ms)
✔ signup and cancellation receipts must identify the same shift and final state (0.509151ms)
✔ organization writes require workspace identity and exact version increment (0.428841ms)
(node:412945) [MODULE_TYPELESS_PACKAGE_JSON] Warning: Module type of file:///workspaces/zoi-city/.recovery/community-release/.recovery/native-owner-source-candidate/mobile/src/volunteerOperations.ts is not specified and it doesn't parse as CommonJS.
Reparsing as ES module because module syntax was detected. This incurs a performance overhead.
To eliminate this warning, add "type": "module" to /workspaces/zoi-city/.recovery/community-release/.recovery/native-owner-source-candidate/mobile/package.json.
(Use `node --trace-warnings ...` to show where the warning was created)
✔ org_operation_save actual SessionClient token refresh actor (30.916817ms)
✔ org_operation_save actual SessionClient token refresh workspace (0.725937ms)
✔ org_operation_save actual SessionClient token refresh unchanged (0.789665ms)
✔ org_signup actual SessionClient token refresh actor (0.771732ms)
✔ org_signup actual SessionClient token refresh workspace (1.540478ms)
✔ org_signup actual SessionClient token refresh unchanged (0.837705ms)
✔ org_signup_cancel actual SessionClient token refresh actor (0.70641ms)
✔ org_signup_cancel actual SessionClient token refresh workspace (0.753277ms)
✔ org_signup_cancel actual SessionClient token refresh unchanged (0.732899ms)
✔ org_roster actual SessionClient token refresh actor (0.515783ms)
✔ org_roster actual SessionClient token refresh workspace (0.355323ms)
✔ org_roster actual SessionClient token refresh unchanged (0.432738ms)
✔ lost native create survives remount and clears only exact receipt (0.956136ms)
✔ cancel unknown native create validates workspace/request and preserves marker on wrong response (0.478944ms)
✔ generic authorization denial is recognizable without matching server wording (0.196647ms)
✔ absent installed capability keeps pending recovery and dispatches no operation (0.38562ms)
(node:412946) [MODULE_TYPELESS_PACKAGE_JSON] Warning: Module type of file:///workspaces/zoi-city/.recovery/community-release/.recovery/native-owner-source-candidate/mobile/src/webHandoffs.ts is not specified and it doesn't parse as CommonJS.
Reparsing as ES module because module syntax was detected. This incurs a performance overhead.
To eliminate this warning, add "type": "module" to /workspaces/zoi-city/.recovery/community-release/.recovery/native-owner-source-candidate/mobile/package.json.
(Use `node --trace-warnings ...` to show where the warning was created)
✔ music shelf and unscoped personal calendar explicitly reach their actual web capabilities (1.339332ms)
✔ native parish calendar, member discussion and artist homes stay native (0.387865ms)
✔ handoff resolver never opens spoofed hosts or credentials (0.290493ms)
✔ map deep links use the real web map and preserve only public search/place/view context (0.781069ms)
✔ explicit guardian links hand off only public listing context, adult groups stay native (0.672737ms)
(node:412957) ExperimentalWarning: stripTypeScriptTypes is an experimental feature and might change at any time
(Use `node --trace-warnings ...` to show where the warning was created)
✔ roles protect owner/self and admin peer escalation (1.867118ms)
✔ real controller confirms save only after current roster read (1.340203ms)
✔ lost response survives remount; receipt check does not resend (2.296941ms)
✔ unknown request blocks new write and safely cancels (0.5621ms)
✔ conflict refreshes membership; storage failure prevents submission (0.549036ms)
✔ authority loss clears private roster and account change fences calls (0.494243ms)
(node:412963) [MODULE_TYPELESS_PACKAGE_JSON] Warning: Module type of file:///workspaces/zoi-city/.recovery/community-release/.recovery/native-owner-source-candidate/mobile/src/session.ts is not specified and it doesn't parse as CommonJS.
Reparsing as ES module because module syntax was detected. This incurs a performance overhead.
To eliminate this warning, add "type": "module" to /workspaces/zoi-city/.recovery/community-release/.recovery/native-owner-source-candidate/mobile/package.json.
(Use `node --trace-warnings ...` to show where the warning was created)
(node:412963) ExperimentalWarning: stripTypeScriptTypes is an experimental feature and might change at any time
✔ only scoped team conflict/cancel envelope passes transport for controller verification (34.943048ms)
✔ exact known team SQL rejection preserved; generic 400 and other RPC remain uncertain (6.405246ms)
✔ real SessionClient quota clears marker; ambiguous400 keeps it;403 clears roster (3.900948ms)
✔ youth programme validates exact bounded ages, places and actual listing (1.647331ms)
✔ enrolment requires explicit authority and consent without inferring age (0.43344ms)
✔ enrolment receipts bind guardian child programme and exact version (0.528097ms)
✔ attendance and instructor assignment receipts reject unrelated identity (1.830851ms)
✔ private operator response rejects another workspace or programme roster (0.469797ms)
✔ public catalogue rejects unrelated listing and private family rejects malformed records (0.365583ms)
(node:412979) [MODULE_TYPELESS_PACKAGE_JSON] Warning: Module type of file:///workspaces/zoi-city/.recovery/community-release/.recovery/native-owner-source-candidate/mobile/src/youthReadiness.ts is not specified and it doesn't parse as CommonJS.
Reparsing as ES module because module syntax was detected. This incurs a performance overhead.
To eliminate this warning, add "type": "module" to /workspaces/zoi-city/.recovery/community-release/.recovery/native-owner-source-candidate/mobile/package.json.
(Use `node --trace-warnings ...` to show where the warning was created)
✔ native Youth remains read-only without exact installed actor and guardian capability (1.403432ms)
✔ native organizer readiness additionally binds exact workspace and current role (0.285303ms)
(node:412982) [MODULE_TYPELESS_PACKAGE_JSON] Warning: Module type of file:///workspaces/zoi-city/.recovery/community-release/.recovery/native-owner-source-candidate/mobile/src/session.ts is not specified and it doesn't parse as CommonJS.
Reparsing as ES module because module syntax was detected. This incurs a performance overhead.
To eliminate this warning, add "type": "module" to /workspaces/zoi-city/.recovery/community-release/.recovery/native-owner-source-candidate/mobile/package.json.
(Use `node --trace-warnings ...` to show where the warning was created)
✔ actual SessionClient youth refresh account fences private dispatch/result (24.517652ms)
✔ actual SessionClient youth refresh workspace fences private dispatch/result (0.538997ms)
✔ actual SessionClient youth refresh unmount fences private dispatch/result (0.503832ms)
✔ actual SessionClient youth response account fences private dispatch/result (5.250348ms)
✔ actual SessionClient youth response workspace fences private dispatch/result (0.954784ms)
✔ actual SessionClient youth response unmount fences private dispatch/result (0.7067ms)
✔ same actor token rotation sends private request using freshly captured token (1.014596ms)
✔ private method cannot dispatch anonymously; denied status remains recognizable (0.348441ms)
✔ installed native capability binds internal guardian profile separately from Auth (0.331531ms)
ℹ tests 444
ℹ suites 0
ℹ pass 444
ℹ fail 0
ℹ cancelled 0
ℹ skipped 0
ℹ todo 0
ℹ duration_ms 1044.51477
