(node:416363) ExperimentalWarning: stripTypeScriptTypes is an experimental feature and might change at any time
(Use `node --trace-warnings ...` to show where the warning was created)
✔ owner tool browser handoffs preserve explicit selected workspace with no token (2.020985ms)
✔ missing malformed and injected identities cannot fabricate a setup destination (0.279522ms)
(node:416369) [MODULE_TYPELESS_PACKAGE_JSON] Warning: Module type of file:///workspaces/zoi-city/.recovery/community-release/.recovery/native-owner-source-candidate/mobile/src/artistMusic.ts is not specified and it doesn't parse as CommonJS.
Reparsing as ES module because module syntax was detected. This incurs a performance overhead.
To eliminate this warning, add "type": "module" to /workspaces/zoi-city/.recovery/community-release/.recovery/native-owner-source-candidate/mobile/package.json.
(Use `node --trace-warnings ...` to show where the warning was created)
✔ reviewed catalogue binds identity and uses verified high-resolution photos (4.794707ms)
✔ unknown artist never inherits featured content (0.591164ms)
✔ provider links reject spoofed hosts unsafe schemes and credentials (0.345295ms)
✔ city validation supports Greek and NFKC without markup (5.719976ms)
✔ receipts bind artist request active state and expected version (1.039482ms)
✔ summary rejects subthreshold counts and wrong artist; mine preserves inactive rows (1.050582ms)
✔ interrupted authenticated interest retries identical persisted request, then withdrawal reads real server version (57.395353ms)
✔ native planner shares venue timezone and buffer boundaries (0.950696ms)
✔ native planner cannot accept another tenant or changed appointment preview (0.738189ms)
✔ native planner requires complete unique saved slots matching the preview (2.245815ms)
(node:416371) [MODULE_TYPELESS_PACKAGE_JSON] Warning: Module type of file:///workspaces/zoi-city/.recovery/community-release/.recovery/native-owner-source-candidate/mobile/src/backendReadiness.ts is not specified and it doesn't parse as CommonJS.
Reparsing as ES module because module syntax was detected. This incurs a performance overhead.
To eliminate this warning, add "type": "module" to /workspaces/zoi-city/.recovery/community-release/.recovery/native-owner-source-candidate/mobile/package.json.
(Use `node --trace-warnings ...` to show where the warning was created)
✔ verified guardian backend is enabled while unavailable integrations fail closed (1.128618ms)
✔ guardian release gate is backed by complete deployed RPC evidence (1.164996ms)
(node:416372) [MODULE_TYPELESS_PACKAGE_JSON] Warning: Module type of file:///workspaces/zoi-city/.recovery/community-release/.recovery/native-owner-source-candidate/mobile/src/booking.ts is not specified and it doesn't parse as CommonJS.
Reparsing as ES module because module syntax was detected. This incurs a performance overhead.
To eliminate this warning, add "type": "module" to /workspaces/zoi-city/.recovery/community-release/.recovery/native-owner-source-candidate/mobile/package.json.
(Use `node --trace-warnings ...` to show where the warning was created)
✔ booking receipts require exact idempotency request, slot and party (2.06079ms)
✔ retry receipt preserves terminal cancellation rather than inventing confirmation (0.226564ms)
✔ booking catalog refuses malformed times and unknown timezone (24.6071ms)
✔ venue times honor the venue timezone rather than device default (1.244275ms)
(node:416378) [MODULE_TYPELESS_PACKAGE_JSON] Warning: Module type of file:///workspaces/zoi-city/.recovery/community-release/.recovery/native-owner-source-candidate/mobile/src/bookingOperator.ts is not specified and it doesn't parse as CommonJS.
Reparsing as ES module because module syntax was detected. This incurs a performance overhead.
To eliminate this warning, add "type": "module" to /workspaces/zoi-city/.recovery/community-release/.recovery/native-owner-source-candidate/mobile/package.json.
(Use `node --trace-warnings ...` to show where the warning was created)
✔ operator mutation requires exact workspace and incremented version (1.955032ms)
✔ operator service decimal prices are exact minor units and bounded (0.542925ms)
✔ staff resource cannot silently admit a party (0.292446ms)
✔ schedule converts venue-local time and rejects both DST edge cases (29.354731ms)
✔ native reschedule uses venue-local range and rejects impossible calendar dates (27.718312ms)
✔ reschedule selection pins reviewed version and exact price (0.721648ms)
✔ move receipt requires same booking, expected version, reviewed time and no collected payment (2.058405ms)
(node:416387) [MODULE_TYPELESS_PACKAGE_JSON] Warning: Module type of file:///workspaces/zoi-city/.recovery/community-release/.recovery/native-owner-source-candidate/mobile/src/brand.ts is not specified and it doesn't parse as CommonJS.
Reparsing as ES module because module syntax was detected. This incurs a performance overhead.
To eliminate this warning, add "type": "module" to /workspaces/zoi-city/.recovery/community-release/.recovery/native-owner-source-candidate/mobile/package.json.
(Use `node --trace-warnings ...` to show where the warning was created)
✔ native shared body, subdued text and actions stay readable on every adopted surface (1.989026ms)
✔ native and web material colors share the same semantic values (6.293638ms)
(node:416400) [MODULE_TYPELESS_PACKAGE_JSON] Warning: Module type of file:///workspaces/zoi-city/.recovery/community-release/.recovery/native-owner-source-candidate/mobile/src/businessEdit.ts is not specified and it doesn't parse as CommonJS.
Reparsing as ES module because module syntax was detected. This incurs a performance overhead.
To eliminate this warning, add "type": "module" to /workspaces/zoi-city/.recovery/community-release/.recovery/native-owner-source-candidate/mobile/package.json.
(Use `node --trace-warnings ...` to show where the warning was created)
✔ only owned and explicitly approved claims can appear in business editor (5.130314ms)
✔ business edit preserves unknown social keys and explicit cleared fields (0.563222ms)
✔ business edit rejects unsafe replacement and ambiguous social payloads (0.63171ms)
(node:416407) [MODULE_TYPELESS_PACKAGE_JSON] Warning: Module type of file:///workspaces/zoi-city/.recovery/community-release/.recovery/native-owner-source-candidate/mobile/src/businessOwner.ts is not specified and it doesn't parse as CommonJS.
Reparsing as ES module because module syntax was detected. This incurs a performance overhead.
To eliminate this warning, add "type": "module" to /workspaces/zoi-city/.recovery/community-release/.recovery/native-owner-source-candidate/mobile/package.json.
(Use `node --trace-warnings ...` to show where the warning was created)
✔ private snapshot rejects scope/version/base identity and does not mutate original source or menus (5.268023ms)
✔ changed website only uses real writer patch, leaves base clears and unknown menus/social shape untouched (0.726918ms)
✔ explicit website/photo/social clears are sent as owner choices, no duplicate imported fields (0.283309ms)
✔ URL validation rejects userinfo/javascript while unrelated malformed stored website remains untouched (0.505064ms)
✔ source panel uses exact shared held/import/owner clear policy (0.954093ms)
✔ choices require exact workspace and approved claims; malformed ownership not accepted (0.394207ms)
✔ receipt must prove current request/scope/version before accepting saved UI (0.745463ms)
✔ token refresh account switch prevents dispatch; late reply cannot become saved data (0.735864ms)
✔ fresh authority and existing snapshot surround the actual writer, replay uses exact immutable nonce (1.979708ms)
✔ role/current-listing refusal prevents writer and current authority is checked after awaits (1.866547ms)
✔ CAS conflict never fabricates success and no new nonce is generated by publication retry (0.448037ms)
✔ nonce-only interrupted marker survives remount, validates scope, stores no contact payload (0.921721ms)
✔ marker waits and current-account failures never dispatch or consume another workspace reference (0.308446ms)
(node:416414) [MODULE_TYPELESS_PACKAGE_JSON] Warning: Module type of file:///workspaces/zoi-city/.recovery/community-release/.recovery/native-owner-source-candidate/mobile/src/session.ts is not specified and it doesn't parse as CommonJS.
Reparsing as ES module because module syntax was detected. This incurs a performance overhead.
To eliminate this warning, add "type": "module" to /workspaces/zoi-city/.recovery/community-release/.recovery/native-owner-source-candidate/mobile/package.json.
(Use `node --trace-warnings ...` to show where the warning was created)
✔ actual owner authority HTTP400 preserves exact safe code and proves private state refusal (55.706087ms)
✔ generic HTTP400 and transient failures stay uncertain; no broad payload or code disclosure (2.47835ms)
✔ bounded code retention does not alter other suites/auth/provider error handling (1.709003ms)
✔ exact existing Company and document authority RPCs preserve safe codes and actual status only (54.846551ms)
✔ operator code recognition remains bounded to exact path, exact message and authority status (13.925885ms)
(node:416421) [MODULE_TYPELESS_PACKAGE_JSON] Warning: Module type of file:///workspaces/zoi-city/.recovery/community-release/.recovery/native-owner-source-candidate/mobile/src/calendar.ts is not specified and it doesn't parse as CommonJS.
Reparsing as ES module because module syntax was detected. This incurs a performance overhead.
To eliminate this warning, add "type": "module" to /workspaces/zoi-city/.recovery/community-release/.recovery/native-owner-source-candidate/mobile/package.json.
(Use `node --trace-warnings ...` to show where the warning was created)
✔ calendar ranges reject impossible dates and bound exactly90 UTC days (2.006569ms)
✔ public calendar rejects private drafts and another listing (2.591652ms)
✔ workspace calendar rejects another tenant (0.339354ms)
✔ same calendar planner validates dates and exact saved receipt (32.754327ms)
✔ profile calendar/group actions require exact same-listing server paths (2.406315ms)
(node:416444) [MODULE_TYPELESS_PACKAGE_JSON] Warning: Module type of file:///workspaces/zoi-city/.recovery/community-release/.recovery/native-owner-source-candidate/mobile/src/commerce.ts is not specified and it doesn't parse as CommonJS.
Reparsing as ES module because module syntax was detected. This incurs a performance overhead.
To eliminate this warning, add "type": "module" to /workspaces/zoi-city/.recovery/community-release/.recovery/native-owner-source-candidate/mobile/package.json.
(Use `node --trace-warnings ...` to show where the warning was created)
✔ basket totals preserve decimal precision and separate currencies (5.647601ms)
✔ persisted basket rejects duplicate IDs and invalid quantities (1.016238ms)
✔ adding unavailable options or excessive aggregate quantities fails (3.933548ms)
✔ fresh checkout must match exact official cart and all quantities (1.056304ms)
✔ product imagery and deep links reject untrusted URLs and invalid identifiers (0.495776ms)
✔ native shared option cannot silently substitute another product variant (0.291074ms)
✔ malformed explicit native variant remains an explicit unresolved choice (4.44825ms)
✔ single default display metadata survives native basket mapping without changing provider title (0.846241ms)
(node:416445) [MODULE_TYPELESS_PACKAGE_JSON] Warning: Module type of file:///workspaces/zoi-city/.recovery/community-release/.recovery/native-owner-source-candidate/mobile/src/community.ts is not specified and it doesn't parse as CommonJS.
Reparsing as ES module because module syntax was detected. This incurs a performance overhead.
To eliminate this warning, add "type": "module" to /workspaces/zoi-city/.recovery/community-release/.recovery/native-owner-source-candidate/mobile/package.json.
(Use `node --trace-warnings ...` to show where the warning was created)
✔ visible reaction state comes from matching desired-state receipts only (1.747044ms)
✔ reply receipt is scoped to post and actual profile, not auth UUID (0.490596ms)
✔ public profile edits explicitly validate interests and chosen public fields (0.504743ms)
✔ feed preserves server snapshot and rejects a substituted mode (0.338853ms)
✔ recovered publication keeps original account, immutable request and actual receipt identity (0.651758ms)
(node:416447) [MODULE_TYPELESS_PACKAGE_JSON] Warning: Module type of file:///workspaces/zoi-city/.recovery/community-release/.recovery/native-owner-source-candidate/mobile/src/communityIntent.ts is not specified and it doesn't parse as CommonJS.
Reparsing as ES module because module syntax was detected. This incurs a performance overhead.
To eliminate this warning, add "type": "module" to /workspaces/zoi-city/.recovery/community-release/.recovery/native-owner-source-candidate/mobile/package.json.
(Use `node --trace-warnings ...` to show where the warning was created)
✔ sign-in retains question composer intent but cannot resume without an actor (2.217392ms)
✔ discussion return retains navigation and does not replay a reaction (0.315209ms)
✔ sign-in may retain public navigation but sign-out or account switch invalidates it (0.224589ms)
(node:416467) [MODULE_TYPELESS_PACKAGE_JSON] Warning: Module type of file:///workspaces/zoi-city/.recovery/community-release/.recovery/native-owner-source-candidate/mobile/src/communityMedia.ts is not specified and it doesn't parse as CommonJS.
Reparsing as ES module because module syntax was detected. This incurs a performance overhead.
To eliminate this warning, add "type": "module" to /workspaces/zoi-city/.recovery/community-release/.recovery/native-owner-source-candidate/mobile/package.json.
(Use `node --trace-warnings ...` to show where the warning was created)
✔ media selection validates actual bytes dimensions and video duration before transfer (4.968572ms)
✔ media URLs cannot execute scripts or expose embedded credentials (0.371154ms)
✔ offscreen background low-power reduced-motion and user pause all prevent autoplay (0.320078ms)
✔ upload receipt must match selected media type and a valid finalized identity (0.603547ms)
(node:416474) [MODULE_TYPELESS_PACKAGE_JSON] Warning: Module type of file:///workspaces/zoi-city/.recovery/community-release/.recovery/native-owner-source-candidate/mobile/src/companyConsole.ts is not specified and it doesn't parse as CommonJS.
Reparsing as ES module because module syntax was detected. This incurs a performance overhead.
To eliminate this warning, add "type": "module" to /workspaces/zoi-city/.recovery/community-release/.recovery/native-owner-source-candidate/mobile/package.json.
(Use `node --trace-warnings ...` to show where the warning was created)
✔ actual shared queue distinguishes cross-company urgency and selected company filters (7.894469ms)
✔ sparse and retired work does not create deadlines or company completion (29.503136ms)
✔ unknown assignee remains assigned, profile identity is not the signed-in actor (0.39596ms)
✔ queue rejects foreign saved scope (0.526954ms)
✔ queue rejects duplicate saved scope (0.306954ms)
✔ queue rejects invalid-data saved scope (0.217697ms)
✔ queue rejects missing-company saved scope (0.490396ms)
✔ Metro resolves only the exact shared Company CDN edge without altering packages or queries (486.10814ms)
(node:416480) [MODULE_TYPELESS_PACKAGE_JSON] Warning: Module type of file:///workspaces/zoi-city/.recovery/community-release/.recovery/native-owner-source-candidate/mobile/src/companyHandover.ts is not specified and it doesn't parse as CommonJS.
Reparsing as ES module because module syntax was detected. This incurs a performance overhead.
To eliminate this warning, add "type": "module" to /workspaces/zoi-city/.recovery/community-release/.recovery/native-owner-source-candidate/mobile/package.json.
(Use `node --trace-warnings ...` to show where the warning was created)
✔ reviewed selected-company JSON preserves nulls and versions, excludes foreign contacts and unqueried files (4.95169ms)
✔ authorized document metadata includes only saved company project IDs and current versions (3.791421ms)
✔ confirmation rejects changed version before handover (1.596262ms)
✔ confirmation rejects changed owner-clear before handover (6.271876ms)
✔ confirmation rejects changed assignment-clear before handover (1.161139ms)
✔ confirmation rejects changed contact-clear before handover (2.357374ms)
✔ confirmation rejects changed removed-company before handover (2.361622ms)
✔ confirmation rejects changed role before handover (2.693482ms)
✔ confirmation rejects changed document-version before handover (1.487329ms)
✔ private document review refuses viewer (0.651076ms)
✔ private document review refuses foreign (1.206204ms)
✔ private document review refuses duplicate (0.451213ms)
✔ private document review refuses missing-project (0.427349ms)
✔ viewer can review saved read-authorized records without accessing private files (2.097058ms)
✔ actual SessionClient handover fences token wait then account (38.535571ms)
✔ actual SessionClient handover fences token wait then workspace (0.729012ms)
✔ actual SessionClient handover fences token wait then unmount (3.881962ms)
✔ actual SessionClient handover fences records wait then account (23.517424ms)
✔ actual SessionClient handover fences records wait then workspace (14.865752ms)
✔ actual SessionClient handover fences records wait then unmount (1.62696ms)
✔ actual SessionClient handover fences documents wait then account (20.074603ms)
✔ actual SessionClient handover fences documents wait then workspace (5.108714ms)
✔ actual SessionClient handover fences documents wait then unmount (1.322121ms)
✔ temporary file cleanup is idempotent and removes the prior copy before replacement (0.35854ms)
✔ actual native handover adapter success protects ephemeral copy (2.995135ms)
✔ actual native handover adapter unavailable protects ephemeral copy (0.418001ms)
✔ actual native handover adapter share-failure protects ephemeral copy (0.622443ms)
✔ actual native handover adapter availability-scope-change protects ephemeral copy (0.537094ms)
✔ actual native handover adapter copy-scope-change protects ephemeral copy (0.592096ms)
✔ actual native handover adapter share-scope-change protects ephemeral copy (0.686161ms)
✔ actual native handover adapter changed-record protects ephemeral copy (0.563993ms)
(node:416489) [MODULE_TYPELESS_PACKAGE_JSON] Warning: Module type of file:///workspaces/zoi-city/.recovery/community-release/.recovery/native-owner-source-candidate/mobile/src/companyWorkspace.ts is not specified and it doesn't parse as CommonJS.
Reparsing as ES module because module syntax was detected. This incurs a performance overhead.
To eliminate this warning, add "type": "module" to /workspaces/zoi-city/.recovery/community-release/.recovery/native-owner-source-candidate/mobile/package.json.
(Use `node --trace-warnings ...` to show where the warning was created)
✔ native company aggregates exact active relationships without assuming member Auth identity (4.58206ms)
✔ company draft uses current company ID and existing persisted payload (0.753218ms)
✔ company source rejects foreign (0.441805ms)
✔ company source rejects archived (0.301914ms)
✔ company source rejects missing (0.468174ms)
✔ company source rejects duplicate (0.38547ms)
✔ archived linked project has no company return and archived work is omitted (0.520382ms)
✔ existing roles keep company edit distinct from project work (0.212417ms)
✔ actual SessionClient ignores held Company response after account (55.269979ms)
✔ actual SessionClient ignores held Company response after workspace (2.432495ms)
✔ actual SessionClient ignores held Company response after unmount (1.25282ms)
(node:416492) [MODULE_TYPELESS_PACKAGE_JSON] Warning: Module type of file:///workspaces/zoi-city/.recovery/community-release/.recovery/native-owner-source-candidate/mobile/src/creator.ts is not specified and it doesn't parse as CommonJS.
Reparsing as ES module because module syntax was detected. This incurs a performance overhead.
To eliminate this warning, add "type": "module" to /workspaces/zoi-city/.recovery/community-release/.recovery/native-owner-source-candidate/mobile/package.json.
(Use `node --trace-warnings ...` to show where the warning was created)
✔ bio preserves order and unpublished intent in exact server payload (1.714693ms)
✔ bio refuses truncation and unsafe links before save (0.500916ms)
✔ bio needs exact save receipt and never treats empty response as success (0.365122ms)
(node:416503) [MODULE_TYPELESS_PACKAGE_JSON] Warning: Module type of file:///workspaces/zoi-city/.recovery/community-release/.recovery/native-owner-source-candidate/mobile/src/creatorAccess.ts is not specified and it doesn't parse as CommonJS.
Reparsing as ES module because module syntax was detected. This incurs a performance overhead.
To eliminate this warning, add "type": "module" to /workspaces/zoi-city/.recovery/community-release/.recovery/native-owner-source-candidate/mobile/package.json.
(Use `node --trace-warnings ...` to show where the warning was created)
✔ authoritative creator denials invalidate private data for reads and writes (3.254049ms)
✔ temporary failure and creator read-only states retain draft and recovery state (0.708995ms)
✔ late denial from an unmounted or different actor cannot clear the current screen (0.351246ms)
✔ successful reads and confirmed writes remain unchanged (0.343381ms)
(node:416504) [MODULE_TYPELESS_PACKAGE_JSON] Warning: Module type of file:///workspaces/zoi-city/.recovery/community-release/.recovery/native-owner-source-candidate/mobile/src/creatorRecovery.ts is not specified and it doesn't parse as CommonJS.
Reparsing as ES module because module syntax was detected. This incurs a performance overhead.
To eliminate this warning, add "type": "module" to /workspaces/zoi-city/.recovery/community-release/.recovery/native-owner-source-candidate/mobile/package.json.
(Use `node --trace-warnings ...` to show where the warning was created)
✔ all seven actions execute through durable nonce-only wrapper and validate receipt (7.276714ms)
✔ lost response blocks replacement, exact retry retains immutable memory payload (1.202356ms)
✔ reload has no payload, missing receipt retains fence, cancellation requires exact proof (6.156551ms)
✔ permission denial drops private payload without deleting recovery reference (1.050323ms)
✔ storage failure, corrupt marker and late account change cannot permit dispatch or acknowledgement (1.109934ms)
✔ mismatched saved entity does not discard recovery reference (0.382925ms)
✔ account switch during persisted readback prevents dispatch (0.471531ms)
✔ readback failure after persistence retains marker and fences another send (0.592356ms)
(node:416510) [MODULE_TYPELESS_PACKAGE_JSON] Warning: Module type of file:///workspaces/zoi-city/.recovery/community-release/.recovery/native-owner-source-candidate/mobile/src/creatorStudio.ts is not specified and it doesn't parse as CommonJS.
Reparsing as ES module because module syntax was detected. This incurs a performance overhead.
To eliminate this warning, add "type": "module" to /workspaces/zoi-city/.recovery/community-release/.recovery/native-owner-source-candidate/mobile/package.json.
(Use `node --trace-warnings ...` to show where the warning was created)
✔ creator fee is explicit currency units converted to bounded minor units (4.363522ms)
✔ private drafts may be incomplete but sharing needs disclosures and deliverables (0.58338ms)
✔ customer detail rejects internal workspace records and audit data (0.607846ms)
✔ creator mutation receipts require matching workspace and decision request (0.66899ms)
✔ proof links remain explicit public HTTPS links and deliverables honor field limits (0.749149ms)
(node:416519) [MODULE_TYPELESS_PACKAGE_JSON] Warning: Module type of file:///workspaces/zoi-city/.recovery/community-release/.recovery/native-owner-source-candidate/mobile/src/discovery.ts is not specified and it doesn't parse as CommonJS.
Reparsing as ES module because module syntax was detected. This incurs a performance overhead.
To eliminate this warning, add "type": "module" to /workspaces/zoi-city/.recovery/community-release/.recovery/native-owner-source-candidate/mobile/package.json.
(Use `node --trace-warnings ...` to show where the warning was created)
✔ saved home applies only to default browsing, global search and temporary city do not overwrite it (1.825841ms)
✔ authoritative preference receipt supports explicit clears and sparse account; malformed receipt refused (0.72811ms)
✔ scope inputs literal and public rows must match chosen city/country/current identity (0.560537ms)
✔ coarse, missing, fake centroids and conflicted street coordinates never become precise pins (1.308595ms)
✔ fresh selected entity must match exact current slug/id and public visibility (0.391611ms)
✔ Directions uses actual same-record reviewed receipt, current address, or explicit provider name search (0.496548ms)
✔ native discovery/map public links carry explicit intent and canonical place without touching home (0.666184ms)
✔ native viewport clusters count real pins, hide coarse points and split with zoom without jitter (0.457595ms)
(node:416537) [MODULE_TYPELESS_PACKAGE_JSON] Warning: Module type of file:///workspaces/zoi-city/.recovery/community-release/.recovery/native-owner-source-candidate/mobile/src/discoveryMedia.ts is not specified and it doesn't parse as CommonJS.
Reparsing as ES module because module syntax was detected. This incurs a performance overhead.
To eliminate this warning, add "type": "module" to /workspaces/zoi-city/.recovery/community-release/.recovery/native-owner-source-candidate/mobile/package.json.
(Use `node --trace-warnings ...` to show where the warning was created)
✔ actual public Signature null SQL photo uses exact shared reviewed media on card and selected home (7.292524ms)
✔ owner photo edit and explicit null clear follow shared model on both bounded and full entities (3.787515ms)
✔ owner website edit and clears remove old reviewed imagery without a native override (0.556259ms)
✔ raw profile hero clear and owner all-media clear remain explicit (0.63171ms)
✔ association/quarantined source cannot regain curated media through native (0.343452ms)
✔ sparse, unsafe and failed roles do not infer a photo or leak raw fields (0.39593ms)
✔ official logo-only identity uses model fit and backdrop; poster keeps full aspect (2.606159ms)
✔ gallery-only or interface artwork cannot become native hero (0.849197ms)
✔ legacy selected logo and sparse selected photo preserve fallback semantics (0.375432ms)
(node:416544) [MODULE_TYPELESS_PACKAGE_JSON] Warning: Module type of file:///workspaces/zoi-city/.recovery/community-release/.recovery/native-owner-source-candidate/mobile/src/discoveryScope.ts is not specified and it doesn't parse as CommonJS.
Reparsing as ES module because module syntax was detected. This incurs a performance overhead.
To eliminate this warning, add "type": "module" to /workspaces/zoi-city/.recovery/community-release/.recovery/native-owner-source-candidate/mobile/package.json.
(Use `node --trace-warnings ...` to show where the warning was created)
✔ community_me refresh account (54.855028ms)
✔ community_me refresh unmount (0.938814ms)
✔ community_me refresh unchanged (1.044571ms)
✔ community_me response account (27.133208ms)
✔ community_me response unmount (0.988907ms)
✔ community_me response unchanged (1.855558ms)
✔ community_preferences_save refresh account (0.733971ms)
✔ community_preferences_save refresh unmount (0.636008ms)
✔ community_preferences_save refresh unchanged (22.580263ms)
✔ community_preferences_save response account (5.431016ms)
✔ community_preferences_save response unmount (6.536171ms)
✔ community_preferences_save response unchanged (0.951427ms)
✔ no unknown mutations or malformed preference versions dispatch (0.624356ms)
(node:416552) [MODULE_TYPELESS_PACKAGE_JSON] Warning: Module type of file:///workspaces/zoi-city/.recovery/community-release/.recovery/native-owner-source-candidate/mobile/src/documentScope.ts is not specified and it doesn't parse as CommonJS.
Reparsing as ES module because module syntax was detected. This incurs a performance overhead.
To eliminate this warning, add "type": "module" to /workspaces/zoi-city/.recovery/community-release/.recovery/native-owner-source-candidate/mobile/package.json.
(Use `node --trace-warnings ...` to show where the warning was created)
✔ actual SessionClient private documents refresh actor (41.98813ms)
✔ actual SessionClient private documents refresh workspace (1.057316ms)
✔ actual SessionClient private documents refresh project (0.986143ms)
✔ actual SessionClient private documents refresh unmount (0.745442ms)
✔ actual SessionClient private documents refresh unchanged (1.967906ms)
✔ actual SessionClient private documents response actor (14.06712ms)
✔ actual SessionClient private documents response workspace (1.774536ms)
✔ actual SessionClient private documents response project (1.647758ms)
✔ actual SessionClient private documents response unmount (5.36904ms)
✔ actual SessionClient private documents response unchanged (1.832253ms)
✔ private document RPC refuses malformed scopes, unknown writers and foreign workspace before dispatch (0.820823ms)
(node:416560) [MODULE_TYPELESS_PACKAGE_JSON] Warning: Module type of file:///workspaces/zoi-city/.recovery/community-release/.recovery/native-owner-source-candidate/mobile/src/documents.ts is not specified and it doesn't parse as CommonJS.
Reparsing as ES module because module syntax was detected. This incurs a performance overhead.
To eliminate this warning, add "type": "module" to /workspaces/zoi-city/.recovery/community-release/.recovery/native-owner-source-candidate/mobile/package.json.
(Use `node --trace-warnings ...` to show where the warning was created)
✔ private upload receipt requires workspace, document identity and ready version (2.146129ms)
✔ private attachment requires no-store, attachment headers, correct type and exact bounded size (86.285645ms)
✔ native document selection uses same metadata limits as server (0.844517ms)
(node:416568) [MODULE_TYPELESS_PACKAGE_JSON] Warning: Module type of file:///workspaces/zoi-city/.recovery/community-release/.recovery/native-owner-source-candidate/mobile/src/drafts.ts is not specified and it doesn't parse as CommonJS.
Reparsing as ES module because module syntax was detected. This incurs a performance overhead.
To eliminate this warning, add "type": "module" to /workspaces/zoi-city/.recovery/community-release/.recovery/native-owner-source-candidate/mobile/package.json.
(Use `node --trace-warnings ...` to show where the warning was created)
✔ sign-out removal waits for in-flight draft save and prevents queued resurrection (5.978729ms)
✔ switching account blocks previous account queued draft writes (0.695619ms)
✔ publishing requires explicit success and real UUID receipt (0.347038ms)
✔ native map labels share exact source geometry and boundedpreferences (2.169954ms)
✔ native prepared note shares same nontransactional contract (2.516962ms)
(node:416581) ExperimentalWarning: stripTypeScriptTypes is an experimental feature and might change at any time
(Use `node --trace-warnings ...` to show where the warning was created)
✔ guest link carries only canonical selected event, never credentials (1.757453ms)
✔ organiser handoff validates exact selected workspace and event with fresh authority (1.453626ms)
✔ viewer, missing, duplicate and malformed memberships cannot produce operator link (0.667968ms)
✔ selected workspace never falls back to first membership (2.443325ms)
✔ wrong event and denied operator proof cannot open a link (0.796858ms)
✔ late account/workspace switches fence membership and operator responses (12.522855ms)
(node:416589) [MODULE_TYPELESS_PACKAGE_JSON] Warning: Module type of file:///workspaces/zoi-city/.recovery/community-release/.recovery/native-owner-source-candidate/mobile/src/session.ts is not specified and it doesn't parse as CommonJS.
Reparsing as ES module because module syntax was detected. This incurs a performance overhead.
To eliminate this warning, add "type": "module" to /workspaces/zoi-city/.recovery/community-release/.recovery/native-owner-source-candidate/mobile/package.json.
(Use `node --trace-warnings ...` to show where the warning was created)
✔ actual session refresh preserves exact authorised event/workspace without credentials in link (43.562281ms)
✔ held actual refresh refuses private send after workspace switch (4.603991ms)
✔ held actual refresh refuses private send after actor switch (0.849136ms)
✔ late private response is refused after scope change (21.265507ms)
✔ invalid actor, guest, lost scope and unsupported RPC refuse dispatch (0.679228ms)
✔ refresh rejection never dispatches private proof (0.334314ms)
(node:416590) [MODULE_TYPELESS_PACKAGE_JSON] Warning: Module type of file:///workspaces/zoi-city/.recovery/community-release/.recovery/native-owner-source-candidate/mobile/src/eventPlanner.ts is not specified and it doesn't parse as CommonJS.
Reparsing as ES module because module syntax was detected. This incurs a performance overhead.
To eliminate this warning, add "type": "module" to /workspaces/zoi-city/.recovery/community-release/.recovery/native-owner-source-candidate/mobile/package.json.
(Use `node --trace-warnings ...` to show where the warning was created)
✔ event plans preserve private notes and reject invalid quantities (16.902376ms)
✔ recovery never substitutes profile or plan version (0.69587ms)
✔ current booking reads cannot import foreign private plans (0.306392ms)
✔ resource units enforce one performer, bounded venue guests and equipment units (2.260904ms)
(node:416592) [MODULE_TYPELESS_PACKAGE_JSON] Warning: Module type of file:///workspaces/zoi-city/.recovery/community-release/.recovery/native-owner-source-candidate/mobile/src/festival.ts is not specified and it doesn't parse as CommonJS.
Reparsing as ES module because module syntax was detected. This incurs a performance overhead.
To eliminate this warning, add "type": "module" to /workspaces/zoi-city/.recovery/community-release/.recovery/native-owner-source-candidate/mobile/package.json.
(Use `node --trace-warnings ...` to show where the warning was created)
✔ application ignores client prices and validates contact and units (3.643547ms)
✔ commercial offers use exact cents and bounded benefit lines (60.971766ms)
✔ application receipt requires correct actor tenant enquiry and version (0.375892ms)
✔ private pages reject foreign records and invalid pagination (0.260637ms)
✔ public offer action only uses exact matching host UUID (2.792597ms)
(node:416603) [MODULE_TYPELESS_PACKAGE_JSON] Warning: Module type of file:///workspaces/zoi-city/.recovery/community-release/.recovery/native-owner-source-candidate/mobile/src/generalReservation.ts is not specified and it doesn't parse as CommonJS.
Reparsing as ES module because module syntax was detected. This incurs a performance overhead.
To eliminate this warning, add "type": "module" to /workspaces/zoi-city/.recovery/community-release/.recovery/native-owner-source-candidate/mobile/package.json.
(Use `node --trace-warnings ...` to show where the warning was created)
✔ interrupted reservation remains blocked after remount and across tier changes, scoped to actor and event (5.434402ms)
✔ only exact confirmed free receipt clears original attempt; malformed and stale confirmations preserve warning (1.27373ms)
✔ storage failure and account change stop request preparation before network action (0.435734ms)
✔ new request recovery accepts only exact nonce/event/tier/quantity receipt, with no contact storage (3.635622ms)
✔ legacy saved requests cannot be upgraded to once protocol, and malformed recovery never clears warning (1.315567ms)
✔ recovered creation receipt cannot imply active ticket after cancellation or closed event (0.395108ms)
✔ signing in cannot bypass an unresolved guest reservation or reuse its nonce as an account request (1.84648ms)
✔ confirmed nonce reference survives reopening without contacts and never claims cached ticket status (1.223095ms)
✔ confirmed references cap at five, expire after one year, and storage failure preserves unresolved warning (3.590508ms)
✔ member state accepts closed group with own history but rejects unrelated membership (2.484672ms)
✔ membership decisions validate tenant identity and exact increment (0.423171ms)
✔ attendance receipt binds event membership and status (0.350104ms)
✔ membership settings cannot cross workspace or skip version (0.282347ms)
(node:416617) [MODULE_TYPELESS_PACKAGE_JSON] Warning: Module type of file:///workspaces/zoi-city/.recovery/community-release/.recovery/native-owner-source-candidate/mobile/src/inquiries.ts is not specified and it doesn't parse as CommonJS.
Reparsing as ES module because module syntax was detected. This incurs a performance overhead.
To eliminate this warning, add "type": "module" to /workspaces/zoi-city/.recovery/community-release/.recovery/native-owner-source-candidate/mobile/package.json.
(Use `node --trace-warnings ...` to show where the warning was created)
✔ enquiry start validates actor listing and immutable request payload (2.280811ms)
✔ reply requires exact author thread request and body receipt (0.49773ms)
✔ thread read guards workspace message identity and readonly contract (0.688987ms)
✔ enquiry inputs reject invalid IDs and oversized empty messages (0.531273ms)
(node:416624) [MODULE_TYPELESS_PACKAGE_JSON] Warning: Module type of file:///workspaces/zoi-city/.recovery/community-release/.recovery/native-owner-source-candidate/mobile/src/privateRequests.ts is not specified and it doesn't parse as CommonJS.
Reparsing as ES module because module syntax was detected. This incurs a performance overhead.
To eliminate this warning, add "type": "module" to /workspaces/zoi-city/.recovery/community-release/.recovery/native-owner-source-candidate/mobile/package.json.
(Use `node --trace-warnings ...` to show where the warning was created)
✔ restart restores nonce-only metadata and prevents replacement (6.074558ms)
✔ A to B to A protects and preserves original marker (3.366298ms)
✔ SecureStore failure and silent adapter failure prevent dispatch (0.939956ms)
✔ receipt requires exact nonce kind and target; notfound is not cancellation (0.589951ms)
✔ failed recovery keeps marker until confirmed cancellation acknowledgement (2.84239ms)
✔ corrupt active null prevents a replacement inquiry nonce (0.623745ms)
(node:416643) [MODULE_TYPELESS_PACKAGE_JSON] Warning: Module type of file:///workspaces/zoi-city/.recovery/community-release/.recovery/native-owner-source-candidate/mobile/src/memberStart.ts is not specified and it doesn't parse as CommonJS.
Reparsing as ES module because module syntax was detected. This incurs a performance overhead.
To eliminate this warning, add "type": "module" to /workspaces/zoi-city/.recovery/community-release/.recovery/native-owner-source-candidate/mobile/package.json.
(Use `node --trace-warnings ...` to show where the warning was created)
✔ server profile identity includes no-deadline assignment and excludes Auth UUID assignment (3.855833ms)
✔ reject ambiguous member scope role (0.436165ms)
✔ reject ambiguous member scope workspace (0.194543ms)
✔ reject ambiguous member scope profile (0.158456ms)
✔ reject ambiguous member scope record (0.179255ms)
✔ actual token refresh fences workspace_team_get actor (37.980533ms)
✔ actual token refresh fences workspace_team_get workspace (4.72698ms)
✔ actual token refresh fences workspace_team_get unmount (0.678458ms)
✔ actual token refresh fences workspace_team_get rotation (0.916282ms)
✔ actual token refresh fences ops_records_list actor (0.640667ms)
✔ actual token refresh fences ops_records_list workspace (3.357813ms)
✔ actual token refresh fences ops_records_list unmount (0.503681ms)
✔ actual token refresh fences ops_records_list rotation (2.591812ms)
✔ actual token refresh fences social_list_posts actor (0.800105ms)
✔ actual token refresh fences social_list_posts workspace (0.673759ms)
✔ actual token refresh fences social_list_posts unmount (0.667096ms)
✔ actual token refresh fences social_list_posts rotation (0.668609ms)
✔ actual token refresh fences booking_operator_list actor (0.309408ms)
✔ actual token refresh fences booking_operator_list workspace (0.335096ms)
✔ actual token refresh fences booking_operator_list unmount (1.109252ms)
✔ actual token refresh fences booking_operator_list rotation (0.443679ms)
✔ held actual response rejects retired actor (26.284072ms)
✔ held actual response rejects retired workspace (0.869635ms)
✔ held actual response rejects retired unmount (0.688275ms)
✔ wrong workspace argument never dispatches (0.319056ms)
(node:416644) [MODULE_TYPELESS_PACKAGE_JSON] Warning: Module type of file:///workspaces/zoi-city/.recovery/community-release/.recovery/native-owner-source-candidate/mobile/src/music.ts is not specified and it doesn't parse as CommonJS.
Reparsing as ES module because module syntax was detected. This incurs a performance overhead.
To eliminate this warning, add "type": "module" to /workspaces/zoi-city/.recovery/community-release/.recovery/native-owner-source-candidate/mobile/package.json.
(Use `node --trace-warnings ...` to show where the warning was created)
✔ music prefill honors explicit cleared flat fields over old nested aliases (1.43991ms)
✔ music clearing sends null and leaves unrelated owner fields untouched (1.643831ms)
✔ music validation rejects unsafe links and impossible dates (1.267218ms)
(node:416657) [MODULE_TYPELESS_PACKAGE_JSON] Warning: Module type of file:///workspaces/zoi-city/.recovery/community-release/.recovery/native-owner-source-candidate/mobile/src/nativeParea.ts is not specified and it doesn't parse as CommonJS.
Reparsing as ES module because module syntax was detected. This incurs a performance overhead.
To eliminate this warning, add "type": "module" to /workspaces/zoi-city/.recovery/community-release/.recovery/native-owner-source-candidate/mobile/package.json.
(Use `node --trace-warnings ...` to show where the warning was created)
✔ whole-ticket 3/1/5 plan leaves one unassigned and keeps exact individual prices (29.969307ms)
✔ fractional, duplicate, excess and expired plans do not become invitations (0.886637ms)
✔ only current unclaimed guest version can rotate link without extra quota (0.643462ms)
✔ guest choices require current event, explicit deadline proof and unpaid policy version (4.414367ms)
(node:416659) [MODULE_TYPELESS_PACKAGE_JSON] Warning: Module type of file:///workspaces/zoi-city/.recovery/community-release/.recovery/native-owner-source-candidate/mobile/src/nativePareaClient.ts is not specified and it doesn't parse as CommonJS.
Reparsing as ES module because module syntax was detected. This incurs a performance overhead.
To eliminate this warning, add "type": "module" to /workspaces/zoi-city/.recovery/community-release/.recovery/native-owner-source-candidate/mobile/package.json.
(Use `node --trace-warnings ...` to show where the warning was created)
✔ event_host_guest_save refresh account (46.233435ms)
✔ event_host_guest_save refresh unmount (3.386847ms)
✔ event_host_guest_save refresh unchanged (2.832251ms)
✔ event_host_guest_save response account (3.178608ms)
✔ event_host_guest_save response unmount (1.993084ms)
✔ event_host_guest_save response unchanged (1.041435ms)
✔ event_host_claim refresh account (4.579124ms)
✔ event_host_claim refresh unmount (1.237221ms)
✔ event_host_claim refresh unchanged (4.109707ms)
✔ event_host_claim response account (1.054721ms)
✔ event_host_claim response unmount (2.047565ms)
✔ event_host_claim response unchanged (0.968089ms)
✔ event_guest_payment_choose refresh account (2.559291ms)
✔ event_guest_payment_choose refresh unmount (0.955866ms)
✔ event_guest_payment_choose refresh unchanged (1.610709ms)
✔ event_guest_payment_choose response account (1.067403ms)
✔ event_guest_payment_choose response unmount (0.81896ms)
✔ event_guest_payment_choose response unchanged (2.123958ms)
✔ actual shared host client persists nonce before dispatch, loss retries same request and token (4.213451ms)
✔ remount cannot retry bearer args, exact missing-result cancellation settles before new request (1.117778ms)
✔ no token or RPC dispatch if durable storage has failed (0.56756ms)
✔ native host never depends on browser structuredClone and rejects non-JSON mutation data (0.843255ms)
✔ durable clear failure blocks new writes until exact storage operation is confirmed (0.77094ms)
(node:416666) [MODULE_TYPELESS_PACKAGE_JSON] Warning: Module type of file:///workspaces/zoi-city/.recovery/community-release/.recovery/native-owner-source-candidate/mobile/src/nativePareaRecovery.ts is not specified and it doesn't parse as CommonJS.
Reparsing as ES module because module syntax was detected. This incurs a performance overhead.
To eliminate this warning, add "type": "module" to /workspaces/zoi-city/.recovery/community-release/.recovery/native-owner-source-candidate/mobile/package.json.
(Use `node --trace-warnings ...` to show where the warning was created)
✔ nonce-only durable reference restores in exact account/event and contains no bearer or labels (2.024532ms)
✔ private capabilities and unexpected stored fields fail closed before writes (0.865938ms)
✔ failed persistence retains same queued reference until confirmed, then durable clear (0.672036ms)
✔ account/view invalidation after storage await keeps recovery reference but rejects stale continuation (0.640536ms)
✔ payment recovery includes exact guest/version/method/request only (1.080218ms)
(node:416679) [MODULE_TYPELESS_PACKAGE_JSON] Warning: Module type of file:///workspaces/zoi-city/.recovery/community-release/.recovery/native-owner-source-candidate/mobile/src/profile.ts is not specified and it doesn't parse as CommonJS.
Reparsing as ES module because module syntax was detected. This incurs a performance overhead.
To eliminate this warning, add "type": "module" to /workspaces/zoi-city/.recovery/community-release/.recovery/native-owner-source-candidate/mobile/package.json.
(Use `node --trace-warnings ...` to show where the warning was created)
✔ native outward action suppresses held source defaults and imported fallback for every family (14.489779ms)
✔ native published website edits and null/empty clears retain web authority despite stale source holds (4.49338ms)
(node:416686) [MODULE_TYPELESS_PACKAGE_JSON] Warning: Module type of file:///workspaces/zoi-city/.recovery/community-release/.recovery/native-owner-source-candidate/mobile/src/operations.ts is not specified and it doesn't parse as CommonJS.
Reparsing as ES module because module syntax was detected. This incurs a performance overhead.
To eliminate this warning, add "type": "module" to /workspaces/zoi-city/.recovery/community-release/.recovery/native-owner-source-candidate/mobile/package.json.
(Use `node --trace-warnings ...` to show where the warning was created)
✔ save receipts require correct workspace, identity and incremented version (2.174182ms)
✔ editor can edit contacts/projects/tasks but not company records; viewers cannot write (0.270045ms)
✔ full-form edits preserve custom existing data and explicitly clear relations (1.224848ms)
✔ invalid deadline and blank title fail before sending (0.414915ms)
✔ projects require company and tasks require project before sending (0.635137ms)
✔ unicode payload byte limit is enforced before sending (3.041972ms)
✔ unmodified deadline preserves its exact timestamp (2.068344ms)
✔ new company has valid default sector and cannot submit blank sector (0.390209ms)
(node:416687) [MODULE_TYPELESS_PACKAGE_JSON] Warning: Module type of file:///workspaces/zoi-city/.recovery/community-release/.recovery/native-owner-source-candidate/mobile/src/organizationWorkflow.ts is not specified and it doesn't parse as CommonJS.
Reparsing as ES module because module syntax was detected. This incurs a performance overhead.
To eliminate this warning, add "type": "module" to /workspaces/zoi-city/.recovery/community-release/.recovery/native-owner-source-candidate/mobile/package.json.
(Use `node --trace-warnings ...` to show where the warning was created)
✔ contextual native drafts preserve saved relationships and real writer payload (5.872851ms)
✔ project browser handoff fresh role owner (0.589832ms)
✔ project browser handoff fresh role admin (0.242483ms)
✔ project browser handoff fresh role editor (0.281857ms)
✔ project browser handoff fresh role viewer (4.728969ms)
✔ reject missing project context (0.345535ms)
✔ reject archived project context (0.21416ms)
✔ reject duplicate project context (0.25198ms)
✔ reject foreign project context (0.223137ms)
✔ reject scope project context (0.316331ms)
✔ actual SessionClient held refresh actor (42.001979ms)
✔ actual SessionClient held refresh workspace (2.470456ms)
✔ actual SessionClient held refresh unchanged (1.045222ms)
(node:416694) [MODULE_TYPELESS_PACKAGE_JSON] Warning: Module type of file:///workspaces/zoi-city/.recovery/community-release/.recovery/native-owner-source-candidate/mobile/src/ownerEditorHandoff.ts is not specified and it doesn't parse as CommonJS.
Reparsing as ES module because module syntax was detected. This incurs a performance overhead.
To eliminate this warning, add "type": "module" to /workspaces/zoi-city/.recovery/community-release/.recovery/native-owner-source-candidate/mobile/package.json.
(Use `node --trace-warnings ...` to show where the warning was created)
✔ fresh authorization opens only fixed browser editor, with exact authorized listing and without credentials (2.439457ms)
✔ account or workspace switch during authorization never opens browser (0.258514ms)
✔ invalid identity, denied access and mismatched receipts never open browser (0.694016ms)
✔ revoked or failed authorization surfaces failure without opening (0.601343ms)
(node:416700) ExperimentalWarning: stripTypeScriptTypes is an experimental feature and might change at any time
(Use `node --trace-warnings ...` to show where the warning was created)
✔ private link exact canonical event and opaque fragment only (3.095644ms)
✔ current own group counts whole-ticket quantities and expires without paid inference (1.878369ms)
✔ recipient preview rejects expired, cross-event, missing no-payment envelope and malformed amounts (0.531583ms)
✔ own reader binds list and detail IDs and profile distinct from Auth UUID (0.718442ms)
✔ refresh/response scope changes prevent private request or result use (0.600582ms)
(node:416701) [MODULE_TYPELESS_PACKAGE_JSON] Warning: Module type of file:///workspaces/zoi-city/.recovery/community-release/.recovery/native-owner-source-candidate/mobile/src/placeNavigation.ts is not specified and it doesn't parse as CommonJS.
Reparsing as ES module because module syntax was detected. This incurs a performance overhead.
To eliminate this warning, add "type": "module" to /workspaces/zoi-city/.recovery/community-release/.recovery/native-owner-source-candidate/mobile/package.json.
(Use `node --trace-warnings ...` to show where the warning was created)
✔ current public slug wins over stale unhashed artist SEO path (1.170336ms)
✔ fallback permits only internal profile routes (0.441244ms)
(node:416707) [MODULE_TYPELESS_PACKAGE_JSON] Warning: Module type of file:///workspaces/zoi-city/.recovery/community-release/.recovery/native-owner-source-candidate/mobile/src/privateRequests.ts is not specified and it doesn't parse as CommonJS.
Reparsing as ES module because module syntax was detected. This incurs a performance overhead.
To eliminate this warning, add "type": "module" to /workspaces/zoi-city/.recovery/community-release/.recovery/native-owner-source-candidate/mobile/package.json.
(Use `node --trace-warnings ...` to show where the warning was created)
✔ private recovery stores exact Unicode across bounded secure chunks (7.364378ms)
✔ account switch cannot read or save another account’s private request (3.983302ms)
✔ sign-out cleanup runs after queued writes and removes every chunk (2.462962ms)
✔ incomplete persistence is never mistaken for a retryable request (2.248831ms)
✔ cleanup failure cannot roll back a committed recovery request (1.588979ms)
✔ separate workflows keep distinct encrypted recovery namespaces (1.040193ms)
✔ failed storage cleanup retains a discoverable manifest until explicit cleanup succeeds (1.737406ms)
✔ non-null malformed manifests never masquerade as no pending request (1.270483ms)
✔ valid active-null pending manifest remains interrupted, not empty (0.435934ms)
✔ an active null payload is corruption rather than no pending request (0.413763ms)
(node:416720) [MODULE_TYPELESS_PACKAGE_JSON] Warning: Module type of file:///workspaces/zoi-city/.recovery/community-release/.recovery/native-owner-source-candidate/mobile/src/profile.ts is not specified and it doesn't parse as CommonJS.
Reparsing as ES module because module syntax was detected. This incurs a performance overhead.
To eliminate this warning, add "type": "module" to /workspaces/zoi-city/.recovery/community-release/.recovery/native-owner-source-candidate/mobile/package.json.
(Use `node --trace-warnings ...` to show where the warning was created)
✔ profile gives owner fields priority, merges actual socials and labels enrichment (5.462725ms)
✔ profile never fabricates verification or ratings from owner data (0.771261ms)
✔ profile rejects unsafe external schemes and credentials (2.244093ms)
✔ missing entity is absent, not invented profile (0.471601ms)
✔ profile actions require exact server routes and matching booking listing (1.681972ms)
✔ private enquiry entry requires server invitation for this same listing (0.73344ms)
✔ profile photos preserve wide logos, portraits and small artwork (0.409725ms)
✔ image loading supports native source dimensions and web natural dimensions (0.24625ms)
✔ native uses shared phone validity and authoritative owner clear (0.979119ms)
✔ native machine social syntax and exact publisher identity match web while owner links survive (2.347395ms)
✔ native Fournos chain root contacts cannot replace branch base or explicit owner values (1.133588ms)
(node:416737) [MODULE_TYPELESS_PACKAGE_JSON] Warning: Module type of file:///workspaces/zoi-city/.recovery/community-release/.recovery/native-owner-source-candidate/mobile/src/seating.ts is not specified and it doesn't parse as CommonJS.
Reparsing as ES module because module syntax was detected. This incurs a performance overhead.
To eliminate this warning, add "type": "module" to /workspaces/zoi-city/.recovery/community-release/.recovery/native-owner-source-candidate/mobile/package.json.
(Use `node --trace-warnings ...` to show where the warning was created)
✔ hold requires exact requested seats and confirmed receipt (1.900039ms)
✔ free confirmation rejects payment, quantity, seat and hold mismatches (0.514932ms)
✔ foreground status restores exact hold and validates cancellation (0.885655ms)
✔ countdown accounts for server clock and clamps expired holds (0.258373ms)
✔ missing inventory stays unavailable and malformed maps never invent seats (0.804794ms)
✔ seat inventory uses actual geometry and rejects unsafe bigint IDs or unknown state (1.088484ms)
(node:416743) [MODULE_TYPELESS_PACKAGE_JSON] Warning: Module type of file:///workspaces/zoi-city/.recovery/community-release/.recovery/native-owner-source-candidate/mobile/src/session.ts is not specified and it doesn't parse as CommonJS.
Reparsing as ES module because module syntax was detected. This incurs a performance overhead.
To eliminate this warning, add "type": "module" to /workspaces/zoi-city/.recovery/community-release/.recovery/native-owner-source-candidate/mobile/package.json.
(Use `node --trace-warnings ...` to show where the warning was created)
✔ persists only refresh credential and restores by exchanging it (58.840562ms)
✔ expired concurrent API requests share one refresh and use renewed token (11.670121ms)
✔ invalid refresh removes stored credential and session (1.358057ms)
✔ transient refresh failure preserves credential for recovery (0.379248ms)
✔ sign-out clears device credentials even if revocation is offline (0.452305ms)
✔ in-flight sign-in cannot resurrect a signed-out account (1.055461ms)
✔ anonymous authenticated RPC is rejected without making a request (0.342009ms)
✔ application error envelopes cannot appear as publishing success (0.789985ms)
✔ server-rejected access token clears session without replaying mutation (1.17771ms)
✔ optimistic edit conflict is explained without replaying the write (1.130222ms)
✔ fetch transport uses global receiver required by browsers (0.568291ms)
✔ community validation errors remain actionable without treating them as password failures (0.95308ms)
(node:416750) [MODULE_TYPELESS_PACKAGE_JSON] Warning: Module type of file:///workspaces/zoi-city/.recovery/community-release/.recovery/native-owner-source-candidate/mobile/src/profile.ts is not specified and it doesn't parse as CommonJS.
Reparsing as ES module because module syntax was detected. This incurs a performance overhead.
To eliminate this warning, add "type": "module" to /workspaces/zoi-city/.recovery/community-release/.recovery/native-owner-source-candidate/mobile/package.json.
(Use `node --trace-warnings ...` to show where the warning was created)
✔ native public profile excludes held imported identity/contact/media/social without changing base facts (4.142119ms)
✔ native sparse held profile has no foreign fallback (0.682906ms)
✔ native owner profile edits and explicit phone/social/image clears win while wrong source stays held (0.695078ms)
✔ native actual Cafe Boulis profile no longer offers the held foreign tagline (0.807188ms)
✔ native retained receipt timestamps/classification/conflict do not become visible imported fields or enrichment note (0.66347ms)
(node:416753) [MODULE_TYPELESS_PACKAGE_JSON] Warning: Module type of file:///workspaces/zoi-city/.recovery/community-release/.recovery/native-owner-source-candidate/mobile/src/sponsorFulfillment.ts is not specified and it doesn't parse as CommonJS.
Reparsing as ES module because module syntax was detected. This incurs a performance overhead.
To eliminate this warning, add "type": "module" to /workspaces/zoi-city/.recovery/community-release/.recovery/native-owner-source-candidate/mobile/package.json.
(Use `node --trace-warnings ...` to show where the warning was created)
✔ fresh approved sponsor ok (2.058004ms)
✔ fresh approved sponsor viewer (2.930154ms)
✔ fresh approved sponsor cancelled (0.306392ms)
✔ fresh approved sponsor foreign (0.318305ms)
✔ fresh approved sponsor capability (0.337912ms)
✔ fresh approved sponsor missing (0.303647ms)
✔ actual SessionClient refresh fence actor (36.858155ms)
✔ actual SessionClient refresh fence workspace (1.496548ms)
✔ actual SessionClient refresh fence unchanged (1.191797ms)
(node:416758) [MODULE_TYPELESS_PACKAGE_JSON] Warning: Module type of file:///workspaces/zoi-city/.recovery/community-release/.recovery/native-owner-source-candidate/mobile/src/timekeeping.ts is not specified and it doesn't parse as CommonJS.
Reparsing as ES module because module syntax was detected. This incurs a performance overhead.
To eliminate this warning, add "type": "module" to /workspaces/zoi-city/.recovery/community-release/.recovery/native-owner-source-candidate/mobile/package.json.
(Use `node --trace-warnings ...` to show where the warning was created)
✔ manual time uses explicit validated duration and hourly cents (27.455541ms)
✔ timer start excludes client-controlled start and duration (0.335557ms)
✔ receipts require tenant actor version and terminal state (0.502859ms)
✔ dashboard rejects another editor’s private narrative and foreign timer (0.561109ms)
✔ timesheet CSV prevents formula execution and escapes multiline quotes (0.561399ms)
(node:416769) [MODULE_TYPELESS_PACKAGE_JSON] Warning: Module type of file:///workspaces/zoi-city/.recovery/community-release/.recovery/native-owner-source-candidate/mobile/src/trips.ts is not specified and it doesn't parse as CommonJS.
Reparsing as ES module because module syntax was detected. This incurs a performance overhead.
To eliminate this warning, add "type": "module" to /workspaces/zoi-city/.recovery/community-release/.recovery/native-owner-source-candidate/mobile/package.json.
(Use `node --trace-warnings ...` to show where the warning was created)
✔ trip dates require explicit zone and reject reversed or overlong stops (29.144687ms)
✔ private itinerary cannot accept another profile or trip receipt (0.659031ms)
✔ appearance discovery cannot substitute another artist or claim inferred confirmation (1.053107ms)
✔ appearance proposal requires source HTTPS and real distinct listing IDs (1.81454ms)
(node:416770) [MODULE_TYPELESS_PACKAGE_JSON] Warning: Module type of file:///workspaces/zoi-city/.recovery/community-release/.recovery/native-owner-source-candidate/mobile/src/volunteer.ts is not specified and it doesn't parse as CommonJS.
Reparsing as ES module because module syntax was detected. This incurs a performance overhead.
To eliminate this warning, add "type": "module" to /workspaces/zoi-city/.recovery/community-release/.recovery/native-owner-source-candidate/mobile/package.json.
(Use `node --trace-warnings ...` to show where the warning was created)
✔ volunteer invitation extracts explicit organization ID only (1.921209ms)
✔ withdrawn public opportunity stays unavailable even if saved shift was scheduled (22.74483ms)
✔ shift actions never reopen cancelled or started history (0.278551ms)
✔ signup and cancellation receipts must identify the same shift and final state (0.649564ms)
✔ organization writes require workspace identity and exact version increment (0.421627ms)
(node:416771) [MODULE_TYPELESS_PACKAGE_JSON] Warning: Module type of file:///workspaces/zoi-city/.recovery/community-release/.recovery/native-owner-source-candidate/mobile/src/volunteerOperations.ts is not specified and it doesn't parse as CommonJS.
Reparsing as ES module because module syntax was detected. This incurs a performance overhead.
To eliminate this warning, add "type": "module" to /workspaces/zoi-city/.recovery/community-release/.recovery/native-owner-source-candidate/mobile/package.json.
(Use `node --trace-warnings ...` to show where the warning was created)
✔ org_operation_save actual SessionClient token refresh actor (35.250646ms)
✔ org_operation_save actual SessionClient token refresh workspace (0.714805ms)
✔ org_operation_save actual SessionClient token refresh unchanged (0.646077ms)
✔ org_signup actual SessionClient token refresh actor (0.55685ms)
✔ org_signup actual SessionClient token refresh workspace (1.22576ms)
✔ org_signup actual SessionClient token refresh unchanged (0.607846ms)
✔ org_signup_cancel actual SessionClient token refresh actor (0.535481ms)
✔ org_signup_cancel actual SessionClient token refresh workspace (0.490276ms)
✔ org_signup_cancel actual SessionClient token refresh unchanged (0.550819ms)
✔ org_roster actual SessionClient token refresh actor (0.456513ms)
✔ org_roster actual SessionClient token refresh workspace (0.343561ms)
✔ org_roster actual SessionClient token refresh unchanged (0.426637ms)
✔ lost native create survives remount and clears only exact receipt (0.969191ms)
✔ cancel unknown native create validates workspace/request and preserves marker on wrong response (0.441054ms)
✔ generic authorization denial is recognizable without matching server wording (0.155451ms)
✔ absent installed capability keeps pending recovery and dispatches no operation (0.306443ms)
(node:416777) [MODULE_TYPELESS_PACKAGE_JSON] Warning: Module type of file:///workspaces/zoi-city/.recovery/community-release/.recovery/native-owner-source-candidate/mobile/src/webHandoffs.ts is not specified and it doesn't parse as CommonJS.
Reparsing as ES module because module syntax was detected. This incurs a performance overhead.
To eliminate this warning, add "type": "module" to /workspaces/zoi-city/.recovery/community-release/.recovery/native-owner-source-candidate/mobile/package.json.
(Use `node --trace-warnings ...` to show where the warning was created)
✔ music shelf and unscoped personal calendar explicitly reach their actual web capabilities (1.587496ms)
✔ native parish calendar, member discussion and artist homes stay native (0.426807ms)
✔ handoff resolver never opens spoofed hosts or credentials (0.287697ms)
✔ map deep links use the real web map and preserve only public search/place/view context (0.807609ms)
✔ explicit guardian links hand off only public listing context, adult groups stay native (0.871157ms)
(node:416797) ExperimentalWarning: stripTypeScriptTypes is an experimental feature and might change at any time
(Use `node --trace-warnings ...` to show where the warning was created)
✔ roles protect owner/self and admin peer escalation (2.49958ms)
✔ real controller confirms save only after current roster read (1.995518ms)
✔ lost response survives remount; receipt check does not resend (1.651255ms)
✔ unknown request blocks new write and safely cancels (9.573556ms)
✔ conflict refreshes membership; storage failure prevents submission (0.820814ms)
✔ authority loss clears private roster and account change fences calls (3.368603ms)
(node:416799) [MODULE_TYPELESS_PACKAGE_JSON] Warning: Module type of file:///workspaces/zoi-city/.recovery/community-release/.recovery/native-owner-source-candidate/mobile/src/session.ts is not specified and it doesn't parse as CommonJS.
Reparsing as ES module because module syntax was detected. This incurs a performance overhead.
To eliminate this warning, add "type": "module" to /workspaces/zoi-city/.recovery/community-release/.recovery/native-owner-source-candidate/mobile/package.json.
(Use `node --trace-warnings ...` to show where the warning was created)
(node:416799) ExperimentalWarning: stripTypeScriptTypes is an experimental feature and might change at any time
✔ only scoped team conflict/cancel envelope passes transport for controller verification (40.428597ms)
✔ exact known team SQL rejection preserved; generic 400 and other RPC remain uncertain (6.9105ms)
✔ real SessionClient quota clears marker; ambiguous400 keeps it;403 clears roster (3.63434ms)
✔ youth programme validates exact bounded ages, places and actual listing (2.11939ms)
✔ enrolment requires explicit authority and consent without inferring age (0.573822ms)
✔ enrolment receipts bind guardian child programme and exact version (0.553965ms)
✔ attendance and instructor assignment receipts reject unrelated identity (2.059418ms)
✔ private operator response rejects another workspace or programme roster (0.595132ms)
✔ public catalogue rejects unrelated listing and private family rejects malformed records (0.410337ms)
(node:416823) [MODULE_TYPELESS_PACKAGE_JSON] Warning: Module type of file:///workspaces/zoi-city/.recovery/community-release/.recovery/native-owner-source-candidate/mobile/src/youthReadiness.ts is not specified and it doesn't parse as CommonJS.
Reparsing as ES module because module syntax was detected. This incurs a performance overhead.
To eliminate this warning, add "type": "module" to /workspaces/zoi-city/.recovery/community-release/.recovery/native-owner-source-candidate/mobile/package.json.
(Use `node --trace-warnings ...` to show where the warning was created)
✔ native Youth remains read-only without exact installed actor and guardian capability (1.29534ms)
✔ native organizer readiness additionally binds exact workspace and current role (0.257631ms)
(node:416824) [MODULE_TYPELESS_PACKAGE_JSON] Warning: Module type of file:///workspaces/zoi-city/.recovery/community-release/.recovery/native-owner-source-candidate/mobile/src/session.ts is not specified and it doesn't parse as CommonJS.
Reparsing as ES module because module syntax was detected. This incurs a performance overhead.
To eliminate this warning, add "type": "module" to /workspaces/zoi-city/.recovery/community-release/.recovery/native-owner-source-candidate/mobile/package.json.
(Use `node --trace-warnings ...` to show where the warning was created)
✔ actual SessionClient youth refresh account fences private dispatch/result (28.035445ms)
✔ actual SessionClient youth refresh workspace fences private dispatch/result (0.720446ms)
✔ actual SessionClient youth refresh unmount fences private dispatch/result (0.545058ms)
✔ actual SessionClient youth response account fences private dispatch/result (5.997504ms)
✔ actual SessionClient youth response workspace fences private dispatch/result (1.141252ms)
✔ actual SessionClient youth response unmount fences private dispatch/result (1.019906ms)
✔ same actor token rotation sends private request using freshly captured token (1.043098ms)
✔ private method cannot dispatch anonymously; denied status remains recognizable (0.4018ms)
✔ installed native capability binds internal guardian profile separately from Auth (0.275384ms)
ℹ tests 444
ℹ suites 0
ℹ pass 444
ℹ fail 0
ℹ cancelled 0
ℹ skipped 0
ℹ todo 0
ℹ duration_ms 1166.900835
