(node:396844) [MODULE_TYPELESS_PACKAGE_JSON] Warning: Module type of file:///workspaces/zoi-city/.recovery/community-release/.recovery/native-owner-source-candidate/mobile/src/businessOwner.ts is not specified and it doesn't parse as CommonJS.
Reparsing as ES module because module syntax was detected. This incurs a performance overhead.
To eliminate this warning, add "type": "module" to /workspaces/zoi-city/.recovery/community-release/.recovery/native-owner-source-candidate/mobile/package.json.
(Use `node --trace-warnings ...` to show where the warning was created)
✔ private snapshot rejects scope/version/base identity and does not mutate original source or menus (2.320605ms)
✔ changed website only uses real writer patch, leaves base clears and unknown menus/social shape untouched (0.448838ms)
✔ explicit website/photo/social clears are sent as owner choices, no duplicate imported fields (0.204562ms)
✔ URL validation rejects userinfo/javascript while unrelated malformed stored website remains untouched (0.348581ms)
✔ source panel uses exact shared held/import/owner clear policy (0.574924ms)
✔ choices require exact workspace and approved claims; malformed ownership not accepted (0.333062ms)
✔ receipt must prove current request/scope/version before accepting saved UI (0.497078ms)
✔ token refresh account switch prevents dispatch; late reply cannot become saved data (0.398444ms)
✔ fresh authority and existing snapshot surround the actual writer, replay uses exact immutable nonce (1.044411ms)
✔ role/current-listing refusal prevents writer and current authority is checked after awaits (0.722419ms)
✔ CAS conflict never fabricates success and no new nonce is generated by publication retry (0.340516ms)
✔ nonce-only interrupted marker survives remount, validates scope, stores no contact payload (0.706309ms)
✔ marker waits and current-account failures never dispatch or consume another workspace reference (0.236812ms)
(node:396847) [MODULE_TYPELESS_PACKAGE_JSON] Warning: Module type of file:///workspaces/zoi-city/.recovery/community-release/.recovery/native-owner-source-candidate/mobile/src/session.ts is not specified and it doesn't parse as CommonJS.
Reparsing as ES module because module syntax was detected. This incurs a performance overhead.
To eliminate this warning, add "type": "module" to /workspaces/zoi-city/.recovery/community-release/.recovery/native-owner-source-candidate/mobile/package.json.
(Use `node --trace-warnings ...` to show where the warning was created)
✔ actual owner authority HTTP400 preserves exact safe code and proves private state refusal (29.426493ms)
✔ generic HTTP400 and transient failures stay uncertain; no broad payload or code disclosure (1.37069ms)
✔ owner-only code retention does not alter other suites/auth/provider error handling (0.796688ms)
(node:396853) [MODULE_TYPELESS_PACKAGE_JSON] Warning: Module type of file:///workspaces/zoi-city/.recovery/community-release/.recovery/native-owner-source-candidate/mobile/src/session.ts is not specified and it doesn't parse as CommonJS.
Reparsing as ES module because module syntax was detected. This incurs a performance overhead.
To eliminate this warning, add "type": "module" to /workspaces/zoi-city/.recovery/community-release/.recovery/native-owner-source-candidate/mobile/package.json.
(Use `node --trace-warnings ...` to show where the warning was created)
✔ persists only refresh credential and restores by exchanging it (26.991835ms)
✔ expired concurrent API requests share one refresh and use renewed token (11.525532ms)
✔ invalid refresh removes stored credential and session (0.95846ms)
✔ transient refresh failure preserves credential for recovery (0.296374ms)
✔ sign-out clears device credentials even if revocation is offline (0.308185ms)
✔ in-flight sign-in cannot resurrect a signed-out account (0.731466ms)
✔ anonymous authenticated RPC is rejected without making a request (0.228477ms)
✔ application error envelopes cannot appear as publishing success (0.549777ms)
✔ server-rejected access token clears session without replaying mutation (0.713283ms)
✔ optimistic edit conflict is explained without replaying the write (0.722039ms)
✔ fetch transport uses global receiver required by browsers (0.415396ms)
✔ community validation errors remain actionable without treating them as password failures (0.655113ms)
ℹ tests 28
ℹ suites 0
ℹ pass 28
ℹ fail 0
ℹ cancelled 0
ℹ skipped 0
ℹ todo 0
ℹ duration_ms 171.512289
