(node:399895) ExperimentalWarning: stripTypeScriptTypes is an experimental feature and might change at any time
(Use `node --trace-warnings ...` to show where the warning was created)
✔ owner tool browser handoffs preserve explicit selected workspace with no token (2.448173ms)
✔ missing malformed and injected identities cannot fabricate a setup destination (0.439932ms)
(node:399899) [MODULE_TYPELESS_PACKAGE_JSON] Warning: Module type of file:///workspaces/zoi-city/.recovery/community-release/.recovery/native-owner-source-candidate/mobile/src/artistMusic.ts is not specified and it doesn't parse as CommonJS.
Reparsing as ES module because module syntax was detected. This incurs a performance overhead.
To eliminate this warning, add "type": "module" to /workspaces/zoi-city/.recovery/community-release/.recovery/native-owner-source-candidate/mobile/package.json.
(Use `node --trace-warnings ...` to show where the warning was created)
✔ reviewed catalogue binds identity and uses verified high-resolution photos (5.610943ms)
✔ unknown artist never inherits featured content (0.455721ms)
✔ provider links reject spoofed hosts unsafe schemes and credentials (0.359292ms)
✔ city validation supports Greek and NFKC without markup (8.319012ms)
✔ receipts bind artist request active state and expected version (0.793232ms)
✔ summary rejects subthreshold counts and wrong artist; mine preserves inactive rows (1.013553ms)
✔ interrupted authenticated interest retries identical persisted request, then withdrawal reads real server version (45.874056ms)
✔ native planner shares venue timezone and buffer boundaries (3.923871ms)
✔ native planner cannot accept another tenant or changed appointment preview (1.030474ms)
✔ native planner requires complete unique saved slots matching the preview (3.206871ms)
(node:399916) [MODULE_TYPELESS_PACKAGE_JSON] Warning: Module type of file:///workspaces/zoi-city/.recovery/community-release/.recovery/native-owner-source-candidate/mobile/src/backendReadiness.ts is not specified and it doesn't parse as CommonJS.
Reparsing as ES module because module syntax was detected. This incurs a performance overhead.
To eliminate this warning, add "type": "module" to /workspaces/zoi-city/.recovery/community-release/.recovery/native-owner-source-candidate/mobile/package.json.
(Use `node --trace-warnings ...` to show where the warning was created)
✔ verified guardian backend is enabled while unavailable integrations fail closed (3.22917ms)
✔ guardian release gate is backed by complete deployed RPC evidence (1.00097ms)
(node:399931) [MODULE_TYPELESS_PACKAGE_JSON] Warning: Module type of file:///workspaces/zoi-city/.recovery/community-release/.recovery/native-owner-source-candidate/mobile/src/booking.ts is not specified and it doesn't parse as CommonJS.
Reparsing as ES module because module syntax was detected. This incurs a performance overhead.
To eliminate this warning, add "type": "module" to /workspaces/zoi-city/.recovery/community-release/.recovery/native-owner-source-candidate/mobile/package.json.
(Use `node --trace-warnings ...` to show where the warning was created)
✔ booking receipts require exact idempotency request, slot and party (1.774415ms)
✔ retry receipt preserves terminal cancellation rather than inventing confirmation (0.243354ms)
✔ booking catalog refuses malformed times and unknown timezone (31.472235ms)
✔ venue times honor the venue timezone rather than device default (1.29539ms)
(node:399940) [MODULE_TYPELESS_PACKAGE_JSON] Warning: Module type of file:///workspaces/zoi-city/.recovery/community-release/.recovery/native-owner-source-candidate/mobile/src/bookingOperator.ts is not specified and it doesn't parse as CommonJS.
Reparsing as ES module because module syntax was detected. This incurs a performance overhead.
To eliminate this warning, add "type": "module" to /workspaces/zoi-city/.recovery/community-release/.recovery/native-owner-source-candidate/mobile/package.json.
(Use `node --trace-warnings ...` to show where the warning was created)
✔ operator mutation requires exact workspace and incremented version (1.687473ms)
✔ operator service decimal prices are exact minor units and bounded (0.477502ms)
✔ staff resource cannot silently admit a party (0.241922ms)
✔ schedule converts venue-local time and rejects both DST edge cases (26.959173ms)
✔ native reschedule uses venue-local range and rejects impossible calendar dates (36.144483ms)
✔ reschedule selection pins reviewed version and exact price (0.680501ms)
✔ move receipt requires same booking, expected version, reviewed time and no collected payment (2.250515ms)
(node:399960) [MODULE_TYPELESS_PACKAGE_JSON] Warning: Module type of file:///workspaces/zoi-city/.recovery/community-release/.recovery/native-owner-source-candidate/mobile/src/brand.ts is not specified and it doesn't parse as CommonJS.
Reparsing as ES module because module syntax was detected. This incurs a performance overhead.
To eliminate this warning, add "type": "module" to /workspaces/zoi-city/.recovery/community-release/.recovery/native-owner-source-candidate/mobile/package.json.
(Use `node --trace-warnings ...` to show where the warning was created)
✔ native shared body, subdued text and actions stay readable on every adopted surface (1.717639ms)
✔ native and web material colors share the same semantic values (6.384687ms)
(node:399961) [MODULE_TYPELESS_PACKAGE_JSON] Warning: Module type of file:///workspaces/zoi-city/.recovery/community-release/.recovery/native-owner-source-candidate/mobile/src/businessEdit.ts is not specified and it doesn't parse as CommonJS.
Reparsing as ES module because module syntax was detected. This incurs a performance overhead.
To eliminate this warning, add "type": "module" to /workspaces/zoi-city/.recovery/community-release/.recovery/native-owner-source-candidate/mobile/package.json.
(Use `node --trace-warnings ...` to show where the warning was created)
✔ only owned and explicitly approved claims can appear in business editor (2.561565ms)
✔ business edit preserves unknown social keys and explicit cleared fields (0.582889ms)
✔ business edit rejects unsafe replacement and ambiguous social payloads (0.633073ms)
(node:399964) [MODULE_TYPELESS_PACKAGE_JSON] Warning: Module type of file:///workspaces/zoi-city/.recovery/community-release/.recovery/native-owner-source-candidate/mobile/src/businessOwner.ts is not specified and it doesn't parse as CommonJS.
Reparsing as ES module because module syntax was detected. This incurs a performance overhead.
To eliminate this warning, add "type": "module" to /workspaces/zoi-city/.recovery/community-release/.recovery/native-owner-source-candidate/mobile/package.json.
(Use `node --trace-warnings ...` to show where the warning was created)
✔ private snapshot rejects scope/version/base identity and does not mutate original source or menus (12.486055ms)
✔ changed website only uses real writer patch, leaves base clears and unknown menus/social shape untouched (7.778011ms)
✔ explicit website/photo/social clears are sent as owner choices, no duplicate imported fields (2.410603ms)
✔ URL validation rejects userinfo/javascript while unrelated malformed stored website remains untouched (0.468074ms)
✔ source panel uses exact shared held/import/owner clear policy (0.953381ms)
✔ choices require exact workspace and approved claims; malformed ownership not accepted (0.481841ms)
✔ receipt must prove current request/scope/version before accepting saved UI (6.032752ms)
✔ token refresh account switch prevents dispatch; late reply cannot become saved data (0.629956ms)
✔ fresh authority and existing snapshot surround the actual writer, replay uses exact immutable nonce (5.787481ms)
✔ role/current-listing refusal prevents writer and current authority is checked after awaits (6.133709ms)
✔ CAS conflict never fabricates success and no new nonce is generated by publication retry (0.521394ms)
✔ nonce-only interrupted marker survives remount, validates scope, stores no contact payload (4.778246ms)
✔ marker waits and current-account failures never dispatch or consume another workspace reference (0.388596ms)
(node:399979) [MODULE_TYPELESS_PACKAGE_JSON] Warning: Module type of file:///workspaces/zoi-city/.recovery/community-release/.recovery/native-owner-source-candidate/mobile/src/session.ts is not specified and it doesn't parse as CommonJS.
Reparsing as ES module because module syntax was detected. This incurs a performance overhead.
To eliminate this warning, add "type": "module" to /workspaces/zoi-city/.recovery/community-release/.recovery/native-owner-source-candidate/mobile/package.json.
(Use `node --trace-warnings ...` to show where the warning was created)
✔ actual owner authority HTTP400 preserves exact safe code and proves private state refusal (83.350578ms)
✔ generic HTTP400 and transient failures stay uncertain; no broad payload or code disclosure (2.020474ms)
✔ owner-only code retention does not alter other suites/auth/provider error handling (1.266245ms)
(node:399982) [MODULE_TYPELESS_PACKAGE_JSON] Warning: Module type of file:///workspaces/zoi-city/.recovery/community-release/.recovery/native-owner-source-candidate/mobile/src/calendar.ts is not specified and it doesn't parse as CommonJS.
Reparsing as ES module because module syntax was detected. This incurs a performance overhead.
To eliminate this warning, add "type": "module" to /workspaces/zoi-city/.recovery/community-release/.recovery/native-owner-source-candidate/mobile/package.json.
(Use `node --trace-warnings ...` to show where the warning was created)
✔ calendar ranges reject impossible dates and bound exactly90 UTC days (7.559176ms)
✔ public calendar rejects private drafts and another listing (0.41238ms)
✔ workspace calendar rejects another tenant (0.361666ms)
✔ same calendar planner validates dates and exact saved receipt (35.758082ms)
✔ profile calendar/group actions require exact same-listing server paths (4.293347ms)
(node:400001) [MODULE_TYPELESS_PACKAGE_JSON] Warning: Module type of file:///workspaces/zoi-city/.recovery/community-release/.recovery/native-owner-source-candidate/mobile/src/commerce.ts is not specified and it doesn't parse as CommonJS.
Reparsing as ES module because module syntax was detected. This incurs a performance overhead.
To eliminate this warning, add "type": "module" to /workspaces/zoi-city/.recovery/community-release/.recovery/native-owner-source-candidate/mobile/package.json.
(Use `node --trace-warnings ...` to show where the warning was created)
✔ basket totals preserve decimal precision and separate currencies (2.567917ms)
✔ persisted basket rejects duplicate IDs and invalid quantities (1.293897ms)
✔ adding unavailable options or excessive aggregate quantities fails (0.808661ms)
✔ fresh checkout must match exact official cart and all quantities (1.299518ms)
✔ product imagery and deep links reject untrusted URLs and invalid identifiers (0.590072ms)
✔ native shared option cannot silently substitute another product variant (0.342399ms)
✔ malformed explicit native variant remains an explicit unresolved choice (0.271658ms)
✔ single default display metadata survives native basket mapping without changing provider title (0.721819ms)
(node:400003) [MODULE_TYPELESS_PACKAGE_JSON] Warning: Module type of file:///workspaces/zoi-city/.recovery/community-release/.recovery/native-owner-source-candidate/mobile/src/community.ts is not specified and it doesn't parse as CommonJS.
Reparsing as ES module because module syntax was detected. This incurs a performance overhead.
To eliminate this warning, add "type": "module" to /workspaces/zoi-city/.recovery/community-release/.recovery/native-owner-source-candidate/mobile/package.json.
(Use `node --trace-warnings ...` to show where the warning was created)
✔ visible reaction state comes from matching desired-state receipts only (1.731995ms)
✔ reply receipt is scoped to post and actual profile, not auth UUID (0.910531ms)
✔ public profile edits explicitly validate interests and chosen public fields (0.608306ms)
✔ feed preserves server snapshot and rejects a substituted mode (0.372195ms)
✔ recovered publication keeps original account, immutable request and actual receipt identity (4.509294ms)
(node:400009) [MODULE_TYPELESS_PACKAGE_JSON] Warning: Module type of file:///workspaces/zoi-city/.recovery/community-release/.recovery/native-owner-source-candidate/mobile/src/communityIntent.ts is not specified and it doesn't parse as CommonJS.
Reparsing as ES module because module syntax was detected. This incurs a performance overhead.
To eliminate this warning, add "type": "module" to /workspaces/zoi-city/.recovery/community-release/.recovery/native-owner-source-candidate/mobile/package.json.
(Use `node --trace-warnings ...` to show where the warning was created)
✔ sign-in retains question composer intent but cannot resume without an actor (2.158363ms)
✔ discussion return retains navigation and does not replay a reaction (0.316731ms)
✔ sign-in may retain public navigation but sign-out or account switch invalidates it (0.259264ms)
(node:400025) [MODULE_TYPELESS_PACKAGE_JSON] Warning: Module type of file:///workspaces/zoi-city/.recovery/community-release/.recovery/native-owner-source-candidate/mobile/src/communityMedia.ts is not specified and it doesn't parse as CommonJS.
Reparsing as ES module because module syntax was detected. This incurs a performance overhead.
To eliminate this warning, add "type": "module" to /workspaces/zoi-city/.recovery/community-release/.recovery/native-owner-source-candidate/mobile/package.json.
(Use `node --trace-warnings ...` to show where the warning was created)
✔ media selection validates actual bytes dimensions and video duration before transfer (1.83587ms)
✔ media URLs cannot execute scripts or expose embedded credentials (0.311552ms)
✔ offscreen background low-power reduced-motion and user pause all prevent autoplay (0.302485ms)
✔ upload receipt must match selected media type and a valid finalized identity (0.699897ms)
(node:400026) [MODULE_TYPELESS_PACKAGE_JSON] Warning: Module type of file:///workspaces/zoi-city/.recovery/community-release/.recovery/native-owner-source-candidate/mobile/src/companyConsole.ts is not specified and it doesn't parse as CommonJS.
Reparsing as ES module because module syntax was detected. This incurs a performance overhead.
To eliminate this warning, add "type": "module" to /workspaces/zoi-city/.recovery/community-release/.recovery/native-owner-source-candidate/mobile/package.json.
(Use `node --trace-warnings ...` to show where the warning was created)
✔ actual shared queue distinguishes cross-company urgency and selected company filters (5.838226ms)
✔ sparse and retired work does not create deadlines or company completion (51.422433ms)
✔ unknown assignee remains assigned, profile identity is not the signed-in actor (0.577489ms)
✔ queue rejects foreign saved scope (0.479515ms)
✔ queue rejects duplicate saved scope (0.318385ms)
✔ queue rejects invalid-data saved scope (0.249696ms)
✔ queue rejects missing-company saved scope (1.467161ms)
✔ Metro resolves only the exact shared Company CDN edge without altering packages or queries (701.552564ms)
(node:400032) [MODULE_TYPELESS_PACKAGE_JSON] Warning: Module type of file:///workspaces/zoi-city/.recovery/community-release/.recovery/native-owner-source-candidate/mobile/src/companyHandover.ts is not specified and it doesn't parse as CommonJS.
Reparsing as ES module because module syntax was detected. This incurs a performance overhead.
To eliminate this warning, add "type": "module" to /workspaces/zoi-city/.recovery/community-release/.recovery/native-owner-source-candidate/mobile/package.json.
(Use `node --trace-warnings ...` to show where the warning was created)
✔ reviewed selected-company JSON preserves nulls and versions, excludes foreign contacts and unqueried files (8.420902ms)
✔ authorized document metadata includes only saved company project IDs and current versions (2.177558ms)
✔ confirmation rejects changed version before handover (1.462291ms)
✔ confirmation rejects changed owner-clear before handover (1.075359ms)
✔ confirmation rejects changed assignment-clear before handover (1.341025ms)
✔ confirmation rejects changed contact-clear before handover (1.980199ms)
✔ confirmation rejects changed removed-company before handover (1.19899ms)
✔ confirmation rejects changed role before handover (0.67949ms)
✔ confirmation rejects changed document-version before handover (1.354861ms)
✔ private document review refuses viewer (0.63718ms)
✔ private document review refuses foreign (0.353972ms)
✔ private document review refuses duplicate (0.372556ms)
✔ private document review refuses missing-project (0.418372ms)
✔ viewer can review saved read-authorized records without accessing private files (2.726573ms)
✔ actual SessionClient handover fences token wait then account (39.687372ms)
✔ actual SessionClient handover fences token wait then workspace (3.3184ms)
✔ actual SessionClient handover fences token wait then unmount (0.854967ms)
✔ actual SessionClient handover fences records wait then account (24.609424ms)
✔ actual SessionClient handover fences records wait then workspace (2.868949ms)
✔ actual SessionClient handover fences records wait then unmount (1.048278ms)
✔ actual SessionClient handover fences documents wait then account (1.72365ms)
✔ actual SessionClient handover fences documents wait then workspace (5.516966ms)
✔ actual SessionClient handover fences documents wait then unmount (1.744549ms)
✔ temporary file cleanup is idempotent and removes the prior copy before replacement (0.435353ms)
✔ actual native handover adapter success protects ephemeral copy (0.707371ms)
✔ actual native handover adapter unavailable protects ephemeral copy (0.308997ms)
✔ actual native handover adapter share-failure protects ephemeral copy (0.361886ms)
✔ actual native handover adapter availability-scope-change protects ephemeral copy (0.247041ms)
✔ actual native handover adapter copy-scope-change protects ephemeral copy (0.42834ms)
✔ actual native handover adapter share-scope-change protects ephemeral copy (0.320018ms)
✔ actual native handover adapter changed-record protects ephemeral copy (0.307635ms)
(node:400046) [MODULE_TYPELESS_PACKAGE_JSON] Warning: Module type of file:///workspaces/zoi-city/.recovery/community-release/.recovery/native-owner-source-candidate/mobile/src/companyWorkspace.ts is not specified and it doesn't parse as CommonJS.
Reparsing as ES module because module syntax was detected. This incurs a performance overhead.
To eliminate this warning, add "type": "module" to /workspaces/zoi-city/.recovery/community-release/.recovery/native-owner-source-candidate/mobile/package.json.
(Use `node --trace-warnings ...` to show where the warning was created)
✔ native company aggregates exact active relationships without assuming member Auth identity (10.466072ms)
✔ company draft uses current company ID and existing persisted payload (0.683116ms)
✔ company source rejects foreign (1.628773ms)
✔ company source rejects archived (0.313575ms)
✔ company source rejects missing (0.454769ms)
✔ company source rejects duplicate (0.40123ms)
✔ archived linked project has no company return and archived work is omitted (0.396921ms)
✔ existing roles keep company edit distinct from project work (0.224078ms)
✔ actual SessionClient ignores held Company response after account (91.726409ms)
✔ actual SessionClient ignores held Company response after workspace (4.26682ms)
✔ actual SessionClient ignores held Company response after unmount (4.531626ms)
(node:400047) [MODULE_TYPELESS_PACKAGE_JSON] Warning: Module type of file:///workspaces/zoi-city/.recovery/community-release/.recovery/native-owner-source-candidate/mobile/src/creator.ts is not specified and it doesn't parse as CommonJS.
Reparsing as ES module because module syntax was detected. This incurs a performance overhead.
To eliminate this warning, add "type": "module" to /workspaces/zoi-city/.recovery/community-release/.recovery/native-owner-source-candidate/mobile/package.json.
(Use `node --trace-warnings ...` to show where the warning was created)
✔ bio preserves order and unpublished intent in exact server payload (2.407668ms)
✔ bio refuses truncation and unsafe links before save (6.856399ms)
✔ bio needs exact save receipt and never treats empty response as success (0.388316ms)
(node:400054) [MODULE_TYPELESS_PACKAGE_JSON] Warning: Module type of file:///workspaces/zoi-city/.recovery/community-release/.recovery/native-owner-source-candidate/mobile/src/creatorAccess.ts is not specified and it doesn't parse as CommonJS.
Reparsing as ES module because module syntax was detected. This incurs a performance overhead.
To eliminate this warning, add "type": "module" to /workspaces/zoi-city/.recovery/community-release/.recovery/native-owner-source-candidate/mobile/package.json.
(Use `node --trace-warnings ...` to show where the warning was created)
✔ authoritative creator denials invalidate private data for reads and writes (2.946204ms)
✔ temporary failure and creator read-only states retain draft and recovery state (0.724293ms)
✔ late denial from an unmounted or different actor cannot clear the current screen (0.494063ms)
✔ successful reads and confirmed writes remain unchanged (0.490537ms)
(node:400066) [MODULE_TYPELESS_PACKAGE_JSON] Warning: Module type of file:///workspaces/zoi-city/.recovery/community-release/.recovery/native-owner-source-candidate/mobile/src/creatorRecovery.ts is not specified and it doesn't parse as CommonJS.
Reparsing as ES module because module syntax was detected. This incurs a performance overhead.
To eliminate this warning, add "type": "module" to /workspaces/zoi-city/.recovery/community-release/.recovery/native-owner-source-candidate/mobile/package.json.
(Use `node --trace-warnings ...` to show where the warning was created)
✔ all seven actions execute through durable nonce-only wrapper and validate receipt (8.76247ms)
✔ lost response blocks replacement, exact retry retains immutable memory payload (1.663869ms)
✔ reload has no payload, missing receipt retains fence, cancellation requires exact proof (2.748415ms)
✔ permission denial drops private payload without deleting recovery reference (1.098642ms)
✔ storage failure, corrupt marker and late account change cannot permit dispatch or acknowledgement (1.188069ms)
✔ mismatched saved entity does not discard recovery reference (0.463626ms)
✔ account switch during persisted readback prevents dispatch (0.373387ms)
✔ readback failure after persistence retains marker and fences another send (0.812308ms)
(node:400067) [MODULE_TYPELESS_PACKAGE_JSON] Warning: Module type of file:///workspaces/zoi-city/.recovery/community-release/.recovery/native-owner-source-candidate/mobile/src/creatorStudio.ts is not specified and it doesn't parse as CommonJS.
Reparsing as ES module because module syntax was detected. This incurs a performance overhead.
To eliminate this warning, add "type": "module" to /workspaces/zoi-city/.recovery/community-release/.recovery/native-owner-source-candidate/mobile/package.json.
(Use `node --trace-warnings ...` to show where the warning was created)
✔ creator fee is explicit currency units converted to bounded minor units (3.41687ms)
✔ private drafts may be incomplete but sharing needs disclosures and deliverables (0.515954ms)
✔ customer detail rejects internal workspace records and audit data (0.596805ms)
✔ creator mutation receipts require matching workspace and decision request (1.240718ms)
✔ proof links remain explicit public HTTPS links and deliverables honor field limits (0.639424ms)
(node:400077) [MODULE_TYPELESS_PACKAGE_JSON] Warning: Module type of file:///workspaces/zoi-city/.recovery/community-release/.recovery/native-owner-source-candidate/mobile/src/discovery.ts is not specified and it doesn't parse as CommonJS.
Reparsing as ES module because module syntax was detected. This incurs a performance overhead.
To eliminate this warning, add "type": "module" to /workspaces/zoi-city/.recovery/community-release/.recovery/native-owner-source-candidate/mobile/package.json.
(Use `node --trace-warnings ...` to show where the warning was created)
✔ saved home applies only to default browsing, global search and temporary city do not overwrite it (1.87908ms)
✔ authoritative preference receipt supports explicit clears and sparse account; malformed receipt refused (0.917284ms)
✔ scope inputs literal and public rows must match chosen city/country/current identity (0.764889ms)
✔ coarse, missing, fake centroids and conflicted street coordinates never become precise pins (1.626379ms)
✔ fresh selected entity must match exact current slug/id and public visibility (0.524109ms)
✔ Directions uses actual same-record reviewed receipt, current address, or explicit provider name search (0.61029ms)
✔ native discovery/map public links carry explicit intent and canonical place without touching home (1.26838ms)
✔ native viewport clusters count real pins, hide coarse points and split with zoom without jitter (0.70638ms)
(node:400095) [MODULE_TYPELESS_PACKAGE_JSON] Warning: Module type of file:///workspaces/zoi-city/.recovery/community-release/.recovery/native-owner-source-candidate/mobile/src/discoveryMedia.ts is not specified and it doesn't parse as CommonJS.
Reparsing as ES module because module syntax was detected. This incurs a performance overhead.
To eliminate this warning, add "type": "module" to /workspaces/zoi-city/.recovery/community-release/.recovery/native-owner-source-candidate/mobile/package.json.
(Use `node --trace-warnings ...` to show where the warning was created)
✔ actual public Signature null SQL photo uses exact shared reviewed media on card and selected home (7.43529ms)
✔ owner photo edit and explicit null clear follow shared model on both bounded and full entities (4.059484ms)
✔ owner website edit and clears remove old reviewed imagery without a native override (0.516565ms)
✔ raw profile hero clear and owner all-media clear remain explicit (0.573321ms)
✔ association/quarantined source cannot regain curated media through native (0.322883ms)
✔ sparse, unsafe and failed roles do not infer a photo or leak raw fields (0.355184ms)
✔ official logo-only identity uses model fit and backdrop; poster keeps full aspect (0.696812ms)
✔ gallery-only or interface artwork cannot become native hero (0.668359ms)
✔ legacy selected logo and sparse selected photo preserve fallback semantics (0.523378ms)
(node:400096) [MODULE_TYPELESS_PACKAGE_JSON] Warning: Module type of file:///workspaces/zoi-city/.recovery/community-release/.recovery/native-owner-source-candidate/mobile/src/discoveryScope.ts is not specified and it doesn't parse as CommonJS.
Reparsing as ES module because module syntax was detected. This incurs a performance overhead.
To eliminate this warning, add "type": "module" to /workspaces/zoi-city/.recovery/community-release/.recovery/native-owner-source-candidate/mobile/package.json.
(Use `node --trace-warnings ...` to show where the warning was created)
✔ community_me refresh account (43.458553ms)
✔ community_me refresh unmount (0.974671ms)
✔ community_me refresh unchanged (1.285882ms)
✔ community_me response account (13.815409ms)
✔ community_me response unmount (1.345553ms)
✔ community_me response unchanged (2.677556ms)
✔ community_preferences_save refresh account (0.707101ms)
✔ community_preferences_save refresh unmount (0.677676ms)
✔ community_preferences_save refresh unchanged (1.083655ms)
✔ community_preferences_save response account (5.773476ms)
✔ community_preferences_save response unmount (3.171735ms)
✔ community_preferences_save response unchanged (0.988727ms)
✔ no unknown mutations or malformed preference versions dispatch (0.482842ms)
(node:400108) [MODULE_TYPELESS_PACKAGE_JSON] Warning: Module type of file:///workspaces/zoi-city/.recovery/community-release/.recovery/native-owner-source-candidate/mobile/src/documentScope.ts is not specified and it doesn't parse as CommonJS.
Reparsing as ES module because module syntax was detected. This incurs a performance overhead.
To eliminate this warning, add "type": "module" to /workspaces/zoi-city/.recovery/community-release/.recovery/native-owner-source-candidate/mobile/package.json.
(Use `node --trace-warnings ...` to show where the warning was created)
✔ actual SessionClient private documents refresh actor (48.457616ms)
✔ actual SessionClient private documents refresh workspace (1.061023ms)
✔ actual SessionClient private documents refresh project (1.077312ms)
✔ actual SessionClient private documents refresh unmount (0.904811ms)
✔ actual SessionClient private documents refresh unchanged (1.979788ms)
✔ actual SessionClient private documents response actor (12.595681ms)
✔ actual SessionClient private documents response workspace (1.131684ms)
✔ actual SessionClient private documents response project (3.633908ms)
✔ actual SessionClient private documents response unmount (2.2162ms)
✔ actual SessionClient private documents response unchanged (1.533835ms)
✔ private document RPC refuses malformed scopes, unknown writers and foreign workspace before dispatch (0.666936ms)
(node:400111) [MODULE_TYPELESS_PACKAGE_JSON] Warning: Module type of file:///workspaces/zoi-city/.recovery/community-release/.recovery/native-owner-source-candidate/mobile/src/documents.ts is not specified and it doesn't parse as CommonJS.
Reparsing as ES module because module syntax was detected. This incurs a performance overhead.
To eliminate this warning, add "type": "module" to /workspaces/zoi-city/.recovery/community-release/.recovery/native-owner-source-candidate/mobile/package.json.
(Use `node --trace-warnings ...` to show where the warning was created)
✔ private upload receipt requires workspace, document identity and ready version (1.978165ms)
✔ private attachment requires no-store, attachment headers, correct type and exact bounded size (67.019514ms)
✔ native document selection uses same metadata limits as server (0.678758ms)
(node:400125) [MODULE_TYPELESS_PACKAGE_JSON] Warning: Module type of file:///workspaces/zoi-city/.recovery/community-release/.recovery/native-owner-source-candidate/mobile/src/drafts.ts is not specified and it doesn't parse as CommonJS.
Reparsing as ES module because module syntax was detected. This incurs a performance overhead.
To eliminate this warning, add "type": "module" to /workspaces/zoi-city/.recovery/community-release/.recovery/native-owner-source-candidate/mobile/package.json.
(Use `node --trace-warnings ...` to show where the warning was created)
✔ sign-out removal waits for in-flight draft save and prevents queued resurrection (9.677058ms)
✔ switching account blocks previous account queued draft writes (0.538085ms)
✔ publishing requires explicit success and real UUID receipt (0.367576ms)
✔ native map labels share exact source geometry and boundedpreferences (4.133101ms)
✔ native prepared note shares same nontransactional contract (6.22504ms)
(node:400143) ExperimentalWarning: stripTypeScriptTypes is an experimental feature and might change at any time
(Use `node --trace-warnings ...` to show where the warning was created)
✔ guest link carries only canonical selected event, never credentials (3.692398ms)
✔ organiser handoff validates exact selected workspace and event with fresh authority (5.870357ms)
✔ viewer, missing, duplicate and malformed memberships cannot produce operator link (0.848235ms)
✔ selected workspace never falls back to first membership (4.606796ms)
✔ wrong event and denied operator proof cannot open a link (3.200379ms)
✔ late account/workspace switches fence membership and operator responses (29.985087ms)
(node:400145) [MODULE_TYPELESS_PACKAGE_JSON] Warning: Module type of file:///workspaces/zoi-city/.recovery/community-release/.recovery/native-owner-source-candidate/mobile/src/session.ts is not specified and it doesn't parse as CommonJS.
Reparsing as ES module because module syntax was detected. This incurs a performance overhead.
To eliminate this warning, add "type": "module" to /workspaces/zoi-city/.recovery/community-release/.recovery/native-owner-source-candidate/mobile/package.json.
(Use `node --trace-warnings ...` to show where the warning was created)
✔ actual session refresh preserves exact authorised event/workspace without credentials in link (44.033411ms)
✔ held actual refresh refuses private send after workspace switch (1.570514ms)
✔ held actual refresh refuses private send after actor switch (0.965394ms)
✔ late private response is refused after scope change (13.465225ms)
✔ invalid actor, guest, lost scope and unsupported RPC refuse dispatch (0.625609ms)
✔ refresh rejection never dispatches private proof (0.342049ms)
(node:400149) [MODULE_TYPELESS_PACKAGE_JSON] Warning: Module type of file:///workspaces/zoi-city/.recovery/community-release/.recovery/native-owner-source-candidate/mobile/src/eventPlanner.ts is not specified and it doesn't parse as CommonJS.
Reparsing as ES module because module syntax was detected. This incurs a performance overhead.
To eliminate this warning, add "type": "module" to /workspaces/zoi-city/.recovery/community-release/.recovery/native-owner-source-candidate/mobile/package.json.
(Use `node --trace-warnings ...` to show where the warning was created)
✔ event plans preserve private notes and reject invalid quantities (26.18623ms)
✔ recovery never substitutes profile or plan version (0.682906ms)
✔ current booking reads cannot import foreign private plans (0.431626ms)
✔ resource units enforce one performer, bounded venue guests and equipment units (0.581276ms)
(node:400153) [MODULE_TYPELESS_PACKAGE_JSON] Warning: Module type of file:///workspaces/zoi-city/.recovery/community-release/.recovery/native-owner-source-candidate/mobile/src/festival.ts is not specified and it doesn't parse as CommonJS.
Reparsing as ES module because module syntax was detected. This incurs a performance overhead.
To eliminate this warning, add "type": "module" to /workspaces/zoi-city/.recovery/community-release/.recovery/native-owner-source-candidate/mobile/package.json.
(Use `node --trace-warnings ...` to show where the warning was created)
✔ application ignores client prices and validates contact and units (1.98607ms)
✔ commercial offers use exact cents and bounded benefit lines (23.731073ms)
✔ application receipt requires correct actor tenant enquiry and version (0.485337ms)
✔ private pages reject foreign records and invalid pagination (0.342269ms)
✔ public offer action only uses exact matching host UUID (1.995838ms)
(node:400175) [MODULE_TYPELESS_PACKAGE_JSON] Warning: Module type of file:///workspaces/zoi-city/.recovery/community-release/.recovery/native-owner-source-candidate/mobile/src/generalReservation.ts is not specified and it doesn't parse as CommonJS.
Reparsing as ES module because module syntax was detected. This incurs a performance overhead.
To eliminate this warning, add "type": "module" to /workspaces/zoi-city/.recovery/community-release/.recovery/native-owner-source-candidate/mobile/package.json.
(Use `node --trace-warnings ...` to show where the warning was created)
✔ interrupted reservation remains blocked after remount and across tier changes, scoped to actor and event (6.84637ms)
✔ only exact confirmed free receipt clears original attempt; malformed and stale confirmations preserve warning (3.55438ms)
✔ storage failure and account change stop request preparation before network action (0.531052ms)
✔ new request recovery accepts only exact nonce/event/tier/quantity receipt, with no contact storage (7.066341ms)
✔ legacy saved requests cannot be upgraded to once protocol, and malformed recovery never clears warning (0.590112ms)
✔ recovered creation receipt cannot imply active ticket after cancellation or closed event (0.331248ms)
✔ signing in cannot bypass an unresolved guest reservation or reuse its nonce as an account request (0.621261ms)
✔ confirmed nonce reference survives reopening without contacts and never claims cached ticket status (0.758938ms)
✔ confirmed references cap at five, expire after one year, and storage failure preserves unresolved warning (2.50514ms)
✔ member state accepts closed group with own history but rejects unrelated membership (1.714673ms)
✔ membership decisions validate tenant identity and exact increment (0.443899ms)
✔ attendance receipt binds event membership and status (0.453657ms)
✔ membership settings cannot cross workspace or skip version (0.304548ms)
(node:400198) [MODULE_TYPELESS_PACKAGE_JSON] Warning: Module type of file:///workspaces/zoi-city/.recovery/community-release/.recovery/native-owner-source-candidate/mobile/src/inquiries.ts is not specified and it doesn't parse as CommonJS.
Reparsing as ES module because module syntax was detected. This incurs a performance overhead.
To eliminate this warning, add "type": "module" to /workspaces/zoi-city/.recovery/community-release/.recovery/native-owner-source-candidate/mobile/package.json.
(Use `node --trace-warnings ...` to show where the warning was created)
✔ enquiry start validates actor listing and immutable request payload (1.93203ms)
✔ reply requires exact author thread request and body receipt (3.803736ms)
✔ thread read guards workspace message identity and readonly contract (0.535601ms)
✔ enquiry inputs reject invalid IDs and oversized empty messages (0.334856ms)
(node:400208) [MODULE_TYPELESS_PACKAGE_JSON] Warning: Module type of file:///workspaces/zoi-city/.recovery/community-release/.recovery/native-owner-source-candidate/mobile/src/privateRequests.ts is not specified and it doesn't parse as CommonJS.
Reparsing as ES module because module syntax was detected. This incurs a performance overhead.
To eliminate this warning, add "type": "module" to /workspaces/zoi-city/.recovery/community-release/.recovery/native-owner-source-candidate/mobile/package.json.
(Use `node --trace-warnings ...` to show where the warning was created)
✔ restart restores nonce-only metadata and prevents replacement (5.450162ms)
✔ A to B to A protects and preserves original marker (3.950571ms)
✔ SecureStore failure and silent adapter failure prevent dispatch (1.95331ms)
✔ receipt requires exact nonce kind and target; notfound is not cancellation (0.541331ms)
✔ failed recovery keeps marker until confirmed cancellation acknowledgement (4.807752ms)
✔ corrupt active null prevents a replacement inquiry nonce (0.499322ms)
(node:400212) [MODULE_TYPELESS_PACKAGE_JSON] Warning: Module type of file:///workspaces/zoi-city/.recovery/community-release/.recovery/native-owner-source-candidate/mobile/src/memberStart.ts is not specified and it doesn't parse as CommonJS.
Reparsing as ES module because module syntax was detected. This incurs a performance overhead.
To eliminate this warning, add "type": "module" to /workspaces/zoi-city/.recovery/community-release/.recovery/native-owner-source-candidate/mobile/package.json.
(Use `node --trace-warnings ...` to show where the warning was created)
✔ server profile identity includes no-deadline assignment and excludes Auth UUID assignment (14.238931ms)
✔ reject ambiguous member scope role (5.153047ms)
✔ reject ambiguous member scope workspace (0.17696ms)
✔ reject ambiguous member scope profile (2.696427ms)
✔ reject ambiguous member scope record (0.243736ms)
✔ actual token refresh fences workspace_team_get actor (99.643319ms)
✔ actual token refresh fences workspace_team_get workspace (7.398802ms)
✔ actual token refresh fences workspace_team_get unmount (1.185365ms)
✔ actual token refresh fences workspace_team_get rotation (2.896641ms)
✔ actual token refresh fences ops_records_list actor (0.89407ms)
✔ actual token refresh fences ops_records_list workspace (0.609468ms)
✔ actual token refresh fences ops_records_list unmount (0.515123ms)
✔ actual token refresh fences ops_records_list rotation (3.922869ms)
✔ actual token refresh fences social_list_posts actor (0.558093ms)
✔ actual token refresh fences social_list_posts workspace (2.685326ms)
✔ actual token refresh fences social_list_posts unmount (3.802263ms)
✔ actual token refresh fences social_list_posts rotation (0.844548ms)
✔ actual token refresh fences booking_operator_list actor (0.344033ms)
✔ actual token refresh fences booking_operator_list workspace (0.309588ms)
✔ actual token refresh fences booking_operator_list unmount (3.625504ms)
✔ actual token refresh fences booking_operator_list rotation (2.799049ms)
✔ held actual response rejects retired actor (48.07399ms)
✔ held actual response rejects retired workspace (11.462965ms)
✔ held actual response rejects retired unmount (0.87232ms)
✔ wrong workspace argument never dispatches (0.353371ms)
(node:400226) [MODULE_TYPELESS_PACKAGE_JSON] Warning: Module type of file:///workspaces/zoi-city/.recovery/community-release/.recovery/native-owner-source-candidate/mobile/src/music.ts is not specified and it doesn't parse as CommonJS.
Reparsing as ES module because module syntax was detected. This incurs a performance overhead.
To eliminate this warning, add "type": "module" to /workspaces/zoi-city/.recovery/community-release/.recovery/native-owner-source-candidate/mobile/package.json.
(Use `node --trace-warnings ...` to show where the warning was created)
✔ music prefill honors explicit cleared flat fields over old nested aliases (1.486316ms)
✔ music clearing sends null and leaves unrelated owner fields untouched (1.54202ms)
✔ music validation rejects unsafe links and impossible dates (1.17217ms)
(node:400233) [MODULE_TYPELESS_PACKAGE_JSON] Warning: Module type of file:///workspaces/zoi-city/.recovery/community-release/.recovery/native-owner-source-candidate/mobile/src/nativeParea.ts is not specified and it doesn't parse as CommonJS.
Reparsing as ES module because module syntax was detected. This incurs a performance overhead.
To eliminate this warning, add "type": "module" to /workspaces/zoi-city/.recovery/community-release/.recovery/native-owner-source-candidate/mobile/package.json.
(Use `node --trace-warnings ...` to show where the warning was created)
✔ whole-ticket 3/1/5 plan leaves one unassigned and keeps exact individual prices (37.028816ms)
✔ fractional, duplicate, excess and expired plans do not become invitations (1.114311ms)
✔ only current unclaimed guest version can rotate link without extra quota (0.567891ms)
✔ guest choices require current event, explicit deadline proof and unpaid policy version (4.538749ms)
(node:400245) [MODULE_TYPELESS_PACKAGE_JSON] Warning: Module type of file:///workspaces/zoi-city/.recovery/community-release/.recovery/native-owner-source-candidate/mobile/src/nativePareaClient.ts is not specified and it doesn't parse as CommonJS.
Reparsing as ES module because module syntax was detected. This incurs a performance overhead.
To eliminate this warning, add "type": "module" to /workspaces/zoi-city/.recovery/community-release/.recovery/native-owner-source-candidate/mobile/package.json.
(Use `node --trace-warnings ...` to show where the warning was created)
✔ event_host_guest_save refresh account (68.945228ms)
✔ event_host_guest_save refresh unmount (5.235641ms)
✔ event_host_guest_save refresh unchanged (4.622527ms)
✔ event_host_guest_save response account (1.372915ms)
✔ event_host_guest_save response unmount (1.161289ms)
✔ event_host_guest_save response unchanged (0.938373ms)
✔ event_host_claim refresh account (3.790993ms)
✔ event_host_claim refresh unmount (2.968205ms)
✔ event_host_claim refresh unchanged (8.329991ms)
✔ event_host_claim response account (3.962102ms)
✔ event_host_claim response unmount (1.937609ms)
✔ event_host_claim response unchanged (0.800706ms)
✔ event_guest_payment_choose refresh account (3.111633ms)
✔ event_guest_payment_choose refresh unmount (3.710742ms)
✔ event_guest_payment_choose refresh unchanged (1.692963ms)
✔ event_guest_payment_choose response account (2.256065ms)
✔ event_guest_payment_choose response unmount (0.903989ms)
✔ event_guest_payment_choose response unchanged (3.265099ms)
✔ actual shared host client persists nonce before dispatch, loss retries same request and token (4.527919ms)
✔ remount cannot retry bearer args, exact missing-result cancellation settles before new request (1.219869ms)
✔ no token or RPC dispatch if durable storage has failed (0.654162ms)
✔ native host never depends on browser structuredClone and rejects non-JSON mutation data (0.917614ms)
✔ durable clear failure blocks new writes until exact storage operation is confirmed (0.773926ms)
(node:400253) [MODULE_TYPELESS_PACKAGE_JSON] Warning: Module type of file:///workspaces/zoi-city/.recovery/community-release/.recovery/native-owner-source-candidate/mobile/src/nativePareaRecovery.ts is not specified and it doesn't parse as CommonJS.
Reparsing as ES module because module syntax was detected. This incurs a performance overhead.
To eliminate this warning, add "type": "module" to /workspaces/zoi-city/.recovery/community-release/.recovery/native-owner-source-candidate/mobile/package.json.
(Use `node --trace-warnings ...` to show where the warning was created)
✔ nonce-only durable reference restores in exact account/event and contains no bearer or labels (2.70855ms)
✔ private capabilities and unexpected stored fields fail closed before writes (1.007122ms)
✔ failed persistence retains same queued reference until confirmed, then durable clear (0.729623ms)
✔ account/view invalidation after storage await keeps recovery reference but rejects stale continuation (0.924087ms)
✔ payment recovery includes exact guest/version/method/request only (1.521924ms)
(node:400260) [MODULE_TYPELESS_PACKAGE_JSON] Warning: Module type of file:///workspaces/zoi-city/.recovery/community-release/.recovery/native-owner-source-candidate/mobile/src/profile.ts is not specified and it doesn't parse as CommonJS.
Reparsing as ES module because module syntax was detected. This incurs a performance overhead.
To eliminate this warning, add "type": "module" to /workspaces/zoi-city/.recovery/community-release/.recovery/native-owner-source-candidate/mobile/package.json.
(Use `node --trace-warnings ...` to show where the warning was created)
✔ native outward action suppresses held source defaults and imported fallback for every family (7.583607ms)
✔ native published website edits and null/empty clears retain web authority despite stale source holds (4.059484ms)
(node:400269) [MODULE_TYPELESS_PACKAGE_JSON] Warning: Module type of file:///workspaces/zoi-city/.recovery/community-release/.recovery/native-owner-source-candidate/mobile/src/operations.ts is not specified and it doesn't parse as CommonJS.
Reparsing as ES module because module syntax was detected. This incurs a performance overhead.
To eliminate this warning, add "type": "module" to /workspaces/zoi-city/.recovery/community-release/.recovery/native-owner-source-candidate/mobile/package.json.
(Use `node --trace-warnings ...` to show where the warning was created)
✔ save receipts require correct workspace, identity and incremented version (10.20422ms)
✔ editor can edit contacts/projects/tasks but not company records; viewers cannot write (0.309408ms)
✔ full-form edits preserve custom existing data and explicitly clear relations (6.112228ms)
✔ invalid deadline and blank title fail before sending (0.440703ms)
✔ projects require company and tasks require project before sending (0.642831ms)
✔ unicode payload byte limit is enforced before sending (11.27866ms)
✔ unmodified deadline preserves its exact timestamp (3.945631ms)
✔ new company has valid default sector and cannot submit blank sector (0.386963ms)
(node:400277) [MODULE_TYPELESS_PACKAGE_JSON] Warning: Module type of file:///workspaces/zoi-city/.recovery/community-release/.recovery/native-owner-source-candidate/mobile/src/organizationWorkflow.ts is not specified and it doesn't parse as CommonJS.
Reparsing as ES module because module syntax was detected. This incurs a performance overhead.
To eliminate this warning, add "type": "module" to /workspaces/zoi-city/.recovery/community-release/.recovery/native-owner-source-candidate/mobile/package.json.
(Use `node --trace-warnings ...` to show where the warning was created)
✔ contextual native drafts preserve saved relationships and real writer payload (2.811933ms)
✔ project browser handoff fresh role owner (0.487782ms)
✔ project browser handoff fresh role admin (0.127989ms)
✔ project browser handoff fresh role editor (0.117509ms)
✔ project browser handoff fresh role viewer (0.572008ms)
✔ reject missing project context (0.346487ms)
✔ reject archived project context (0.225751ms)
✔ reject duplicate project context (0.233266ms)
✔ reject foreign project context (0.374119ms)
✔ reject scope project context (0.387934ms)
✔ actual SessionClient held refresh actor (52.357512ms)
✔ actual SessionClient held refresh workspace (1.529557ms)
✔ actual SessionClient held refresh unchanged (1.149547ms)
(node:400278) [MODULE_TYPELESS_PACKAGE_JSON] Warning: Module type of file:///workspaces/zoi-city/.recovery/community-release/.recovery/native-owner-source-candidate/mobile/src/ownerEditorHandoff.ts is not specified and it doesn't parse as CommonJS.
Reparsing as ES module because module syntax was detected. This incurs a performance overhead.
To eliminate this warning, add "type": "module" to /workspaces/zoi-city/.recovery/community-release/.recovery/native-owner-source-candidate/mobile/package.json.
(Use `node --trace-warnings ...` to show where the warning was created)
✔ fresh authorization opens only fixed browser editor, with exact authorized listing and without credentials (17.698464ms)
✔ account or workspace switch during authorization never opens browser (0.37497ms)
✔ invalid identity, denied access and mismatched receipts never open browser (10.494395ms)
✔ revoked or failed authorization surfaces failure without opening (0.702442ms)
(node:400290) ExperimentalWarning: stripTypeScriptTypes is an experimental feature and might change at any time
(Use `node --trace-warnings ...` to show where the warning was created)
✔ private link exact canonical event and opaque fragment only (9.453651ms)
✔ current own group counts whole-ticket quantities and expires without paid inference (2.72471ms)
✔ recipient preview rejects expired, cross-event, missing no-payment envelope and malformed amounts (0.526834ms)
✔ own reader binds list and detail IDs and profile distinct from Auth UUID (4.102815ms)
✔ refresh/response scope changes prevent private request or result use (0.628564ms)
(node:400296) [MODULE_TYPELESS_PACKAGE_JSON] Warning: Module type of file:///workspaces/zoi-city/.recovery/community-release/.recovery/native-owner-source-candidate/mobile/src/placeNavigation.ts is not specified and it doesn't parse as CommonJS.
Reparsing as ES module because module syntax was detected. This incurs a performance overhead.
To eliminate this warning, add "type": "module" to /workspaces/zoi-city/.recovery/community-release/.recovery/native-owner-source-candidate/mobile/package.json.
(Use `node --trace-warnings ...` to show where the warning was created)
✔ current public slug wins over stale unhashed artist SEO path (4.758329ms)
✔ fallback permits only internal profile routes (1.421646ms)
(node:400299) [MODULE_TYPELESS_PACKAGE_JSON] Warning: Module type of file:///workspaces/zoi-city/.recovery/community-release/.recovery/native-owner-source-candidate/mobile/src/privateRequests.ts is not specified and it doesn't parse as CommonJS.
Reparsing as ES module because module syntax was detected. This incurs a performance overhead.
To eliminate this warning, add "type": "module" to /workspaces/zoi-city/.recovery/community-release/.recovery/native-owner-source-candidate/mobile/package.json.
(Use `node --trace-warnings ...` to show where the warning was created)
✔ private recovery stores exact Unicode across bounded secure chunks (23.368846ms)
✔ account switch cannot read or save another account’s private request (3.980757ms)
✔ sign-out cleanup runs after queued writes and removes every chunk (6.471599ms)
✔ incomplete persistence is never mistaken for a retryable request (8.585579ms)
✔ cleanup failure cannot roll back a committed recovery request (4.64082ms)
✔ separate workflows keep distinct encrypted recovery namespaces (1.235798ms)
✔ failed storage cleanup retains a discoverable manifest until explicit cleanup succeeds (1.968678ms)
✔ non-null malformed manifests never masquerade as no pending request (1.625586ms)
✔ valid active-null pending manifest remains interrupted, not empty (1.063918ms)
✔ an active null payload is corruption rather than no pending request (0.877779ms)
(node:400312) [MODULE_TYPELESS_PACKAGE_JSON] Warning: Module type of file:///workspaces/zoi-city/.recovery/community-release/.recovery/native-owner-source-candidate/mobile/src/profile.ts is not specified and it doesn't parse as CommonJS.
Reparsing as ES module because module syntax was detected. This incurs a performance overhead.
To eliminate this warning, add "type": "module" to /workspaces/zoi-city/.recovery/community-release/.recovery/native-owner-source-candidate/mobile/package.json.
(Use `node --trace-warnings ...` to show where the warning was created)
✔ profile gives owner fields priority, merges actual socials and labels enrichment (6.233886ms)
✔ profile never fabricates verification or ratings from owner data (0.657828ms)
✔ profile rejects unsafe external schemes and credentials (0.427909ms)
✔ missing entity is absent, not invented profile (0.51385ms)
✔ profile actions require exact server routes and matching booking listing (1.650142ms)
✔ private enquiry entry requires server invitation for this same listing (1.058086ms)
✔ profile photos preserve wide logos, portraits and small artwork (0.464928ms)
✔ image loading supports native source dimensions and web natural dimensions (0.295913ms)
✔ native uses shared phone validity and authoritative owner clear (1.46685ms)
✔ native machine social syntax and exact publisher identity match web while owner links survive (2.641564ms)
✔ native Fournos chain root contacts cannot replace branch base or explicit owner values (1.467621ms)
(node:400313) [MODULE_TYPELESS_PACKAGE_JSON] Warning: Module type of file:///workspaces/zoi-city/.recovery/community-release/.recovery/native-owner-source-candidate/mobile/src/seating.ts is not specified and it doesn't parse as CommonJS.
Reparsing as ES module because module syntax was detected. This incurs a performance overhead.
To eliminate this warning, add "type": "module" to /workspaces/zoi-city/.recovery/community-release/.recovery/native-owner-source-candidate/mobile/package.json.
(Use `node --trace-warnings ...` to show where the warning was created)
✔ hold requires exact requested seats and confirmed receipt (1.97512ms)
✔ free confirmation rejects payment, quantity, seat and hold mismatches (0.46562ms)
✔ foreground status restores exact hold and validates cancellation (0.927142ms)
✔ countdown accounts for server clock and clamps expired holds (0.306282ms)
✔ missing inventory stays unavailable and malformed maps never invent seats (0.56203ms)
✔ seat inventory uses actual geometry and rejects unsafe bigint IDs or unknown state (1.304808ms)
(node:400316) [MODULE_TYPELESS_PACKAGE_JSON] Warning: Module type of file:///workspaces/zoi-city/.recovery/community-release/.recovery/native-owner-source-candidate/mobile/src/session.ts is not specified and it doesn't parse as CommonJS.
Reparsing as ES module because module syntax was detected. This incurs a performance overhead.
To eliminate this warning, add "type": "module" to /workspaces/zoi-city/.recovery/community-release/.recovery/native-owner-source-candidate/mobile/package.json.
(Use `node --trace-warnings ...` to show where the warning was created)
✔ persists only refresh credential and restores by exchanging it (102.886617ms)
✔ expired concurrent API requests share one refresh and use renewed token (18.095986ms)
✔ invalid refresh removes stored credential and session (3.266873ms)
✔ transient refresh failure preserves credential for recovery (0.447847ms)
✔ sign-out clears device credentials even if revocation is offline (2.612641ms)
✔ in-flight sign-in cannot resurrect a signed-out account (2.63365ms)
✔ anonymous authenticated RPC is rejected without making a request (0.971946ms)
✔ application error envelopes cannot appear as publishing success (1.124982ms)
✔ server-rejected access token clears session without replaying mutation (6.490375ms)
✔ optimistic edit conflict is explained without replaying the write (4.485559ms)
✔ fetch transport uses global receiver required by browsers (0.589692ms)
✔ community validation errors remain actionable without treating them as password failures (0.96875ms)
(node:400324) [MODULE_TYPELESS_PACKAGE_JSON] Warning: Module type of file:///workspaces/zoi-city/.recovery/community-release/.recovery/native-owner-source-candidate/mobile/src/profile.ts is not specified and it doesn't parse as CommonJS.
Reparsing as ES module because module syntax was detected. This incurs a performance overhead.
To eliminate this warning, add "type": "module" to /workspaces/zoi-city/.recovery/community-release/.recovery/native-owner-source-candidate/mobile/package.json.
(Use `node --trace-warnings ...` to show where the warning was created)
✔ native public profile excludes held imported identity/contact/media/social without changing base facts (10.16007ms)
✔ native sparse held profile has no foreign fallback (3.729798ms)
✔ native owner profile edits and explicit phone/social/image clears win while wrong source stays held (0.792691ms)
✔ native actual Cafe Boulis profile no longer offers the held foreign tagline (0.82945ms)
✔ native retained receipt timestamps/classification/conflict do not become visible imported fields or enrichment note (0.399416ms)
(node:400339) [MODULE_TYPELESS_PACKAGE_JSON] Warning: Module type of file:///workspaces/zoi-city/.recovery/community-release/.recovery/native-owner-source-candidate/mobile/src/sponsorFulfillment.ts is not specified and it doesn't parse as CommonJS.
Reparsing as ES module because module syntax was detected. This incurs a performance overhead.
To eliminate this warning, add "type": "module" to /workspaces/zoi-city/.recovery/community-release/.recovery/native-owner-source-candidate/mobile/package.json.
(Use `node --trace-warnings ...` to show where the warning was created)
✔ fresh approved sponsor ok (6.295571ms)
✔ fresh approved sponsor viewer (0.578491ms)
✔ fresh approved sponsor cancelled (0.300352ms)
✔ fresh approved sponsor foreign (5.750503ms)
✔ fresh approved sponsor capability (0.681302ms)
✔ fresh approved sponsor missing (0.241261ms)
✔ actual SessionClient refresh fence actor (77.006343ms)
✔ actual SessionClient refresh fence workspace (0.800064ms)
✔ actual SessionClient refresh fence unchanged (1.46696ms)
(node:400349) [MODULE_TYPELESS_PACKAGE_JSON] Warning: Module type of file:///workspaces/zoi-city/.recovery/community-release/.recovery/native-owner-source-candidate/mobile/src/timekeeping.ts is not specified and it doesn't parse as CommonJS.
Reparsing as ES module because module syntax was detected. This incurs a performance overhead.
To eliminate this warning, add "type": "module" to /workspaces/zoi-city/.recovery/community-release/.recovery/native-owner-source-candidate/mobile/package.json.
(Use `node --trace-warnings ...` to show where the warning was created)
✔ manual time uses explicit validated duration and hourly cents (36.15376ms)
✔ timer start excludes client-controlled start and duration (0.302966ms)
✔ receipts require tenant actor version and terminal state (0.498752ms)
✔ dashboard rejects another editor’s private narrative and foreign timer (0.860598ms)
✔ timesheet CSV prevents formula execution and escapes multiline quotes (0.608457ms)
(node:400352) [MODULE_TYPELESS_PACKAGE_JSON] Warning: Module type of file:///workspaces/zoi-city/.recovery/community-release/.recovery/native-owner-source-candidate/mobile/src/trips.ts is not specified and it doesn't parse as CommonJS.
Reparsing as ES module because module syntax was detected. This incurs a performance overhead.
To eliminate this warning, add "type": "module" to /workspaces/zoi-city/.recovery/community-release/.recovery/native-owner-source-candidate/mobile/package.json.
(Use `node --trace-warnings ...` to show where the warning was created)
✔ trip dates require explicit zone and reject reversed or overlong stops (30.541477ms)
✔ private itinerary cannot accept another profile or trip receipt (0.659362ms)
✔ appearance discovery cannot substitute another artist or claim inferred confirmation (1.061704ms)
✔ appearance proposal requires source HTTPS and real distinct listing IDs (2.456309ms)
(node:400362) [MODULE_TYPELESS_PACKAGE_JSON] Warning: Module type of file:///workspaces/zoi-city/.recovery/community-release/.recovery/native-owner-source-candidate/mobile/src/volunteer.ts is not specified and it doesn't parse as CommonJS.
Reparsing as ES module because module syntax was detected. This incurs a performance overhead.
To eliminate this warning, add "type": "module" to /workspaces/zoi-city/.recovery/community-release/.recovery/native-owner-source-candidate/mobile/package.json.
(Use `node --trace-warnings ...` to show where the warning was created)
✔ volunteer invitation extracts explicit organization ID only (1.87376ms)
✔ withdrawn public opportunity stays unavailable even if saved shift was scheduled (25.815287ms)
✔ shift actions never reopen cancelled or started history (0.297376ms)
✔ signup and cancellation receipts must identify the same shift and final state (0.541842ms)
✔ organization writes require workspace identity and exact version increment (0.400558ms)
(node:400363) [MODULE_TYPELESS_PACKAGE_JSON] Warning: Module type of file:///workspaces/zoi-city/.recovery/community-release/.recovery/native-owner-source-candidate/mobile/src/volunteerOperations.ts is not specified and it doesn't parse as CommonJS.
Reparsing as ES module because module syntax was detected. This incurs a performance overhead.
To eliminate this warning, add "type": "module" to /workspaces/zoi-city/.recovery/community-release/.recovery/native-owner-source-candidate/mobile/package.json.
(Use `node --trace-warnings ...` to show where the warning was created)
✔ org_operation_save actual SessionClient token refresh actor (41.05656ms)
✔ org_operation_save actual SessionClient token refresh workspace (1.300249ms)
✔ org_operation_save actual SessionClient token refresh unchanged (1.020496ms)
✔ org_signup actual SessionClient token refresh actor (1.602013ms)
✔ org_signup actual SessionClient token refresh workspace (2.789712ms)
✔ org_signup actual SessionClient token refresh unchanged (1.468083ms)
✔ org_signup_cancel actual SessionClient token refresh actor (2.384885ms)
✔ org_signup_cancel actual SessionClient token refresh workspace (0.785387ms)
✔ org_signup_cancel actual SessionClient token refresh unchanged (1.651726ms)
✔ org_roster actual SessionClient token refresh actor (1.028862ms)
✔ org_roster actual SessionClient token refresh workspace (0.552612ms)
✔ org_roster actual SessionClient token refresh unchanged (0.841262ms)
✔ lost native create survives remount and clears only exact receipt (1.704815ms)
✔ cancel unknown native create validates workspace/request and preserves marker on wrong response (0.595973ms)
✔ generic authorization denial is recognizable without matching server wording (0.236662ms)
✔ absent installed capability keeps pending recovery and dispatches no operation (0.419965ms)
(node:400376) [MODULE_TYPELESS_PACKAGE_JSON] Warning: Module type of file:///workspaces/zoi-city/.recovery/community-release/.recovery/native-owner-source-candidate/mobile/src/webHandoffs.ts is not specified and it doesn't parse as CommonJS.
Reparsing as ES module because module syntax was detected. This incurs a performance overhead.
To eliminate this warning, add "type": "module" to /workspaces/zoi-city/.recovery/community-release/.recovery/native-owner-source-candidate/mobile/package.json.
(Use `node --trace-warnings ...` to show where the warning was created)
✔ music shelf and unscoped personal calendar explicitly reach their actual web capabilities (2.190853ms)
✔ native parish calendar, member discussion and artist homes stay native (0.343322ms)
✔ handoff resolver never opens spoofed hosts or credentials (0.277017ms)
✔ map deep links use the real web map and preserve only public search/place/view context (1.027409ms)
✔ explicit guardian links hand off only public listing context, adult groups stay native (0.811997ms)
(node:400386) ExperimentalWarning: stripTypeScriptTypes is an experimental feature and might change at any time
(Use `node --trace-warnings ...` to show where the warning was created)
✔ roles protect owner/self and admin peer escalation (3.027697ms)
✔ real controller confirms save only after current roster read (1.769055ms)
✔ lost response survives remount; receipt check does not resend (2.289958ms)
✔ unknown request blocks new write and safely cancels (3.1634ms)
✔ conflict refreshes membership; storage failure prevents submission (1.021149ms)
✔ authority loss clears private roster and account change fences calls (0.595062ms)
(node:400387) [MODULE_TYPELESS_PACKAGE_JSON] Warning: Module type of file:///workspaces/zoi-city/.recovery/community-release/.recovery/native-owner-source-candidate/mobile/src/session.ts is not specified and it doesn't parse as CommonJS.
Reparsing as ES module because module syntax was detected. This incurs a performance overhead.
To eliminate this warning, add "type": "module" to /workspaces/zoi-city/.recovery/community-release/.recovery/native-owner-source-candidate/mobile/package.json.
(Use `node --trace-warnings ...` to show where the warning was created)
(node:400387) ExperimentalWarning: stripTypeScriptTypes is an experimental feature and might change at any time
✔ only scoped team conflict/cancel envelope passes transport for controller verification (40.606692ms)
✔ exact known team SQL rejection preserved; generic 400 and other RPC remain uncertain (10.790118ms)
✔ real SessionClient quota clears marker; ambiguous400 keeps it;403 clears roster (4.295686ms)
✔ youth programme validates exact bounded ages, places and actual listing (2.183058ms)
✔ enrolment requires explicit authority and consent without inferring age (0.520202ms)
✔ enrolment receipts bind guardian child programme and exact version (0.619788ms)
✔ attendance and instructor assignment receipts reject unrelated identity (1.508257ms)
✔ private operator response rejects another workspace or programme roster (0.449249ms)
✔ public catalogue rejects unrelated listing and private family rejects malformed records (0.459218ms)
(node:400405) [MODULE_TYPELESS_PACKAGE_JSON] Warning: Module type of file:///workspaces/zoi-city/.recovery/community-release/.recovery/native-owner-source-candidate/mobile/src/youthReadiness.ts is not specified and it doesn't parse as CommonJS.
Reparsing as ES module because module syntax was detected. This incurs a performance overhead.
To eliminate this warning, add "type": "module" to /workspaces/zoi-city/.recovery/community-release/.recovery/native-owner-source-candidate/mobile/package.json.
(Use `node --trace-warnings ...` to show where the warning was created)
✔ native Youth remains read-only without exact installed actor and guardian capability (2.188028ms)
✔ native organizer readiness additionally binds exact workspace and current role (0.322663ms)
(node:400407) [MODULE_TYPELESS_PACKAGE_JSON] Warning: Module type of file:///workspaces/zoi-city/.recovery/community-release/.recovery/native-owner-source-candidate/mobile/src/session.ts is not specified and it doesn't parse as CommonJS.
Reparsing as ES module because module syntax was detected. This incurs a performance overhead.
To eliminate this warning, add "type": "module" to /workspaces/zoi-city/.recovery/community-release/.recovery/native-owner-source-candidate/mobile/package.json.
(Use `node --trace-warnings ...` to show where the warning was created)
✔ actual SessionClient youth refresh account fences private dispatch/result (51.017619ms)
✔ actual SessionClient youth refresh workspace fences private dispatch/result (0.752094ms)
✔ actual SessionClient youth refresh unmount fences private dispatch/result (0.644764ms)
✔ actual SessionClient youth response account fences private dispatch/result (9.986533ms)
✔ actual SessionClient youth response workspace fences private dispatch/result (1.510813ms)
✔ actual SessionClient youth response unmount fences private dispatch/result (1.039923ms)
✔ same actor token rotation sends private request using freshly captured token (1.887226ms)
✔ private method cannot dispatch anonymously; denied status remains recognizable (0.493542ms)
✔ installed native capability binds internal guardian profile separately from Auth (0.780208ms)
ℹ tests 442
ℹ suites 0
ℹ pass 442
ℹ fail 0
ℹ cancelled 0
ℹ skipped 0
ℹ todo 0
ℹ duration_ms 1617.499209
