Starting Metro Bundler

| (node:400110) Warning: The 'NO_COLOR' env is ignored due to the 'FORCE_COLOR' env being set.
| (Use `node --trace-warnings ...` to show where the warning was created)
| (node:400110) Warning: The 'NO_COLOR' env is ignored due to the 'FORCE_COLOR' env being set.
| (Use `node --trace-warnings ...` to show where the warning was created)
Web Bundled 3351ms index.ts (521 modules)
iOS Bundled 14643ms index.ts (802 modules)
Android Bundled 23804ms index.ts (936 modules)

› Assets (2):
assets/zoi-logo.5a531fbd3a49e35f2cb1b6fc3dcd5ad0.png (113KB)
assets/zoi-logo.png (113KB)

› web bundles (2):
_expo/static/js/web/index-1d9805b66b2bd157729783ed661b5fd8.js (1.5MB)
_expo/static/js/web/index-1d9805b66b2bd157729783ed661b5fd8.js.map (4.8MB)

› ios bundles (2):
_expo/static/js/ios/index-881e661d33263e9fb4f99bcf08c40956.hbc (2.7MB)
_expo/static/js/ios/index-881e661d33263e9fb4f99bcf08c40956.hbc.map (6.1MB)

› android bundles (2):
_expo/static/js/android/index-263f2506edc202e7cc0ed9b9d1eb8356.hbc (2.7MB)
_expo/static/js/android/index-263f2506edc202e7cc0ed9b9d1eb8356.hbc.map (6.1MB)

› Files (3):
favicon.ico (15KB)
index.html (1.2KB)
metadata.json (368B)

Exported: /tmp/zoi-native-owner-authority-exports
