Starting Metro Bundler

| (node:404162) Warning: The 'NO_COLOR' env is ignored due to the 'FORCE_COLOR' env being set.
| (Use `node --trace-warnings ...` to show where the warning was created)
Web Bundled 2051ms index.ts (521 modules)
iOS Bundled 10545ms index.ts (814 modules)
Android Bundled 18401ms index.ts (921 modules)

› Assets (2):
assets/zoi-logo.5a531fbd3a49e35f2cb1b6fc3dcd5ad0.png (113KB)
assets/zoi-logo.png (113KB)

› web bundles (2):
_expo/static/js/web/index-aaebfd3fda12dd24492cccb57bbc4f36.js (1.5MB)
_expo/static/js/web/index-aaebfd3fda12dd24492cccb57bbc4f36.js.map (4.8MB)

› ios bundles (2):
_expo/static/js/ios/index-24b05cf29db72d14bf7a7f9445e466da.hbc (2.7MB)
_expo/static/js/ios/index-24b05cf29db72d14bf7a7f9445e466da.hbc.map (6.1MB)

› android bundles (2):
_expo/static/js/android/index-2b321deffe38f2f5ce2334e994750958.hbc (2.7MB)
_expo/static/js/android/index-2b321deffe38f2f5ce2334e994750958.hbc.map (6.1MB)

› Files (3):
favicon.ico (15KB)
index.html (1.2KB)
metadata.json (368B)

Exported: /tmp/zoi-native-owner-authority-exports-final
