✔ city selector combines aliases without altering source data (1.784707ms)
✔ unknown-country duplicate stays searchable without invented geography (0.221874ms)
✔ cities shared across countries remain one unambiguous broad search (0.274612ms)
✔ browse index contains no broken geography paths or stale counts (0.350493ms)
✔ latest search wins when older network responses arrive afterward (2.052375ms)
✔ search failures leave an actionable retry and clear busy state (1.241154ms)
✔ failed category counts preserve selected filter and a successful explicit retry restores facets (16.121372ms)
{"event":"public_home_unavailable","reason":"http_503"}
✔ early incoming policy is idempotent, motion-aware and adds no script or stylesheet (1.642161ms)
✔ existing inline family policy remains authoritative (0.178352ms)
✔ actual public handler adds policy only to successful content, not errors or redirects (43.019351ms)
✔ actual reviewed Signature/Parkview identity matches canonical hero/logo across search and Quick look without per-card RPC (9.662186ms)
✔ actual Yamas and artist source imagery retained, reviewed base summaries retained for sparse families (2.489812ms)
✔ canonical reviewed IDs alone cannot bypass owner website/identity change or source scope quarantine (1.231636ms)
✔ owner nullable photo/logo and gallery clears suppress imported or reviewed defaults consistently (1.878733ms)
✔ artist biography is source-bound, owner description clears authoritative, nonartist summary base-first (0.439709ms)
✔ bounded projected media and complete canonical entity select the same hero/logo/clear state (2.097149ms)
✔ gallery roles/interface artwork and credential/protocol checks apply to batch resolver (0.678245ms)
✔ HTTP official-source biography keeps outbound compatibility while every image remains HTTPS only (0.241821ms)
✔ event poster remains fully identified across imported page and owner edit then clear (0.763022ms)
✔ current base photo replaces a legacy profile poster without retaining its role; clears remain authoritative (1.328296ms)
✔ sparse Quick look retains omitted-photo semantics for every listing family while explicit clears replace a cover (3.874162ms)
✔ partial Quick look identity policies clear a loaded cover even when the photo field is omitted (2.169724ms)
✔ reviewed artist catalog identity remains source-bound and owner edit then clear wins (0.953597ms)
✔ public detail actions preserve source identity and owner clears (3.694877ms)
✔ untrusted URL actions and mismatched machine contacts never become links (0.423279ms)
✔ same-identity source imagery and menu hydrate while explicit media clears and quarantine suppress fallback (3.709164ms)
✔ public descriptions remove imported markup including unfinished source fragments (0.159598ms)
✔ explicit poster role applies only to its current photo and respects owner replacement or clear (1.715748ms)
✔ photo authority distinguishes omitted fields from explicit owner and projected clears (0.833193ms)
✔ trusted source hero survives nullable base and gallery clear but not explicit hero clears (1.532717ms)
ℹ tests 30
ℹ suites 0
ℹ pass 30
ℹ fail 0
ℹ cancelled 0
ℹ skipped 0
ℹ todo 0
ℹ duration_ms 157.950606
