✔ actual Avli entity defaults to Concierge at its canonical business URL (1.245156ms)
✔ all four preserved templates resolve their assets at the actual home URL (0.272039ms)
✔ name or slug resemblance cannot substitute another business identity (0.181479ms)
✔ bakery home preserves product facts and vendor route without table claims (9.658584ms)
✔ source images only attach to exact verified identity and owner media clears win (2.50534ms)
✔ request validates actual date and quantity, escapes rendering and never promises an order (3.743875ms)
✔ published design section order and hidden content remain effective (1.239275ms)
✔ all4 bakery designs remain distinct, preserve ownership content controls and never borrow photos (4.814344ms)
✔ canonical church defaults to real Concierge SSR and correct canonical route (36.043355ms)
✔ published design controls actual SSR template, order, visibility and escaped copy (2.616037ms)
✔ no identity, source or visibility mismatch receives Saint Sophia content (0.28402ms)
✔ hydration and schema cannot break out of JSON script tags (2.685608ms)
✔ canonical content omits private fields and honors safe owner-authored giving links (5.218218ms)
✔ unmatched source church remains usable but never receives Sophia source material (3.209877ms)
✔ real ministry finder filters by both group and query (2.287874ms)
✔ visit plans validate exact calendar dates and contain no submitted identity (0.96879ms)
✔ calendar export describes a personal all-day plan, not parish availability (4.160763ms)
✔ public calendar verifies listing scope and real timestamps (0.473535ms)
✔ all four templates consume published copy, order and visibility safely (4.869346ms)
✔ reusable parish content rejects executable sources (0.420095ms)
✔ every eligible creator receives four layouts without curated Peter facts or false channels (14.845684ms)
✔ curated source identity remains exact; generic visibility and source URL validation fail closed (0.755041ms)
✔ owner fields and clears win; prepared contact drafts contain current identity only (0.689438ms)
✔ all four reusable creator templates preserve real public actions (38.595823ms)
✔ owner presentation copy escapes markup and sections cannot duplicate (2.202836ms)
✔ local collaboration proposal retains explicit status and encoded contact (0.822356ms)
✔ show reminders are all-day and never ticket confirmations (0.695289ms)
✔ local shortlist accepts only current known show ids and HTTPS links (1.098432ms)
✔ table discovery belongs only to real event pages and honours hidden offerings (23.052014ms)
✔ generic venue inherits four designs using only its own spaces and capacity (3.0939ms)
✔ generic event uses actual published metadata with no price or seating inference (1.442775ms)
✔ owner clears, visibility, unsafe sources and internal capability boundaries fail closed (4.269265ms)
✔ hidden/reordered generic sections and escaped authored copy preserve same renderer contract (0.823107ms)
✔ source image positions cover all118 exact printed labels within800x659 (3.348585ms)
✔ preferences bounded and enquiry never asserts inventory (0.774737ms)
✔ venue enquiry validates actual date and bounded guest count (0.777773ms)
✔ four reusable designs honor escapedcopy visibility and canonical defaults (7.166324ms)
✔ health social metadata preserves the complete reviewed Person schema exactly once (10.650046ms)
✔ sparse and owner-cleared health cards have no borrowed image or invented credentials (2.975769ms)
✔ hostile owner metadata remains escaped without executable script fragments (0.809382ms)
✔ reviewed nurse person receives member facts, never society image/socials/role inference (10.30967ms)
✔ generic medical professional eligibility works across actual roles without inferred credentials (1.091289ms)
✔ all four layouts preserve real customer controls and distinguish membership source (4.010823ms)
✔ contact preparation stores only practical enums and vCard blocks field injection (1.091569ms)
✔ unsafe portrait/contact URLs and owner clears do not restore stale organization content (1.553152ms)
✔ all normal text/button palettes meet 4.5 contrast (1.111136ms)
✔ canonical structured data describes Person with society memberOf, never MedicalClinic or employer (1.754167ms)
✔ unreviewed society profile does not infer physician, language, contact or picture from organization/base defaults (0.648581ms)
✔ creator all4 owner order/hide/copy matches rendering without dead local links (46.573005ms)
✔ events all4 owner order/hide/copy matches rendering without dead local links (3.265531ms)
✔ music all4 owner order/hide/copy matches rendering without dead local links (27.001593ms)
✔ professional all4 owner order/hide/copy matches rendering without dead local links (2.150137ms)
✔ health all4 owner order/hide/copy matches rendering without dead local links (2.398982ms)
✔ restaurant all4 owner order/hide/copy matches rendering without dead local links (7.354529ms)
✔ section helper rejects malformed arrays/unknown keys and preserves untouched defaults (1.668648ms)
✔ operational record helper uses exact namespaced keys and stable existing order, never reassigns identities (0.717661ms)
✔ creator and event introductions can be moved after contact instead of forced first (5.92554ms)
✔ design validation keeps authored copy literal and rejects executable configuration fields (2.655931ms)
✔ pointer and keyboard reordering retain every item exactly once (0.603217ms)
✔ new offerings remain visible and removed offerings are ignored (0.411538ms)
✔ publish and restore cannot smuggle unsaved design or operational changes (0.580935ms)
✔ receipts bind request, business, workspace, action and exact next version (0.659642ms)
✔ lost response retains exact account-scoped request across reload; another account cannot inherit it (0.65302ms)
✔ music renders approved Zoi identity in all four populated and sparse designs before and after client rendering (83.732925ms)
✔ creator renders approved Zoi identity in all four populated and sparse designs before and after client rendering (20.058612ms)
✔ hospitality renders approved Zoi identity in all four populated and sparse designs before and after client rendering (12.774124ms)
✔ hospitality canonical head carries approved favicon without replacing hotel schema (1.672745ms)
✔ normal pasted media links canonicalize to exact supported provider embeds (2.246286ms)
✔ executable markup credentials lookalikes posts and unsupported players rejected (0.565917ms)
✔ owner media is authoritative including clear and malformed data; no machine fallback (1.243453ms)
✔ IDs duplicate URLs size and returned exact receipt are checked (1.506214ms)
✔ Vimeo SoundCloud Apple Podcasts Instagram and TikTok are explicit link-only destinations (0.896455ms)
✔ canonical tags deduplicate stale metadata and empty images are omitted (3.302187ms)
✔ script-closing text remains data and unsupported image protocols disappear (0.810223ms)
✔ artist populated and sparse metadata has exact identity and canonical route (34.531259ms)
✔ professional populated and sparse metadata has exact identity and canonical route (4.281659ms)
✔ church populated and sparse metadata has exact identity and canonical route (5.67971ms)
✔ business populated and sparse metadata has exact identity and canonical route (6.454569ms)
{"event":"public_home_unavailable","reason":"http_503"}
✔ early incoming policy is idempotent, motion-aware and adds no script or stylesheet (2.556035ms)
✔ existing inline family policy remains authoritative (0.295873ms)
✔ actual public handler adds policy only to successful content, not errors or redirects (57.537919ms)
✔ private home preview rejects anonymous and malformed requests before data access (2.335824ms)
✔ private preview requires exact workspace/listing receipt (1.261407ms)
✔ reviewed healthcare owner receives inert HTML with chosen real template (9.924751ms)
✔ unsupported categories never return a fake working preview (1.302854ms)
✔ preview keeps styles while removing executable scripts and navigable links (0.81355ms)
✔ hotel private preview matches canonical renderer (sparse) (5.551021ms)
✔ hotel private preview matches canonical renderer (populated) (2.478731ms)
✔ hotel preview cannot use a different listing receipt or bypass visibility checks (0.866819ms)
✔ exact hotel source identity and safe generic fallback (4.324018ms)
✔ four layouts preserve owner copy hide order actions and safe hydration (14.549451ms)
✔ private plan validates dates guests and room identity without creating reservation (1.531892ms)
✔ verified provider carries only supported hotel and date parameters; enquiry remains draft (3.818343ms)
✔ owner booking override or clear is authoritative; generic links do not get invented prefill (1.602033ms)
✔ owner setup routes are real tools and distinguish timed services from hotel rental inventory (0.493712ms)
✔ generic hotel consumes normalized website fields and filters interface imagery (4.3093ms)
✔ owner media and contact clears suppress enrichment and curated fallback (1.025747ms)
✔ gallery-only hotel photos do not become the hero again in the model (1.088864ms)
✔ hospitality socials project official enrichment while owner clear/replacement remains authoritative (6.882136ms)
✔ all hospitality designs omit empty services and room selection without hiding populated owner services (7.219016ms)
✔ canonical artists require exact identities and source guards (3.301478ms)
✔ both artist canonical homes default Concierge and retain all4 published choices (76.450851ms)
✔ Thanos does not inherit Dalaras dates/contact/video/monogram (1.856208ms)
✔ safe hydration and source copies stay identical (5.129773ms)
✔ date-only official programmes export transparent reminders without invented timezone or clock time (2.429097ms)
✔ calendar cannot inject additional properties through source text (0.912494ms)
✔ expired dates and unmatched cities disappear; malformed dates fail closed (12.593827ms)
✔ media embed accepts only known Spotify resource form (0.498581ms)
✔ confirmed appearances require exact artist, event and real interval (0.774717ms)
✔ trip retry ledger isolates accounts and never silently changes an uncertain payload (7.06056ms)
✔ four complete layouts keep real actions and accept safe owner section ordering/copy (39.848953ms)
✔ layouts have distinct composition, large identity, genuine gallery and demand/music hooks (16.280123ms)
✔ queue keeps only reviewed recordings, removes duplicate and injected ids (1.968127ms)
✔ known source holds suppress default Official website in canonical, Quick look and person projections (6.935186ms)
✔ owner edit and explicit null/empty clears never resurrect imported/base websites (2.479923ms)
✔ stale domain takeover receipts never veto published same-domain owner edits (0.244557ms)
✔ challenge/robots/fetch errors and unflagged redirect mismatches do not imply an unsafe official site (2.010823ms)
✔ compact search context retains source policy without a per-card request (0.258012ms)
✔ actual canonical handler applies the shared policy across sparse families and schema, preserving owner navigation (84.911858ms)
✔ authenticated preview keeps the canonical policy after existing authority checks, including owner clear and same-domain edits (4.36254ms)
✔ unproven base fields and contaminated enrichment cannot override reviewed identity (3.100723ms)
✔ actual projected owner picture bio and social clear override source defaults in rendered output (34.523986ms)
✔ explicit image phone bio clears stay clear without empty image/tel requests (9.293612ms)
✔ music owner fields use presence semantics and remove stale portrait srcsets (1.089836ms)
✔ unsafe owner URLs are suppressed and exact source identity guard remains required (0.684168ms)
✔ shared media projection preserves explicit owner hero/gallery clearing across families (0.846833ms)
✔ canonical exact identity and source guard defaults Concierge (12.995117ms)
✔ all four designs retain real contact, service actions and source-labelled imagery (3.897141ms)
✔ checklist accepts only nonsensitive enums, ignores arbitrary facts, validates required selections (1.694956ms)
✔ owner display changes cannot inject markup and sections can be reordered/hidden (1.211754ms)
✔ all design text and button palettes exceed normal-text 4.5 contrast (1.263641ms)
✔ promoter family uses source events not venue hire and preserves HTTP official source (26.97333ms)
✔ generic events entertainment category alone never classifies a business as promoter (0.19795ms)
✔ owner event clear and sparse promoter cannot invent performances (0.72276ms)
✔ unsafe event links are omitted; event source notice and original floor plan remain available (1.726566ms)
✔ owner official website clear and replacement win; sparse null arrays never crash (2.286872ms)
✔ promoter calendar dates display clearly without timezone shifts or invented dates (7.257798ms)
✔ canonical home accepts only its own explicitly published version (2.171543ms)
✔ actual reviewed Signature/Parkview identity matches canonical hero/logo across search and Quick look without per-card RPC (14.457799ms)
✔ actual Yamas and artist source imagery retained, reviewed base summaries retained for sparse families (4.784418ms)
✔ canonical reviewed IDs alone cannot bypass owner website/identity change or source scope quarantine (2.623601ms)
✔ owner nullable photo/logo and gallery clears suppress imported or reviewed defaults consistently (2.966843ms)
✔ artist biography is source-bound, owner description clears authoritative, nonartist summary base-first (0.75471ms)
✔ bounded projected media and complete canonical entity select the same hero/logo/clear state (4.421129ms)
✔ gallery roles/interface artwork and credential/protocol checks apply to batch resolver (1.214058ms)
✔ HTTP official-source biography keeps outbound compatibility while every image remains HTTPS only (0.357357ms)
✔ event poster remains fully identified across imported page and owner edit then clear (1.579811ms)
✔ current base photo replaces a legacy profile poster without retaining its role; clears remain authoritative (2.720502ms)
✔ sparse Quick look retains omitted-photo semantics for every listing family while explicit clears replace a cover (8.031213ms)
✔ partial Quick look identity policies clear a loaded cover even when the photo field is omitted (2.852519ms)
✔ reviewed artist catalog identity remains source-bound and owner edit then clear wins (1.040774ms)
✔ public detail actions preserve source identity and owner clears (5.99536ms)
✔ untrusted URL actions and mismatched machine contacts never become links (0.681984ms)
✔ same-identity source imagery and menu hydrate while explicit media clears and quarantine suppress fallback (6.382714ms)
✔ public descriptions remove imported markup including unfinished source fragments (0.266608ms)
✔ explicit poster role applies only to its current photo and respects owner replacement or clear (3.195019ms)
✔ photo authority distinguishes omitted fields from explicit owner and projected clears (1.838895ms)
✔ trusted source hero survives nullable base and gallery clear but not explicit hero clears (2.722927ms)
✔ generic adapter recognizes restaurants only and never transplants Avli facts (11.851079ms)
✔ missing imagery/menu/contact is represented without fabricated data or broken photo elements (1.183681ms)
✔ owner field clears and owner media take priority over website enrichment (0.504082ms)
✔ script/data URLs are rejected and inline JSON cannot escape its element (1.197237ms)
✔ structured menu prices and notes remain source text without invented currency (0.408443ms)
✔ visit plan is per restaurant with explicit request semantics and valid calendar dates (16.517236ms)
✔ four generic layouts preserve each identity and owner configuration (5.383858ms)
✔ vendor restaurants preserve canonical vendor URLs (1.046866ms)
✔ generic restaurant palettes meet 4.5 normal text and button contrast (0.585664ms)
✔ same-identity structured source street and menu provenance surface while owner clears win (0.986243ms)
✔ Signature company HQ four designs separate archive/festival and real concert destination (5.764469ms)
✔ owner explicit identity fields/gallery clears remain authoritative and safe (5.065463ms)
✔ owner section visibility/order and copy have no broken anchors or injected markup (1.087812ms)
✔ curated company identity cannot leak to another business; Parkview keeps own renderer (2.246627ms)
✔ announced artists link exact existing profiles with explicit provider playback only (0.543104ms)
✔ artist card uses immutable IDs rather than filtered position (0.591905ms)
✔ national organization identity is exact, separate from individual members (2.210499ms)
✔ reviewed individual source retains own role; unreviewed source does not inherit society identity (1.528395ms)
✔ directory request concurrency bounded4; failures retain same cursor for retry (10.690752ms)
✔ valid directory pages advance only checked candidates and never confuse source records with members (0.702042ms)
✔ compact cards lead with identity and never inherit society photos (1.050142ms)
✔ event adapters require exact ID,type,officialsource andvisibility (6.270143ms)
✔ canonical defaultConcierge has correct URL no reviewroute and safeJSON (3.290126ms)
✔ creator source guard never transplants fixture and removes past shows (21.234129ms)
ℹ tests 182
ℹ suites 0
ℹ pass 182
ℹ fail 0
ℹ cancelled 0
ℹ skipped 0
ℹ todo 0
ℹ duration_ms 406.801345
