(node:14722) ExperimentalWarning: stripTypeScriptTypes is an experimental feature and might change at any time
(Use `node --trace-warnings ...` to show where the warning was created)
✔ owner tool browser handoffs preserve explicit selected workspace with no token (2.367684ms)
✔ missing malformed and injected identities cannot fabricate a setup destination (0.329476ms)
(node:14723) [MODULE_TYPELESS_PACKAGE_JSON] Warning: Module type of file:///workspaces/zoi-city/.recovery/community-release/mobile/src/artistMusic.ts is not specified and it doesn't parse as CommonJS.
Reparsing as ES module because module syntax was detected. This incurs a performance overhead.
To eliminate this warning, add "type": "module" to /workspaces/zoi-city/.recovery/community-release/mobile/package.json.
(Use `node --trace-warnings ...` to show where the warning was created)
✔ reviewed catalogue binds identity and uses verified high-resolution photos (4.453369ms)
✔ unknown artist never inherits featured content (0.376744ms)
✔ provider links reject spoofed hosts unsafe schemes and credentials (0.525271ms)
✔ city validation supports Greek and NFKC without markup (5.270075ms)
✔ receipts bind artist request active state and expected version (0.801367ms)
✔ summary rejects subthreshold counts and wrong artist; mine preserves inactive rows (1.037067ms)
✔ interrupted authenticated interest retries identical persisted request, then withdrawal reads real server version (62.988914ms)
✔ native planner shares venue timezone and buffer boundaries (1.295871ms)
✔ native planner cannot accept another tenant or changed appointment preview (0.826774ms)
✔ native planner requires complete unique saved slots matching the preview (0.530902ms)
(node:14737) [MODULE_TYPELESS_PACKAGE_JSON] Warning: Module type of file:///workspaces/zoi-city/.recovery/community-release/mobile/src/backendReadiness.ts is not specified and it doesn't parse as CommonJS.
Reparsing as ES module because module syntax was detected. This incurs a performance overhead.
To eliminate this warning, add "type": "module" to /workspaces/zoi-city/.recovery/community-release/mobile/package.json.
(Use `node --trace-warnings ...` to show where the warning was created)
✔ verified guardian backend is enabled while unavailable integrations fail closed (0.850709ms)
✔ guardian release gate is backed by complete deployed RPC evidence (59.900242ms)
(node:14739) [MODULE_TYPELESS_PACKAGE_JSON] Warning: Module type of file:///workspaces/zoi-city/.recovery/community-release/mobile/src/booking.ts is not specified and it doesn't parse as CommonJS.
Reparsing as ES module because module syntax was detected. This incurs a performance overhead.
To eliminate this warning, add "type": "module" to /workspaces/zoi-city/.recovery/community-release/mobile/package.json.
(Use `node --trace-warnings ...` to show where the warning was created)
✔ booking receipts require exact idempotency request, slot and party (1.783852ms)
✔ retry receipt preserves terminal cancellation rather than inventing confirmation (0.242423ms)
✔ booking catalog refuses malformed times and unknown timezone (400.793651ms)
✔ venue times honor the venue timezone rather than device default (4.443561ms)
(node:14745) [MODULE_TYPELESS_PACKAGE_JSON] Warning: Module type of file:///workspaces/zoi-city/.recovery/community-release/mobile/src/bookingOperator.ts is not specified and it doesn't parse as CommonJS.
Reparsing as ES module because module syntax was detected. This incurs a performance overhead.
To eliminate this warning, add "type": "module" to /workspaces/zoi-city/.recovery/community-release/mobile/package.json.
(Use `node --trace-warnings ...` to show where the warning was created)
✔ operator mutation requires exact workspace and incremented version (1.739911ms)
✔ operator service decimal prices are exact minor units and bounded (0.524119ms)
✔ staff resource cannot silently admit a party (0.277869ms)
✔ schedule converts venue-local time and rejects both DST edge cases (387.044652ms)
✔ native reschedule uses venue-local range and rejects impossible calendar dates (403.979474ms)
✔ reschedule selection pins reviewed version and exact price (0.831042ms)
✔ move receipt requires same booking, expected version, reviewed time and no collected payment (0.608216ms)
(node:14759) [MODULE_TYPELESS_PACKAGE_JSON] Warning: Module type of file:///workspaces/zoi-city/.recovery/community-release/mobile/src/brand.ts is not specified and it doesn't parse as CommonJS.
Reparsing as ES module because module syntax was detected. This incurs a performance overhead.
To eliminate this warning, add "type": "module" to /workspaces/zoi-city/.recovery/community-release/mobile/package.json.
(Use `node --trace-warnings ...` to show where the warning was created)
✔ native shared body, subdued text and actions stay readable on every adopted surface (1.351705ms)
✔ native and web material colors share the same semantic values (37.257458ms)
(node:14760) [MODULE_TYPELESS_PACKAGE_JSON] Warning: Module type of file:///workspaces/zoi-city/.recovery/community-release/mobile/src/businessEdit.ts is not specified and it doesn't parse as CommonJS.
Reparsing as ES module because module syntax was detected. This incurs a performance overhead.
To eliminate this warning, add "type": "module" to /workspaces/zoi-city/.recovery/community-release/mobile/package.json.
(Use `node --trace-warnings ...` to show where the warning was created)
✔ only owned and explicitly approved claims can appear in business editor (1.453375ms)
✔ business edit preserves unknown social keys and explicit cleared fields (0.400257ms)
✔ business edit rejects unsafe replacement and ambiguous social payloads (0.408834ms)
(node:14768) [MODULE_TYPELESS_PACKAGE_JSON] Warning: Module type of file:///workspaces/zoi-city/.recovery/community-release/mobile/src/calendar.ts is not specified and it doesn't parse as CommonJS.
Reparsing as ES module because module syntax was detected. This incurs a performance overhead.
To eliminate this warning, add "type": "module" to /workspaces/zoi-city/.recovery/community-release/mobile/package.json.
(Use `node --trace-warnings ...` to show where the warning was created)
✔ calendar ranges reject impossible dates and bound exactly90 UTC days (2.153212ms)
✔ public calendar rejects private drafts and another listing (1.545627ms)
✔ workspace calendar rejects another tenant (0.247012ms)
✔ same calendar planner validates dates and exact saved receipt (291.847661ms)
✔ profile calendar/group actions require exact same-listing server paths (8.189794ms)
(node:14779) [MODULE_TYPELESS_PACKAGE_JSON] Warning: Module type of file:///workspaces/zoi-city/.recovery/community-release/mobile/src/commerce.ts is not specified and it doesn't parse as CommonJS.
Reparsing as ES module because module syntax was detected. This incurs a performance overhead.
To eliminate this warning, add "type": "module" to /workspaces/zoi-city/.recovery/community-release/mobile/package.json.
(Use `node --trace-warnings ...` to show where the warning was created)
✔ basket totals preserve decimal precision and separate currencies (2.392549ms)
✔ persisted basket rejects duplicate IDs and invalid quantities (0.855639ms)
✔ adding unavailable options or excessive aggregate quantities fails (0.673017ms)
✔ fresh checkout must match exact official cart and all quantities (0.897366ms)
✔ product imagery and deep links reject untrusted URLs and invalid identifiers (0.370692ms)
✔ native shared option cannot silently substitute another product variant (0.308446ms)
✔ malformed explicit native variant remains an explicit unresolved choice (0.303818ms)
✔ single default display metadata survives native basket mapping without changing provider title (0.677636ms)
(node:14781) [MODULE_TYPELESS_PACKAGE_JSON] Warning: Module type of file:///workspaces/zoi-city/.recovery/community-release/mobile/src/community.ts is not specified and it doesn't parse as CommonJS.
Reparsing as ES module because module syntax was detected. This incurs a performance overhead.
To eliminate this warning, add "type": "module" to /workspaces/zoi-city/.recovery/community-release/mobile/package.json.
(Use `node --trace-warnings ...` to show where the warning was created)
✔ visible reaction state comes from matching desired-state receipts only (1.26332ms)
✔ reply receipt is scoped to post and actual profile, not auth UUID (0.467063ms)
✔ public profile edits explicitly validate interests and chosen public fields (0.357177ms)
✔ feed preserves server snapshot and rejects a substituted mode (0.303366ms)
✔ recovered publication keeps original account, immutable request and actual receipt identity (0.398745ms)
(node:14814) [MODULE_TYPELESS_PACKAGE_JSON] Warning: Module type of file:///workspaces/zoi-city/.recovery/community-release/mobile/src/communityIntent.ts is not specified and it doesn't parse as CommonJS.
Reparsing as ES module because module syntax was detected. This incurs a performance overhead.
To eliminate this warning, add "type": "module" to /workspaces/zoi-city/.recovery/community-release/mobile/package.json.
(Use `node --trace-warnings ...` to show where the warning was created)
✔ sign-in retains question composer intent but cannot resume without an actor (2.004816ms)
✔ discussion return retains navigation and does not replay a reaction (0.279753ms)
✔ sign-in may retain public navigation but sign-out or account switch invalidates it (0.168445ms)
(node:14815) [MODULE_TYPELESS_PACKAGE_JSON] Warning: Module type of file:///workspaces/zoi-city/.recovery/community-release/mobile/src/communityMedia.ts is not specified and it doesn't parse as CommonJS.
Reparsing as ES module because module syntax was detected. This incurs a performance overhead.
To eliminate this warning, add "type": "module" to /workspaces/zoi-city/.recovery/community-release/mobile/package.json.
(Use `node --trace-warnings ...` to show where the warning was created)
✔ media selection validates actual bytes dimensions and video duration before transfer (1.775317ms)
✔ media URLs cannot execute scripts or expose embedded credentials (0.306122ms)
✔ offscreen background low-power reduced-motion and user pause all prevent autoplay (0.322672ms)
✔ upload receipt must match selected media type and a valid finalized identity (0.564114ms)
(node:14817) [MODULE_TYPELESS_PACKAGE_JSON] Warning: Module type of file:///workspaces/zoi-city/.recovery/community-release/mobile/src/companyWorkspace.ts is not specified and it doesn't parse as CommonJS.
Reparsing as ES module because module syntax was detected. This incurs a performance overhead.
To eliminate this warning, add "type": "module" to /workspaces/zoi-city/.recovery/community-release/mobile/package.json.
(Use `node --trace-warnings ...` to show where the warning was created)
✔ native company aggregates exact active relationships without assuming member Auth identity (3.02964ms)
✔ company draft uses current company ID and existing persisted payload (0.689869ms)
✔ company source rejects foreign (0.461673ms)
✔ company source rejects archived (0.291385ms)
✔ company source rejects missing (0.287317ms)
✔ company source rejects duplicate (0.210052ms)
✔ archived linked project has no company return and archived work is omitted (0.473404ms)
✔ existing roles keep company edit distinct from project work (0.203951ms)
✔ actual SessionClient ignores held Company response after account (53.190662ms)
✔ actual SessionClient ignores held Company response after workspace (3.604334ms)
✔ actual SessionClient ignores held Company response after unmount (1.716046ms)
(node:14847) [MODULE_TYPELESS_PACKAGE_JSON] Warning: Module type of file:///workspaces/zoi-city/.recovery/community-release/mobile/src/creator.ts is not specified and it doesn't parse as CommonJS.
Reparsing as ES module because module syntax was detected. This incurs a performance overhead.
To eliminate this warning, add "type": "module" to /workspaces/zoi-city/.recovery/community-release/mobile/package.json.
(Use `node --trace-warnings ...` to show where the warning was created)
✔ bio preserves order and unpublished intent in exact server payload (2.253099ms)
✔ bio refuses truncation and unsafe links before save (0.639244ms)
✔ bio needs exact save receipt and never treats empty response as success (0.365633ms)
(node:14878) [MODULE_TYPELESS_PACKAGE_JSON] Warning: Module type of file:///workspaces/zoi-city/.recovery/community-release/mobile/src/creatorAccess.ts is not specified and it doesn't parse as CommonJS.
Reparsing as ES module because module syntax was detected. This incurs a performance overhead.
To eliminate this warning, add "type": "module" to /workspaces/zoi-city/.recovery/community-release/mobile/package.json.
(Use `node --trace-warnings ...` to show where the warning was created)
✔ authoritative creator denials invalidate private data for reads and writes (2.139126ms)
✔ temporary failure and creator read-only states retain draft and recovery state (0.39653ms)
✔ late denial from an unmounted or different actor cannot clear the current screen (0.298057ms)
✔ successful reads and confirmed writes remain unchanged (0.209992ms)
(node:14895) [MODULE_TYPELESS_PACKAGE_JSON] Warning: Module type of file:///workspaces/zoi-city/.recovery/community-release/mobile/src/creatorRecovery.ts is not specified and it doesn't parse as CommonJS.
Reparsing as ES module because module syntax was detected. This incurs a performance overhead.
To eliminate this warning, add "type": "module" to /workspaces/zoi-city/.recovery/community-release/mobile/package.json.
(Use `node --trace-warnings ...` to show where the warning was created)
✔ all seven actions execute through durable nonce-only wrapper and validate receipt (7.75061ms)
✔ lost response blocks replacement, exact retry retains immutable memory payload (1.437776ms)
✔ reload has no payload, missing receipt retains fence, cancellation requires exact proof (2.684214ms)
✔ permission denial drops private payload without deleting recovery reference (0.606593ms)
✔ storage failure, corrupt marker and late account change cannot permit dispatch or acknowledgement (1.66447ms)
✔ mismatched saved entity does not discard recovery reference (0.443629ms)
✔ account switch during persisted readback prevents dispatch (0.477392ms)
✔ readback failure after persistence retains marker and fences another send (0.693706ms)
(node:14903) [MODULE_TYPELESS_PACKAGE_JSON] Warning: Module type of file:///workspaces/zoi-city/.recovery/community-release/mobile/src/creatorStudio.ts is not specified and it doesn't parse as CommonJS.
Reparsing as ES module because module syntax was detected. This incurs a performance overhead.
To eliminate this warning, add "type": "module" to /workspaces/zoi-city/.recovery/community-release/mobile/package.json.
(Use `node --trace-warnings ...` to show where the warning was created)
✔ creator fee is explicit currency units converted to bounded minor units (3.636674ms)
✔ private drafts may be incomplete but sharing needs disclosures and deliverables (0.485858ms)
✔ customer detail rejects internal workspace records and audit data (0.494894ms)
✔ creator mutation receipts require matching workspace and decision request (0.835751ms)
✔ proof links remain explicit public HTTPS links and deliverables honor field limits (0.932072ms)
(node:14915) [MODULE_TYPELESS_PACKAGE_JSON] Warning: Module type of file:///workspaces/zoi-city/.recovery/community-release/mobile/src/discovery.ts is not specified and it doesn't parse as CommonJS.
Reparsing as ES module because module syntax was detected. This incurs a performance overhead.
To eliminate this warning, add "type": "module" to /workspaces/zoi-city/.recovery/community-release/mobile/package.json.
(Use `node --trace-warnings ...` to show where the warning was created)
✔ saved home applies only to default browsing, global search and temporary city do not overwrite it (2.274669ms)
✔ authoritative preference receipt supports explicit clears and sparse account; malformed receipt refused (1.044471ms)
✔ scope inputs literal and public rows must match chosen city/country/current identity (1.608574ms)
✔ coarse, missing, fake centroids and conflicted street coordinates never become precise pins (1.703482ms)
✔ fresh selected entity must match exact current slug/id and public visibility (0.49796ms)
✔ Directions uses actual same-record reviewed receipt, current address, or explicit provider name search (0.716849ms)
✔ native discovery/map public links carry explicit intent and canonical place without touching home (1.243793ms)
✔ native viewport clusters count real pins, hide coarse points and split with zoom without jitter (0.6367ms)
(node:14917) [MODULE_TYPELESS_PACKAGE_JSON] Warning: Module type of file:///workspaces/zoi-city/.recovery/community-release/mobile/src/discoveryScope.ts is not specified and it doesn't parse as CommonJS.
Reparsing as ES module because module syntax was detected. This incurs a performance overhead.
To eliminate this warning, add "type": "module" to /workspaces/zoi-city/.recovery/community-release/mobile/package.json.
(Use `node --trace-warnings ...` to show where the warning was created)
✔ community_me refresh account (74.618353ms)
✔ community_me refresh unmount (0.735434ms)
✔ community_me refresh unchanged (1.014094ms)
✔ community_me response account (9.139948ms)
✔ community_me response unmount (2.692331ms)
✔ community_me response unchanged (1.18794ms)
✔ community_preferences_save refresh account (0.624817ms)
✔ community_preferences_save refresh unmount (0.780668ms)
✔ community_preferences_save refresh unchanged (1.115113ms)
✔ community_preferences_save response account (2.352064ms)
✔ community_preferences_save response unmount (2.882375ms)
✔ community_preferences_save response unchanged (0.806877ms)
✔ no unknown mutations or malformed preference versions dispatch (0.459478ms)
(node:14918) [MODULE_TYPELESS_PACKAGE_JSON] Warning: Module type of file:///workspaces/zoi-city/.recovery/community-release/mobile/src/documentScope.ts is not specified and it doesn't parse as CommonJS.
Reparsing as ES module because module syntax was detected. This incurs a performance overhead.
To eliminate this warning, add "type": "module" to /workspaces/zoi-city/.recovery/community-release/mobile/package.json.
(Use `node --trace-warnings ...` to show where the warning was created)
✔ actual SessionClient private documents refresh actor (43.980282ms)
✔ actual SessionClient private documents refresh workspace (0.784396ms)
✔ actual SessionClient private documents refresh project (0.506206ms)
✔ actual SessionClient private documents refresh unmount (0.453637ms)
✔ actual SessionClient private documents refresh unchanged (0.905692ms)
✔ actual SessionClient private documents response actor (8.633662ms)
✔ actual SessionClient private documents response workspace (1.0544ms)
✔ actual SessionClient private documents response project (1.106257ms)
✔ actual SessionClient private documents response unmount (3.747851ms)
✔ actual SessionClient private documents response unchanged (1.332068ms)
✔ private document RPC refuses malformed scopes, unknown writers and foreign workspace before dispatch (0.687384ms)
(node:14926) [MODULE_TYPELESS_PACKAGE_JSON] Warning: Module type of file:///workspaces/zoi-city/.recovery/community-release/mobile/src/documents.ts is not specified and it doesn't parse as CommonJS.
Reparsing as ES module because module syntax was detected. This incurs a performance overhead.
To eliminate this warning, add "type": "module" to /workspaces/zoi-city/.recovery/community-release/mobile/package.json.
(Use `node --trace-warnings ...` to show where the warning was created)
✔ private upload receipt requires workspace, document identity and ready version (1.681752ms)
✔ private attachment requires no-store, attachment headers, correct type and exact bounded size (45.131334ms)
✔ native document selection uses same metadata limits as server (0.761302ms)
(node:14931) [MODULE_TYPELESS_PACKAGE_JSON] Warning: Module type of file:///workspaces/zoi-city/.recovery/community-release/mobile/src/drafts.ts is not specified and it doesn't parse as CommonJS.
Reparsing as ES module because module syntax was detected. This incurs a performance overhead.
To eliminate this warning, add "type": "module" to /workspaces/zoi-city/.recovery/community-release/mobile/package.json.
(Use `node --trace-warnings ...` to show where the warning was created)
✔ sign-out removal waits for in-flight draft save and prevents queued resurrection (8.301358ms)
✔ switching account blocks previous account queued draft writes (0.659462ms)
✔ publishing requires explicit success and real UUID receipt (0.399507ms)
✔ native map labels share exact source geometry and boundedpreferences (1.965432ms)
✔ native prepared note shares same nontransactional contract (0.724243ms)
(node:15009) ExperimentalWarning: stripTypeScriptTypes is an experimental feature and might change at any time
(Use `node --trace-warnings ...` to show where the warning was created)
✔ guest link carries only canonical selected event, never credentials (1.249254ms)
✔ organiser handoff validates exact selected workspace and event with fresh authority (1.198649ms)
✔ viewer, missing, duplicate and malformed memberships cannot produce operator link (1.522134ms)
✔ selected workspace never falls back to first membership (0.268562ms)
✔ wrong event and denied operator proof cannot open a link (0.473685ms)
✔ late account/workspace switches fence membership and operator responses (6.810097ms)
(node:15011) [MODULE_TYPELESS_PACKAGE_JSON] Warning: Module type of file:///workspaces/zoi-city/.recovery/community-release/mobile/src/session.ts is not specified and it doesn't parse as CommonJS.
Reparsing as ES module because module syntax was detected. This incurs a performance overhead.
To eliminate this warning, add "type": "module" to /workspaces/zoi-city/.recovery/community-release/mobile/package.json.
(Use `node --trace-warnings ...` to show where the warning was created)
✔ actual session refresh preserves exact authorised event/workspace without credentials in link (39.738859ms)
✔ held actual refresh refuses private send after workspace switch (2.066651ms)
✔ held actual refresh refuses private send after actor switch (0.831083ms)
✔ late private response is refused after scope change (9.242105ms)
✔ invalid actor, guest, lost scope and unsupported RPC refuse dispatch (0.618655ms)
✔ refresh rejection never dispatches private proof (0.318815ms)
(node:15033) [MODULE_TYPELESS_PACKAGE_JSON] Warning: Module type of file:///workspaces/zoi-city/.recovery/community-release/mobile/src/eventPlanner.ts is not specified and it doesn't parse as CommonJS.
Reparsing as ES module because module syntax was detected. This incurs a performance overhead.
To eliminate this warning, add "type": "module" to /workspaces/zoi-city/.recovery/community-release/mobile/package.json.
(Use `node --trace-warnings ...` to show where the warning was created)
✔ event plans preserve private notes and reject invalid quantities (18.734269ms)
✔ recovery never substitutes profile or plan version (0.763496ms)
✔ current booking reads cannot import foreign private plans (0.341819ms)
✔ resource units enforce one performer, bounded venue guests and equipment units (0.465029ms)
(node:15035) [MODULE_TYPELESS_PACKAGE_JSON] Warning: Module type of file:///workspaces/zoi-city/.recovery/community-release/mobile/src/festival.ts is not specified and it doesn't parse as CommonJS.
Reparsing as ES module because module syntax was detected. This incurs a performance overhead.
To eliminate this warning, add "type": "module" to /workspaces/zoi-city/.recovery/community-release/mobile/package.json.
(Use `node --trace-warnings ...` to show where the warning was created)
✔ application ignores client prices and validates contact and units (1.955714ms)
✔ commercial offers use exact cents and bounded benefit lines (25.862545ms)
✔ application receipt requires correct actor tenant enquiry and version (2.527071ms)
✔ private pages reject foreign records and invalid pagination (0.42314ms)
✔ public offer action only uses exact matching host UUID (1.73968ms)
(node:15036) [MODULE_TYPELESS_PACKAGE_JSON] Warning: Module type of file:///workspaces/zoi-city/.recovery/community-release/mobile/src/generalReservation.ts is not specified and it doesn't parse as CommonJS.
Reparsing as ES module because module syntax was detected. This incurs a performance overhead.
To eliminate this warning, add "type": "module" to /workspaces/zoi-city/.recovery/community-release/mobile/package.json.
(Use `node --trace-warnings ...` to show where the warning was created)
✔ interrupted reservation remains blocked after remount and across tier changes, scoped to actor and event (3.786464ms)
✔ only exact confirmed free receipt clears original attempt; malformed and stale confirmations preserve warning (1.395637ms)
✔ storage failure and account change stop request preparation before network action (0.579873ms)
✔ new request recovery accepts only exact nonce/event/tier/quantity receipt, with no contact storage (4.912397ms)
✔ legacy saved requests cannot be upgraded to once protocol, and malformed recovery never clears warning (2.225247ms)
✔ recovered creation receipt cannot imply active ticket after cancellation or closed event (0.441966ms)
✔ signing in cannot bypass an unresolved guest reservation or reuse its nonce as an account request (2.102889ms)
✔ confirmed nonce reference survives reopening without contacts and never claims cached ticket status (1.20398ms)
✔ confirmed references cap at five, expire after one year, and storage failure preserves unresolved warning (3.348295ms)
✔ member state accepts closed group with own history but rejects unrelated membership (1.660532ms)
✔ membership decisions validate tenant identity and exact increment (0.467854ms)
✔ attendance receipt binds event membership and status (0.399496ms)
✔ membership settings cannot cross workspace or skip version (0.355013ms)
(node:15054) [MODULE_TYPELESS_PACKAGE_JSON] Warning: Module type of file:///workspaces/zoi-city/.recovery/community-release/mobile/src/inquiries.ts is not specified and it doesn't parse as CommonJS.
Reparsing as ES module because module syntax was detected. This incurs a performance overhead.
To eliminate this warning, add "type": "module" to /workspaces/zoi-city/.recovery/community-release/mobile/package.json.
(Use `node --trace-warnings ...` to show where the warning was created)
✔ enquiry start validates actor listing and immutable request payload (1.824518ms)
✔ reply requires exact author thread request and body receipt (0.457726ms)
✔ thread read guards workspace message identity and readonly contract (0.419523ms)
✔ enquiry inputs reject invalid IDs and oversized empty messages (0.298759ms)
(node:15057) [MODULE_TYPELESS_PACKAGE_JSON] Warning: Module type of file:///workspaces/zoi-city/.recovery/community-release/mobile/src/privateRequests.ts is not specified and it doesn't parse as CommonJS.
Reparsing as ES module because module syntax was detected. This incurs a performance overhead.
To eliminate this warning, add "type": "module" to /workspaces/zoi-city/.recovery/community-release/mobile/package.json.
(Use `node --trace-warnings ...` to show where the warning was created)
✔ restart restores nonce-only metadata and prevents replacement (4.945238ms)
✔ A to B to A protects and preserves original marker (3.749865ms)
✔ SecureStore failure and silent adapter failure prevent dispatch (0.901905ms)
✔ receipt requires exact nonce kind and target; notfound is not cancellation (0.598609ms)
✔ failed recovery keeps marker until confirmed cancellation acknowledgement (2.466728ms)
✔ corrupt active null prevents a replacement inquiry nonce (0.625879ms)
(node:15063) [MODULE_TYPELESS_PACKAGE_JSON] Warning: Module type of file:///workspaces/zoi-city/.recovery/community-release/mobile/src/memberStart.ts is not specified and it doesn't parse as CommonJS.
Reparsing as ES module because module syntax was detected. This incurs a performance overhead.
To eliminate this warning, add "type": "module" to /workspaces/zoi-city/.recovery/community-release/mobile/package.json.
(Use `node --trace-warnings ...` to show where the warning was created)
✔ server profile identity includes no-deadline assignment and excludes Auth UUID assignment (5.172193ms)
✔ reject ambiguous member scope role (0.452876ms)
✔ reject ambiguous member scope workspace (0.175498ms)
✔ reject ambiguous member scope profile (0.160389ms)
✔ reject ambiguous member scope record (0.197499ms)
✔ actual token refresh fences workspace_team_get actor (39.093453ms)
✔ actual token refresh fences workspace_team_get workspace (1.511884ms)
✔ actual token refresh fences workspace_team_get unmount (3.012348ms)
✔ actual token refresh fences workspace_team_get rotation (1.550987ms)
✔ actual token refresh fences ops_records_list actor (0.85109ms)
✔ actual token refresh fences ops_records_list workspace (0.500756ms)
✔ actual token refresh fences ops_records_list unmount (0.506477ms)
✔ actual token refresh fences ops_records_list rotation (2.315345ms)
✔ actual token refresh fences social_list_posts actor (0.673047ms)
✔ actual token refresh fences social_list_posts workspace (0.512507ms)
✔ actual token refresh fences social_list_posts unmount (0.894411ms)
✔ actual token refresh fences social_list_posts rotation (0.554826ms)
✔ actual token refresh fences booking_operator_list actor (0.330678ms)
✔ actual token refresh fences booking_operator_list workspace (0.382915ms)
✔ actual token refresh fences booking_operator_list unmount (1.138797ms)
✔ actual token refresh fences booking_operator_list rotation (0.473525ms)
✔ held actual response rejects retired actor (21.339986ms)
✔ held actual response rejects retired workspace (0.66368ms)
✔ held actual response rejects retired unmount (0.667167ms)
✔ wrong workspace argument never dispatches (0.334324ms)
(node:15085) [MODULE_TYPELESS_PACKAGE_JSON] Warning: Module type of file:///workspaces/zoi-city/.recovery/community-release/mobile/src/music.ts is not specified and it doesn't parse as CommonJS.
Reparsing as ES module because module syntax was detected. This incurs a performance overhead.
To eliminate this warning, add "type": "module" to /workspaces/zoi-city/.recovery/community-release/mobile/package.json.
(Use `node --trace-warnings ...` to show where the warning was created)
✔ music prefill honors explicit cleared flat fields over old nested aliases (1.345484ms)
✔ music clearing sends null and leaves unrelated owner fields untouched (1.309838ms)
✔ music validation rejects unsafe links and impossible dates (1.195293ms)
(node:15096) [MODULE_TYPELESS_PACKAGE_JSON] Warning: Module type of file:///workspaces/zoi-city/.recovery/community-release/mobile/src/nativeParea.ts is not specified and it doesn't parse as CommonJS.
Reparsing as ES module because module syntax was detected. This incurs a performance overhead.
To eliminate this warning, add "type": "module" to /workspaces/zoi-city/.recovery/community-release/mobile/package.json.
(Use `node --trace-warnings ...` to show where the warning was created)
✔ whole-ticket 3/1/5 plan leaves one unassigned and keeps exact individual prices (36.278113ms)
✔ fractional, duplicate, excess and expired plans do not become invitations (1.033742ms)
✔ only current unclaimed guest version can rotate link without extra quota (0.71188ms)
✔ guest choices require current event, explicit deadline proof and unpaid policy version (3.362892ms)
(node:15097) [MODULE_TYPELESS_PACKAGE_JSON] Warning: Module type of file:///workspaces/zoi-city/.recovery/community-release/mobile/src/nativePareaClient.ts is not specified and it doesn't parse as CommonJS.
Reparsing as ES module because module syntax was detected. This incurs a performance overhead.
To eliminate this warning, add "type": "module" to /workspaces/zoi-city/.recovery/community-release/mobile/package.json.
(Use `node --trace-warnings ...` to show where the warning was created)
✔ event_host_guest_save refresh account (49.161721ms)
✔ event_host_guest_save refresh unmount (1.89555ms)
✔ event_host_guest_save refresh unchanged (1.610749ms)
✔ event_host_guest_save response account (1.790225ms)
✔ event_host_guest_save response unmount (1.939974ms)
✔ event_host_guest_save response unchanged (1.070901ms)
✔ event_host_claim refresh account (1.292614ms)
✔ event_host_claim refresh unmount (3.665679ms)
✔ event_host_claim refresh unchanged (1.591373ms)
✔ event_host_claim response account (1.138637ms)
✔ event_host_claim response unmount (0.849617ms)
✔ event_host_claim response unchanged (0.602005ms)
✔ event_guest_payment_choose refresh account (0.996842ms)
✔ event_guest_payment_choose refresh unmount (0.655585ms)
✔ event_guest_payment_choose refresh unchanged (1.257159ms)
✔ event_guest_payment_choose response account (0.78668ms)
✔ event_guest_payment_choose response unmount (0.709876ms)
✔ event_guest_payment_choose response unchanged (2.255865ms)
✔ actual shared host client persists nonce before dispatch, loss retries same request and token (4.179828ms)
✔ remount cannot retry bearer args, exact missing-result cancellation settles before new request (2.003443ms)
✔ no token or RPC dispatch if durable storage has failed (0.538005ms)
✔ native host never depends on browser structuredClone and rejects non-JSON mutation data (0.622273ms)
✔ durable clear failure blocks new writes until exact storage operation is confirmed (0.536231ms)
(node:15098) [MODULE_TYPELESS_PACKAGE_JSON] Warning: Module type of file:///workspaces/zoi-city/.recovery/community-release/mobile/src/nativePareaRecovery.ts is not specified and it doesn't parse as CommonJS.
Reparsing as ES module because module syntax was detected. This incurs a performance overhead.
To eliminate this warning, add "type": "module" to /workspaces/zoi-city/.recovery/community-release/mobile/package.json.
(Use `node --trace-warnings ...` to show where the warning was created)
✔ nonce-only durable reference restores in exact account/event and contains no bearer or labels (2.868018ms)
✔ private capabilities and unexpected stored fields fail closed before writes (0.751855ms)
✔ failed persistence retains same queued reference until confirmed, then durable clear (0.516435ms)
✔ account/view invalidation after storage await keeps recovery reference but rejects stale continuation (0.888841ms)
✔ payment recovery includes exact guest/version/method/request only (1.38116ms)
(node:15105) [MODULE_TYPELESS_PACKAGE_JSON] Warning: Module type of file:///workspaces/zoi-city/.recovery/community-release/mobile/src/operations.ts is not specified and it doesn't parse as CommonJS.
Reparsing as ES module because module syntax was detected. This incurs a performance overhead.
To eliminate this warning, add "type": "module" to /workspaces/zoi-city/.recovery/community-release/mobile/package.json.
(Use `node --trace-warnings ...` to show where the warning was created)
✔ save receipts require correct workspace, identity and incremented version (2.131231ms)
✔ editor can edit contacts/projects/tasks but not company records; viewers cannot write (0.287708ms)
✔ full-form edits preserve custom existing data and explicitly clear relations (1.069688ms)
✔ invalid deadline and blank title fail before sending (0.376533ms)
✔ projects require company and tasks require project before sending (0.729633ms)
✔ unicode payload byte limit is enforced before sending (5.51353ms)
✔ unmodified deadline preserves its exact timestamp (2.238632ms)
✔ new company has valid default sector and cannot submit blank sector (0.398214ms)
(node:15129) [MODULE_TYPELESS_PACKAGE_JSON] Warning: Module type of file:///workspaces/zoi-city/.recovery/community-release/mobile/src/organizationWorkflow.ts is not specified and it doesn't parse as CommonJS.
Reparsing as ES module because module syntax was detected. This incurs a performance overhead.
To eliminate this warning, add "type": "module" to /workspaces/zoi-city/.recovery/community-release/mobile/package.json.
(Use `node --trace-warnings ...` to show where the warning was created)
✔ contextual native drafts preserve saved relationships and real writer payload (3.870852ms)
✔ project browser handoff fresh role owner (0.598498ms)
✔ project browser handoff fresh role admin (0.195745ms)
✔ project browser handoff fresh role editor (0.206125ms)
✔ project browser handoff fresh role viewer (0.528427ms)
✔ reject missing project context (0.377355ms)
✔ reject archived project context (0.280154ms)
✔ reject duplicate project context (0.252822ms)
✔ reject foreign project context (0.250508ms)
✔ reject scope project context (1.677453ms)
✔ actual SessionClient held refresh actor (48.433501ms)
✔ actual SessionClient held refresh workspace (1.529708ms)
✔ actual SessionClient held refresh unchanged (1.104443ms)
(node:15131) [MODULE_TYPELESS_PACKAGE_JSON] Warning: Module type of file:///workspaces/zoi-city/.recovery/community-release/mobile/src/ownerEditorHandoff.ts is not specified and it doesn't parse as CommonJS.
Reparsing as ES module because module syntax was detected. This incurs a performance overhead.
To eliminate this warning, add "type": "module" to /workspaces/zoi-city/.recovery/community-release/mobile/package.json.
(Use `node --trace-warnings ...` to show where the warning was created)
✔ fresh authorization opens only fixed browser editor, with exact authorized listing and without credentials (2.727045ms)
✔ account or workspace switch during authorization never opens browser (0.306102ms)
✔ invalid identity, denied access and mismatched receipts never open browser (0.987244ms)
✔ revoked or failed authorization surfaces failure without opening (0.721858ms)
(node:15155) ExperimentalWarning: stripTypeScriptTypes is an experimental feature and might change at any time
(Use `node --trace-warnings ...` to show where the warning was created)
✔ private link exact canonical event and opaque fragment only (3.890328ms)
✔ current own group counts whole-ticket quantities and expires without paid inference (0.8621ms)
✔ recipient preview rejects expired, cross-event, missing no-payment envelope and malformed amounts (0.579061ms)
✔ own reader binds list and detail IDs and profile distinct from Auth UUID (2.899968ms)
✔ refresh/response scope changes prevent private request or result use (0.785437ms)
(node:15158) [MODULE_TYPELESS_PACKAGE_JSON] Warning: Module type of file:///workspaces/zoi-city/.recovery/community-release/mobile/src/placeNavigation.ts is not specified and it doesn't parse as CommonJS.
Reparsing as ES module because module syntax was detected. This incurs a performance overhead.
To eliminate this warning, add "type": "module" to /workspaces/zoi-city/.recovery/community-release/mobile/package.json.
(Use `node --trace-warnings ...` to show where the warning was created)
✔ current public slug wins over stale unhashed artist SEO path (1.321329ms)
✔ fallback permits only internal profile routes (0.464377ms)
(node:15170) [MODULE_TYPELESS_PACKAGE_JSON] Warning: Module type of file:///workspaces/zoi-city/.recovery/community-release/mobile/src/privateRequests.ts is not specified and it doesn't parse as CommonJS.
Reparsing as ES module because module syntax was detected. This incurs a performance overhead.
To eliminate this warning, add "type": "module" to /workspaces/zoi-city/.recovery/community-release/mobile/package.json.
(Use `node --trace-warnings ...` to show where the warning was created)
✔ private recovery stores exact Unicode across bounded secure chunks (10.165461ms)
✔ account switch cannot read or save another account’s private request (0.748989ms)
✔ sign-out cleanup runs after queued writes and removes every chunk (3.138924ms)
✔ incomplete persistence is never mistaken for a retryable request (3.049687ms)
✔ cleanup failure cannot roll back a committed recovery request (2.599927ms)
✔ separate workflows keep distinct encrypted recovery namespaces (1.248632ms)
✔ failed storage cleanup retains a discoverable manifest until explicit cleanup succeeds (1.904407ms)
✔ non-null malformed manifests never masquerade as no pending request (4.460433ms)
✔ valid active-null pending manifest remains interrupted, not empty (0.372746ms)
✔ an active null payload is corruption rather than no pending request (0.526344ms)
(node:15171) [MODULE_TYPELESS_PACKAGE_JSON] Warning: Module type of file:///workspaces/zoi-city/.recovery/community-release/mobile/src/profile.ts is not specified and it doesn't parse as CommonJS.
Reparsing as ES module because module syntax was detected. This incurs a performance overhead.
To eliminate this warning, add "type": "module" to /workspaces/zoi-city/.recovery/community-release/mobile/package.json.
(Use `node --trace-warnings ...` to show where the warning was created)
✔ profile gives owner fields priority, merges actual socials and labels enrichment (5.321411ms)
✔ profile never fabricates verification or ratings from owner data (0.619186ms)
✔ profile rejects unsafe external schemes and credentials (0.420275ms)
✔ missing entity is absent, not invented profile (0.227906ms)
✔ profile actions require exact server routes and matching booking listing (6.044362ms)
✔ private enquiry entry requires server invitation for this same listing (0.61004ms)
✔ profile photos preserve wide logos, portraits and small artwork (0.317473ms)
✔ image loading supports native source dimensions and web natural dimensions (0.276687ms)
✔ native uses shared phone validity and authoritative owner clear (0.559375ms)
✔ native machine social syntax and exact publisher identity match web while owner links survive (6.445391ms)
✔ native Fournos chain root contacts cannot replace branch base or explicit owner values (0.84014ms)
(node:15179) [MODULE_TYPELESS_PACKAGE_JSON] Warning: Module type of file:///workspaces/zoi-city/.recovery/community-release/mobile/src/seating.ts is not specified and it doesn't parse as CommonJS.
Reparsing as ES module because module syntax was detected. This incurs a performance overhead.
To eliminate this warning, add "type": "module" to /workspaces/zoi-city/.recovery/community-release/mobile/package.json.
(Use `node --trace-warnings ...` to show where the warning was created)
✔ hold requires exact requested seats and confirmed receipt (1.60042ms)
✔ free confirmation rejects payment, quantity, seat and hold mismatches (0.364691ms)
✔ foreground status restores exact hold and validates cancellation (0.669821ms)
✔ countdown accounts for server clock and clamps expired holds (0.197108ms)
✔ missing inventory stays unavailable and malformed maps never invent seats (0.601183ms)
✔ seat inventory uses actual geometry and rejects unsafe bigint IDs or unknown state (1.011981ms)
(node:15190) [MODULE_TYPELESS_PACKAGE_JSON] Warning: Module type of file:///workspaces/zoi-city/.recovery/community-release/mobile/src/session.ts is not specified and it doesn't parse as CommonJS.
Reparsing as ES module because module syntax was detected. This incurs a performance overhead.
To eliminate this warning, add "type": "module" to /workspaces/zoi-city/.recovery/community-release/mobile/package.json.
(Use `node --trace-warnings ...` to show where the warning was created)
✔ persists only refresh credential and restores by exchanging it (44.063563ms)
✔ expired concurrent API requests share one refresh and use renewed token (11.855708ms)
✔ invalid refresh removes stored credential and session (1.345413ms)
✔ transient refresh failure preserves credential for recovery (0.387497ms)
✔ sign-out clears device credentials even if revocation is offline (0.337942ms)
✔ in-flight sign-in cannot resurrect a signed-out account (0.94732ms)
✔ anonymous authenticated RPC is rejected without making a request (0.257791ms)
✔ application error envelopes cannot appear as publishing success (0.70656ms)
✔ server-rejected access token clears session without replaying mutation (7.396595ms)
✔ optimistic edit conflict is explained without replaying the write (1.213838ms)
✔ fetch transport uses global receiver required by browsers (0.54599ms)
✔ community validation errors remain actionable without treating them as password failures (1.351936ms)
(node:15202) [MODULE_TYPELESS_PACKAGE_JSON] Warning: Module type of file:///workspaces/zoi-city/.recovery/community-release/mobile/src/sponsorFulfillment.ts is not specified and it doesn't parse as CommonJS.
Reparsing as ES module because module syntax was detected. This incurs a performance overhead.
To eliminate this warning, add "type": "module" to /workspaces/zoi-city/.recovery/community-release/mobile/package.json.
(Use `node --trace-warnings ...` to show where the warning was created)
✔ fresh approved sponsor ok (2.584939ms)
✔ fresh approved sponsor viewer (0.453277ms)
✔ fresh approved sponsor cancelled (0.191638ms)
✔ fresh approved sponsor foreign (1.341967ms)
✔ fresh approved sponsor capability (0.559385ms)
✔ fresh approved sponsor missing (0.156131ms)
✔ actual SessionClient refresh fence actor (37.712519ms)
✔ actual SessionClient refresh fence workspace (0.845861ms)
✔ actual SessionClient refresh fence unchanged (3.451899ms)
(node:15215) [MODULE_TYPELESS_PACKAGE_JSON] Warning: Module type of file:///workspaces/zoi-city/.recovery/community-release/mobile/src/timekeeping.ts is not specified and it doesn't parse as CommonJS.
Reparsing as ES module because module syntax was detected. This incurs a performance overhead.
To eliminate this warning, add "type": "module" to /workspaces/zoi-city/.recovery/community-release/mobile/package.json.
(Use `node --trace-warnings ...` to show where the warning was created)
✔ manual time uses explicit validated duration and hourly cents (24.709541ms)
✔ timer start excludes client-controlled start and duration (0.235881ms)
✔ receipts require tenant actor version and terminal state (0.458717ms)
✔ dashboard rejects another editor’s private narrative and foreign timer (0.468986ms)
✔ timesheet CSV prevents formula execution and escapes multiline quotes (0.636228ms)
(node:15217) [MODULE_TYPELESS_PACKAGE_JSON] Warning: Module type of file:///workspaces/zoi-city/.recovery/community-release/mobile/src/trips.ts is not specified and it doesn't parse as CommonJS.
Reparsing as ES module because module syntax was detected. This incurs a performance overhead.
To eliminate this warning, add "type": "module" to /workspaces/zoi-city/.recovery/community-release/mobile/package.json.
(Use `node --trace-warnings ...` to show where the warning was created)
✔ trip dates require explicit zone and reject reversed or overlong stops (22.030497ms)
✔ private itinerary cannot accept another profile or trip receipt (0.72785ms)
✔ appearance discovery cannot substitute another artist or claim inferred confirmation (1.053171ms)
✔ appearance proposal requires source HTTPS and real distinct listing IDs (1.487349ms)
(node:15238) [MODULE_TYPELESS_PACKAGE_JSON] Warning: Module type of file:///workspaces/zoi-city/.recovery/community-release/mobile/src/volunteer.ts is not specified and it doesn't parse as CommonJS.
Reparsing as ES module because module syntax was detected. This incurs a performance overhead.
To eliminate this warning, add "type": "module" to /workspaces/zoi-city/.recovery/community-release/mobile/package.json.
(Use `node --trace-warnings ...` to show where the warning was created)
✔ volunteer invitation extracts explicit organization ID only (1.984187ms)
✔ withdrawn public opportunity stays unavailable even if saved shift was scheduled (20.971027ms)
✔ shift actions never reopen cancelled or started history (0.254616ms)
✔ signup and cancellation receipts must identify the same shift and final state (0.666886ms)
✔ organization writes require workspace identity and exact version increment (0.394276ms)
(node:15244) [MODULE_TYPELESS_PACKAGE_JSON] Warning: Module type of file:///workspaces/zoi-city/.recovery/community-release/mobile/src/volunteerOperations.ts is not specified and it doesn't parse as CommonJS.
Reparsing as ES module because module syntax was detected. This incurs a performance overhead.
To eliminate this warning, add "type": "module" to /workspaces/zoi-city/.recovery/community-release/mobile/package.json.
(Use `node --trace-warnings ...` to show where the warning was created)
✔ org_operation_save actual SessionClient token refresh actor (35.41914ms)
✔ org_operation_save actual SessionClient token refresh workspace (0.737127ms)
✔ org_operation_save actual SessionClient token refresh unchanged (0.87791ms)
✔ org_signup actual SessionClient token refresh actor (0.837873ms)
✔ org_signup actual SessionClient token refresh workspace (5.427842ms)
✔ org_signup actual SessionClient token refresh unchanged (0.981804ms)
✔ org_signup_cancel actual SessionClient token refresh actor (0.755792ms)
✔ org_signup_cancel actual SessionClient token refresh workspace (0.773015ms)
✔ org_signup_cancel actual SessionClient token refresh unchanged (0.744952ms)
✔ org_roster actual SessionClient token refresh actor (0.550478ms)
✔ org_roster actual SessionClient token refresh workspace (0.509372ms)
✔ org_roster actual SessionClient token refresh unchanged (0.56727ms)
✔ lost native create survives remount and clears only exact receipt (1.360151ms)
✔ cancel unknown native create validates workspace/request and preserves marker on wrong response (0.511796ms)
✔ generic authorization denial is recognizable without matching server wording (0.208039ms)
✔ absent installed capability keeps pending recovery and dispatches no operation (0.442577ms)
(node:15247) [MODULE_TYPELESS_PACKAGE_JSON] Warning: Module type of file:///workspaces/zoi-city/.recovery/community-release/mobile/src/webHandoffs.ts is not specified and it doesn't parse as CommonJS.
Reparsing as ES module because module syntax was detected. This incurs a performance overhead.
To eliminate this warning, add "type": "module" to /workspaces/zoi-city/.recovery/community-release/mobile/package.json.
(Use `node --trace-warnings ...` to show where the warning was created)
✔ music shelf and unscoped personal calendar explicitly reach their actual web capabilities (1.656455ms)
✔ native parish calendar, member discussion and artist homes stay native (0.46025ms)
✔ handoff resolver never opens spoofed hosts or credentials (0.217115ms)
✔ map deep links use the real web map and preserve only public search/place/view context (0.683176ms)
✔ explicit guardian links hand off only public listing context, adult groups stay native (0.962558ms)
(node:15256) ExperimentalWarning: stripTypeScriptTypes is an experimental feature and might change at any time
(Use `node --trace-warnings ...` to show where the warning was created)
✔ roles protect owner/self and admin peer escalation (2.159675ms)
✔ real controller confirms save only after current roster read (1.647087ms)
✔ lost response survives remount; receipt check does not resend (2.533463ms)
✔ unknown request blocks new write and safely cancels (0.543445ms)
✔ conflict refreshes membership; storage failure prevents submission (0.558723ms)
✔ authority loss clears private roster and account change fences calls (0.43925ms)
(node:15264) [MODULE_TYPELESS_PACKAGE_JSON] Warning: Module type of file:///workspaces/zoi-city/.recovery/community-release/mobile/src/session.ts is not specified and it doesn't parse as CommonJS.
Reparsing as ES module because module syntax was detected. This incurs a performance overhead.
To eliminate this warning, add "type": "module" to /workspaces/zoi-city/.recovery/community-release/mobile/package.json.
(Use `node --trace-warnings ...` to show where the warning was created)
(node:15264) ExperimentalWarning: stripTypeScriptTypes is an experimental feature and might change at any time
✔ only scoped team conflict/cancel envelope passes transport for controller verification (41.133731ms)
✔ exact known team SQL rejection preserved; generic 400 and other RPC remain uncertain (6.914727ms)
✔ real SessionClient quota clears marker; ambiguous400 keeps it;403 clears roster (3.116122ms)
✔ youth programme validates exact bounded ages, places and actual listing (1.597765ms)
✔ enrolment requires explicit authority and consent without inferring age (0.546741ms)
✔ enrolment receipts bind guardian child programme and exact version (0.548424ms)
✔ attendance and instructor assignment receipts reject unrelated identity (1.977043ms)
✔ private operator response rejects another workspace or programme roster (0.522656ms)
✔ public catalogue rejects unrelated listing and private family rejects malformed records (0.388867ms)
(node:15295) [MODULE_TYPELESS_PACKAGE_JSON] Warning: Module type of file:///workspaces/zoi-city/.recovery/community-release/mobile/src/youthReadiness.ts is not specified and it doesn't parse as CommonJS.
Reparsing as ES module because module syntax was detected. This incurs a performance overhead.
To eliminate this warning, add "type": "module" to /workspaces/zoi-city/.recovery/community-release/mobile/package.json.
(Use `node --trace-warnings ...` to show where the warning was created)
✔ native Youth remains read-only without exact installed actor and guardian capability (1.538715ms)
✔ native organizer readiness additionally binds exact workspace and current role (0.275395ms)
(node:15300) [MODULE_TYPELESS_PACKAGE_JSON] Warning: Module type of file:///workspaces/zoi-city/.recovery/community-release/mobile/src/session.ts is not specified and it doesn't parse as CommonJS.
Reparsing as ES module because module syntax was detected. This incurs a performance overhead.
To eliminate this warning, add "type": "module" to /workspaces/zoi-city/.recovery/community-release/mobile/package.json.
(Use `node --trace-warnings ...` to show where the warning was created)
✔ actual SessionClient youth refresh account fences private dispatch/result (31.994871ms)
✔ actual SessionClient youth refresh workspace fences private dispatch/result (0.534168ms)
✔ actual SessionClient youth refresh unmount fences private dispatch/result (0.478884ms)
✔ actual SessionClient youth response account fences private dispatch/result (5.209162ms)
✔ actual SessionClient youth response workspace fences private dispatch/result (0.86204ms)
✔ actual SessionClient youth response unmount fences private dispatch/result (0.743359ms)
✔ same actor token rotation sends private request using freshly captured token (0.870777ms)
✔ private method cannot dispatch anonymously; denied status remains recognizable (0.36378ms)
✔ installed native capability binds internal guardian profile separately from Auth (0.264735ms)
ℹ tests 371
ℹ suites 0
ℹ pass 371
ℹ fail 0
ℹ cancelled 0
ℹ skipped 0
ℹ todo 0
ℹ duration_ms 1324.386191
