Starting Metro Bundler

warning: Bundler cache is empty, rebuilding (this may take a minute)
| (node:17369) Warning: The 'NO_COLOR' env is ignored due to the 'FORCE_COLOR' env being set.
| (Use `node --trace-warnings ...` to show where the warning was created)
| (node:17369) Warning: The 'NO_COLOR' env is ignored due to the 'FORCE_COLOR' env being set.
| (Use `node --trace-warnings ...` to show where the warning was created)
Web Bundled 35620ms index.ts (505 modules)
iOS Bundled 44105ms index.ts (923 modules)
Android Bundled 50619ms index.ts (920 modules)

› Assets (2):
assets/zoi-logo.5a531fbd3a49e35f2cb1b6fc3dcd5ad0.png (113KB)
assets/zoi-logo.png (113KB)

› web bundles (1):
_expo/static/js/web/index-86da5606f6a31421c446325346a69210.js (1.4MB)

› ios bundles (1):
_expo/static/js/ios/index-07582f76f7258dcf114efc55d5674187.hbc (3.2MB)

› android bundles (1):
_expo/static/js/android/index-936690ddb30080d43112b57c2cba5d96.hbc (3.2MB)

› Files (3):
favicon.ico (15KB)
index.html (1.2KB)
metadata.json (368B)

Exported: /tmp/zoi-native-parea-export
