(node:19419) [MODULE_TYPELESS_PACKAGE_JSON] Warning: Module type of file:///workspaces/zoi-city/.recovery/community-release/mobile/src/nativeParea.ts is not specified and it doesn't parse as CommonJS.
Reparsing as ES module because module syntax was detected. This incurs a performance overhead.
To eliminate this warning, add "type": "module" to /workspaces/zoi-city/.recovery/community-release/mobile/package.json.
(Use `node --trace-warnings ...` to show where the warning was created)
✔ whole-ticket 3/1/5 plan leaves one unassigned and keeps exact individual prices (16.107611ms)
✔ fractional, duplicate, excess and expired plans do not become invitations (0.695239ms)
✔ only current unclaimed guest version can rotate link without extra quota (0.418262ms)
✔ guest choices require current event, explicit deadline proof and unpaid policy version (2.209588ms)
(node:19425) [MODULE_TYPELESS_PACKAGE_JSON] Warning: Module type of file:///workspaces/zoi-city/.recovery/community-release/mobile/src/nativePareaClient.ts is not specified and it doesn't parse as CommonJS.
Reparsing as ES module because module syntax was detected. This incurs a performance overhead.
To eliminate this warning, add "type": "module" to /workspaces/zoi-city/.recovery/community-release/mobile/package.json.
(Use `node --trace-warnings ...` to show where the warning was created)
✔ event_host_guest_save refresh account (28.289318ms)
✔ event_host_guest_save refresh unmount (1.014045ms)
✔ event_host_guest_save refresh unchanged (1.045232ms)
✔ event_host_guest_save response account (0.967237ms)
✔ event_host_guest_save response unmount (0.766432ms)
✔ event_host_guest_save response unchanged (0.660924ms)
✔ event_host_claim refresh account (1.556919ms)
✔ event_host_claim refresh unmount (0.766663ms)
✔ event_host_claim refresh unchanged (0.963981ms)
✔ event_host_claim response account (0.627903ms)
✔ event_host_claim response unmount (0.579512ms)
✔ event_host_claim response unchanged (0.43377ms)
✔ event_guest_payment_choose refresh account (0.619678ms)
✔ event_guest_payment_choose refresh unmount (0.492169ms)
✔ event_guest_payment_choose refresh unchanged (0.65325ms)
✔ event_guest_payment_choose response account (0.499052ms)
✔ event_guest_payment_choose response unmount (0.491528ms)
✔ event_guest_payment_choose response unchanged (0.429602ms)
✔ actual shared host client persists nonce before dispatch, loss retries same request and token (2.833904ms)
✔ remount cannot retry bearer args, exact missing-result cancellation settles before new request (0.605211ms)
✔ no token or RPC dispatch if durable storage has failed (0.422549ms)
✔ native host never depends on browser structuredClone and rejects non-JSON mutation data (0.468716ms)
✔ durable clear failure blocks new writes until exact storage operation is confirmed (0.515603ms)
(node:19426) [MODULE_TYPELESS_PACKAGE_JSON] Warning: Module type of file:///workspaces/zoi-city/.recovery/community-release/mobile/src/nativePareaRecovery.ts is not specified and it doesn't parse as CommonJS.
Reparsing as ES module because module syntax was detected. This incurs a performance overhead.
To eliminate this warning, add "type": "module" to /workspaces/zoi-city/.recovery/community-release/mobile/package.json.
(Use `node --trace-warnings ...` to show where the warning was created)
✔ nonce-only durable reference restores in exact account/event and contains no bearer or labels (1.784454ms)
✔ private capabilities and unexpected stored fields fail closed before writes (0.721258ms)
✔ failed persistence retains same queued reference until confirmed, then durable clear (0.451754ms)
✔ account/view invalidation after storage await keeps recovery reference but rejects stale continuation (0.643422ms)
✔ payment recovery includes exact guest/version/method/request only (0.984089ms)
ℹ tests 32
ℹ suites 0
ℹ pass 32
ℹ fail 0
ℹ cancelled 0
ℹ skipped 0
ℹ todo 0
ℹ duration_ms 174.683563
