✔ known source holds suppress default Official website in canonical, Quick look and person projections (4.535153ms)
✔ owner edit and explicit null/empty clears never resurrect imported/base websites (1.49343ms)
✔ stale domain takeover receipts never veto published same-domain owner edits (0.18767ms)
✔ challenge/robots/fetch errors and unflagged redirect mismatches do not imply an unsafe official site (0.322272ms)
✔ compact search context retains source policy without a per-card request (0.191117ms)
✔ actual canonical handler applies the shared policy across sparse families and schema, preserving owner navigation (78.930053ms)
✔ authenticated preview keeps the canonical policy after existing authority checks, including owner clear and same-domain edits (3.921696ms)
✔ hidden restaurant can select actual menu schema entirely from private snapshot (4.871225ms)
✔ private professional selects actual discipline/consult fields, not restaurant menu (0.264404ms)
✔ different workspace/listing or malformed receipt cannot provide a private editor context (0.590553ms)
✔ unproven base fields and contaminated enrichment cannot override reviewed identity (2.186134ms)
✔ actual projected owner picture bio and social clear override source defaults in rendered output (19.628079ms)
✔ explicit image phone bio clears stay clear without empty image/tel requests (6.372445ms)
✔ music owner fields use presence semantics and remove stale portrait srcsets (0.841171ms)
✔ unsafe owner URLs are suppressed and exact source identity guard remains required (0.303447ms)
✔ shared media projection preserves explicit owner hero/gallery clearing across families (0.565296ms)
✔ public SSR contains actual owner media only, escaped hydration and provider links; player loads on click (2.432384ms)
✔ explicit clear malformed owner data and hidden sections never restore source video (1.848644ms)
✔ health society affiliation is not mistaken for social channel data (0.408934ms)
✔ reviewed Argiro video requires exact existing identity and source; owner clear overrides (0.456723ms)
✔ business imported hold is distinct from saved owner choice and clear (1.872428ms)
✔ artist imported hold is distinct from saved owner choice and clear (1.247019ms)
✔ event imported hold is distinct from saved owner choice and clear (0.406129ms)
✔ church imported hold is distinct from saved owner choice and clear (0.344684ms)
✔ all existing receipt gates use neutral review state, not invented malicious labels (0.557792ms)
✔ owner presence precedence includes nested profile, and null never resurrects imported base (0.353571ms)
✔ draft validation rejects credentials, unsafe schemes and incomplete addresses without altering saved selection (0.538586ms)
✔ sparse imported source and owner selection retain separate states (0.362557ms)
✔ explicit hold excludes all imported content but retains full supported review receipt and provenance without writes (2.079415ms)
✔ base photo is not silently deleted based on source hostname or equality (0.249296ms)
✔ unknown hold/fetch/challenge and false scope flags do not suppress imported content (0.307845ms)
✔ compact public context uses the same cleaned profile and remains immutable (0.310079ms)
✔ owner edits and explicit clears are retained while imported content remains held (0.667828ms)
✔ direct same-source contact consumer refuses held imported contacts but keeps normal successful imports (0.625619ms)
✔ Quick look current base facts survive, imported menu/contacts/media cannot reappear through explicit website edit (1.491516ms)
✔ actual held Cafe Boulis fallback is removed at direct shared vertical boundary (0.379139ms)
✔ actual canonical shared projection business: populated/sparse held/owner (35.309063ms)
✔ actual canonical shared projection vendor: populated/sparse held/owner (4.020241ms)
✔ actual canonical shared projection church: populated/sparse held/owner (22.58388ms)
✔ actual canonical shared projection professional: populated/sparse held/owner (5.847403ms)
✔ actual canonical shared projection school: populated/sparse held/owner (3.208063ms)
✔ actual canonical shared projection association: populated/sparse held/owner (2.758975ms)
✔ actual canonical shared projection creator: populated/sparse held/owner (3.911677ms)
✔ actual canonical shared projection artist: populated/sparse held/owner (8.546807ms)
✔ actual canonical shared projection venue: populated/sparse held/owner (4.562513ms)
✔ actual canonical shared projection event: populated/sparse held/owner (2.452962ms)
✔ actual canonical shared projection travel_place: populated/sparse held/owner (2.599466ms)
✔ actual canonical shared projection sports_club: populated/sparse held/owner (2.368795ms)
ℹ tests 48
ℹ suites 0
ℹ pass 48
ℹ fail 0
ℹ cancelled 0
ℹ skipped 0
ℹ todo 0
ℹ duration_ms 260.752129
