(node:81258) [MODULE_TYPELESS_PACKAGE_JSON] Warning: Module type of file:///workspaces/zoi-city/.recovery/owned-freezes/official-source-consumer-parent-2026-10-03/mobile/src/profile.ts is not specified and it doesn't parse as CommonJS.
Reparsing as ES module because module syntax was detected. This incurs a performance overhead.
To eliminate this warning, add "type": "module" to /workspaces/zoi-city/.recovery/owned-freezes/official-source-consumer-parent-2026-10-03/mobile/package.json.
(Use `node --trace-warnings ...` to show where the warning was created)
✔ native outward action suppresses held source defaults and imported fallback for every family (3.212351ms)
✔ native published website edits and null/empty clears retain web authority despite stale source holds (2.45158ms)
(node:81259) [MODULE_TYPELESS_PACKAGE_JSON] Warning: Module type of file:///workspaces/zoi-city/.recovery/owned-freezes/official-source-consumer-parent-2026-10-03/mobile/src/profile.ts is not specified and it doesn't parse as CommonJS.
Reparsing as ES module because module syntax was detected. This incurs a performance overhead.
To eliminate this warning, add "type": "module" to /workspaces/zoi-city/.recovery/owned-freezes/official-source-consumer-parent-2026-10-03/mobile/package.json.
(Use `node --trace-warnings ...` to show where the warning was created)
✔ profile gives owner fields priority, merges actual socials and labels enrichment (3.714198ms)
✔ profile never fabricates verification or ratings from owner data (0.329425ms)
✔ profile rejects unsafe external schemes and credentials (1.090497ms)
✔ missing entity is absent, not invented profile (0.188372ms)
✔ profile actions require exact server routes and matching booking listing (0.910791ms)
✔ private enquiry entry requires server invitation for this same listing (0.432638ms)
✔ profile photos preserve wide logos, portraits and small artwork (0.217526ms)
✔ image loading supports native source dimensions and web natural dimensions (0.218528ms)
✔ native uses shared phone validity and authoritative owner clear (0.554676ms)
✔ native machine social syntax and exact publisher identity match web while owner links survive (1.850236ms)
✔ native Fournos chain root contacts cannot replace branch base or explicit owner values (0.970884ms)
ℹ tests 13
ℹ suites 0
ℹ pass 13
ℹ fail 0
ℹ cancelled 0
ℹ skipped 0
ℹ todo 0
ℹ duration_ms 187.359686
