{"event":"public_home_unavailable","reason":"http_503"}
✔ canonical professional home applies only its matching published owner design (36.327104ms)
✔ public home has bounded shared caching and optional failures preserve its real content (5.212257ms)
✔ optional queries start concurrently and settle independently (2.610767ms)
✔ primary failure is uncached retryable503 with no request amplification or publication promise (1.277527ms)
✔ unknown and missing homes are never cached or followed by optional queries (0.694047ms)
{"event":"public_home_unavailable","reason":"response_or_render"}
{"event":"public_home_read_retry","reason":"http_502"}
✔ deadline remains active while reading a stalled response body (15.663241ms)
✔ legacy canonical redirect skips optional work and has a short cache (0.655294ms)
✔ verified workflow links reach real booking, enquiry and volunteer entry points (2.487567ms)
✔ directions prefer street address and never route to unverified centroid coordinates (2.583406ms)
✔ public business data cannot inject executable actions or close the structured-data script (1.150159ms)
✔ artist hometown without a venue address does not become a directions destination (2.567997ms)
✔ a transient gateway failure retries only the primary public read once (102.848997ms)
✔ shared gallery labels do not invent interiors and count singular/plural (6.97997ms)
✔ explicit social removal clears public buttons and structured data without removing website identity (7.862608ms)
✔ known source holds suppress default Official website in canonical, Quick look and person projections (4.257964ms)
✔ owner edit and explicit null/empty clears never resurrect imported/base websites (1.962467ms)
✔ stale domain takeover receipts never veto published same-domain owner edits (0.185336ms)
✔ challenge/robots/fetch errors and unflagged redirect mismatches do not imply an unsafe official site (0.263462ms)
✔ compact search context retains source policy without a per-card request (0.18724ms)
✔ actual canonical handler applies the shared policy across sparse families and schema, preserving owner navigation (76.516454ms)
✔ authenticated preview keeps the canonical policy after existing authority checks, including owner clear and same-domain edits (3.729196ms)
ℹ tests 21
ℹ suites 0
ℹ pass 21
ℹ fail 0
ℹ cancelled 0
ℹ skipped 0
ℹ todo 0
ℹ duration_ms 291.507349
