PASS Youth installed capability zero mutation/recovery 390 family legacy
PASS Youth installed capability zero mutation/recovery 390 family absent
PASS Youth installed capability zero mutation/recovery 390 family string
PASS Youth installed capability zero mutation/recovery 390 family unknown
PASS Youth installed capability zero mutation/recovery 390 family actor
PASS Youth installed capability zero mutation/recovery 390 family profile
PASS Youth installed capability zero mutation/recovery 390 operator legacy
PASS Youth installed capability zero mutation/recovery 390 operator absent
PASS Youth installed capability zero mutation/recovery 390 operator string
PASS Youth installed capability zero mutation/recovery 390 operator unknown
PASS Youth installed capability zero mutation/recovery 390 operator actor
PASS Youth installed capability zero mutation/recovery 1440 family legacy
PASS Youth installed capability zero mutation/recovery 1440 family absent
PASS Youth installed capability zero mutation/recovery 1440 family string
PASS Youth installed capability zero mutation/recovery 1440 family unknown
PASS Youth installed capability zero mutation/recovery 1440 family actor
PASS Youth installed capability zero mutation/recovery 1440 family profile
PASS Youth installed capability zero mutation/recovery 1440 operator legacy
PASS Youth installed capability zero mutation/recovery 1440 operator absent
PASS Youth installed capability zero mutation/recovery 1440 operator string
PASS Youth installed capability zero mutation/recovery 1440 operator unknown
PASS Youth installed capability zero mutation/recovery 1440 operator actor
