(node:615231) ExperimentalWarning: stripTypeScriptTypes is an experimental feature and might change at any time
(Use `node --trace-warnings ...` to show where the warning was created)
✔ owner tool browser handoffs preserve explicit selected workspace with no token (2.546557ms)
✔ missing malformed and injected identities cannot fabricate a setup destination (0.456692ms)
(node:615232) [MODULE_TYPELESS_PACKAGE_JSON] Warning: Module type of file:///workspaces/zoi-city/.recovery/community-release/mobile/src/artistMusic.ts is not specified and it doesn't parse as CommonJS.
Reparsing as ES module because module syntax was detected. This incurs a performance overhead.
To eliminate this warning, add "type": "module" to /workspaces/zoi-city/.recovery/community-release/mobile/package.json.
(Use `node --trace-warnings ...` to show where the warning was created)
✔ reviewed catalogue binds identity and uses verified high-resolution photos (4.558618ms)
✔ unknown artist never inherits featured content (0.356695ms)
✔ provider links reject spoofed hosts unsafe schemes and credentials (0.297675ms)
✔ city validation supports Greek and NFKC without markup (5.362977ms)
✔ receipts bind artist request active state and expected version (0.730953ms)
✔ summary rejects subthreshold counts and wrong artist; mine preserves inactive rows (1.023358ms)
✔ interrupted authenticated interest retries identical persisted request, then withdrawal reads real server version (43.944707ms)
✔ native planner shares venue timezone and buffer boundaries (1.490438ms)
✔ native planner cannot accept another tenant or changed appointment preview (0.776206ms)
✔ native planner requires complete unique saved slots matching the preview (0.533364ms)
(node:615239) [MODULE_TYPELESS_PACKAGE_JSON] Warning: Module type of file:///workspaces/zoi-city/.recovery/community-release/mobile/src/backendReadiness.ts is not specified and it doesn't parse as CommonJS.
Reparsing as ES module because module syntax was detected. This incurs a performance overhead.
To eliminate this warning, add "type": "module" to /workspaces/zoi-city/.recovery/community-release/mobile/package.json.
(Use `node --trace-warnings ...` to show where the warning was created)
✔ verified guardian backend is enabled while unavailable integrations fail closed (1.333606ms)
✔ guardian release gate is backed by complete deployed RPC evidence (0.889798ms)
(node:615244) [MODULE_TYPELESS_PACKAGE_JSON] Warning: Module type of file:///workspaces/zoi-city/.recovery/community-release/mobile/src/booking.ts is not specified and it doesn't parse as CommonJS.
Reparsing as ES module because module syntax was detected. This incurs a performance overhead.
To eliminate this warning, add "type": "module" to /workspaces/zoi-city/.recovery/community-release/mobile/package.json.
(Use `node --trace-warnings ...` to show where the warning was created)
✔ booking receipts require exact idempotency request, slot and party (1.81375ms)
✔ retry receipt preserves terminal cancellation rather than inventing confirmation (0.220992ms)
✔ booking catalog refuses malformed times and unknown timezone (35.273884ms)
✔ venue times honor the venue timezone rather than device default (2.130752ms)
(node:615247) [MODULE_TYPELESS_PACKAGE_JSON] Warning: Module type of file:///workspaces/zoi-city/.recovery/community-release/mobile/src/bookingOperator.ts is not specified and it doesn't parse as CommonJS.
Reparsing as ES module because module syntax was detected. This incurs a performance overhead.
To eliminate this warning, add "type": "module" to /workspaces/zoi-city/.recovery/community-release/mobile/package.json.
(Use `node --trace-warnings ...` to show where the warning was created)
✔ operator mutation requires exact workspace and incremented version (1.745654ms)
✔ operator service decimal prices are exact minor units and bounded (0.502177ms)
✔ staff resource cannot silently admit a party (0.277217ms)
✔ schedule converts venue-local time and rejects both DST edge cases (25.457805ms)
✔ native reschedule uses venue-local range and rejects impossible calendar dates (19.822762ms)
✔ reschedule selection pins reviewed version and exact price (0.718609ms)
✔ move receipt requires same booking, expected version, reviewed time and no collected payment (0.54172ms)
(node:615260) [MODULE_TYPELESS_PACKAGE_JSON] Warning: Module type of file:///workspaces/zoi-city/.recovery/community-release/mobile/src/brand.ts is not specified and it doesn't parse as CommonJS.
Reparsing as ES module because module syntax was detected. This incurs a performance overhead.
To eliminate this warning, add "type": "module" to /workspaces/zoi-city/.recovery/community-release/mobile/package.json.
(Use `node --trace-warnings ...` to show where the warning was created)
✔ native shared body, subdued text and actions stay readable on every adopted surface (2.029774ms)
✔ native and web material colors share the same semantic values (6.121631ms)
(node:615269) [MODULE_TYPELESS_PACKAGE_JSON] Warning: Module type of file:///workspaces/zoi-city/.recovery/community-release/mobile/src/businessEdit.ts is not specified and it doesn't parse as CommonJS.
Reparsing as ES module because module syntax was detected. This incurs a performance overhead.
To eliminate this warning, add "type": "module" to /workspaces/zoi-city/.recovery/community-release/mobile/package.json.
(Use `node --trace-warnings ...` to show where the warning was created)
✔ only owned and explicitly approved claims can appear in business editor (2.259022ms)
✔ business edit preserves unknown social keys and explicit cleared fields (0.577216ms)
✔ business edit rejects unsafe replacement and ambiguous social payloads (0.532472ms)
(node:615276) [MODULE_TYPELESS_PACKAGE_JSON] Warning: Module type of file:///workspaces/zoi-city/.recovery/community-release/mobile/src/calendar.ts is not specified and it doesn't parse as CommonJS.
Reparsing as ES module because module syntax was detected. This incurs a performance overhead.
To eliminate this warning, add "type": "module" to /workspaces/zoi-city/.recovery/community-release/mobile/package.json.
(Use `node --trace-warnings ...` to show where the warning was created)
✔ calendar ranges reject impossible dates and bound exactly90 UTC days (1.890584ms)
✔ public calendar rejects private drafts and another listing (0.387923ms)
✔ workspace calendar rejects another tenant (0.331628ms)
✔ same calendar planner validates dates and exact saved receipt (26.84973ms)
✔ profile calendar/group actions require exact same-listing server paths (2.181356ms)
(node:615283) [MODULE_TYPELESS_PACKAGE_JSON] Warning: Module type of file:///workspaces/zoi-city/.recovery/community-release/mobile/src/commerce.ts is not specified and it doesn't parse as CommonJS.
Reparsing as ES module because module syntax was detected. This incurs a performance overhead.
To eliminate this warning, add "type": "module" to /workspaces/zoi-city/.recovery/community-release/mobile/package.json.
(Use `node --trace-warnings ...` to show where the warning was created)
✔ basket totals preserve decimal precision and separate currencies (2.369957ms)
✔ persisted basket rejects duplicate IDs and invalid quantities (1.122873ms)
✔ adding unavailable options or excessive aggregate quantities fails (0.774524ms)
✔ fresh checkout must match exact official cart and all quantities (1.032725ms)
✔ product imagery and deep links reject untrusted URLs and invalid identifiers (0.586654ms)
✔ native shared option cannot silently substitute another product variant (0.341346ms)
✔ malformed explicit native variant remains an explicit unresolved choice (0.542621ms)
✔ single default display metadata survives native basket mapping without changing provider title (0.749578ms)
(node:615286) [MODULE_TYPELESS_PACKAGE_JSON] Warning: Module type of file:///workspaces/zoi-city/.recovery/community-release/mobile/src/community.ts is not specified and it doesn't parse as CommonJS.
Reparsing as ES module because module syntax was detected. This incurs a performance overhead.
To eliminate this warning, add "type": "module" to /workspaces/zoi-city/.recovery/community-release/mobile/package.json.
(Use `node --trace-warnings ...` to show where the warning was created)
✔ visible reaction state comes from matching desired-state receipts only (1.495408ms)
✔ reply receipt is scoped to post and actual profile, not auth UUID (0.437987ms)
✔ public profile edits explicitly validate interests and chosen public fields (0.497928ms)
✔ feed preserves server snapshot and rejects a substituted mode (0.297785ms)
✔ recovered publication keeps original account, immutable request and actual receipt identity (0.517374ms)
(node:615312) [MODULE_TYPELESS_PACKAGE_JSON] Warning: Module type of file:///workspaces/zoi-city/.recovery/community-release/mobile/src/communityIntent.ts is not specified and it doesn't parse as CommonJS.
Reparsing as ES module because module syntax was detected. This incurs a performance overhead.
To eliminate this warning, add "type": "module" to /workspaces/zoi-city/.recovery/community-release/mobile/package.json.
(Use `node --trace-warnings ...` to show where the warning was created)
✔ sign-in retains question composer intent but cannot resume without an actor (2.241808ms)
✔ discussion return retains navigation and does not replay a reaction (0.351365ms)
✔ sign-in may retain public navigation but sign-out or account switch invalidates it (0.224007ms)
(node:615315) [MODULE_TYPELESS_PACKAGE_JSON] Warning: Module type of file:///workspaces/zoi-city/.recovery/community-release/mobile/src/communityMedia.ts is not specified and it doesn't parse as CommonJS.
Reparsing as ES module because module syntax was detected. This incurs a performance overhead.
To eliminate this warning, add "type": "module" to /workspaces/zoi-city/.recovery/community-release/mobile/package.json.
(Use `node --trace-warnings ...` to show where the warning was created)
✔ media selection validates actual bytes dimensions and video duration before transfer (1.79156ms)
✔ media URLs cannot execute scripts or expose embedded credentials (0.302454ms)
✔ offscreen background low-power reduced-motion and user pause all prevent autoplay (0.421225ms)
✔ upload receipt must match selected media type and a valid finalized identity (0.623082ms)
(node:615322) [MODULE_TYPELESS_PACKAGE_JSON] Warning: Module type of file:///workspaces/zoi-city/.recovery/community-release/mobile/src/companyWorkspace.ts is not specified and it doesn't parse as CommonJS.
Reparsing as ES module because module syntax was detected. This incurs a performance overhead.
To eliminate this warning, add "type": "module" to /workspaces/zoi-city/.recovery/community-release/mobile/package.json.
(Use `node --trace-warnings ...` to show where the warning was created)
✔ native company aggregates exact active relationships without assuming member Auth identity (2.533282ms)
✔ company draft uses current company ID and existing persisted payload (0.487088ms)
✔ company source rejects foreign (0.311491ms)
✔ company source rejects archived (0.258162ms)
✔ company source rejects missing (0.209291ms)
✔ company source rejects duplicate (0.165719ms)
✔ archived linked project has no company return and archived work is omitted (0.410077ms)
✔ existing roles keep company edit distinct from project work (0.193611ms)
✔ actual SessionClient ignores held Company response after account (48.20092ms)
✔ actual SessionClient ignores held Company response after workspace (2.802054ms)
✔ actual SessionClient ignores held Company response after unmount (1.269807ms)
(node:615336) [MODULE_TYPELESS_PACKAGE_JSON] Warning: Module type of file:///workspaces/zoi-city/.recovery/community-release/mobile/src/creator.ts is not specified and it doesn't parse as CommonJS.
Reparsing as ES module because module syntax was detected. This incurs a performance overhead.
To eliminate this warning, add "type": "module" to /workspaces/zoi-city/.recovery/community-release/mobile/package.json.
(Use `node --trace-warnings ...` to show where the warning was created)
✔ bio preserves order and unpublished intent in exact server payload (2.155848ms)
✔ bio refuses truncation and unsafe links before save (0.628281ms)
✔ bio needs exact save receipt and never treats empty response as success (0.380709ms)
(node:615342) [MODULE_TYPELESS_PACKAGE_JSON] Warning: Module type of file:///workspaces/zoi-city/.recovery/community-release/mobile/src/creatorAccess.ts is not specified and it doesn't parse as CommonJS.
Reparsing as ES module because module syntax was detected. This incurs a performance overhead.
To eliminate this warning, add "type": "module" to /workspaces/zoi-city/.recovery/community-release/mobile/package.json.
(Use `node --trace-warnings ...` to show where the warning was created)
✔ authoritative creator denials invalidate private data for reads and writes (3.416228ms)
✔ temporary failure and creator read-only states retain draft and recovery state (0.816192ms)
✔ late denial from an unmounted or different actor cannot clear the current screen (0.498599ms)
✔ successful reads and confirmed writes remain unchanged (0.447875ms)
(node:615349) [MODULE_TYPELESS_PACKAGE_JSON] Warning: Module type of file:///workspaces/zoi-city/.recovery/community-release/mobile/src/creatorRecovery.ts is not specified and it doesn't parse as CommonJS.
Reparsing as ES module because module syntax was detected. This incurs a performance overhead.
To eliminate this warning, add "type": "module" to /workspaces/zoi-city/.recovery/community-release/mobile/package.json.
(Use `node --trace-warnings ...` to show where the warning was created)
✔ all seven actions execute through durable nonce-only wrapper and validate receipt (14.902424ms)
✔ lost response blocks replacement, exact retry retains immutable memory payload (1.690301ms)
✔ reload has no payload, missing receipt retains fence, cancellation requires exact proof (2.644469ms)
✔ permission denial drops private payload without deleting recovery reference (1.104719ms)
✔ storage failure, corrupt marker and late account change cannot permit dispatch or acknowledgement (1.210737ms)
✔ mismatched saved entity does not discard recovery reference (0.439259ms)
✔ account switch during persisted readback prevents dispatch (0.44533ms)
✔ readback failure after persistence retains marker and fences another send (0.726995ms)
(node:615350) [MODULE_TYPELESS_PACKAGE_JSON] Warning: Module type of file:///workspaces/zoi-city/.recovery/community-release/mobile/src/creatorStudio.ts is not specified and it doesn't parse as CommonJS.
Reparsing as ES module because module syntax was detected. This incurs a performance overhead.
To eliminate this warning, add "type": "module" to /workspaces/zoi-city/.recovery/community-release/mobile/package.json.
(Use `node --trace-warnings ...` to show where the warning was created)
✔ creator fee is explicit currency units converted to bounded minor units (2.052997ms)
✔ private drafts may be incomplete but sharing needs disclosures and deliverables (2.448464ms)
✔ customer detail rejects internal workspace records and audit data (0.645373ms)
✔ creator mutation receipts require matching workspace and decision request (0.558922ms)
✔ proof links remain explicit public HTTPS links and deliverables honor field limits (1.522578ms)
(node:615361) [MODULE_TYPELESS_PACKAGE_JSON] Warning: Module type of file:///workspaces/zoi-city/.recovery/community-release/mobile/src/documents.ts is not specified and it doesn't parse as CommonJS.
Reparsing as ES module because module syntax was detected. This incurs a performance overhead.
To eliminate this warning, add "type": "module" to /workspaces/zoi-city/.recovery/community-release/mobile/package.json.
(Use `node --trace-warnings ...` to show where the warning was created)
✔ private upload receipt requires workspace, document identity and ready version (1.74367ms)
✔ private attachment requires no-store, attachment headers, correct type and exact bounded size (46.117857ms)
✔ native document selection uses same metadata limits as server (0.673967ms)
(node:615370) [MODULE_TYPELESS_PACKAGE_JSON] Warning: Module type of file:///workspaces/zoi-city/.recovery/community-release/mobile/src/drafts.ts is not specified and it doesn't parse as CommonJS.
Reparsing as ES module because module syntax was detected. This incurs a performance overhead.
To eliminate this warning, add "type": "module" to /workspaces/zoi-city/.recovery/community-release/mobile/package.json.
(Use `node --trace-warnings ...` to show where the warning was created)
✔ sign-out removal waits for in-flight draft save and prevents queued resurrection (4.832158ms)
✔ switching account blocks previous account queued draft writes (0.565003ms)
✔ publishing requires explicit success and real UUID receipt (0.392402ms)
✔ native map labels share exact source geometry and boundedpreferences (1.932261ms)
✔ native prepared note shares same nontransactional contract (0.742535ms)
(node:615373) ExperimentalWarning: stripTypeScriptTypes is an experimental feature and might change at any time
(Use `node --trace-warnings ...` to show where the warning was created)
✔ guest link carries only canonical selected event, never credentials (1.843506ms)
✔ organiser handoff validates exact selected workspace and event with fresh authority (1.542906ms)
✔ viewer, missing, duplicate and malformed memberships cannot produce operator link (0.6979ms)
✔ selected workspace never falls back to first membership (2.448655ms)
✔ wrong event and denied operator proof cannot open a link (0.817184ms)
✔ late account/workspace switches fence membership and operator responses (10.870974ms)
(node:615384) [MODULE_TYPELESS_PACKAGE_JSON] Warning: Module type of file:///workspaces/zoi-city/.recovery/community-release/mobile/src/session.ts is not specified and it doesn't parse as CommonJS.
Reparsing as ES module because module syntax was detected. This incurs a performance overhead.
To eliminate this warning, add "type": "module" to /workspaces/zoi-city/.recovery/community-release/mobile/package.json.
(Use `node --trace-warnings ...` to show where the warning was created)
✔ actual session refresh preserves exact authorised event/workspace without credentials in link (50.957138ms)
✔ held actual refresh refuses private send after workspace switch (1.729424ms)
✔ held actual refresh refuses private send after actor switch (1.019029ms)
✔ late private response is refused after scope change (13.420855ms)
✔ invalid actor, guest, lost scope and unsupported RPC refuse dispatch (0.451622ms)
✔ refresh rejection never dispatches private proof (0.243104ms)
(node:615391) [MODULE_TYPELESS_PACKAGE_JSON] Warning: Module type of file:///workspaces/zoi-city/.recovery/community-release/mobile/src/eventPlanner.ts is not specified and it doesn't parse as CommonJS.
Reparsing as ES module because module syntax was detected. This incurs a performance overhead.
To eliminate this warning, add "type": "module" to /workspaces/zoi-city/.recovery/community-release/mobile/package.json.
(Use `node --trace-warnings ...` to show where the warning was created)
✔ event plans preserve private notes and reject invalid quantities (23.328827ms)
✔ recovery never substitutes profile or plan version (0.766679ms)
✔ current booking reads cannot import foreign private plans (0.30562ms)
✔ resource units enforce one performer, bounded venue guests and equipment units (0.486847ms)
(node:615399) [MODULE_TYPELESS_PACKAGE_JSON] Warning: Module type of file:///workspaces/zoi-city/.recovery/community-release/mobile/src/festival.ts is not specified and it doesn't parse as CommonJS.
Reparsing as ES module because module syntax was detected. This incurs a performance overhead.
To eliminate this warning, add "type": "module" to /workspaces/zoi-city/.recovery/community-release/mobile/package.json.
(Use `node --trace-warnings ...` to show where the warning was created)
✔ application ignores client prices and validates contact and units (3.92145ms)
✔ commercial offers use exact cents and bounded benefit lines (47.518777ms)
✔ application receipt requires correct actor tenant enquiry and version (2.005949ms)
✔ private pages reject foreign records and invalid pagination (0.39702ms)
✔ public offer action only uses exact matching host UUID (1.75398ms)
(node:615401) [MODULE_TYPELESS_PACKAGE_JSON] Warning: Module type of file:///workspaces/zoi-city/.recovery/community-release/mobile/src/generalReservation.ts is not specified and it doesn't parse as CommonJS.
Reparsing as ES module because module syntax was detected. This incurs a performance overhead.
To eliminate this warning, add "type": "module" to /workspaces/zoi-city/.recovery/community-release/mobile/package.json.
(Use `node --trace-warnings ...` to show where the warning was created)
✔ interrupted reservation remains blocked after remount and across tier changes, scoped to actor and event (3.392253ms)
✔ only exact confirmed free receipt clears original attempt; malformed and stale confirmations preserve warning (1.172216ms)
✔ storage failure and account change stop request preparation before network action (0.427407ms)
✔ new request recovery accepts only exact nonce/event/tier/quantity receipt, with no contact storage (3.586847ms)
✔ legacy saved requests cannot be upgraded to once protocol, and malformed recovery never clears warning (1.547945ms)
✔ recovered creation receipt cannot imply active ticket after cancellation or closed event (0.331638ms)
✔ signing in cannot bypass an unresolved guest reservation or reuse its nonce as an account request (1.75969ms)
✔ confirmed nonce reference survives reopening without contacts and never claims cached ticket status (1.085393ms)
✔ confirmed references cap at five, expire after one year, and storage failure preserves unresolved warning (2.92891ms)
✔ member state accepts closed group with own history but rejects unrelated membership (1.706521ms)
✔ membership decisions validate tenant identity and exact increment (0.380319ms)
✔ attendance receipt binds event membership and status (0.358198ms)
✔ membership settings cannot cross workspace or skip version (0.283649ms)
(node:615430) [MODULE_TYPELESS_PACKAGE_JSON] Warning: Module type of file:///workspaces/zoi-city/.recovery/community-release/mobile/src/inquiries.ts is not specified and it doesn't parse as CommonJS.
Reparsing as ES module because module syntax was detected. This incurs a performance overhead.
To eliminate this warning, add "type": "module" to /workspaces/zoi-city/.recovery/community-release/mobile/package.json.
(Use `node --trace-warnings ...` to show where the warning was created)
✔ enquiry start validates actor listing and immutable request payload (2.042908ms)
✔ reply requires exact author thread request and body receipt (0.586483ms)
✔ thread read guards workspace message identity and readonly contract (0.419371ms)
✔ enquiry inputs reject invalid IDs and oversized empty messages (0.536099ms)
(node:615433) [MODULE_TYPELESS_PACKAGE_JSON] Warning: Module type of file:///workspaces/zoi-city/.recovery/community-release/mobile/src/privateRequests.ts is not specified and it doesn't parse as CommonJS.
Reparsing as ES module because module syntax was detected. This incurs a performance overhead.
To eliminate this warning, add "type": "module" to /workspaces/zoi-city/.recovery/community-release/mobile/package.json.
(Use `node --trace-warnings ...` to show where the warning was created)
✔ restart restores nonce-only metadata and prevents replacement (8.279774ms)
✔ A to B to A protects and preserves original marker (3.191913ms)
✔ SecureStore failure and silent adapter failure prevent dispatch (1.729884ms)
✔ receipt requires exact nonce kind and target; notfound is not cancellation (0.438147ms)
✔ failed recovery keeps marker until confirmed cancellation acknowledgement (2.547269ms)
✔ corrupt active null prevents a replacement inquiry nonce (3.452606ms)
(node:615434) [MODULE_TYPELESS_PACKAGE_JSON] Warning: Module type of file:///workspaces/zoi-city/.recovery/community-release/mobile/src/memberStart.ts is not specified and it doesn't parse as CommonJS.
Reparsing as ES module because module syntax was detected. This incurs a performance overhead.
To eliminate this warning, add "type": "module" to /workspaces/zoi-city/.recovery/community-release/mobile/package.json.
(Use `node --trace-warnings ...` to show where the warning was created)
✔ server profile identity includes no-deadline assignment and excludes Auth UUID assignment (5.091791ms)
✔ reject ambiguous member scope role (0.364851ms)
✔ reject ambiguous member scope workspace (0.117289ms)
✔ reject ambiguous member scope profile (0.156391ms)
✔ reject ambiguous member scope record (0.189463ms)
✔ actual token refresh fences workspace_team_get actor (36.439406ms)
✔ actual token refresh fences workspace_team_get workspace (1.48063ms)
✔ actual token refresh fences workspace_team_get unmount (3.169548ms)
✔ actual token refresh fences workspace_team_get rotation (2.267697ms)
✔ actual token refresh fences ops_records_list actor (1.077128ms)
✔ actual token refresh fences ops_records_list workspace (0.84752ms)
✔ actual token refresh fences ops_records_list unmount (0.526481ms)
✔ actual token refresh fences ops_records_list rotation (1.415108ms)
✔ actual token refresh fences social_list_posts actor (0.476027ms)
✔ actual token refresh fences social_list_posts workspace (1.553351ms)
✔ actual token refresh fences social_list_posts unmount (0.442084ms)
✔ actual token refresh fences social_list_posts rotation (0.549353ms)
✔ actual token refresh fences booking_operator_list actor (0.311461ms)
✔ actual token refresh fences booking_operator_list workspace (0.332419ms)
✔ actual token refresh fences booking_operator_list unmount (3.55229ms)
✔ actual token refresh fences booking_operator_list rotation (0.486096ms)
✔ held actual response rejects retired actor (28.970393ms)
✔ held actual response rejects retired workspace (0.844775ms)
✔ held actual response rejects retired unmount (0.646174ms)
✔ wrong workspace argument never dispatches (0.355723ms)
(node:615451) [MODULE_TYPELESS_PACKAGE_JSON] Warning: Module type of file:///workspaces/zoi-city/.recovery/community-release/mobile/src/music.ts is not specified and it doesn't parse as CommonJS.
Reparsing as ES module because module syntax was detected. This incurs a performance overhead.
To eliminate this warning, add "type": "module" to /workspaces/zoi-city/.recovery/community-release/mobile/package.json.
(Use `node --trace-warnings ...` to show where the warning was created)
✔ music prefill honors explicit cleared flat fields over old nested aliases (1.519973ms)
✔ music clearing sends null and leaves unrelated owner fields untouched (4.905544ms)
✔ music validation rejects unsafe links and impossible dates (4.830499ms)
(node:615460) [MODULE_TYPELESS_PACKAGE_JSON] Warning: Module type of file:///workspaces/zoi-city/.recovery/community-release/mobile/src/operations.ts is not specified and it doesn't parse as CommonJS.
Reparsing as ES module because module syntax was detected. This incurs a performance overhead.
To eliminate this warning, add "type": "module" to /workspaces/zoi-city/.recovery/community-release/mobile/package.json.
(Use `node --trace-warnings ...` to show where the warning was created)
✔ save receipts require correct workspace, identity and incremented version (2.031867ms)
✔ editor can edit contacts/projects/tasks but not company records; viewers cannot write (0.237713ms)
✔ full-form edits preserve custom existing data and explicitly clear relations (0.903914ms)
✔ invalid deadline and blank title fail before sending (0.397762ms)
✔ projects require company and tasks require project before sending (0.546429ms)
✔ unicode payload byte limit is enforced before sending (6.556372ms)
✔ unmodified deadline preserves its exact timestamp (1.762405ms)
✔ new company has valid default sector and cannot submit blank sector (0.435351ms)
(node:615467) [MODULE_TYPELESS_PACKAGE_JSON] Warning: Module type of file:///workspaces/zoi-city/.recovery/community-release/mobile/src/organizationWorkflow.ts is not specified and it doesn't parse as CommonJS.
Reparsing as ES module because module syntax was detected. This incurs a performance overhead.
To eliminate this warning, add "type": "module" to /workspaces/zoi-city/.recovery/community-release/mobile/package.json.
(Use `node --trace-warnings ...` to show where the warning was created)
✔ contextual native drafts preserve saved relationships and real writer payload (2.654368ms)
✔ project browser handoff fresh role owner (0.501786ms)
✔ project browser handoff fresh role admin (0.216724ms)
✔ project browser handoff fresh role editor (0.168214ms)
✔ project browser handoff fresh role viewer (0.519799ms)
✔ reject missing project context (0.333161ms)
✔ reject archived project context (0.205002ms)
✔ reject duplicate project context (0.19354ms)
✔ reject foreign project context (0.396519ms)
✔ reject scope project context (0.334404ms)
✔ actual SessionClient held refresh actor (40.61158ms)
✔ actual SessionClient held refresh workspace (1.459221ms)
✔ actual SessionClient held refresh unchanged (1.109719ms)
(node:615469) [MODULE_TYPELESS_PACKAGE_JSON] Warning: Module type of file:///workspaces/zoi-city/.recovery/community-release/mobile/src/ownerEditorHandoff.ts is not specified and it doesn't parse as CommonJS.
Reparsing as ES module because module syntax was detected. This incurs a performance overhead.
To eliminate this warning, add "type": "module" to /workspaces/zoi-city/.recovery/community-release/mobile/package.json.
(Use `node --trace-warnings ...` to show where the warning was created)
✔ fresh authorization opens only fixed browser editor, with exact authorized listing and without credentials (2.593534ms)
✔ account or workspace switch during authorization never opens browser (0.337981ms)
✔ invalid identity, denied access and mismatched receipts never open browser (0.941134ms)
✔ revoked or failed authorization surfaces failure without opening (0.622501ms)
(node:615475) ExperimentalWarning: stripTypeScriptTypes is an experimental feature and might change at any time
(Use `node --trace-warnings ...` to show where the warning was created)
✔ private link exact canonical event and opaque fragment only (3.130976ms)
✔ current own group counts whole-ticket quantities and expires without paid inference (0.639091ms)
✔ recipient preview rejects expired, cross-event, missing no-payment envelope and malformed amounts (0.477459ms)
✔ own reader binds list and detail IDs and profile distinct from Auth UUID (2.924311ms)
✔ refresh/response scope changes prevent private request or result use (0.591382ms)
(node:615481) [MODULE_TYPELESS_PACKAGE_JSON] Warning: Module type of file:///workspaces/zoi-city/.recovery/community-release/mobile/src/placeNavigation.ts is not specified and it doesn't parse as CommonJS.
Reparsing as ES module because module syntax was detected. This incurs a performance overhead.
To eliminate this warning, add "type": "module" to /workspaces/zoi-city/.recovery/community-release/mobile/package.json.
(Use `node --trace-warnings ...` to show where the warning was created)
✔ current public slug wins over stale unhashed artist SEO path (1.163018ms)
✔ fallback permits only internal profile routes (0.578057ms)
(node:615493) [MODULE_TYPELESS_PACKAGE_JSON] Warning: Module type of file:///workspaces/zoi-city/.recovery/community-release/mobile/src/privateRequests.ts is not specified and it doesn't parse as CommonJS.
Reparsing as ES module because module syntax was detected. This incurs a performance overhead.
To eliminate this warning, add "type": "module" to /workspaces/zoi-city/.recovery/community-release/mobile/package.json.
(Use `node --trace-warnings ...` to show where the warning was created)
✔ private recovery stores exact Unicode across bounded secure chunks (8.382014ms)
✔ account switch cannot read or save another account’s private request (1.056209ms)
✔ sign-out cleanup runs after queued writes and removes every chunk (3.392233ms)
✔ incomplete persistence is never mistaken for a retryable request (2.361592ms)
✔ cleanup failure cannot roll back a committed recovery request (2.573016ms)
✔ separate workflows keep distinct encrypted recovery namespaces (1.731157ms)
✔ failed storage cleanup retains a discoverable manifest until explicit cleanup succeeds (1.907205ms)
✔ non-null malformed manifests never masquerade as no pending request (1.307307ms)
✔ valid active-null pending manifest remains interrupted, not empty (0.877366ms)
✔ an active null payload is corruption rather than no pending request (0.792206ms)
(node:615503) [MODULE_TYPELESS_PACKAGE_JSON] Warning: Module type of file:///workspaces/zoi-city/.recovery/community-release/mobile/src/profile.ts is not specified and it doesn't parse as CommonJS.
Reparsing as ES module because module syntax was detected. This incurs a performance overhead.
To eliminate this warning, add "type": "module" to /workspaces/zoi-city/.recovery/community-release/mobile/package.json.
(Use `node --trace-warnings ...` to show where the warning was created)
✔ profile gives owner fields priority, merges actual socials and labels enrichment (4.783096ms)
✔ profile never fabricates verification or ratings from owner data (0.487689ms)
✔ profile rejects unsafe external schemes and credentials (0.507255ms)
✔ missing entity is absent, not invented profile (0.214249ms)
✔ profile actions require exact server routes and matching booking listing (3.054714ms)
✔ private enquiry entry requires server invitation for this same listing (0.617952ms)
✔ profile photos preserve wide logos, portraits and small artwork (0.271486ms)
✔ image loading supports native source dimensions and web natural dimensions (0.239928ms)
✔ native uses shared phone validity and authoritative owner clear (0.555506ms)
✔ native machine social syntax and exact publisher identity match web while owner links survive (1.714015ms)
✔ native Fournos chain root contacts cannot replace branch base or explicit owner values (1.460723ms)
(node:615510) [MODULE_TYPELESS_PACKAGE_JSON] Warning: Module type of file:///workspaces/zoi-city/.recovery/community-release/mobile/src/seating.ts is not specified and it doesn't parse as CommonJS.
Reparsing as ES module because module syntax was detected. This incurs a performance overhead.
To eliminate this warning, add "type": "module" to /workspaces/zoi-city/.recovery/community-release/mobile/package.json.
(Use `node --trace-warnings ...` to show where the warning was created)
✔ hold requires exact requested seats and confirmed receipt (1.78082ms)
✔ free confirmation rejects payment, quantity, seat and hold mismatches (0.421937ms)
✔ foreground status restores exact hold and validates cancellation (0.835477ms)
✔ countdown accounts for server clock and clamps expired holds (0.266718ms)
✔ missing inventory stays unavailable and malformed maps never invent seats (0.669007ms)
✔ seat inventory uses actual geometry and rejects unsafe bigint IDs or unknown state (1.060076ms)
(node:615519) [MODULE_TYPELESS_PACKAGE_JSON] Warning: Module type of file:///workspaces/zoi-city/.recovery/community-release/mobile/src/session.ts is not specified and it doesn't parse as CommonJS.
Reparsing as ES module because module syntax was detected. This incurs a performance overhead.
To eliminate this warning, add "type": "module" to /workspaces/zoi-city/.recovery/community-release/mobile/package.json.
(Use `node --trace-warnings ...` to show where the warning was created)
✔ persists only refresh credential and restores by exchanging it (50.551873ms)
✔ expired concurrent API requests share one refresh and use renewed token (12.309176ms)
✔ invalid refresh removes stored credential and session (1.042073ms)
✔ transient refresh failure preserves credential for recovery (0.367615ms)
✔ sign-out clears device credentials even if revocation is offline (0.393814ms)
✔ in-flight sign-in cannot resurrect a signed-out account (0.958796ms)
✔ anonymous authenticated RPC is rejected without making a request (0.328723ms)
✔ application error envelopes cannot appear as publishing success (0.703111ms)
✔ server-rejected access token clears session without replaying mutation (1.033206ms)
✔ optimistic edit conflict is explained without replaying the write (0.978294ms)
✔ fetch transport uses global receiver required by browsers (0.494471ms)
✔ community validation errors remain actionable without treating them as password failures (0.86928ms)
(node:615523) [MODULE_TYPELESS_PACKAGE_JSON] Warning: Module type of file:///workspaces/zoi-city/.recovery/community-release/mobile/src/sponsorFulfillment.ts is not specified and it doesn't parse as CommonJS.
Reparsing as ES module because module syntax was detected. This incurs a performance overhead.
To eliminate this warning, add "type": "module" to /workspaces/zoi-city/.recovery/community-release/mobile/package.json.
(Use `node --trace-warnings ...` to show where the warning was created)
✔ fresh approved sponsor ok (2.957583ms)
✔ fresh approved sponsor viewer (0.589339ms)
✔ fresh approved sponsor cancelled (1.618437ms)
✔ fresh approved sponsor foreign (0.305068ms)
✔ fresh approved sponsor capability (1.900211ms)
✔ fresh approved sponsor missing (0.234588ms)
✔ actual SessionClient refresh fence actor (38.391224ms)
✔ actual SessionClient refresh fence workspace (0.771828ms)
✔ actual SessionClient refresh fence unchanged (1.157367ms)
(node:615534) [MODULE_TYPELESS_PACKAGE_JSON] Warning: Module type of file:///workspaces/zoi-city/.recovery/community-release/mobile/src/timekeeping.ts is not specified and it doesn't parse as CommonJS.
Reparsing as ES module because module syntax was detected. This incurs a performance overhead.
To eliminate this warning, add "type": "module" to /workspaces/zoi-city/.recovery/community-release/mobile/package.json.
(Use `node --trace-warnings ...` to show where the warning was created)
✔ manual time uses explicit validated duration and hourly cents (26.870639ms)
✔ timer start excludes client-controlled start and duration (0.26274ms)
✔ receipts require tenant actor version and terminal state (0.513187ms)
✔ dashboard rejects another editor’s private narrative and foreign timer (0.539085ms)
✔ timesheet CSV prevents formula execution and escapes multiline quotes (0.532894ms)
(node:615541) [MODULE_TYPELESS_PACKAGE_JSON] Warning: Module type of file:///workspaces/zoi-city/.recovery/community-release/mobile/src/trips.ts is not specified and it doesn't parse as CommonJS.
Reparsing as ES module because module syntax was detected. This incurs a performance overhead.
To eliminate this warning, add "type": "module" to /workspaces/zoi-city/.recovery/community-release/mobile/package.json.
(Use `node --trace-warnings ...` to show where the warning was created)
✔ trip dates require explicit zone and reject reversed or overlong stops (19.814786ms)
✔ private itinerary cannot accept another profile or trip receipt (0.645884ms)
✔ appearance discovery cannot substitute another artist or claim inferred confirmation (1.017727ms)
✔ appearance proposal requires source HTTPS and real distinct listing IDs (1.496199ms)
(node:615543) [MODULE_TYPELESS_PACKAGE_JSON] Warning: Module type of file:///workspaces/zoi-city/.recovery/community-release/mobile/src/volunteer.ts is not specified and it doesn't parse as CommonJS.
Reparsing as ES module because module syntax was detected. This incurs a performance overhead.
To eliminate this warning, add "type": "module" to /workspaces/zoi-city/.recovery/community-release/mobile/package.json.
(Use `node --trace-warnings ...` to show where the warning was created)
✔ volunteer invitation extracts explicit organization ID only (1.289814ms)
✔ withdrawn public opportunity stays unavailable even if saved shift was scheduled (21.143503ms)
✔ shift actions never reopen cancelled or started history (0.237062ms)
✔ signup and cancellation receipts must identify the same shift and final state (0.586714ms)
✔ organization writes require workspace identity and exact version increment (0.406348ms)
(node:615545) [MODULE_TYPELESS_PACKAGE_JSON] Warning: Module type of file:///workspaces/zoi-city/.recovery/community-release/mobile/src/volunteerOperations.ts is not specified and it doesn't parse as CommonJS.
Reparsing as ES module because module syntax was detected. This incurs a performance overhead.
To eliminate this warning, add "type": "module" to /workspaces/zoi-city/.recovery/community-release/mobile/package.json.
(Use `node --trace-warnings ...` to show where the warning was created)
✔ org_operation_save actual SessionClient token refresh actor (34.258891ms)
✔ org_operation_save actual SessionClient token refresh workspace (0.651324ms)
✔ org_operation_save actual SessionClient token refresh unchanged (0.698001ms)
✔ org_signup actual SessionClient token refresh actor (0.495584ms)
✔ org_signup actual SessionClient token refresh workspace (1.187724ms)
✔ org_signup actual SessionClient token refresh unchanged (0.636847ms)
✔ org_signup_cancel actual SessionClient token refresh actor (0.529708ms)
✔ org_signup_cancel actual SessionClient token refresh workspace (0.510622ms)
✔ org_signup_cancel actual SessionClient token refresh unchanged (0.508679ms)
✔ org_roster actual SessionClient token refresh actor (0.400386ms)
✔ org_roster actual SessionClient token refresh workspace (0.29498ms)
✔ org_roster actual SessionClient token refresh unchanged (0.420704ms)
✔ lost native create survives remount and clears only exact receipt (0.914965ms)
✔ cancel unknown native create validates workspace/request and preserves marker on wrong response (0.389326ms)
✔ generic authorization denial is recognizable without matching server wording (0.17689ms)
✔ absent installed capability keeps pending recovery and dispatches no operation (0.307043ms)
(node:615561) [MODULE_TYPELESS_PACKAGE_JSON] Warning: Module type of file:///workspaces/zoi-city/.recovery/community-release/mobile/src/webHandoffs.ts is not specified and it doesn't parse as CommonJS.
Reparsing as ES module because module syntax was detected. This incurs a performance overhead.
To eliminate this warning, add "type": "module" to /workspaces/zoi-city/.recovery/community-release/mobile/package.json.
(Use `node --trace-warnings ...` to show where the warning was created)
✔ music shelf and unscoped personal calendar explicitly reach their actual web capabilities (1.882389ms)
✔ native parish calendar, member discussion and artist homes stay native (0.462522ms)
✔ handoff resolver never opens spoofed hosts or credentials (0.268961ms)
✔ map deep links use the real web map and preserve only public search/place/view context (1.09426ms)
✔ explicit guardian links hand off only public listing context, adult groups stay native (0.86888ms)
(node:615569) ExperimentalWarning: stripTypeScriptTypes is an experimental feature and might change at any time
(Use `node --trace-warnings ...` to show where the warning was created)
✔ roles protect owner/self and admin peer escalation (2.573588ms)
✔ real controller confirms save only after current roster read (1.953001ms)
✔ lost response survives remount; receipt check does not resend (2.484251ms)
✔ unknown request blocks new write and safely cancels (0.776397ms)
✔ conflict refreshes membership; storage failure prevents submission (0.71361ms)
✔ authority loss clears private roster and account change fences calls (0.535218ms)
(node:615570) [MODULE_TYPELESS_PACKAGE_JSON] Warning: Module type of file:///workspaces/zoi-city/.recovery/community-release/mobile/src/session.ts is not specified and it doesn't parse as CommonJS.
Reparsing as ES module because module syntax was detected. This incurs a performance overhead.
To eliminate this warning, add "type": "module" to /workspaces/zoi-city/.recovery/community-release/mobile/package.json.
(Use `node --trace-warnings ...` to show where the warning was created)
(node:615570) ExperimentalWarning: stripTypeScriptTypes is an experimental feature and might change at any time
✔ only scoped team conflict/cancel envelope passes transport for controller verification (30.265057ms)
✔ exact known team SQL rejection preserved; generic 400 and other RPC remain uncertain (5.52017ms)
✔ real SessionClient quota clears marker; ambiguous400 keeps it;403 clears roster (2.602992ms)
✔ youth programme validates exact bounded ages, places and actual listing (2.127767ms)
✔ enrolment requires explicit authority and consent without inferring age (0.571205ms)
✔ enrolment receipts bind guardian child programme and exact version (0.535188ms)
✔ attendance and instructor assignment receipts reject unrelated identity (1.367248ms)
✔ private operator response rejects another workspace or programme roster (0.587816ms)
✔ public catalogue rejects unrelated listing and private family rejects malformed records (0.429782ms)
(node:615591) [MODULE_TYPELESS_PACKAGE_JSON] Warning: Module type of file:///workspaces/zoi-city/.recovery/community-release/mobile/src/youthReadiness.ts is not specified and it doesn't parse as CommonJS.
Reparsing as ES module because module syntax was detected. This incurs a performance overhead.
To eliminate this warning, add "type": "module" to /workspaces/zoi-city/.recovery/community-release/mobile/package.json.
(Use `node --trace-warnings ...` to show where the warning was created)
✔ native Youth remains read-only without exact installed actor and guardian capability (1.452948ms)
✔ native organizer readiness additionally binds exact workspace and current role (0.289369ms)
(node:615600) [MODULE_TYPELESS_PACKAGE_JSON] Warning: Module type of file:///workspaces/zoi-city/.recovery/community-release/mobile/src/session.ts is not specified and it doesn't parse as CommonJS.
Reparsing as ES module because module syntax was detected. This incurs a performance overhead.
To eliminate this warning, add "type": "module" to /workspaces/zoi-city/.recovery/community-release/mobile/package.json.
(Use `node --trace-warnings ...` to show where the warning was created)
✔ actual SessionClient youth refresh account fences private dispatch/result (24.043248ms)
✔ actual SessionClient youth refresh workspace fences private dispatch/result (0.539646ms)
✔ actual SessionClient youth refresh unmount fences private dispatch/result (0.502597ms)
✔ actual SessionClient youth response account fences private dispatch/result (4.807973ms)
✔ actual SessionClient youth response workspace fences private dispatch/result (0.842421ms)
✔ actual SessionClient youth response unmount fences private dispatch/result (0.72414ms)
✔ same actor token rotation sends private request using freshly captured token (0.865313ms)
✔ private method cannot dispatch anonymously; denied status remains recognizable (0.335555ms)
✔ installed native capability binds internal guardian profile separately from Auth (0.255666ms)
ℹ tests 307
ℹ suites 0
ℹ pass 307
ℹ fail 0
ℹ cancelled 0
ℹ skipped 0
ℹ todo 0
ℹ duration_ms 816.041816
