✔ youth programme validates exact bounded ages, places and actual listing (1.42186ms)
✔ enrolment requires explicit authority and consent without inferring age (0.314296ms)
✔ enrolment receipts bind guardian child programme and exact version (0.37034ms)
✔ attendance and instructor assignment receipts reject unrelated identity (1.131429ms)
✔ private operator response rejects another workspace or programme roster (0.411928ms)
✔ public catalogue rejects unrelated listing and private family rejects malformed records (0.281765ms)
(node:614031) [MODULE_TYPELESS_PACKAGE_JSON] Warning: Module type of file:///workspaces/zoi-city/.recovery/community-release/mobile/src/youthReadiness.ts is not specified and it doesn't parse as CommonJS.
Reparsing as ES module because module syntax was detected. This incurs a performance overhead.
To eliminate this warning, add "type": "module" to /workspaces/zoi-city/.recovery/community-release/mobile/package.json.
(Use `node --trace-warnings ...` to show where the warning was created)
✔ native Youth remains read-only without exact installed actor and guardian capability (1.047222ms)
✔ native organizer readiness additionally binds exact workspace and current role (0.206364ms)
(node:614033) [MODULE_TYPELESS_PACKAGE_JSON] Warning: Module type of file:///workspaces/zoi-city/.recovery/community-release/mobile/src/session.ts is not specified and it doesn't parse as CommonJS.
Reparsing as ES module because module syntax was detected. This incurs a performance overhead.
To eliminate this warning, add "type": "module" to /workspaces/zoi-city/.recovery/community-release/mobile/package.json.
(Use `node --trace-warnings ...` to show where the warning was created)
✔ actual SessionClient youth refresh account fences private dispatch/result (28.674311ms)
✔ actual SessionClient youth refresh workspace fences private dispatch/result (0.694946ms)
✔ actual SessionClient youth refresh unmount fences private dispatch/result (0.698062ms)
✔ actual SessionClient youth response account fences private dispatch/result (5.868118ms)
✔ actual SessionClient youth response workspace fences private dispatch/result (0.835187ms)
✔ actual SessionClient youth response unmount fences private dispatch/result (0.740951ms)
✔ same actor token rotation sends private request using freshly captured token (0.919234ms)
✔ private method cannot dispatch anonymously; denied status remains recognizable (0.393203ms)
✔ installed native capability binds internal guardian profile separately from Auth (0.232684ms)
ℹ tests 17
ℹ suites 0
ℹ pass 17
ℹ fail 0
ℹ cancelled 0
ℹ skipped 0
ℹ todo 0
ℹ duration_ms 164.093744
