✔ table discovery belongs only to real event pages and honours hidden offerings (28.350499ms)
✔ generic venue inherits four designs using only its own spaces and capacity (2.643696ms)
✔ generic event uses actual published metadata with no price or seating inference (1.829856ms)
✔ owner clears, visibility, unsafe sources and internal capability boundaries fail closed (4.02776ms)
✔ hidden/reordered generic sections and escaped authored copy preserve same renderer contract (0.944473ms)
✔ current canonical and Toronto compatibility route share same private event key (1.788929ms)
✔ private notes preserve exact Unicode title and whole tickets; legacy is read-only (2.304763ms)
✔ malformed quantities, contact fields and source labels never silently restore (0.642529ms)
✔ identity outage remains unavailable; retry is single flight and never writes (1.516591ms)
✔ mismatched identity, malformed map, timeout and disposed late replies are fenced (10.496061ms)
✔ source image positions cover all118 exact printed labels within800x659 (3.104106ms)
✔ preferences bounded and enquiry never asserts inventory (0.800004ms)
✔ venue enquiry validates actual date and bounded guest count (1.429078ms)
✔ four reusable designs honor escapedcopy visibility and canonical defaults (7.249775ms)
✔ Signature company HQ four designs separate archive/festival and real concert destination (10.275123ms)
✔ owner explicit identity fields/gallery clears remain authoritative and safe (11.193266ms)
✔ owner section visibility/order and copy have no broken anchors or injected markup (1.98658ms)
✔ curated company identity cannot leak to another business; Parkview keeps own renderer (3.597957ms)
✔ announced artists link exact existing profiles with explicit provider playback only (0.854335ms)
✔ artist card uses immutable IDs rather than filtered position (0.687414ms)
✔ concert scene uses every exact source position without mutating source geometry (4.836039ms)
✔ invalid IDs, dimensions, duplicate positions and unreviewed price bands rejected (0.623414ms)
✔ explicit separate event-screen consent required; new uploads remain pending until current moderator approves (4.895419ms)
✔ cross-event, other author, social URLs, unready uploads, SVG, credentials and arbitrary providers are rejected (2.154623ms)
✔ approval needs role, current membership, same event and exact revision; consent version changes hide old approval (0.724653ms)
✔ owner revocation is immediate and idempotent; operator removal cannot be republished (0.586375ms)
✔ no photos before event, after screen expiry, malformed time, future consent or expired consent; tags are display only (0.470028ms)
✔ sponsor must match event and placement, active dates and approval; no campaign fabricated when missing (0.426376ms)
✔ approval and screen require positive revisions and chronological submission/consent/moderation (1.15649ms)
✔ Parea hero links reach the group planner; explicit Explore still opens the room (4.512585ms)
✔ canonical entry binds anonymous public event identity separately from private saves (4.55863ms)
✔ persisted return retains current parea and retires it only on actual actor change (1.654349ms)
✔ nonpersisted navigation destroys private tools and old customer views (1.366091ms)
✔ save action reaches shared controller without resetting the parea (1.395316ms)
✔ placements require exact event, configuration, revision and active approval (2.685965ms)
✔ unsafe URLs, duplicate placements, oversize copy rejected; no fabricated pricing/order fields (0.664611ms)
✔ facing configuration has two five-cushion couches opposite each other, no table ID mapping (2.050539ms)
✔ open rectangular concept has three couch sides and remains descriptive not sellable capacity (0.64228ms)
✔ per-guest quote and uneven group shares conserve cents without claiming payment (2.682528ms)
✔ currency input refuses rounding, exponents, negative values and unsupported group size (0.709935ms)
✔ prepayment gate stays closed until every operational prerequisite is configured (0.370842ms)
✔ sponsors require approval, exact placement and active campaign; links cannot execute code (0.526673ms)
✔ one reusable Parea context does not transplant Toronto source pricing into other events (1.074777ms)
✔ planning invitations carry only the intended whole-ticket share and public event, never guest tokens or contacts (0.406919ms)
✔ real contract-shaped save validates receipt and stores no guest names in durable marker (30.345134ms)
✔ uncertain save retries identical nonce and payload; fresh save blocked (2.333947ms)
✔ reload of unknown new plan retains marker and blocks duplicate replacement (1.375448ms)
✔ account switch discards stale returned private plan without clearing prior account marker (10.297676ms)
✔ denied storage prevents write, known version conflict permits reload and malformed selections denied (1.602769ms)
✔ reviewing a saved plan does not silently bind an unrestored customer form as its edit target (0.938893ms)
✔ actual backend required contact fields are validated before RPC and never persisted in nonce marker (1.018355ms)
✔ private plan supports explicit IANA timezone across global events and rejects invented timezone (1.471557ms)
✔ changed source context rejects editor adoption before binding a saved plan target (0.911552ms)
✔ reloaded pending reference is discoverable without issuing an RPC or adopting an edit target (0.742386ms)
✔ explicit price, unknown stock/allergens and draft status preserved without inference (3.023625ms)
✔ CSV quotes, BOM, errors and explicit booleans prevent silent zero/free defaults (2.545503ms)
✔ duplicate CSV IDs and unsupported currency produce review errors (0.497787ms)
✔ eligibility binds exact version, zone, availability, stock, alcohol and real mapping (1.159295ms)
✔ reorder proposal contains only exact IDs and version, never stale price or stock writes (1.564952ms)
✔ string or numeric alcohol authorization cannot bypass the strict authorization flag (0.328874ms)
✔ different draft identifiers cannot alias one server item and evade stock checks (0.696571ms)
✔ CSV rejects formula cells, malformed quote tails and explicit invalid booleans without coercion (2.418738ms)
✔ undefined stock and imprecise cents fail rather than assuming unlimited or free (0.647529ms)
✔ first HTML includes the same real concert shell used by client hydration (1.565873ms)
✔ scene styles are available before the room is rendered (0.18191ms)
✔ actual numbered choices derive their published perguest tier without a second space selector (2.433793ms)
✔ mixed alternatives never invent a single price and empty choices do not imply selection (0.650114ms)
✔ published image trace has each numbered position1to118 once, bounded and nonoverlapping (8.483835ms)
✔ source anchor positions and categories agree with visually reviewed floorplan (0.507617ms)
✔ keyboard spatial moves follow the published rows instead of numerical seat order (0.652398ms)
✔ preferences carry only source plan identity and max3 verified table labels (0.59982ms)
✔ sponsors require approval and exact table plus safe destination; no sponsor invented by default (0.559324ms)
✔ sponsor schedule is explicit, current, exclusive at end and scoped to this event (0.252772ms)
✔ guest preference ordering is immutable, exact-ID bounded and never changes floor geometry (1.149556ms)
✔ mixed or mismatched source table price bands cannot produce a selected-budget subtotal (12.575118ms)
ℹ tests 75
ℹ suites 0
ℹ pass 75
ℹ fail 0
ℹ cancelled 0
ℹ skipped 0
ℹ todo 0
ℹ duration_ms 220.586118
