PASS exact installed scalar/types source and canonicalizer reconstructed, with owner/ACL
PASS 58 scalar and 6 types populated/sparse/filter/pagination oracle snapshots
PASS function/ACL/index collision drift refuses
PASS independent explore_search_types(text,text[],text,text,integer,integer,text) wrong actual owner refuses
PASS independent explore_search(text,text,text,text,integer,integer,text) wrong actual owner refuses
PASS independent actual canonicalizer definition drift refuses
PASS index-only migration preserves both reader contracts and every listing byte
PASS natural unforced global plan uses covering index-only rank input and bounded PK profile projection
PASS all full JSON results remain identical including duplicates and legacy photo/poster/claim fields
PASS independent actual scalar adjacent pages are same first48 with no duplicates
node:internal/modules/run_main:107
    triggerUncaughtException(
    ^

AssertionError [ERR_ASSERTION]: The expression evaluated to a falsy value:

  assert.ok(dirtyNodes.some(p=>p['Node Type']==='Index Only Scan'&&p['Index Name']==='listings_public_global_rank_idx'&&p['Heap Fetches']>0))

    at file:///tmp/zoi-explore-cover-independent-p7vzj5jq/tests/database/explore-public-global-rank.independent.mjs:79:188
    at ModuleJob.run (node:internal/modules/esm/module_job:430:25)
    at async onImport.tracePromise.__proto__ (node:internal/modules/esm/loader:661:26)
    at async asyncRunEntryPointWithESMLoader (node:internal/modules/run_main:101:5) {
  generatedMessage: true,
  code: 'ERR_ASSERTION',
  actual: false,
  expected: true,
  operator: '==',
  diff: 'simple'
}

Node.js v24.14.0
