✔ all118 source identities retained; only known sponsor footprints furnished (2.731613ms)
✔ invalid or duplicate source geometry fails before scene (0.351748ms)
✔ table view uses selected source location facing actual source stage (0.667918ms)
✔ couches never face away from stage: front side-on, U opening toward stage (0.310751ms)
✔ rendered sponsor assembly stays within exact source footprint after90degree rotation (0.772072ms)
✔ only confirmed side boothIDs1and23 useU; front17 stays side-onpair (0.493713ms)
✔ side lounges span illustrated stage depth and preserve original source position separately (0.778574ms)
✔ camera cannot orbit behind stage or below floor (0.202358ms)
✔ standard seating is visible on both long sides and never replaces VIP couches (1.898427ms)
✔ phone starts at a readable stage-facing lounge view and desktop retains whole-room overview (0.285604ms)
✔ selection framing retains stage backdrop and exact table in portrait and landscape (2.806834ms)
✔ camera easing is time-based and bounds resumed-frame motion (0.156231ms)
✔ all 118 room surfaces retain published category colours and per-guest prices (0.74445ms)
✔ mobile fullscreen stage fits below controls without altering desktop or table sightlines (0.186198ms)
✔ test placement only accepts source tables and reviewed matching businesses (0.336799ms)
✔ preview camera keeps phone branding readable and desktop placement in room context (0.154769ms)
✔ Toronto portrait overview fits the unchanged floor with useful vertical coverage (2.43005ms)
✔ paired seated cameras keep illustrative eye height and face stage without moving source tables (0.77632ms)
✔ Montréal portrait overview puts stage on the right like Toronto (0.465149ms)
✔ perspective fit uses available pixel height without resizing room geometry (3.274707ms)
✔ fitting rejects malformed viewport or source dimensions (0.437047ms)
✔ dense desktop numeric IDs use every anchor without overlapping 3-digit labels (4.412523ms)
✔ small-phone density reports actual coverage and retains selected table priority (1.219438ms)
✔ selected off-camera identity moves to usable free rail rather than disappearing behind finder (0.367196ms)
✔ seated view retains only exact selected identity and preserves alphanumeric IDs (0.379599ms)
✔ zoom increases readable number size while controls remain clear (0.414404ms)
✔ source pixels become relative geometry with exact IDs and no prices (1.195293ms)
✔ mobile entry faces stage without changing source positions; selected view uses exact table (0.352548ms)
✔ chairs follow declared source capacity without inventing capacity (0.19233ms)
✔ mobile selection frames both source table and stage direction without moving the table (0.245227ms)
✔ whole-room camera keeps all102 exact source table anchors inside usable viewport on phone and desktop (3.208264ms)
ℹ tests 31
ℹ suites 0
ℹ pass 31
ℹ fail 0
ℹ cancelled 0
ℹ skipped 0
ℹ todo 0
ℹ duration_ms 129.869631
