✔ all118 source identities retained; only known sponsor footprints furnished (2.66021ms)
✔ invalid or duplicate source geometry fails before scene (0.329335ms)
✔ table view uses selected source location facing actual source stage (0.687564ms)
✔ couches never face away from stage: front side-on, U opening toward stage (0.291655ms)
✔ rendered sponsor assembly stays within exact source footprint after90degree rotation (0.73858ms)
✔ only confirmed side boothIDs1and23 useU; front17 stays side-onpair (0.404275ms)
✔ side lounges span illustrated stage depth and preserve original source position separately (0.724924ms)
✔ camera cannot orbit behind stage or below floor (0.232123ms)
✔ standard seating is visible on both long sides and never replaces VIP couches (1.636006ms)
✔ phone starts at a readable stage-facing lounge view and desktop retains whole-room overview (0.336228ms)
✔ selection framing retains stage backdrop and exact table in portrait and landscape (2.694824ms)
✔ camera easing is time-based and bounds resumed-frame motion (0.200445ms)
✔ all 118 room surfaces retain published category colours and per-guest prices (0.746986ms)
✔ mobile fullscreen stage fits below controls without altering desktop or table sightlines (0.238375ms)
✔ test placement only accepts source tables and reviewed matching businesses (0.288609ms)
✔ preview camera keeps phone branding readable and desktop placement in room context (0.159088ms)
✔ Toronto portrait overview fits the unchanged floor with useful vertical coverage (3.46324ms)
✔ paired seated cameras keep illustrative eye height and face stage without moving source tables (1.058037ms)
✔ Montréal portrait overview puts stage on the right like Toronto (0.543135ms)
✔ perspective fit uses available pixel height without resizing room geometry (3.851915ms)
✔ fitting rejects malformed viewport or source dimensions (0.582929ms)
✔ dense desktop numeric IDs use every anchor without overlapping 3-digit labels (5.033533ms)
✔ small-phone density reports actual coverage and retains selected table priority (0.825352ms)
✔ selected off-camera identity moves to usable free rail rather than disappearing behind finder (0.266988ms)
✔ seated view retains only exact selected identity and preserves alphanumeric IDs (0.273511ms)
✔ zoom increases readable number size while controls remain clear (0.344022ms)
✔ landscape selected identity uses the opposite rail when the finder covers the first (0.226754ms)
✔ source pixels become relative geometry with exact IDs and no prices (1.351625ms)
✔ mobile entry faces stage without changing source positions; selected view uses exact table (0.360433ms)
✔ chairs follow declared source capacity without inventing capacity (0.290342ms)
✔ mobile selection frames both source table and stage direction without moving the table (0.200946ms)
✔ whole-room camera keeps all102 exact source table anchors inside usable viewport on phone and desktop (3.732122ms)
ℹ tests 32
ℹ suites 0
ℹ pass 32
ℹ fail 0
ℹ cancelled 0
ℹ skipped 0
ℹ todo 0
ℹ duration_ms 136.07604
