✔ bakery home preserves product facts and vendor route without table claims (9.968442ms)
✔ source images only attach to exact verified identity and owner media clears win (2.975937ms)
✔ request validates actual date and quantity, escapes rendering and never promises an order (4.561823ms)
✔ published design section order and hidden content remain effective (1.056068ms)
✔ all4 bakery designs remain distinct, preserve ownership content controls and never borrow photos (3.675579ms)
✔ every eligible creator receives four layouts without curated Peter facts or false channels (13.425677ms)
✔ curated source identity remains exact; generic visibility and source URL validation fail closed (0.608204ms)
✔ owner fields and clears win; prepared contact drafts contain current identity only (0.78858ms)
✔ source image positions cover all118 exact printed labels within800x659 (2.590159ms)
✔ preferences bounded and enquiry never asserts inventory (0.811022ms)
✔ venue enquiry validates actual date and bounded guest count (0.759125ms)
✔ four reusable designs honor escapedcopy visibility and canonical defaults (7.039262ms)
✔ reviewed nurse person receives member facts, never society image/socials/role inference (7.980095ms)
✔ generic medical professional eligibility works across actual roles without inferred credentials (0.771387ms)
✔ all four layouts preserve real customer controls and distinguish membership source (3.108544ms)
✔ contact preparation stores only practical enums and vCard blocks field injection (1.076256ms)
✔ unsafe portrait/contact URLs and owner clears do not restore stale organization content (1.429935ms)
✔ all normal text/button palettes meet 4.5 contrast (0.856656ms)
✔ canonical structured data describes Person with society memberOf, never MedicalClinic or employer (1.749441ms)
✔ unreviewed society profile does not infer physician, language, contact or picture from organization/base defaults (0.571906ms)
✔ normal pasted media links canonicalize to exact supported provider embeds (2.893824ms)
✔ executable markup credentials lookalikes posts and unsupported players rejected (0.763313ms)
✔ owner media is authoritative including clear and malformed data; no machine fallback (1.72205ms)
✔ IDs duplicate URLs size and returned exact receipt are checked (2.586812ms)
✔ Vimeo SoundCloud Apple Podcasts Instagram and TikTok are explicit link-only destinations (1.011706ms)
✔ exact hotel source identity and safe generic fallback (4.133826ms)
✔ four layouts preserve owner copy hide order actions and safe hydration (11.722411ms)
✔ private plan validates dates guests and room identity without creating reservation (1.479318ms)
✔ verified provider carries only supported hotel and date parameters; enquiry remains draft (2.946332ms)
✔ owner booking override or clear is authoritative; generic links do not get invented prefill (2.398251ms)
✔ owner setup routes are real tools and distinguish timed services from hotel rental inventory (0.325076ms)
✔ generic hotel consumes normalized website fields and filters interface imagery (4.491623ms)
✔ owner media and contact clears suppress enrichment and curated fallback (0.930604ms)
✔ gallery-only hotel photos do not become the hero again in the model (1.636741ms)
✔ hospitality socials project official enrichment while owner clear/replacement remains authoritative (5.660369ms)
✔ all hospitality designs omit empty services and room selection without hiding populated owner services (5.613454ms)
(node:865903) ExperimentalWarning: stripTypeScriptTypes is an experimental feature and might change at any time
(Use `node --trace-warnings ...` to show where the warning was created)
✔ noncurated artist inherits allfour layouts and real source image/player without invented releases (53.395381ms)
✔ mismatched or quarantined machine source cannot supply artist imagery or social channels (2.030075ms)
✔ owner clears beat source imagery/channels and sparse artists still inherit the family (9.45747ms)
✔ organization identity quarantines duplicated base portrait and social fields while authorized edits win (3.10071ms)
✔ official iframe media survives actual extraction into every generic artist design (83.338539ms)
✔ single video embed accepts exact provider IDs; channel links remain external and playlist retains priority (8.728841ms)
✔ date-only official programmes export transparent reminders without invented timezone or clock time (2.466348ms)
✔ calendar cannot inject additional properties through source text (0.854803ms)
✔ expired dates and unmatched cities disappear; malformed dates fail closed (12.094726ms)
✔ media embed accepts only known Spotify resource form (0.462853ms)
✔ confirmed appearances require exact artist, event and real interval (0.556457ms)
✔ trip retry ledger isolates accounts and never silently changes an uncertain payload (5.438678ms)
✔ four complete layouts keep real actions and accept safe owner section ordering/copy (29.371931ms)
✔ layouts have distinct composition, large identity, genuine gallery and demand/music hooks (8.9213ms)
✔ queue keeps only reviewed recordings, removes duplicate and injected ids (0.95461ms)
✔ translation flags are excluded from machine media without excluding real Greek-flag photos (4.000658ms)
✔ reviewed artist gets actual portrait and provider connection instead of translation flag (4.178048ms)
✔ reviewed defaults respect owner removals, changed identity and source quarantine (3.227386ms)
✔ reviewed portrait wins over unreviewed crawler photo while explicit owner still wins (2.536809ms)
✔ old-calendar Nativity and Theophany resolve from civil date without shifting the Paschal cycle (6.440937ms)
✔ upcoming references shift fixed feasts only; patronal dates require actual configured dates (2.336516ms)
✔ old-calendar fixed fasting seasons do not move Holy Week or Bright Week (4.099201ms)
✔ patronal string compatibility displays name without inventing a date and escapes it (34.784601ms)
✔ calendar reference does not label Christmas week as Nativity fasting (0.296613ms)
✔ canonical exact identity and source guard defaults Concierge (8.598258ms)
✔ all four designs retain real contact, service actions and source-labelled imagery (2.545435ms)
✔ checklist accepts only nonsensitive enums, ignores arbitrary facts, validates required selections (1.23884ms)
✔ owner display changes cannot inject markup and sections can be reordered/hidden (0.800813ms)
✔ all design text and button palettes exceed normal-text 4.5 contrast (0.795924ms)
✔ crawled resized derivatives collapse and interface artwork never becomes a gallery (6.718133ms)
✔ explicit owner choices and removals override crawl results (0.851197ms)
✔ untrusted protocols rejected and ordinary photographs retained (0.812776ms)
✔ machine logo directories and advertisements cannot become heroes; owner choices remain authoritative (4.322187ms)
✔ explicit owner image endpoints and signed query-root image providers stay supported (0.71359ms)
✔ exact source gallery-only roles retain photos without promoting them into a hero (0.624374ms)
✔ gallery-only restrictions are exact URL bound and explicit owner hero wins (1.145526ms)
✔ explicit owner gallery choice can override an imported gallery-only role (0.400998ms)
✔ actual reviewed Signature/Parkview identity matches canonical hero/logo across search and Quick look without per-card RPC (12.171789ms)
✔ actual Yamas and artist source imagery retained, reviewed base summaries retained for sparse families (3.881796ms)
✔ canonical reviewed IDs alone cannot bypass owner website/identity change or source scope quarantine (1.361839ms)
✔ owner nullable photo/logo and gallery clears suppress imported or reviewed defaults consistently (3.298869ms)
✔ artist biography is source-bound, owner description clears authoritative, nonartist summary base-first (0.615938ms)
✔ bounded projected media and complete canonical entity select the same hero/logo/clear state (3.47096ms)
✔ gallery roles/interface artwork and credential/protocol checks apply to batch resolver (1.211489ms)
✔ HTTP official-source biography keeps outbound compatibility while every image remains HTTPS only (0.368316ms)
✔ event poster remains fully identified across imported page and owner edit then clear (1.18035ms)
✔ reviewed artist catalog identity remains source-bound and owner edit then clear wins (1.729815ms)
✔ public SSR contains actual owner media only, escaped hydration and provider links; player loads on click (3.045046ms)
✔ explicit clear malformed owner data and hidden sections never restore source video (2.24763ms)
✔ health society affiliation is not mistaken for social channel data (0.378506ms)
✔ reviewed Argiro video requires exact existing identity and source; owner clear overrides (0.573339ms)
✔ generic adapter recognizes restaurants only and never transplants Avli facts (12.959908ms)
✔ missing imagery/menu/contact is represented without fabricated data or broken photo elements (1.33583ms)
✔ owner field clears and owner media take priority over website enrichment (0.512626ms)
✔ script/data URLs are rejected and inline JSON cannot escape its element (1.330099ms)
✔ structured menu prices and notes remain source text without invented currency (0.542562ms)
✔ visit plan is per restaurant with explicit request semantics and valid calendar dates (17.776717ms)
✔ four generic layouts preserve each identity and owner configuration (5.318774ms)
✔ vendor restaurants preserve canonical vendor URLs (1.180501ms)
✔ generic restaurant palettes meet 4.5 normal text and button contrast (0.66497ms)
✔ same-identity structured source street and menu provenance surface while owner clears win (1.081055ms)
✔ national organization identity is exact, separate from individual members (1.897838ms)
✔ reviewed individual source retains own role; unreviewed source does not inherit society identity (1.535813ms)
✔ directory request concurrency bounded4; failures retain same cursor for retry (10.557838ms)
✔ valid directory pages advance only checked candidates and never confuse source records with members (0.790033ms)
✔ compact cards lead with identity and never inherit society photos (0.996597ms)
ℹ tests 102
ℹ suites 0
ℹ pass 102
ℹ fail 0
ℹ cancelled 0
ℹ skipped 0
ℹ todo 0
ℹ duration_ms 283.791858
