Signature 390 passed {
  photo: 'https://static.wixstatic.com/media/c2f457_0f4b3e5c082244c0b9174e0fe57cba45~mv2.jpg',
  logo: 'https://static.wixstatic.com/media/c2f457_6cd4a4dd0e5b4f719d5ff2ed03f8b43b~mv2.png',
  kind: null
}
Signature 1440 passed {
  photo: 'https://static.wixstatic.com/media/c2f457_0f4b3e5c082244c0b9174e0fe57cba45~mv2.jpg',
  logo: 'https://static.wixstatic.com/media/c2f457_6cd4a4dd0e5b4f719d5ff2ed03f8b43b~mv2.png',
  kind: null
}
Yamas 390 passed {
  photo: 'https://www.yamas.co.ke/images/flavors-of-greece.png',
  logo: 'https://www.yamas.co.ke/logo.png',
  kind: null
}
Yamas 1440 passed {
  photo: 'https://www.yamas.co.ke/images/flavors-of-greece.png',
  logo: 'https://www.yamas.co.ke/logo.png',
  kind: null
}
Church 390 passed { photo: null, logo: null, kind: null }
Church 1440 passed { photo: null, logo: null, kind: null }
School 390 passed { photo: null, logo: null, kind: null }
School 1440 passed { photo: null, logo: null, kind: null }
Professional 390 passed { photo: null, logo: null, kind: null }
Professional 1440 passed { photo: null, logo: null, kind: null }
Artist 390 passed {
  photo: 'https://www.minosemi.gr/wp-content/uploads/sites/946/2024/10/image00012-1000x1000.jpeg',
  logo: null,
  kind: null
}
Artist 1440 passed {
  photo: 'https://www.minosemi.gr/wp-content/uploads/sites/946/2024/10/image00012-1000x1000.jpeg',
  logo: null,
  kind: null
}
Hospitality 390 passed {
  photo: 'https://25hours-hotels.com/wp-content/uploads/sites/39/2025/01/25h_theolympia_hotelpage_header_1.jpg',
  logo: null,
  kind: null
}
Hospitality 1440 passed {
  photo: 'https://25hours-hotels.com/wp-content/uploads/sites/39/2025/01/25h_theolympia_hotelpage_header_1.jpg',
  logo: null,
  kind: null
}
Venue 390 passed {
  photo: 'https://static.wixstatic.com/media/c2f457_c648ddfd87024c77a186093bd3f6ed37~mv2.png',
  logo: 'https://static.wixstatic.com/media/c2f457_2b56fe651fa742e383bcea56bccaa32d~mv2.png',
  kind: null
}
Venue 1440 passed {
  photo: 'https://static.wixstatic.com/media/c2f457_c648ddfd87024c77a186093bd3f6ed37~mv2.png',
  logo: 'https://static.wixstatic.com/media/c2f457_2b56fe651fa742e383bcea56bccaa32d~mv2.png',
  kind: null
}
18 candidate rendered cases passed
