✔ crawled resized derivatives collapse and interface artwork never becomes a gallery (4.287793ms)
✔ explicit owner choices and removals override crawl results (0.543363ms)
✔ untrusted protocols rejected and ordinary photographs retained (0.399935ms)
✔ machine logo directories and advertisements cannot become heroes; owner choices remain authoritative (2.285751ms)
✔ explicit owner image endpoints and signed query-root image providers stay supported (0.364199ms)
✔ exact source gallery-only roles retain photos without promoting them into a hero (0.384987ms)
✔ gallery-only restrictions are exact URL bound and explicit owner hero wins (0.552881ms)
✔ explicit owner gallery choice can override an imported gallery-only role (0.232864ms)
✔ actual reviewed Signature/Parkview identity matches canonical hero/logo across search and Quick look without per-card RPC (7.651223ms)
✔ actual Yamas and artist source imagery retained, reviewed base summaries retained for sparse families (2.347576ms)
✔ canonical reviewed IDs alone cannot bypass owner website/identity change or source scope quarantine (0.800762ms)
✔ owner nullable photo/logo and gallery clears suppress imported or reviewed defaults consistently (2.113259ms)
✔ artist biography is source-bound, owner description clears authoritative, nonartist summary base-first (0.42384ms)
✔ bounded projected media and complete canonical entity select the same hero/logo/clear state (1.946919ms)
✔ gallery roles/interface artwork and credential/protocol checks apply to batch resolver (0.716175ms)
✔ HTTP official-source biography keeps outbound compatibility while every image remains HTTPS only (0.230549ms)
✔ event poster remains fully identified across imported page and owner edit then clear (0.723288ms)
✔ reviewed artist catalog identity remains source-bound and owner edit then clear wins (4.461337ms)
ℹ tests 18
ℹ suites 0
ℹ pass 18
ℹ fail 0
ℹ cancelled 0
ℹ skipped 0
ℹ todo 0
ℹ duration_ms 107.483477
