✔ event identity, editorial scope and scalar version must all match (1.934982ms)
✔ narrow dated publicity patch preserves all source and booking fields; explicit removal (3.415377ms)
✔ uncertain save reloads exact immutable request and response; account isolates it (2.173047ms)
✔ wrong receipt stays pending; refusal/CAS clears request; malformed reference blocks replacement (1.840917ms)
✔ adapter refuses broad patches and source inventory mutation before sending (0.61584ms)
✔ same public reader renders saved report, explicit clear, future/expired and wrong event for generic families (27.42935ms)
✔ current-session authority refusals clear the exact pending request while transient transport keeps it (2.454974ms)
✔ receipt validation rejects paid/issued, wrong quantity/method/policy and unsafe server policy (1.827252ms)
✔ unknown outcome retains exact request and reload can retry without replacing nonce (2.282942ms)
✔ historical recovery must match saved scope, then live policy is read separately (0.781679ms)
✔ account changes discard late responses without clearing previous account recovery (0.376492ms)
✔ definitive method rejection clears request but changed payload conflict remains recoverable (0.79806ms)
✔ policy save validates expected version, workspace and explicit door flag (0.307454ms)
✔ guest list rejects inconsistent quotes, duplicate private references and unsafe methods (0.477972ms)
✔ a refusal after an uncertain attempt cannot discard original recovery nonce (0.46612ms)
✔ deadline policy binds exact instant and clear, malformed deadline is rejected (0.624466ms)
✔ cancel settles only exact request scope and fences immutable unknown intent (0.90472ms)
✔ new deadline policy uses configure while restored legacy intent uses legacy writer (1.375959ms)
✔ invalid actor cannot access recovery storage or persist token material (0.294009ms)
✔ milestones never transfer a count from a different event or expired report (23.740524ms)
✔ timeline embeds accept official page identity only and encode query input (0.478333ms)
✔ curated posts escape content and unsafe links never render (0.461852ms)
✔ owner photo clears and explicit publicity do not inherit official video fallback (1.272025ms)
✔ future sales updates do not render before their report date (0.331509ms)
✔ owner report is dated, provider canonicalized and scoped (3.555268ms)
✔ expiry future and disabled announcements never become live availability (0.399316ms)
✔ owner clear wins and unreviewed machine publicity is not published (0.182751ms)
✔ invalid counters dates urls duplicates and dangerous embeds rejected (0.779977ms)
✔ generic event and venue owner links render; sales match only the actual event (25.510498ms)
✔ actual bridge reads nested saved notes safely without treating review as form restoration (5.252697ms)
✔ actual bridge clears private view on storage account switch and remounts from fresh Core state (1.417566ms)
✔ BFCache hide destroys private view; persisted show restores controls without stale form (1.336064ms)
✔ save-only contact form uses entered contact and preserves group snapshot until valid submission (1.534035ms)
✔ old contact form cannot submit into a different account even before auth event arrives (1.278186ms)
✔ Parea hero links reach the group planner; explicit Explore still opens the room (1.151039ms)
✔ canonical entry binds anonymous public event identity separately from private saves (1.803447ms)
✔ per-guest quote and uneven group shares conserve cents without claiming payment (2.365446ms)
✔ currency input refuses rounding, exponents, negative values and unsupported group size (0.464838ms)
✔ prepayment gate stays closed until every operational prerequisite is configured (0.385871ms)
✔ sponsors require approval, exact placement and active campaign; links cannot execute code (0.326069ms)
✔ one reusable Parea context does not transplant Toronto source pricing into other events (0.785987ms)
✔ planning invitations carry only the intended whole-ticket share and public event, never guest tokens or contacts (0.398233ms)
✔ first HTML includes the same real concert shell used by client hydration (1.204288ms)
✔ scene styles are available before the room is rendered (0.215272ms)
✔ actual numbered choices derive their published perguest tier without a second space selector (1.556927ms)
✔ mixed alternatives never invent a single price and empty choices do not imply selection (0.445452ms)
✔ explicit money, actual table identity and capacities are mandatory (3.574474ms)
✔ lost response preserves nonce only and exact reviewed payload on retry (2.288552ms)
✔ reload recovers receipt without private draft and never retries a new payload (0.687925ms)
✔ missing or malformed recovery stays blocked; an unknown response is not success (0.51968ms)
✔ account change fences late save receipt and keeps original account marker (0.421106ms)
✔ storage failure prevents sending configure request (0.410176ms)
✔ actual dashboard integrates scoped module, closes on workspace change, not legacy redirect (77.195823ms)
✔ definite version conflict releases nonce and requires current settings reload (0.827746ms)
✔ owner editor listens to the actual shared Core auth event (0.53545ms)
✔ a refusal after an uncertain attempt never discards its nonce (1.458263ms)
✔ corrupt saved references fail closed rather than enabling a duplicate save (0.329115ms)
ℹ tests 57
ℹ suites 0
ℹ pass 57
ℹ fail 0
ℹ cancelled 0
ℹ skipped 0
ℹ todo 0
ℹ duration_ms 275.726185
