
> mobile@1.0.0 test
> node --test tests/*.test.mjs

(node:791829) ExperimentalWarning: stripTypeScriptTypes is an experimental feature and might change at any time
(Use `node --trace-warnings ...` to show where the warning was created)
✔ owner tool browser handoffs preserve explicit selected workspace with no token (3.081645ms)
✔ missing malformed and injected identities cannot fabricate a setup destination (0.409633ms)
(node:791835) [MODULE_TYPELESS_PACKAGE_JSON] Warning: Module type of file:///tmp/zoi-company-artist-map-staged-280pn5ou/mobile/src/artistMusic.ts is not specified and it doesn't parse as CommonJS.
Reparsing as ES module because module syntax was detected. This incurs a performance overhead.
To eliminate this warning, add "type": "module" to /tmp/zoi-company-artist-map-staged-280pn5ou/mobile/package.json.
(Use `node --trace-warnings ...` to show where the warning was created)
✔ reviewed catalogue binds identity and uses verified high-resolution photos (3.839167ms)
✔ unknown artist never inherits featured content (0.286093ms)
✔ provider links reject spoofed hosts unsafe schemes and credentials (0.309647ms)
✔ city validation supports Greek and NFKC without markup (3.521274ms)
✔ receipts bind artist request active state and expected version (0.602934ms)
✔ summary rejects subthreshold counts and wrong artist; mine preserves inactive rows (0.735061ms)
✔ interrupted authenticated interest retries identical persisted request, then withdrawal reads real server version (51.999626ms)
✔ native planner shares venue timezone and buffer boundaries (1.26608ms)
✔ native planner cannot accept another tenant or changed appointment preview (0.837772ms)
✔ native planner requires complete unique saved slots matching the preview (0.508097ms)
(node:791837) [MODULE_TYPELESS_PACKAGE_JSON] Warning: Module type of file:///tmp/zoi-company-artist-map-staged-280pn5ou/mobile/src/backendReadiness.ts is not specified and it doesn't parse as CommonJS.
Reparsing as ES module because module syntax was detected. This incurs a performance overhead.
To eliminate this warning, add "type": "module" to /tmp/zoi-company-artist-map-staged-280pn5ou/mobile/package.json.
(Use `node --trace-warnings ...` to show where the warning was created)
✔ verified guardian backend is enabled while unavailable integrations fail closed (1.179719ms)
✔ guardian release gate is backed by complete deployed RPC evidence (0.864721ms)
(node:791845) [MODULE_TYPELESS_PACKAGE_JSON] Warning: Module type of file:///tmp/zoi-company-artist-map-staged-280pn5ou/mobile/src/booking.ts is not specified and it doesn't parse as CommonJS.
Reparsing as ES module because module syntax was detected. This incurs a performance overhead.
To eliminate this warning, add "type": "module" to /tmp/zoi-company-artist-map-staged-280pn5ou/mobile/package.json.
(Use `node --trace-warnings ...` to show where the warning was created)
✔ booking receipts require exact idempotency request, slot and party (2.040994ms)
✔ retry receipt preserves terminal cancellation rather than inventing confirmation (0.241821ms)
✔ booking catalog refuses malformed times and unknown timezone (24.411034ms)
✔ venue times honor the venue timezone rather than device default (1.216167ms)
(node:791849) [MODULE_TYPELESS_PACKAGE_JSON] Warning: Module type of file:///tmp/zoi-company-artist-map-staged-280pn5ou/mobile/src/bookingOperator.ts is not specified and it doesn't parse as CommonJS.
Reparsing as ES module because module syntax was detected. This incurs a performance overhead.
To eliminate this warning, add "type": "module" to /tmp/zoi-company-artist-map-staged-280pn5ou/mobile/package.json.
(Use `node --trace-warnings ...` to show where the warning was created)
✔ operator mutation requires exact workspace and incremented version (1.720657ms)
✔ operator service decimal prices are exact minor units and bounded (0.477681ms)
✔ staff resource cannot silently admit a party (0.258422ms)
✔ schedule converts venue-local time and rejects both DST edge cases (44.38132ms)
✔ native reschedule uses venue-local range and rejects impossible calendar dates (27.460679ms)
✔ reschedule selection pins reviewed version and exact price (0.779052ms)
✔ move receipt requires same booking, expected version, reviewed time and no collected payment (0.606271ms)
(node:791858) [MODULE_TYPELESS_PACKAGE_JSON] Warning: Module type of file:///tmp/zoi-company-artist-map-staged-280pn5ou/mobile/src/brand.ts is not specified and it doesn't parse as CommonJS.
Reparsing as ES module because module syntax was detected. This incurs a performance overhead.
To eliminate this warning, add "type": "module" to /tmp/zoi-company-artist-map-staged-280pn5ou/mobile/package.json.
(Use `node --trace-warnings ...` to show where the warning was created)
✔ native shared body, subdued text and actions stay readable on every adopted surface (4.231538ms)
✔ native and web material colors share the same semantic values (15.861717ms)
(node:791868) [MODULE_TYPELESS_PACKAGE_JSON] Warning: Module type of file:///tmp/zoi-company-artist-map-staged-280pn5ou/mobile/src/businessEdit.ts is not specified and it doesn't parse as CommonJS.
Reparsing as ES module because module syntax was detected. This incurs a performance overhead.
To eliminate this warning, add "type": "module" to /tmp/zoi-company-artist-map-staged-280pn5ou/mobile/package.json.
(Use `node --trace-warnings ...` to show where the warning was created)
✔ only owned and explicitly approved claims can appear in business editor (2.527591ms)
✔ business edit preserves unknown social keys and explicit cleared fields (0.688593ms)
✔ business edit rejects unsafe replacement and ambiguous social payloads (0.568439ms)
(node:791876) [MODULE_TYPELESS_PACKAGE_JSON] Warning: Module type of file:///tmp/zoi-company-artist-map-staged-280pn5ou/mobile/src/calendar.ts is not specified and it doesn't parse as CommonJS.
Reparsing as ES module because module syntax was detected. This incurs a performance overhead.
To eliminate this warning, add "type": "module" to /tmp/zoi-company-artist-map-staged-280pn5ou/mobile/package.json.
(Use `node --trace-warnings ...` to show where the warning was created)
✔ calendar ranges reject impossible dates and bound exactly90 UTC days (2.036957ms)
✔ public calendar rejects private drafts and another listing (0.293827ms)
✔ workspace calendar rejects another tenant (0.280302ms)
✔ same calendar planner validates dates and exact saved receipt (27.770303ms)
✔ profile calendar/group actions require exact same-listing server paths (2.48914ms)
(node:791886) [MODULE_TYPELESS_PACKAGE_JSON] Warning: Module type of file:///tmp/zoi-company-artist-map-staged-280pn5ou/mobile/src/commerce.ts is not specified and it doesn't parse as CommonJS.
Reparsing as ES module because module syntax was detected. This incurs a performance overhead.
To eliminate this warning, add "type": "module" to /tmp/zoi-company-artist-map-staged-280pn5ou/mobile/package.json.
(Use `node --trace-warnings ...` to show where the warning was created)
✔ basket totals preserve decimal precision and separate currencies (2.702388ms)
✔ persisted basket rejects duplicate IDs and invalid quantities (1.184528ms)
✔ adding unavailable options or excessive aggregate quantities fails (0.893375ms)
✔ fresh checkout must match exact official cart and all quantities (1.172496ms)
✔ product imagery and deep links reject untrusted URLs and invalid identifiers (0.641516ms)
✔ native shared option cannot silently substitute another product variant (0.288037ms)
✔ malformed explicit native variant remains an explicit unresolved choice (0.603636ms)
✔ single default display metadata survives native basket mapping without changing provider title (0.73467ms)
(node:791890) [MODULE_TYPELESS_PACKAGE_JSON] Warning: Module type of file:///tmp/zoi-company-artist-map-staged-280pn5ou/mobile/src/community.ts is not specified and it doesn't parse as CommonJS.
Reparsing as ES module because module syntax was detected. This incurs a performance overhead.
To eliminate this warning, add "type": "module" to /tmp/zoi-company-artist-map-staged-280pn5ou/mobile/package.json.
(Use `node --trace-warnings ...` to show where the warning was created)
✔ visible reaction state comes from matching desired-state receipts only (1.429264ms)
✔ reply receipt is scoped to post and actual profile, not auth UUID (0.494341ms)
✔ public profile edits explicitly validate interests and chosen public fields (0.469455ms)
✔ feed preserves server snapshot and rejects a substituted mode (0.337939ms)
✔ recovered publication keeps original account, immutable request and actual receipt identity (0.725161ms)
(node:791913) [MODULE_TYPELESS_PACKAGE_JSON] Warning: Module type of file:///tmp/zoi-company-artist-map-staged-280pn5ou/mobile/src/communityIntent.ts is not specified and it doesn't parse as CommonJS.
Reparsing as ES module because module syntax was detected. This incurs a performance overhead.
To eliminate this warning, add "type": "module" to /tmp/zoi-company-artist-map-staged-280pn5ou/mobile/package.json.
(Use `node --trace-warnings ...` to show where the warning was created)
✔ sign-in retains question composer intent but cannot resume without an actor (6.295866ms)
✔ discussion return retains navigation and does not replay a reaction (0.376392ms)
✔ sign-in may retain public navigation but sign-out or account switch invalidates it (0.228446ms)
(node:791917) [MODULE_TYPELESS_PACKAGE_JSON] Warning: Module type of file:///tmp/zoi-company-artist-map-staged-280pn5ou/mobile/src/communityMedia.ts is not specified and it doesn't parse as CommonJS.
Reparsing as ES module because module syntax was detected. This incurs a performance overhead.
To eliminate this warning, add "type": "module" to /tmp/zoi-company-artist-map-staged-280pn5ou/mobile/package.json.
(Use `node --trace-warnings ...` to show where the warning was created)
✔ media selection validates actual bytes dimensions and video duration before transfer (1.816566ms)
✔ media URLs cannot execute scripts or expose embedded credentials (0.325337ms)
✔ offscreen background low-power reduced-motion and user pause all prevent autoplay (0.41333ms)
✔ upload receipt must match selected media type and a valid finalized identity (0.656934ms)
(node:791918) [MODULE_TYPELESS_PACKAGE_JSON] Warning: Module type of file:///tmp/zoi-company-artist-map-staged-280pn5ou/mobile/src/companyWorkspace.ts is not specified and it doesn't parse as CommonJS.
Reparsing as ES module because module syntax was detected. This incurs a performance overhead.
To eliminate this warning, add "type": "module" to /tmp/zoi-company-artist-map-staged-280pn5ou/mobile/package.json.
(Use `node --trace-warnings ...` to show where the warning was created)
✔ native company aggregates exact active relationships without assuming member Auth identity (3.21922ms)
✔ company draft uses current company ID and existing persisted payload (0.992661ms)
✔ company source rejects foreign (0.497257ms)
✔ company source rejects archived (0.296622ms)
✔ company source rejects missing (0.310649ms)
✔ company source rejects duplicate (0.232804ms)
✔ archived linked project has no company return and archived work is omitted (0.387933ms)
✔ existing roles keep company edit distinct from project work (0.360452ms)
✔ actual SessionClient ignores held Company response after account (48.963268ms)
✔ actual SessionClient ignores held Company response after workspace (1.636801ms)
✔ actual SessionClient ignores held Company response after unmount (0.892454ms)
(node:791945) [MODULE_TYPELESS_PACKAGE_JSON] Warning: Module type of file:///tmp/zoi-company-artist-map-staged-280pn5ou/mobile/src/creator.ts is not specified and it doesn't parse as CommonJS.
Reparsing as ES module because module syntax was detected. This incurs a performance overhead.
To eliminate this warning, add "type": "module" to /tmp/zoi-company-artist-map-staged-280pn5ou/mobile/package.json.
(Use `node --trace-warnings ...` to show where the warning was created)
✔ bio preserves order and unpublished intent in exact server payload (2.311228ms)
✔ bio refuses truncation and unsafe links before save (0.614386ms)
✔ bio needs exact save receipt and never treats empty response as success (0.365973ms)
(node:791946) [MODULE_TYPELESS_PACKAGE_JSON] Warning: Module type of file:///tmp/zoi-company-artist-map-staged-280pn5ou/mobile/src/creatorAccess.ts is not specified and it doesn't parse as CommonJS.
Reparsing as ES module because module syntax was detected. This incurs a performance overhead.
To eliminate this warning, add "type": "module" to /tmp/zoi-company-artist-map-staged-280pn5ou/mobile/package.json.
(Use `node --trace-warnings ...` to show where the warning was created)
✔ authoritative creator denials invalidate private data for reads and writes (4.568036ms)
✔ temporary failure and creator read-only states retain draft and recovery state (0.634442ms)
✔ late denial from an unmounted or different actor cannot clear the current screen (0.738306ms)
✔ successful reads and confirmed writes remain unchanged (0.531421ms)
(node:791967) [MODULE_TYPELESS_PACKAGE_JSON] Warning: Module type of file:///tmp/zoi-company-artist-map-staged-280pn5ou/mobile/src/creatorRecovery.ts is not specified and it doesn't parse as CommonJS.
Reparsing as ES module because module syntax was detected. This incurs a performance overhead.
To eliminate this warning, add "type": "module" to /tmp/zoi-company-artist-map-staged-280pn5ou/mobile/package.json.
(Use `node --trace-warnings ...` to show where the warning was created)
✔ all seven actions execute through durable nonce-only wrapper and validate receipt (13.247113ms)
✔ lost response blocks replacement, exact retry retains immutable memory payload (5.657486ms)
✔ reload has no payload, missing receipt retains fence, cancellation requires exact proof (2.926856ms)
✔ permission denial drops private payload without deleting recovery reference (3.700568ms)
✔ storage failure, corrupt marker and late account change cannot permit dispatch or acknowledgement (1.387807ms)
✔ mismatched saved entity does not discard recovery reference (0.393674ms)
✔ account switch during persisted readback prevents dispatch (0.33264ms)
✔ readback failure after persistence retains marker and fences another send (0.640224ms)
(node:791969) [MODULE_TYPELESS_PACKAGE_JSON] Warning: Module type of file:///tmp/zoi-company-artist-map-staged-280pn5ou/mobile/src/creatorStudio.ts is not specified and it doesn't parse as CommonJS.
Reparsing as ES module because module syntax was detected. This incurs a performance overhead.
To eliminate this warning, add "type": "module" to /tmp/zoi-company-artist-map-staged-280pn5ou/mobile/package.json.
(Use `node --trace-warnings ...` to show where the warning was created)
✔ creator fee is explicit currency units converted to bounded minor units (1.801538ms)
✔ private drafts may be incomplete but sharing needs disclosures and deliverables (0.651705ms)
✔ customer detail rejects internal workspace records and audit data (0.422268ms)
✔ creator mutation receipts require matching workspace and decision request (0.447995ms)
✔ proof links remain explicit public HTTPS links and deliverables honor field limits (0.471649ms)
(node:791985) [MODULE_TYPELESS_PACKAGE_JSON] Warning: Module type of file:///tmp/zoi-company-artist-map-staged-280pn5ou/mobile/src/documentScope.ts is not specified and it doesn't parse as CommonJS.
Reparsing as ES module because module syntax was detected. This incurs a performance overhead.
To eliminate this warning, add "type": "module" to /tmp/zoi-company-artist-map-staged-280pn5ou/mobile/package.json.
(Use `node --trace-warnings ...` to show where the warning was created)
✔ actual SessionClient private documents refresh actor (72.04101ms)
✔ actual SessionClient private documents refresh workspace (1.000045ms)
✔ actual SessionClient private documents refresh project (0.733477ms)
✔ actual SessionClient private documents refresh unmount (0.714732ms)
✔ actual SessionClient private documents refresh unchanged (4.204437ms)
✔ actual SessionClient private documents response actor (23.977546ms)
✔ actual SessionClient private documents response workspace (4.455595ms)
✔ actual SessionClient private documents response project (1.229231ms)
✔ actual SessionClient private documents response unmount (6.397124ms)
✔ actual SessionClient private documents response unchanged (2.003926ms)
✔ private document RPC refuses malformed scopes, unknown writers and foreign workspace before dispatch (4.35069ms)
(node:791995) [MODULE_TYPELESS_PACKAGE_JSON] Warning: Module type of file:///tmp/zoi-company-artist-map-staged-280pn5ou/mobile/src/documents.ts is not specified and it doesn't parse as CommonJS.
Reparsing as ES module because module syntax was detected. This incurs a performance overhead.
To eliminate this warning, add "type": "module" to /tmp/zoi-company-artist-map-staged-280pn5ou/mobile/package.json.
(Use `node --trace-warnings ...` to show where the warning was created)
✔ private upload receipt requires workspace, document identity and ready version (1.766833ms)
✔ private attachment requires no-store, attachment headers, correct type and exact bounded size (43.697145ms)
✔ native document selection uses same metadata limits as server (0.78311ms)
(node:792007) [MODULE_TYPELESS_PACKAGE_JSON] Warning: Module type of file:///tmp/zoi-company-artist-map-staged-280pn5ou/mobile/src/drafts.ts is not specified and it doesn't parse as CommonJS.
Reparsing as ES module because module syntax was detected. This incurs a performance overhead.
To eliminate this warning, add "type": "module" to /tmp/zoi-company-artist-map-staged-280pn5ou/mobile/package.json.
(Use `node --trace-warnings ...` to show where the warning was created)
✔ sign-out removal waits for in-flight draft save and prevents queued resurrection (8.092235ms)
✔ switching account blocks previous account queued draft writes (1.453359ms)
✔ publishing requires explicit success and real UUID receipt (0.346526ms)
✔ native map labels share exact source geometry and boundedpreferences (2.117317ms)
✔ native prepared note shares same nontransactional contract (0.758124ms)
(node:792014) ExperimentalWarning: stripTypeScriptTypes is an experimental feature and might change at any time
(Use `node --trace-warnings ...` to show where the warning was created)
✔ guest link carries only canonical selected event, never credentials (3.858763ms)
✔ organiser handoff validates exact selected workspace and event with fresh authority (1.466023ms)
✔ viewer, missing, duplicate and malformed memberships cannot produce operator link (2.56983ms)
✔ selected workspace never falls back to first membership (0.333983ms)
✔ wrong event and denied operator proof cannot open a link (2.368295ms)
✔ late account/workspace switches fence membership and operator responses (21.015733ms)
(node:792021) [MODULE_TYPELESS_PACKAGE_JSON] Warning: Module type of file:///tmp/zoi-company-artist-map-staged-280pn5ou/mobile/src/session.ts is not specified and it doesn't parse as CommonJS.
Reparsing as ES module because module syntax was detected. This incurs a performance overhead.
To eliminate this warning, add "type": "module" to /tmp/zoi-company-artist-map-staged-280pn5ou/mobile/package.json.
(Use `node --trace-warnings ...` to show where the warning was created)
✔ actual session refresh preserves exact authorised event/workspace without credentials in link (64.227965ms)
✔ held actual refresh refuses private send after workspace switch (1.532046ms)
✔ held actual refresh refuses private send after actor switch (0.909816ms)
✔ late private response is refused after scope change (11.41578ms)
✔ invalid actor, guest, lost scope and unsupported RPC refuse dispatch (0.61136ms)
✔ refresh rejection never dispatches private proof (0.302905ms)
(node:792030) [MODULE_TYPELESS_PACKAGE_JSON] Warning: Module type of file:///tmp/zoi-company-artist-map-staged-280pn5ou/mobile/src/eventPlanner.ts is not specified and it doesn't parse as CommonJS.
Reparsing as ES module because module syntax was detected. This incurs a performance overhead.
To eliminate this warning, add "type": "module" to /tmp/zoi-company-artist-map-staged-280pn5ou/mobile/package.json.
(Use `node --trace-warnings ...` to show where the warning was created)
✔ event plans preserve private notes and reject invalid quantities (24.421514ms)
✔ recovery never substitutes profile or plan version (0.739307ms)
✔ current booking reads cannot import foreign private plans (0.336276ms)
✔ resource units enforce one performer, bounded venue guests and equipment units (0.472852ms)
(node:792040) [MODULE_TYPELESS_PACKAGE_JSON] Warning: Module type of file:///tmp/zoi-company-artist-map-staged-280pn5ou/mobile/src/festival.ts is not specified and it doesn't parse as CommonJS.
Reparsing as ES module because module syntax was detected. This incurs a performance overhead.
To eliminate this warning, add "type": "module" to /tmp/zoi-company-artist-map-staged-280pn5ou/mobile/package.json.
(Use `node --trace-warnings ...` to show where the warning was created)
✔ application ignores client prices and validates contact and units (1.834971ms)
✔ commercial offers use exact cents and bounded benefit lines (25.115256ms)
✔ application receipt requires correct actor tenant enquiry and version (0.498069ms)
✔ private pages reject foreign records and invalid pagination (0.32702ms)
✔ public offer action only uses exact matching host UUID (1.793062ms)
(node:792054) [MODULE_TYPELESS_PACKAGE_JSON] Warning: Module type of file:///tmp/zoi-company-artist-map-staged-280pn5ou/mobile/src/generalReservation.ts is not specified and it doesn't parse as CommonJS.
Reparsing as ES module because module syntax was detected. This incurs a performance overhead.
To eliminate this warning, add "type": "module" to /tmp/zoi-company-artist-map-staged-280pn5ou/mobile/package.json.
(Use `node --trace-warnings ...` to show where the warning was created)
✔ interrupted reservation remains blocked after remount and across tier changes, scoped to actor and event (4.193026ms)
✔ only exact confirmed free receipt clears original attempt; malformed and stale confirmations preserve warning (2.582133ms)
✔ storage failure and account change stop request preparation before network action (0.490314ms)
✔ new request recovery accepts only exact nonce/event/tier/quantity receipt, with no contact storage (1.803401ms)
✔ legacy saved requests cannot be upgraded to once protocol, and malformed recovery never clears warning (3.534388ms)
✔ recovered creation receipt cannot imply active ticket after cancellation or closed event (0.368177ms)
✔ signing in cannot bypass an unresolved guest reservation or reuse its nonce as an account request (3.127139ms)
✔ confirmed nonce reference survives reopening without contacts and never claims cached ticket status (1.213162ms)
✔ confirmed references cap at five, expire after one year, and storage failure preserves unresolved warning (3.779334ms)
✔ member state accepts closed group with own history but rejects unrelated membership (1.572421ms)
✔ membership decisions validate tenant identity and exact increment (0.401218ms)
✔ attendance receipt binds event membership and status (0.364469ms)
✔ membership settings cannot cross workspace or skip version (0.293658ms)
(node:792058) [MODULE_TYPELESS_PACKAGE_JSON] Warning: Module type of file:///tmp/zoi-company-artist-map-staged-280pn5ou/mobile/src/inquiries.ts is not specified and it doesn't parse as CommonJS.
Reparsing as ES module because module syntax was detected. This incurs a performance overhead.
To eliminate this warning, add "type": "module" to /tmp/zoi-company-artist-map-staged-280pn5ou/mobile/package.json.
(Use `node --trace-warnings ...` to show where the warning was created)
✔ enquiry start validates actor listing and immutable request payload (1.908037ms)
✔ reply requires exact author thread request and body receipt (0.463294ms)
✔ thread read guards workspace message identity and readonly contract (0.636416ms)
✔ enquiry inputs reject invalid IDs and oversized empty messages (0.353329ms)
(node:792067) [MODULE_TYPELESS_PACKAGE_JSON] Warning: Module type of file:///tmp/zoi-company-artist-map-staged-280pn5ou/mobile/src/privateRequests.ts is not specified and it doesn't parse as CommonJS.
Reparsing as ES module because module syntax was detected. This incurs a performance overhead.
To eliminate this warning, add "type": "module" to /tmp/zoi-company-artist-map-staged-280pn5ou/mobile/package.json.
(Use `node --trace-warnings ...` to show where the warning was created)
✔ restart restores nonce-only metadata and prevents replacement (7.999177ms)
✔ A to B to A protects and preserves original marker (5.222335ms)
✔ SecureStore failure and silent adapter failure prevent dispatch (1.77047ms)
✔ receipt requires exact nonce kind and target; notfound is not cancellation (0.49873ms)
✔ failed recovery keeps marker until confirmed cancellation acknowledgement (4.42052ms)
✔ corrupt active null prevents a replacement inquiry nonce (0.479443ms)
(node:792079) [MODULE_TYPELESS_PACKAGE_JSON] Warning: Module type of file:///tmp/zoi-company-artist-map-staged-280pn5ou/mobile/src/memberStart.ts is not specified and it doesn't parse as CommonJS.
Reparsing as ES module because module syntax was detected. This incurs a performance overhead.
To eliminate this warning, add "type": "module" to /tmp/zoi-company-artist-map-staged-280pn5ou/mobile/package.json.
(Use `node --trace-warnings ...` to show where the warning was created)
✔ server profile identity includes no-deadline assignment and excludes Auth UUID assignment (8.147488ms)
✔ reject ambiguous member scope role (0.542251ms)
✔ reject ambiguous member scope workspace (0.510993ms)
✔ reject ambiguous member scope profile (0.179575ms)
✔ reject ambiguous member scope record (0.193861ms)
✔ actual token refresh fences workspace_team_get actor (58.708777ms)
✔ actual token refresh fences workspace_team_get workspace (4.692467ms)
✔ actual token refresh fences workspace_team_get unmount (1.602858ms)
✔ actual token refresh fences workspace_team_get rotation (2.208657ms)
✔ actual token refresh fences ops_records_list actor (1.009802ms)
✔ actual token refresh fences ops_records_list workspace (0.914605ms)
✔ actual token refresh fences ops_records_list unmount (0.54161ms)
✔ actual token refresh fences ops_records_list rotation (1.453199ms)
✔ actual token refresh fences social_list_posts actor (0.480345ms)
✔ actual token refresh fences social_list_posts workspace (1.535011ms)
✔ actual token refresh fences social_list_posts unmount (0.898264ms)
✔ actual token refresh fences social_list_posts rotation (0.788791ms)
✔ actual token refresh fences booking_operator_list actor (0.341467ms)
✔ actual token refresh fences booking_operator_list workspace (0.340935ms)
✔ actual token refresh fences booking_operator_list unmount (1.040659ms)
✔ actual token refresh fences booking_operator_list rotation (0.551699ms)
✔ held actual response rejects retired actor (25.874963ms)
✔ held actual response rejects retired workspace (3.394598ms)
✔ held actual response rejects retired unmount (0.674557ms)
✔ wrong workspace argument never dispatches (0.290973ms)
(node:792095) [MODULE_TYPELESS_PACKAGE_JSON] Warning: Module type of file:///tmp/zoi-company-artist-map-staged-280pn5ou/mobile/src/music.ts is not specified and it doesn't parse as CommonJS.
Reparsing as ES module because module syntax was detected. This incurs a performance overhead.
To eliminate this warning, add "type": "module" to /tmp/zoi-company-artist-map-staged-280pn5ou/mobile/package.json.
(Use `node --trace-warnings ...` to show where the warning was created)
✔ music prefill honors explicit cleared flat fields over old nested aliases (1.167035ms)
✔ music clearing sends null and leaves unrelated owner fields untouched (0.99246ms)
✔ music validation rejects unsafe links and impossible dates (0.785575ms)
(node:792107) [MODULE_TYPELESS_PACKAGE_JSON] Warning: Module type of file:///tmp/zoi-company-artist-map-staged-280pn5ou/mobile/src/operations.ts is not specified and it doesn't parse as CommonJS.
Reparsing as ES module because module syntax was detected. This incurs a performance overhead.
To eliminate this warning, add "type": "module" to /tmp/zoi-company-artist-map-staged-280pn5ou/mobile/package.json.
(Use `node --trace-warnings ...` to show where the warning was created)
✔ save receipts require correct workspace, identity and incremented version (2.428638ms)
✔ editor can edit contacts/projects/tasks but not company records; viewers cannot write (0.238454ms)
✔ full-form edits preserve custom existing data and explicitly clear relations (0.897103ms)
✔ invalid deadline and blank title fail before sending (0.414643ms)
✔ projects require company and tasks require project before sending (4.02341ms)
✔ unicode payload byte limit is enforced before sending (9.948034ms)
✔ unmodified deadline preserves its exact timestamp (0.365131ms)
✔ new company has valid default sector and cannot submit blank sector (0.367004ms)
(node:792116) [MODULE_TYPELESS_PACKAGE_JSON] Warning: Module type of file:///tmp/zoi-company-artist-map-staged-280pn5ou/mobile/src/organizationWorkflow.ts is not specified and it doesn't parse as CommonJS.
Reparsing as ES module because module syntax was detected. This incurs a performance overhead.
To eliminate this warning, add "type": "module" to /tmp/zoi-company-artist-map-staged-280pn5ou/mobile/package.json.
(Use `node --trace-warnings ...` to show where the warning was created)
✔ contextual native drafts preserve saved relationships and real writer payload (7.731723ms)
✔ project browser handoff fresh role owner (0.544475ms)
✔ project browser handoff fresh role admin (0.211004ms)
✔ project browser handoff fresh role editor (0.198209ms)
✔ project browser handoff fresh role viewer (0.862698ms)
✔ reject missing project context (0.408752ms)
✔ reject archived project context (0.398102ms)
✔ reject duplicate project context (0.246179ms)
✔ reject foreign project context (0.849704ms)
✔ reject scope project context (1.445245ms)
✔ actual SessionClient held refresh actor (40.114566ms)
✔ actual SessionClient held refresh workspace (0.974797ms)
✔ actual SessionClient held refresh unchanged (1.693647ms)
(node:792119) [MODULE_TYPELESS_PACKAGE_JSON] Warning: Module type of file:///tmp/zoi-company-artist-map-staged-280pn5ou/mobile/src/ownerEditorHandoff.ts is not specified and it doesn't parse as CommonJS.
Reparsing as ES module because module syntax was detected. This incurs a performance overhead.
To eliminate this warning, add "type": "module" to /tmp/zoi-company-artist-map-staged-280pn5ou/mobile/package.json.
(Use `node --trace-warnings ...` to show where the warning was created)
✔ fresh authorization opens only fixed browser editor, with exact authorized listing and without credentials (6.779417ms)
✔ account or workspace switch during authorization never opens browser (0.389276ms)
✔ invalid identity, denied access and mismatched receipts never open browser (1.050949ms)
✔ revoked or failed authorization surfaces failure without opening (0.637117ms)
(node:792125) ExperimentalWarning: stripTypeScriptTypes is an experimental feature and might change at any time
(Use `node --trace-warnings ...` to show where the warning was created)
✔ private link exact canonical event and opaque fragment only (3.326821ms)
✔ current own group counts whole-ticket quantities and expires without paid inference (0.861115ms)
✔ recipient preview rejects expired, cross-event, missing no-payment envelope and malformed amounts (0.518707ms)
✔ own reader binds list and detail IDs and profile distinct from Auth UUID (2.946242ms)
✔ refresh/response scope changes prevent private request or result use (0.734419ms)
(node:792144) [MODULE_TYPELESS_PACKAGE_JSON] Warning: Module type of file:///tmp/zoi-company-artist-map-staged-280pn5ou/mobile/src/placeNavigation.ts is not specified and it doesn't parse as CommonJS.
Reparsing as ES module because module syntax was detected. This incurs a performance overhead.
To eliminate this warning, add "type": "module" to /tmp/zoi-company-artist-map-staged-280pn5ou/mobile/package.json.
(Use `node --trace-warnings ...` to show where the warning was created)
✔ current public slug wins over stale unhashed artist SEO path (1.270628ms)
✔ fallback permits only internal profile routes (0.472741ms)
(node:792159) [MODULE_TYPELESS_PACKAGE_JSON] Warning: Module type of file:///tmp/zoi-company-artist-map-staged-280pn5ou/mobile/src/privateRequests.ts is not specified and it doesn't parse as CommonJS.
Reparsing as ES module because module syntax was detected. This incurs a performance overhead.
To eliminate this warning, add "type": "module" to /tmp/zoi-company-artist-map-staged-280pn5ou/mobile/package.json.
(Use `node --trace-warnings ...` to show where the warning was created)
✔ private recovery stores exact Unicode across bounded secure chunks (10.99487ms)
✔ account switch cannot read or save another account’s private request (1.463738ms)
✔ sign-out cleanup runs after queued writes and removes every chunk (4.233361ms)
✔ incomplete persistence is never mistaken for a retryable request (2.981517ms)
✔ cleanup failure cannot roll back a committed recovery request (2.767499ms)
✔ separate workflows keep distinct encrypted recovery namespaces (1.219383ms)
✔ failed storage cleanup retains a discoverable manifest until explicit cleanup succeeds (1.953742ms)
✔ non-null malformed manifests never masquerade as no pending request (1.331312ms)
✔ valid active-null pending manifest remains interrupted, not empty (0.286915ms)
✔ an active null payload is corruption rather than no pending request (0.519388ms)
(node:792160) [MODULE_TYPELESS_PACKAGE_JSON] Warning: Module type of file:///tmp/zoi-company-artist-map-staged-280pn5ou/mobile/src/profile.ts is not specified and it doesn't parse as CommonJS.
Reparsing as ES module because module syntax was detected. This incurs a performance overhead.
To eliminate this warning, add "type": "module" to /tmp/zoi-company-artist-map-staged-280pn5ou/mobile/package.json.
(Use `node --trace-warnings ...` to show where the warning was created)
✔ profile gives owner fields priority, merges actual socials and labels enrichment (5.287195ms)
✔ profile never fabricates verification or ratings from owner data (0.425613ms)
✔ profile rejects unsafe external schemes and credentials (0.30011ms)
✔ missing entity is absent, not invented profile (0.231722ms)
✔ profile actions require exact server routes and matching booking listing (2.277475ms)
✔ private enquiry entry requires server invitation for this same listing (0.54754ms)
✔ profile photos preserve wide logos, portraits and small artwork (0.277167ms)
✔ image loading supports native source dimensions and web natural dimensions (0.25212ms)
✔ native uses shared phone validity and authoritative owner clear (0.59ms)
✔ native machine social syntax and exact publisher identity match web while owner links survive (1.702564ms)
✔ native Fournos chain root contacts cannot replace branch base or explicit owner values (0.92785ms)
(node:792175) [MODULE_TYPELESS_PACKAGE_JSON] Warning: Module type of file:///tmp/zoi-company-artist-map-staged-280pn5ou/mobile/src/seating.ts is not specified and it doesn't parse as CommonJS.
Reparsing as ES module because module syntax was detected. This incurs a performance overhead.
To eliminate this warning, add "type": "module" to /tmp/zoi-company-artist-map-staged-280pn5ou/mobile/package.json.
(Use `node --trace-warnings ...` to show where the warning was created)
✔ hold requires exact requested seats and confirmed receipt (2.035845ms)
✔ free confirmation rejects payment, quantity, seat and hold mismatches (0.501224ms)
✔ foreground status restores exact hold and validates cancellation (0.957846ms)
✔ countdown accounts for server clock and clamps expired holds (0.292295ms)
✔ missing inventory stays unavailable and malformed maps never invent seats (0.76166ms)
✔ seat inventory uses actual geometry and rejects unsafe bigint IDs or unknown state (1.216248ms)
(node:792188) [MODULE_TYPELESS_PACKAGE_JSON] Warning: Module type of file:///tmp/zoi-company-artist-map-staged-280pn5ou/mobile/src/session.ts is not specified and it doesn't parse as CommonJS.
Reparsing as ES module because module syntax was detected. This incurs a performance overhead.
To eliminate this warning, add "type": "module" to /tmp/zoi-company-artist-map-staged-280pn5ou/mobile/package.json.
(Use `node --trace-warnings ...` to show where the warning was created)
✔ persists only refresh credential and restores by exchanging it (39.059652ms)
✔ expired concurrent API requests share one refresh and use renewed token (12.237833ms)
✔ invalid refresh removes stored credential and session (1.349786ms)
✔ transient refresh failure preserves credential for recovery (1.928433ms)
✔ sign-out clears device credentials even if revocation is offline (0.332019ms)
✔ in-flight sign-in cannot resurrect a signed-out account (0.880651ms)
✔ anonymous authenticated RPC is rejected without making a request (0.238585ms)
✔ application error envelopes cannot appear as publishing success (0.635535ms)
✔ server-rejected access token clears session without replaying mutation (1.023909ms)
✔ optimistic edit conflict is explained without replaying the write (0.898695ms)
✔ fetch transport uses global receiver required by browsers (0.422939ms)
✔ community validation errors remain actionable without treating them as password failures (2.252832ms)
(node:792195) [MODULE_TYPELESS_PACKAGE_JSON] Warning: Module type of file:///tmp/zoi-company-artist-map-staged-280pn5ou/mobile/src/sponsorFulfillment.ts is not specified and it doesn't parse as CommonJS.
Reparsing as ES module because module syntax was detected. This incurs a performance overhead.
To eliminate this warning, add "type": "module" to /tmp/zoi-company-artist-map-staged-280pn5ou/mobile/package.json.
(Use `node --trace-warnings ...` to show where the warning was created)
✔ fresh approved sponsor ok (2.178651ms)
✔ fresh approved sponsor viewer (0.521903ms)
✔ fresh approved sponsor cancelled (0.265535ms)
✔ fresh approved sponsor foreign (1.515335ms)
✔ fresh approved sponsor capability (0.434951ms)
✔ fresh approved sponsor missing (0.268721ms)
✔ actual SessionClient refresh fence actor (37.112962ms)
✔ actual SessionClient refresh fence workspace (1.476593ms)
✔ actual SessionClient refresh fence unchanged (1.943453ms)
(node:792202) [MODULE_TYPELESS_PACKAGE_JSON] Warning: Module type of file:///tmp/zoi-company-artist-map-staged-280pn5ou/mobile/src/timekeeping.ts is not specified and it doesn't parse as CommonJS.
Reparsing as ES module because module syntax was detected. This incurs a performance overhead.
To eliminate this warning, add "type": "module" to /tmp/zoi-company-artist-map-staged-280pn5ou/mobile/package.json.
(Use `node --trace-warnings ...` to show where the warning was created)
✔ manual time uses explicit validated duration and hourly cents (24.625283ms)
✔ timer start excludes client-controlled start and duration (0.253182ms)
✔ receipts require tenant actor version and terminal state (0.336698ms)
✔ dashboard rejects another editor’s private narrative and foreign timer (0.34866ms)
✔ timesheet CSV prevents formula execution and escapes multiline quotes (0.433327ms)
(node:792205) [MODULE_TYPELESS_PACKAGE_JSON] Warning: Module type of file:///tmp/zoi-company-artist-map-staged-280pn5ou/mobile/src/trips.ts is not specified and it doesn't parse as CommonJS.
Reparsing as ES module because module syntax was detected. This incurs a performance overhead.
To eliminate this warning, add "type": "module" to /tmp/zoi-company-artist-map-staged-280pn5ou/mobile/package.json.
(Use `node --trace-warnings ...` to show where the warning was created)
✔ trip dates require explicit zone and reject reversed or overlong stops (26.479459ms)
✔ private itinerary cannot accept another profile or trip receipt (0.676791ms)
✔ appearance discovery cannot substitute another artist or claim inferred confirmation (1.29299ms)
✔ appearance proposal requires source HTTPS and real distinct listing IDs (3.380141ms)
(node:792211) [MODULE_TYPELESS_PACKAGE_JSON] Warning: Module type of file:///tmp/zoi-company-artist-map-staged-280pn5ou/mobile/src/volunteer.ts is not specified and it doesn't parse as CommonJS.
Reparsing as ES module because module syntax was detected. This incurs a performance overhead.
To eliminate this warning, add "type": "module" to /tmp/zoi-company-artist-map-staged-280pn5ou/mobile/package.json.
(Use `node --trace-warnings ...` to show where the warning was created)
✔ volunteer invitation extracts explicit organization ID only (1.977816ms)
✔ withdrawn public opportunity stays unavailable even if saved shift was scheduled (23.242215ms)
✔ shift actions never reopen cancelled or started history (0.244977ms)
✔ signup and cancellation receipts must identify the same shift and final state (0.666633ms)
✔ organization writes require workspace identity and exact version increment (0.372534ms)
(node:792225) [MODULE_TYPELESS_PACKAGE_JSON] Warning: Module type of file:///tmp/zoi-company-artist-map-staged-280pn5ou/mobile/src/volunteerOperations.ts is not specified and it doesn't parse as CommonJS.
Reparsing as ES module because module syntax was detected. This incurs a performance overhead.
To eliminate this warning, add "type": "module" to /tmp/zoi-company-artist-map-staged-280pn5ou/mobile/package.json.
(Use `node --trace-warnings ...` to show where the warning was created)
✔ org_operation_save actual SessionClient token refresh actor (44.876913ms)
✔ org_operation_save actual SessionClient token refresh workspace (0.903304ms)
✔ org_operation_save actual SessionClient token refresh unchanged (0.905257ms)
✔ org_signup actual SessionClient token refresh actor (0.717287ms)
✔ org_signup actual SessionClient token refresh workspace (0.667454ms)
✔ org_signup actual SessionClient token refresh unchanged (1.739131ms)
✔ org_signup_cancel actual SessionClient token refresh actor (0.660641ms)
✔ org_signup_cancel actual SessionClient token refresh workspace (0.72428ms)
✔ org_signup_cancel actual SessionClient token refresh unchanged (0.692972ms)
✔ org_roster actual SessionClient token refresh actor (0.620356ms)
✔ org_roster actual SessionClient token refresh workspace (0.388845ms)
✔ org_roster actual SessionClient token refresh unchanged (0.576404ms)
✔ lost native create survives remount and clears only exact receipt (1.231736ms)
✔ cancel unknown native create validates workspace/request and preserves marker on wrong response (0.562178ms)
✔ generic authorization denial is recognizable without matching server wording (0.198941ms)
✔ absent installed capability keeps pending recovery and dispatches no operation (0.396199ms)
(node:792239) [MODULE_TYPELESS_PACKAGE_JSON] Warning: Module type of file:///tmp/zoi-company-artist-map-staged-280pn5ou/mobile/src/webHandoffs.ts is not specified and it doesn't parse as CommonJS.
Reparsing as ES module because module syntax was detected. This incurs a performance overhead.
To eliminate this warning, add "type": "module" to /tmp/zoi-company-artist-map-staged-280pn5ou/mobile/package.json.
(Use `node --trace-warnings ...` to show where the warning was created)
✔ music shelf and unscoped personal calendar explicitly reach their actual web capabilities (1.85632ms)
✔ native parish calendar, member discussion and artist homes stay native (0.45561ms)
✔ handoff resolver never opens spoofed hosts or credentials (0.315498ms)
✔ map deep links use the real web map and preserve only public search/place/view context (1.219473ms)
✔ explicit guardian links hand off only public listing context, adult groups stay native (1.193445ms)
(node:792241) ExperimentalWarning: stripTypeScriptTypes is an experimental feature and might change at any time
(Use `node --trace-warnings ...` to show where the warning was created)
✔ roles protect owner/self and admin peer escalation (2.385988ms)
✔ real controller confirms save only after current roster read (1.944144ms)
✔ lost response survives remount; receipt check does not resend (1.478446ms)
✔ unknown request blocks new write and safely cancels (2.041025ms)
✔ conflict refreshes membership; storage failure prevents submission (0.50434ms)
✔ authority loss clears private roster and account change fences calls (0.535849ms)
(node:792253) [MODULE_TYPELESS_PACKAGE_JSON] Warning: Module type of file:///tmp/zoi-company-artist-map-staged-280pn5ou/mobile/src/session.ts is not specified and it doesn't parse as CommonJS.
Reparsing as ES module because module syntax was detected. This incurs a performance overhead.
To eliminate this warning, add "type": "module" to /tmp/zoi-company-artist-map-staged-280pn5ou/mobile/package.json.
(Use `node --trace-warnings ...` to show where the warning was created)
(node:792253) ExperimentalWarning: stripTypeScriptTypes is an experimental feature and might change at any time
✔ only scoped team conflict/cancel envelope passes transport for controller verification (31.28615ms)
✔ exact known team SQL rejection preserved; generic 400 and other RPC remain uncertain (6.133323ms)
✔ real SessionClient quota clears marker; ambiguous400 keeps it;403 clears roster (3.098646ms)
✔ youth programme validates exact bounded ages, places and actual listing (2.477288ms)
✔ enrolment requires explicit authority and consent without inferring age (0.654951ms)
✔ enrolment receipts bind guardian child programme and exact version (0.584449ms)
✔ attendance and instructor assignment receipts reject unrelated identity (1.435286ms)
✔ private operator response rejects another workspace or programme roster (0.711467ms)
✔ public catalogue rejects unrelated listing and private family rejects malformed records (0.435111ms)
(node:792261) [MODULE_TYPELESS_PACKAGE_JSON] Warning: Module type of file:///tmp/zoi-company-artist-map-staged-280pn5ou/mobile/src/youthReadiness.ts is not specified and it doesn't parse as CommonJS.
Reparsing as ES module because module syntax was detected. This incurs a performance overhead.
To eliminate this warning, add "type": "module" to /tmp/zoi-company-artist-map-staged-280pn5ou/mobile/package.json.
(Use `node --trace-warnings ...` to show where the warning was created)
✔ native Youth remains read-only without exact installed actor and guardian capability (1.629798ms)
✔ native organizer readiness additionally binds exact workspace and current role (0.313996ms)
(node:792282) [MODULE_TYPELESS_PACKAGE_JSON] Warning: Module type of file:///tmp/zoi-company-artist-map-staged-280pn5ou/mobile/src/session.ts is not specified and it doesn't parse as CommonJS.
Reparsing as ES module because module syntax was detected. This incurs a performance overhead.
To eliminate this warning, add "type": "module" to /tmp/zoi-company-artist-map-staged-280pn5ou/mobile/package.json.
(Use `node --trace-warnings ...` to show where the warning was created)
✔ actual SessionClient youth refresh account fences private dispatch/result (31.541836ms)
✔ actual SessionClient youth refresh workspace fences private dispatch/result (0.564452ms)
✔ actual SessionClient youth refresh unmount fences private dispatch/result (0.631677ms)
✔ actual SessionClient youth response account fences private dispatch/result (6.582587ms)
✔ actual SessionClient youth response workspace fences private dispatch/result (1.294022ms)
✔ actual SessionClient youth response unmount fences private dispatch/result (0.979086ms)
✔ same actor token rotation sends private request using freshly captured token (1.362059ms)
✔ private method cannot dispatch anonymously; denied status remains recognizable (0.46121ms)
✔ installed native capability binds internal guardian profile separately from Auth (0.404704ms)
ℹ tests 318
ℹ suites 0
ℹ pass 318
ℹ fail 0
ℹ cancelled 0
ℹ skipped 0
ℹ todo 0
ℹ duration_ms 963.630994
