Starting Metro Bundler

| (node:213774) Warning: The 'NO_COLOR' env is ignored due to the 'FORCE_COLOR' env being set.
| (Use `node --trace-warnings ...` to show where the warning was created)
| (node:213774) Warning: The 'NO_COLOR' env is ignored due to the 'FORCE_COLOR' env being set.
| (Use `node --trace-warnings ...` to show where the warning was created)
Web Bundled 25690ms index.ts (516 modules)
iOS Bundled 33742ms index.ts (934 modules)
Android Bundled 40898ms index.ts (928 modules)

› Assets (2):
assets/zoi-logo.5a531fbd3a49e35f2cb1b6fc3dcd5ad0.png (113KB)
assets/zoi-logo.png (113KB)

› web bundles (2):
_expo/static/js/web/index-75eebe8cc01ae8478bbb95105eaf899a.js (1.4MB)
_expo/static/js/web/index-75eebe8cc01ae8478bbb95105eaf899a.js.map (4.8MB)

› ios bundles (2):
_expo/static/js/ios/index-d3b90eceea1b41f76bb968133bb1ace7.hbc (2.7MB)
_expo/static/js/ios/index-d3b90eceea1b41f76bb968133bb1ace7.hbc.map (6MB)

› android bundles (2):
_expo/static/js/android/index-5aa3b1d2c4bc2d2a7798bb03c81604c6.hbc (2.7MB)
_expo/static/js/android/index-5aa3b1d2c4bc2d2a7798bb03c81604c6.hbc.map (6MB)

› Files (3):
favicon.ico (15KB)
index.html (1.2KB)
metadata.json (368B)

Exported: /tmp/zoi-native-company-console-export
