Starting Metro Bundler

| (node:231252) Warning: The 'NO_COLOR' env is ignored due to the 'FORCE_COLOR' env being set.
| (Use `node --trace-warnings ...` to show where the warning was created)
| (node:231252) Warning: The 'NO_COLOR' env is ignored due to the 'FORCE_COLOR' env being set.
| (Use `node --trace-warnings ...` to show where the warning was created)
Web Bundled 3798ms index.ts (516 modules)
iOS Bundled 12431ms index.ts (934 modules)
Android Bundled 20186ms index.ts (931 modules)

› Assets (2):
assets/zoi-logo.5a531fbd3a49e35f2cb1b6fc3dcd5ad0.png (113KB)
assets/zoi-logo.png (113KB)

› web bundles (2):
_expo/static/js/web/index-e6787f4ff61580bc4cb5d09d27b39939.js (1.4MB)
_expo/static/js/web/index-e6787f4ff61580bc4cb5d09d27b39939.js.map (4.8MB)

› ios bundles (2):
_expo/static/js/ios/index-0f08ba7df0e9d5501afcfcad196ace34.hbc (2.7MB)
_expo/static/js/ios/index-0f08ba7df0e9d5501afcfcad196ace34.hbc.map (6MB)

› android bundles (2):
_expo/static/js/android/index-14147adeeeb3e2aef64726bdb03a1ddb.hbc (2.7MB)
_expo/static/js/android/index-14147adeeeb3e2aef64726bdb03a1ddb.hbc.map (6MB)

› Files (3):
favicon.ico (15KB)
index.html (1.2KB)
metadata.json (368B)

Exported: /tmp/zoi-native-company-console-frozen-export
