(node:211418) [MODULE_TYPELESS_PACKAGE_JSON] Warning: Module type of file:///workspaces/zoi-city/.recovery/community-release/mobile/src/companyConsole.ts is not specified and it doesn't parse as CommonJS.
Reparsing as ES module because module syntax was detected. This incurs a performance overhead.
To eliminate this warning, add "type": "module" to /workspaces/zoi-city/.recovery/community-release/mobile/package.json.
(Use `node --trace-warnings ...` to show where the warning was created)
✔ actual shared queue distinguishes cross-company urgency and selected company filters (4.382326ms)
✔ sparse and retired work does not create deadlines or company completion (13.984476ms)
✔ unknown assignee remains assigned, profile identity is not the signed-in actor (0.241591ms)
✔ queue rejects foreign saved scope (0.381653ms)
✔ queue rejects duplicate saved scope (0.154569ms)
✔ queue rejects invalid-data saved scope (0.144079ms)
✔ queue rejects missing-company saved scope (0.178173ms)
✔ Metro resolves only the exact shared Company CDN edge without altering packages or queries (275.590124ms)
(node:211419) [MODULE_TYPELESS_PACKAGE_JSON] Warning: Module type of file:///workspaces/zoi-city/.recovery/community-release/mobile/src/companyHandover.ts is not specified and it doesn't parse as CommonJS.
Reparsing as ES module because module syntax was detected. This incurs a performance overhead.
To eliminate this warning, add "type": "module" to /workspaces/zoi-city/.recovery/community-release/mobile/package.json.
(Use `node --trace-warnings ...` to show where the warning was created)
✔ reviewed selected-company JSON preserves nulls and versions, excludes foreign contacts and unqueried files (4.045397ms)
✔ authorized document metadata includes only saved company project IDs and current versions (1.401228ms)
✔ confirmation rejects changed version before handover (0.970924ms)
✔ confirmation rejects changed owner-clear before handover (0.579953ms)
✔ confirmation rejects changed assignment-clear before handover (0.824831ms)
✔ confirmation rejects changed contact-clear before handover (0.648501ms)
✔ confirmation rejects changed removed-company before handover (0.400859ms)
✔ confirmation rejects changed role before handover (0.509251ms)
✔ confirmation rejects changed document-version before handover (0.828628ms)
✔ private document review refuses viewer (0.404706ms)
✔ private document review refuses foreign (0.263131ms)
✔ private document review refuses duplicate (0.237133ms)
✔ private document review refuses missing-project (0.319237ms)
✔ viewer can review saved read-authorized records without accessing private files (0.962007ms)
✔ actual SessionClient handover fences token wait then account (25.212471ms)
✔ actual SessionClient handover fences token wait then workspace (0.465199ms)
✔ actual SessionClient handover fences token wait then unmount (0.461161ms)
✔ actual SessionClient handover fences records wait then account (11.276266ms)
✔ actual SessionClient handover fences records wait then workspace (1.175265ms)
✔ actual SessionClient handover fences records wait then unmount (0.714154ms)
✔ actual SessionClient handover fences documents wait then account (1.240929ms)
✔ actual SessionClient handover fences documents wait then workspace (2.581362ms)
✔ actual SessionClient handover fences documents wait then unmount (0.751183ms)
✔ temporary file cleanup is idempotent and removes the prior copy before replacement (0.2946ms)
✔ actual native handover adapter success protects ephemeral copy (0.66344ms)
✔ actual native handover adapter unavailable protects ephemeral copy (0.27291ms)
✔ actual native handover adapter share-failure protects ephemeral copy (0.387153ms)
✔ actual native handover adapter availability-scope-change protects ephemeral copy (0.242894ms)
✔ actual native handover adapter copy-scope-change protects ephemeral copy (0.37456ms)
✔ actual native handover adapter share-scope-change protects ephemeral copy (0.387083ms)
✔ actual native handover adapter changed-record protects ephemeral copy (0.329215ms)
(node:211430) [MODULE_TYPELESS_PACKAGE_JSON] Warning: Module type of file:///workspaces/zoi-city/.recovery/community-release/mobile/src/companyWorkspace.ts is not specified and it doesn't parse as CommonJS.
Reparsing as ES module because module syntax was detected. This incurs a performance overhead.
To eliminate this warning, add "type": "module" to /workspaces/zoi-city/.recovery/community-release/mobile/package.json.
(Use `node --trace-warnings ...` to show where the warning was created)
✔ native company aggregates exact active relationships without assuming member Auth identity (2.041554ms)
✔ company draft uses current company ID and existing persisted payload (0.471631ms)
✔ company source rejects foreign (0.313525ms)
✔ company source rejects archived (0.19264ms)
✔ company source rejects missing (0.184104ms)
✔ company source rejects duplicate (0.138328ms)
✔ archived linked project has no company return and archived work is omitted (0.24043ms)
✔ existing roles keep company edit distinct from project work (0.138138ms)
✔ actual SessionClient ignores held Company response after account (28.341767ms)
✔ actual SessionClient ignores held Company response after workspace (1.165868ms)
✔ actual SessionClient ignores held Company response after unmount (0.748037ms)
ℹ tests 50
ℹ suites 0
ℹ pass 50
ℹ fail 0
ℹ cancelled 0
ℹ skipped 0
ℹ todo 0
ℹ duration_ms 421.4573
