(node:228292) ExperimentalWarning: stripTypeScriptTypes is an experimental feature and might change at any time
(Use `node --trace-warnings ...` to show where the warning was created)
✔ owner tool browser handoffs preserve explicit selected workspace with no token (1.785936ms)
✔ missing malformed and injected identities cannot fabricate a setup destination (0.249556ms)
(node:228293) [MODULE_TYPELESS_PACKAGE_JSON] Warning: Module type of file:///workspaces/zoi-city/.recovery/community-release/mobile/src/artistMusic.ts is not specified and it doesn't parse as CommonJS.
Reparsing as ES module because module syntax was detected. This incurs a performance overhead.
To eliminate this warning, add "type": "module" to /workspaces/zoi-city/.recovery/community-release/mobile/package.json.
(Use `node --trace-warnings ...` to show where the warning was created)
✔ reviewed catalogue binds identity and uses verified high-resolution photos (4.055656ms)
✔ unknown artist never inherits featured content (0.304609ms)
✔ provider links reject spoofed hosts unsafe schemes and credentials (0.318055ms)
✔ city validation supports Greek and NFKC without markup (3.824985ms)
✔ receipts bind artist request active state and expected version (0.769868ms)
✔ summary rejects subthreshold counts and wrong artist; mine preserves inactive rows (1.026888ms)
✔ interrupted authenticated interest retries identical persisted request, then withdrawal reads real server version (48.489576ms)
✔ native planner shares venue timezone and buffer boundaries (1.306741ms)
✔ native planner cannot accept another tenant or changed appointment preview (0.613686ms)
✔ native planner requires complete unique saved slots matching the preview (0.398605ms)
(node:228305) [MODULE_TYPELESS_PACKAGE_JSON] Warning: Module type of file:///workspaces/zoi-city/.recovery/community-release/mobile/src/backendReadiness.ts is not specified and it doesn't parse as CommonJS.
Reparsing as ES module because module syntax was detected. This incurs a performance overhead.
To eliminate this warning, add "type": "module" to /workspaces/zoi-city/.recovery/community-release/mobile/package.json.
(Use `node --trace-warnings ...` to show where the warning was created)
✔ verified guardian backend is enabled while unavailable integrations fail closed (1.321529ms)
✔ guardian release gate is backed by complete deployed RPC evidence (0.886476ms)
(node:228311) [MODULE_TYPELESS_PACKAGE_JSON] Warning: Module type of file:///workspaces/zoi-city/.recovery/community-release/mobile/src/booking.ts is not specified and it doesn't parse as CommonJS.
Reparsing as ES module because module syntax was detected. This incurs a performance overhead.
To eliminate this warning, add "type": "module" to /workspaces/zoi-city/.recovery/community-release/mobile/package.json.
(Use `node --trace-warnings ...` to show where the warning was created)
✔ booking receipts require exact idempotency request, slot and party (1.973587ms)
✔ retry receipt preserves terminal cancellation rather than inventing confirmation (0.298418ms)
✔ booking catalog refuses malformed times and unknown timezone (26.354584ms)
✔ venue times honor the venue timezone rather than device default (1.350293ms)
(node:228312) [MODULE_TYPELESS_PACKAGE_JSON] Warning: Module type of file:///workspaces/zoi-city/.recovery/community-release/mobile/src/bookingOperator.ts is not specified and it doesn't parse as CommonJS.
Reparsing as ES module because module syntax was detected. This incurs a performance overhead.
To eliminate this warning, add "type": "module" to /workspaces/zoi-city/.recovery/community-release/mobile/package.json.
(Use `node --trace-warnings ...` to show where the warning was created)
✔ operator mutation requires exact workspace and incremented version (1.787649ms)
✔ operator service decimal prices are exact minor units and bounded (0.522776ms)
✔ staff resource cannot silently admit a party (0.320238ms)
✔ schedule converts venue-local time and rejects both DST edge cases (26.95175ms)
✔ native reschedule uses venue-local range and rejects impossible calendar dates (29.34425ms)
✔ reschedule selection pins reviewed version and exact price (0.818288ms)
✔ move receipt requires same booking, expected version, reviewed time and no collected payment (0.59443ms)
(node:228323) [MODULE_TYPELESS_PACKAGE_JSON] Warning: Module type of file:///workspaces/zoi-city/.recovery/community-release/mobile/src/brand.ts is not specified and it doesn't parse as CommonJS.
Reparsing as ES module because module syntax was detected. This incurs a performance overhead.
To eliminate this warning, add "type": "module" to /workspaces/zoi-city/.recovery/community-release/mobile/package.json.
(Use `node --trace-warnings ...` to show where the warning was created)
✔ native shared body, subdued text and actions stay readable on every adopted surface (2.5001ms)
✔ native and web material colors share the same semantic values (13.057864ms)
(node:228332) [MODULE_TYPELESS_PACKAGE_JSON] Warning: Module type of file:///workspaces/zoi-city/.recovery/community-release/mobile/src/businessEdit.ts is not specified and it doesn't parse as CommonJS.
Reparsing as ES module because module syntax was detected. This incurs a performance overhead.
To eliminate this warning, add "type": "module" to /workspaces/zoi-city/.recovery/community-release/mobile/package.json.
(Use `node --trace-warnings ...` to show where the warning was created)
✔ only owned and explicitly approved claims can appear in business editor (2.290408ms)
✔ business edit preserves unknown social keys and explicit cleared fields (0.520903ms)
✔ business edit rejects unsafe replacement and ambiguous social payloads (0.607324ms)
(node:228339) [MODULE_TYPELESS_PACKAGE_JSON] Warning: Module type of file:///workspaces/zoi-city/.recovery/community-release/mobile/src/calendar.ts is not specified and it doesn't parse as CommonJS.
Reparsing as ES module because module syntax was detected. This incurs a performance overhead.
To eliminate this warning, add "type": "module" to /workspaces/zoi-city/.recovery/community-release/mobile/package.json.
(Use `node --trace-warnings ...` to show where the warning was created)
✔ calendar ranges reject impossible dates and bound exactly90 UTC days (2.16274ms)
✔ public calendar rejects private drafts and another listing (0.426666ms)
✔ workspace calendar rejects another tenant (0.391181ms)
✔ same calendar planner validates dates and exact saved receipt (24.522452ms)
✔ profile calendar/group actions require exact same-listing server paths (2.310226ms)
(node:228345) [MODULE_TYPELESS_PACKAGE_JSON] Warning: Module type of file:///workspaces/zoi-city/.recovery/community-release/mobile/src/commerce.ts is not specified and it doesn't parse as CommonJS.
Reparsing as ES module because module syntax was detected. This incurs a performance overhead.
To eliminate this warning, add "type": "module" to /workspaces/zoi-city/.recovery/community-release/mobile/package.json.
(Use `node --trace-warnings ...` to show where the warning was created)
✔ basket totals preserve decimal precision and separate currencies (3.150837ms)
✔ persisted basket rejects duplicate IDs and invalid quantities (1.325786ms)
✔ adding unavailable options or excessive aggregate quantities fails (0.97446ms)
✔ fresh checkout must match exact official cart and all quantities (1.224818ms)
✔ product imagery and deep links reject untrusted URLs and invalid identifiers (0.663349ms)
✔ native shared option cannot silently substitute another product variant (0.298037ms)
✔ malformed explicit native variant remains an explicit unresolved choice (0.606463ms)
✔ single default display metadata survives native basket mapping without changing provider title (0.820262ms)
(node:228346) [MODULE_TYPELESS_PACKAGE_JSON] Warning: Module type of file:///workspaces/zoi-city/.recovery/community-release/mobile/src/community.ts is not specified and it doesn't parse as CommonJS.
Reparsing as ES module because module syntax was detected. This incurs a performance overhead.
To eliminate this warning, add "type": "module" to /workspaces/zoi-city/.recovery/community-release/mobile/package.json.
(Use `node --trace-warnings ...` to show where the warning was created)
✔ visible reaction state comes from matching desired-state receipts only (1.59511ms)
✔ reply receipt is scoped to post and actual profile, not auth UUID (0.541572ms)
✔ public profile edits explicitly validate interests and chosen public fields (0.466581ms)
✔ feed preserves server snapshot and rejects a substituted mode (0.327421ms)
✔ recovered publication keeps original account, immutable request and actual receipt identity (0.582979ms)
(node:228372) [MODULE_TYPELESS_PACKAGE_JSON] Warning: Module type of file:///workspaces/zoi-city/.recovery/community-release/mobile/src/communityIntent.ts is not specified and it doesn't parse as CommonJS.
Reparsing as ES module because module syntax was detected. This incurs a performance overhead.
To eliminate this warning, add "type": "module" to /workspaces/zoi-city/.recovery/community-release/mobile/package.json.
(Use `node --trace-warnings ...` to show where the warning was created)
✔ sign-in retains question composer intent but cannot resume without an actor (2.426873ms)
✔ discussion return retains navigation and does not replay a reaction (0.374579ms)
✔ sign-in may retain public navigation but sign-out or account switch invalidates it (0.248925ms)
(node:228375) [MODULE_TYPELESS_PACKAGE_JSON] Warning: Module type of file:///workspaces/zoi-city/.recovery/community-release/mobile/src/communityMedia.ts is not specified and it doesn't parse as CommonJS.
Reparsing as ES module because module syntax was detected. This incurs a performance overhead.
To eliminate this warning, add "type": "module" to /workspaces/zoi-city/.recovery/community-release/mobile/package.json.
(Use `node --trace-warnings ...` to show where the warning was created)
✔ media selection validates actual bytes dimensions and video duration before transfer (1.432506ms)
✔ media URLs cannot execute scripts or expose embedded credentials (0.239608ms)
✔ offscreen background low-power reduced-motion and user pause all prevent autoplay (0.293228ms)
✔ upload receipt must match selected media type and a valid finalized identity (0.67409ms)
(node:228378) [MODULE_TYPELESS_PACKAGE_JSON] Warning: Module type of file:///workspaces/zoi-city/.recovery/community-release/mobile/src/companyConsole.ts is not specified and it doesn't parse as CommonJS.
Reparsing as ES module because module syntax was detected. This incurs a performance overhead.
To eliminate this warning, add "type": "module" to /workspaces/zoi-city/.recovery/community-release/mobile/package.json.
(Use `node --trace-warnings ...` to show where the warning was created)
✔ actual shared queue distinguishes cross-company urgency and selected company filters (4.889494ms)
✔ sparse and retired work does not create deadlines or company completion (23.919726ms)
✔ unknown assignee remains assigned, profile identity is not the signed-in actor (0.552522ms)
✔ queue rejects foreign saved scope (0.481199ms)
✔ queue rejects duplicate saved scope (0.261158ms)
✔ queue rejects invalid-data saved scope (0.20359ms)
✔ queue rejects missing-company saved scope (0.274763ms)
✔ Metro resolves only the exact shared Company CDN edge without altering packages or queries (519.440752ms)
(node:228397) [MODULE_TYPELESS_PACKAGE_JSON] Warning: Module type of file:///workspaces/zoi-city/.recovery/community-release/mobile/src/companyHandover.ts is not specified and it doesn't parse as CommonJS.
Reparsing as ES module because module syntax was detected. This incurs a performance overhead.
To eliminate this warning, add "type": "module" to /workspaces/zoi-city/.recovery/community-release/mobile/package.json.
(Use `node --trace-warnings ...` to show where the warning was created)
✔ reviewed selected-company JSON preserves nulls and versions, excludes foreign contacts and unqueried files (7.191505ms)
✔ authorized document metadata includes only saved company project IDs and current versions (2.214688ms)
✔ confirmation rejects changed version before handover (1.432246ms)
✔ confirmation rejects changed owner-clear before handover (2.641174ms)
✔ confirmation rejects changed assignment-clear before handover (1.454237ms)
✔ confirmation rejects changed contact-clear before handover (1.03864ms)
✔ confirmation rejects changed removed-company before handover (0.69073ms)
✔ confirmation rejects changed role before handover (0.906924ms)
✔ confirmation rejects changed document-version before handover (2.17324ms)
✔ private document review refuses viewer (3.963084ms)
✔ private document review refuses foreign (0.521745ms)
✔ private document review refuses duplicate (0.524971ms)
✔ private document review refuses missing-project (0.454359ms)
✔ viewer can review saved read-authorized records without accessing private files (0.799674ms)
✔ actual SessionClient handover fences token wait then account (56.390206ms)
✔ actual SessionClient handover fences token wait then workspace (0.763296ms)
✔ actual SessionClient handover fences token wait then unmount (1.228105ms)
✔ actual SessionClient handover fences records wait then account (24.546406ms)
✔ actual SessionClient handover fences records wait then workspace (8.150917ms)
✔ actual SessionClient handover fences records wait then unmount (1.602153ms)
✔ actual SessionClient handover fences documents wait then account (12.602959ms)
✔ actual SessionClient handover fences documents wait then workspace (7.362294ms)
✔ actual SessionClient handover fences documents wait then unmount (1.515181ms)
✔ temporary file cleanup is idempotent and removes the prior copy before replacement (0.419414ms)
✔ actual native handover adapter success protects ephemeral copy (1.174384ms)
✔ actual native handover adapter unavailable protects ephemeral copy (0.560287ms)
✔ actual native handover adapter share-failure protects ephemeral copy (0.686332ms)
✔ actual native handover adapter availability-scope-change protects ephemeral copy (0.425956ms)
✔ actual native handover adapter copy-scope-change protects ephemeral copy (0.599069ms)
✔ actual native handover adapter share-scope-change protects ephemeral copy (2.384165ms)
✔ actual native handover adapter changed-record protects ephemeral copy (0.559365ms)
(node:228403) [MODULE_TYPELESS_PACKAGE_JSON] Warning: Module type of file:///workspaces/zoi-city/.recovery/community-release/mobile/src/companyWorkspace.ts is not specified and it doesn't parse as CommonJS.
Reparsing as ES module because module syntax was detected. This incurs a performance overhead.
To eliminate this warning, add "type": "module" to /workspaces/zoi-city/.recovery/community-release/mobile/package.json.
(Use `node --trace-warnings ...` to show where the warning was created)
✔ native company aggregates exact active relationships without assuming member Auth identity (3.074464ms)
✔ company draft uses current company ID and existing persisted payload (0.71737ms)
✔ company source rejects foreign (1.014104ms)
✔ company source rejects archived (0.376113ms)
✔ company source rejects missing (2.335243ms)
✔ company source rejects duplicate (0.254987ms)
✔ archived linked project has no company return and archived work is omitted (0.842694ms)
✔ existing roles keep company edit distinct from project work (0.254095ms)
✔ actual SessionClient ignores held Company response after account (88.942248ms)
✔ actual SessionClient ignores held Company response after workspace (2.340924ms)
✔ actual SessionClient ignores held Company response after unmount (1.312171ms)
(node:228410) [MODULE_TYPELESS_PACKAGE_JSON] Warning: Module type of file:///workspaces/zoi-city/.recovery/community-release/mobile/src/creator.ts is not specified and it doesn't parse as CommonJS.
Reparsing as ES module because module syntax was detected. This incurs a performance overhead.
To eliminate this warning, add "type": "module" to /workspaces/zoi-city/.recovery/community-release/mobile/package.json.
(Use `node --trace-warnings ...` to show where the warning was created)
✔ bio preserves order and unpublished intent in exact server payload (2.540496ms)
✔ bio refuses truncation and unsafe links before save (0.747356ms)
✔ bio needs exact save receipt and never treats empty response as success (0.394216ms)
(node:228417) [MODULE_TYPELESS_PACKAGE_JSON] Warning: Module type of file:///workspaces/zoi-city/.recovery/community-release/mobile/src/creatorAccess.ts is not specified and it doesn't parse as CommonJS.
Reparsing as ES module because module syntax was detected. This incurs a performance overhead.
To eliminate this warning, add "type": "module" to /workspaces/zoi-city/.recovery/community-release/mobile/package.json.
(Use `node --trace-warnings ...` to show where the warning was created)
✔ authoritative creator denials invalidate private data for reads and writes (8.672001ms)
✔ temporary failure and creator read-only states retain draft and recovery state (0.654703ms)
✔ late denial from an unmounted or different actor cannot clear the current screen (0.346628ms)
✔ successful reads and confirmed writes remain unchanged (0.316461ms)
(node:228424) [MODULE_TYPELESS_PACKAGE_JSON] Warning: Module type of file:///workspaces/zoi-city/.recovery/community-release/mobile/src/creatorRecovery.ts is not specified and it doesn't parse as CommonJS.
Reparsing as ES module because module syntax was detected. This incurs a performance overhead.
To eliminate this warning, add "type": "module" to /workspaces/zoi-city/.recovery/community-release/mobile/package.json.
(Use `node --trace-warnings ...` to show where the warning was created)
✔ all seven actions execute through durable nonce-only wrapper and validate receipt (7.075772ms)
✔ lost response blocks replacement, exact retry retains immutable memory payload (1.351695ms)
✔ reload has no payload, missing receipt retains fence, cancellation requires exact proof (1.169685ms)
✔ permission denial drops private payload without deleting recovery reference (0.628965ms)
✔ storage failure, corrupt marker and late account change cannot permit dispatch or acknowledgement (2.211181ms)
✔ mismatched saved entity does not discard recovery reference (0.464628ms)
✔ account switch during persisted readback prevents dispatch (0.360964ms)
✔ readback failure after persistence retains marker and fences another send (0.691923ms)
(node:228425) [MODULE_TYPELESS_PACKAGE_JSON] Warning: Module type of file:///workspaces/zoi-city/.recovery/community-release/mobile/src/creatorStudio.ts is not specified and it doesn't parse as CommonJS.
Reparsing as ES module because module syntax was detected. This incurs a performance overhead.
To eliminate this warning, add "type": "module" to /workspaces/zoi-city/.recovery/community-release/mobile/package.json.
(Use `node --trace-warnings ...` to show where the warning was created)
✔ creator fee is explicit currency units converted to bounded minor units (4.109357ms)
✔ private drafts may be incomplete but sharing needs disclosures and deliverables (0.547112ms)
✔ customer detail rejects internal workspace records and audit data (0.806988ms)
✔ creator mutation receipts require matching workspace and decision request (0.649483ms)
✔ proof links remain explicit public HTTPS links and deliverables honor field limits (0.772644ms)
(node:228427) [MODULE_TYPELESS_PACKAGE_JSON] Warning: Module type of file:///workspaces/zoi-city/.recovery/community-release/mobile/src/discovery.ts is not specified and it doesn't parse as CommonJS.
Reparsing as ES module because module syntax was detected. This incurs a performance overhead.
To eliminate this warning, add "type": "module" to /workspaces/zoi-city/.recovery/community-release/mobile/package.json.
(Use `node --trace-warnings ...` to show where the warning was created)
✔ saved home applies only to default browsing, global search and temporary city do not overwrite it (2.624784ms)
✔ authoritative preference receipt supports explicit clears and sparse account; malformed receipt refused (0.852743ms)
✔ scope inputs literal and public rows must match chosen city/country/current identity (0.64777ms)
✔ coarse, missing, fake centroids and conflicted street coordinates never become precise pins (1.403452ms)
✔ fresh selected entity must match exact current slug/id and public visibility (0.542614ms)
✔ Directions uses actual same-record reviewed receipt, current address, or explicit provider name search (0.635076ms)
✔ native discovery/map public links carry explicit intent and canonical place without touching home (4.147448ms)
✔ native viewport clusters count real pins, hide coarse points and split with zoom without jitter (0.768776ms)
(node:228434) [MODULE_TYPELESS_PACKAGE_JSON] Warning: Module type of file:///workspaces/zoi-city/.recovery/community-release/mobile/src/discoveryMedia.ts is not specified and it doesn't parse as CommonJS.
Reparsing as ES module because module syntax was detected. This incurs a performance overhead.
To eliminate this warning, add "type": "module" to /workspaces/zoi-city/.recovery/community-release/mobile/package.json.
(Use `node --trace-warnings ...` to show where the warning was created)
✔ actual public Signature null SQL photo uses exact shared reviewed media on card and selected home (8.233221ms)
✔ owner photo edit and explicit null clear follow shared model on both bounded and full entities (3.437502ms)
✔ owner website edit and clears remove old reviewed imagery without a native override (0.553674ms)
✔ raw profile hero clear and owner all-media clear remain explicit (0.598689ms)
✔ association/quarantined source cannot regain curated media through native (0.340576ms)
✔ sparse, unsafe and failed roles do not infer a photo or leak raw fields (0.572099ms)
✔ official logo-only identity uses model fit and backdrop; poster keeps full aspect (0.688025ms)
✔ gallery-only or interface artwork cannot become native hero (0.716679ms)
✔ legacy selected logo and sparse selected photo preserve fallback semantics (0.894721ms)
(node:228444) [MODULE_TYPELESS_PACKAGE_JSON] Warning: Module type of file:///workspaces/zoi-city/.recovery/community-release/mobile/src/discoveryScope.ts is not specified and it doesn't parse as CommonJS.
Reparsing as ES module because module syntax was detected. This incurs a performance overhead.
To eliminate this warning, add "type": "module" to /workspaces/zoi-city/.recovery/community-release/mobile/package.json.
(Use `node --trace-warnings ...` to show where the warning was created)
✔ community_me refresh account (44.702551ms)
✔ community_me refresh unmount (1.160668ms)
✔ community_me refresh unchanged (1.645214ms)
✔ community_me response account (13.763462ms)
✔ community_me response unmount (1.959792ms)
✔ community_me response unchanged (2.036144ms)
✔ community_preferences_save refresh account (0.693175ms)
✔ community_preferences_save refresh unmount (2.134507ms)
✔ community_preferences_save refresh unchanged (1.912714ms)
✔ community_preferences_save response account (5.544508ms)
✔ community_preferences_save response unmount (1.488029ms)
✔ community_preferences_save response unchanged (5.768327ms)
✔ no unknown mutations or malformed preference versions dispatch (0.534138ms)
(node:228450) [MODULE_TYPELESS_PACKAGE_JSON] Warning: Module type of file:///workspaces/zoi-city/.recovery/community-release/mobile/src/documentScope.ts is not specified and it doesn't parse as CommonJS.
Reparsing as ES module because module syntax was detected. This incurs a performance overhead.
To eliminate this warning, add "type": "module" to /workspaces/zoi-city/.recovery/community-release/mobile/package.json.
(Use `node --trace-warnings ...` to show where the warning was created)
✔ actual SessionClient private documents refresh actor (41.260922ms)
✔ actual SessionClient private documents refresh workspace (1.0438ms)
✔ actual SessionClient private documents refresh project (0.879002ms)
✔ actual SessionClient private documents refresh unmount (0.816956ms)
✔ actual SessionClient private documents refresh unchanged (2.095345ms)
✔ actual SessionClient private documents response actor (14.823684ms)
✔ actual SessionClient private documents response workspace (2.376675ms)
✔ actual SessionClient private documents response project (1.165167ms)
✔ actual SessionClient private documents response unmount (7.197721ms)
✔ actual SessionClient private documents response unchanged (1.130081ms)
✔ private document RPC refuses malformed scopes, unknown writers and foreign workspace before dispatch (1.121105ms)
(node:228464) [MODULE_TYPELESS_PACKAGE_JSON] Warning: Module type of file:///workspaces/zoi-city/.recovery/community-release/mobile/src/documents.ts is not specified and it doesn't parse as CommonJS.
Reparsing as ES module because module syntax was detected. This incurs a performance overhead.
To eliminate this warning, add "type": "module" to /workspaces/zoi-city/.recovery/community-release/mobile/package.json.
(Use `node --trace-warnings ...` to show where the warning was created)
✔ private upload receipt requires workspace, document identity and ready version (1.778373ms)
✔ private attachment requires no-store, attachment headers, correct type and exact bounded size (48.311061ms)
✔ native document selection uses same metadata limits as server (0.728441ms)
(node:228466) [MODULE_TYPELESS_PACKAGE_JSON] Warning: Module type of file:///workspaces/zoi-city/.recovery/community-release/mobile/src/drafts.ts is not specified and it doesn't parse as CommonJS.
Reparsing as ES module because module syntax was detected. This incurs a performance overhead.
To eliminate this warning, add "type": "module" to /workspaces/zoi-city/.recovery/community-release/mobile/package.json.
(Use `node --trace-warnings ...` to show where the warning was created)
✔ sign-out removal waits for in-flight draft save and prevents queued resurrection (6.252961ms)
✔ switching account blocks previous account queued draft writes (0.676674ms)
✔ publishing requires explicit success and real UUID receipt (0.422259ms)
✔ native map labels share exact source geometry and boundedpreferences (2.007741ms)
✔ native prepared note shares same nontransactional contract (0.834669ms)
(node:228497) ExperimentalWarning: stripTypeScriptTypes is an experimental feature and might change at any time
(Use `node --trace-warnings ...` to show where the warning was created)
✔ guest link carries only canonical selected event, never credentials (2.562488ms)
✔ organiser handoff validates exact selected workspace and event with fresh authority (1.684517ms)
✔ viewer, missing, duplicate and malformed memberships cannot produce operator link (5.141133ms)
✔ selected workspace never falls back to first membership (0.343792ms)
✔ wrong event and denied operator proof cannot open a link (0.575465ms)
✔ late account/workspace switches fence membership and operator responses (10.932283ms)
(node:228498) [MODULE_TYPELESS_PACKAGE_JSON] Warning: Module type of file:///workspaces/zoi-city/.recovery/community-release/mobile/src/session.ts is not specified and it doesn't parse as CommonJS.
Reparsing as ES module because module syntax was detected. This incurs a performance overhead.
To eliminate this warning, add "type": "module" to /workspaces/zoi-city/.recovery/community-release/mobile/package.json.
(Use `node --trace-warnings ...` to show where the warning was created)
✔ actual session refresh preserves exact authorised event/workspace without credentials in link (40.911479ms)
✔ held actual refresh refuses private send after workspace switch (1.822755ms)
✔ held actual refresh refuses private send after actor switch (0.946568ms)
✔ late private response is refused after scope change (8.794169ms)
✔ invalid actor, guest, lost scope and unsupported RPC refuse dispatch (2.480314ms)
✔ refresh rejection never dispatches private proof (0.366184ms)
(node:228510) [MODULE_TYPELESS_PACKAGE_JSON] Warning: Module type of file:///workspaces/zoi-city/.recovery/community-release/mobile/src/eventPlanner.ts is not specified and it doesn't parse as CommonJS.
Reparsing as ES module because module syntax was detected. This incurs a performance overhead.
To eliminate this warning, add "type": "module" to /workspaces/zoi-city/.recovery/community-release/mobile/package.json.
(Use `node --trace-warnings ...` to show where the warning was created)
✔ event plans preserve private notes and reject invalid quantities (25.815988ms)
✔ recovery never substitutes profile or plan version (0.689277ms)
✔ current booking reads cannot import foreign private plans (0.330958ms)
✔ resource units enforce one performer, bounded venue guests and equipment units (2.607511ms)
(node:228518) [MODULE_TYPELESS_PACKAGE_JSON] Warning: Module type of file:///workspaces/zoi-city/.recovery/community-release/mobile/src/festival.ts is not specified and it doesn't parse as CommonJS.
Reparsing as ES module because module syntax was detected. This incurs a performance overhead.
To eliminate this warning, add "type": "module" to /workspaces/zoi-city/.recovery/community-release/mobile/package.json.
(Use `node --trace-warnings ...` to show where the warning was created)
✔ application ignores client prices and validates contact and units (1.717288ms)
✔ commercial offers use exact cents and bounded benefit lines (27.779987ms)
✔ application receipt requires correct actor tenant enquiry and version (0.480598ms)
✔ private pages reject foreign records and invalid pagination (0.416198ms)
✔ public offer action only uses exact matching host UUID (5.113854ms)
(node:228531) [MODULE_TYPELESS_PACKAGE_JSON] Warning: Module type of file:///workspaces/zoi-city/.recovery/community-release/mobile/src/generalReservation.ts is not specified and it doesn't parse as CommonJS.
Reparsing as ES module because module syntax was detected. This incurs a performance overhead.
To eliminate this warning, add "type": "module" to /workspaces/zoi-city/.recovery/community-release/mobile/package.json.
(Use `node --trace-warnings ...` to show where the warning was created)
✔ interrupted reservation remains blocked after remount and across tier changes, scoped to actor and event (2.894707ms)
✔ only exact confirmed free receipt clears original attempt; malformed and stale confirmations preserve warning (0.983948ms)
✔ storage failure and account change stop request preparation before network action (0.339644ms)
✔ new request recovery accepts only exact nonce/event/tier/quantity receipt, with no contact storage (2.884767ms)
✔ legacy saved requests cannot be upgraded to once protocol, and malformed recovery never clears warning (0.64734ms)
✔ recovered creation receipt cannot imply active ticket after cancellation or closed event (0.408132ms)
✔ signing in cannot bypass an unresolved guest reservation or reuse its nonce as an account request (3.054447ms)
✔ confirmed nonce reference survives reopening without contacts and never claims cached ticket status (0.954924ms)
✔ confirmed references cap at five, expire after one year, and storage failure preserves unresolved warning (2.374847ms)
✔ member state accepts closed group with own history but rejects unrelated membership (2.241126ms)
✔ membership decisions validate tenant identity and exact increment (0.443548ms)
✔ attendance receipt binds event membership and status (0.372636ms)
✔ membership settings cannot cross workspace or skip version (0.370993ms)
(node:228539) [MODULE_TYPELESS_PACKAGE_JSON] Warning: Module type of file:///workspaces/zoi-city/.recovery/community-release/mobile/src/inquiries.ts is not specified and it doesn't parse as CommonJS.
Reparsing as ES module because module syntax was detected. This incurs a performance overhead.
To eliminate this warning, add "type": "module" to /workspaces/zoi-city/.recovery/community-release/mobile/package.json.
(Use `node --trace-warnings ...` to show where the warning was created)
✔ enquiry start validates actor listing and immutable request payload (2.055881ms)
✔ reply requires exact author thread request and body receipt (0.532395ms)
✔ thread read guards workspace message identity and readonly contract (0.495927ms)
✔ enquiry inputs reject invalid IDs and oversized empty messages (0.37489ms)
(node:228551) [MODULE_TYPELESS_PACKAGE_JSON] Warning: Module type of file:///workspaces/zoi-city/.recovery/community-release/mobile/src/privateRequests.ts is not specified and it doesn't parse as CommonJS.
Reparsing as ES module because module syntax was detected. This incurs a performance overhead.
To eliminate this warning, add "type": "module" to /workspaces/zoi-city/.recovery/community-release/mobile/package.json.
(Use `node --trace-warnings ...` to show where the warning was created)
✔ restart restores nonce-only metadata and prevents replacement (4.722783ms)
✔ A to B to A protects and preserves original marker (3.440488ms)
✔ SecureStore failure and silent adapter failure prevent dispatch (1.618914ms)
✔ receipt requires exact nonce kind and target; notfound is not cancellation (0.61034ms)
✔ failed recovery keeps marker until confirmed cancellation acknowledgement (5.617715ms)
✔ corrupt active null prevents a replacement inquiry nonce (0.693385ms)
(node:228553) [MODULE_TYPELESS_PACKAGE_JSON] Warning: Module type of file:///workspaces/zoi-city/.recovery/community-release/mobile/src/memberStart.ts is not specified and it doesn't parse as CommonJS.
Reparsing as ES module because module syntax was detected. This incurs a performance overhead.
To eliminate this warning, add "type": "module" to /workspaces/zoi-city/.recovery/community-release/mobile/package.json.
(Use `node --trace-warnings ...` to show where the warning was created)
✔ server profile identity includes no-deadline assignment and excludes Auth UUID assignment (6.705567ms)
✔ reject ambiguous member scope role (0.575506ms)
✔ reject ambiguous member scope workspace (0.204673ms)
✔ reject ambiguous member scope profile (0.177963ms)
✔ reject ambiguous member scope record (0.220231ms)
✔ actual token refresh fences workspace_team_get actor (39.567882ms)
✔ actual token refresh fences workspace_team_get workspace (1.434881ms)
✔ actual token refresh fences workspace_team_get unmount (3.22228ms)
✔ actual token refresh fences workspace_team_get rotation (1.823516ms)
✔ actual token refresh fences ops_records_list actor (0.622674ms)
✔ actual token refresh fences ops_records_list workspace (0.59382ms)
✔ actual token refresh fences ops_records_list unmount (1.523607ms)
✔ actual token refresh fences ops_records_list rotation (3.958996ms)
✔ actual token refresh fences social_list_posts actor (0.972266ms)
✔ actual token refresh fences social_list_posts workspace (0.778224ms)
✔ actual token refresh fences social_list_posts unmount (0.955005ms)
✔ actual token refresh fences social_list_posts rotation (0.732628ms)
✔ actual token refresh fences booking_operator_list actor (0.367557ms)
✔ actual token refresh fences booking_operator_list workspace (0.345085ms)
✔ actual token refresh fences booking_operator_list unmount (1.039642ms)
✔ actual token refresh fences booking_operator_list rotation (0.557832ms)
✔ held actual response rejects retired actor (24.172047ms)
✔ held actual response rejects retired workspace (1.491567ms)
✔ held actual response rejects retired unmount (1.008284ms)
✔ wrong workspace argument never dispatches (0.299459ms)
(node:228561) [MODULE_TYPELESS_PACKAGE_JSON] Warning: Module type of file:///workspaces/zoi-city/.recovery/community-release/mobile/src/music.ts is not specified and it doesn't parse as CommonJS.
Reparsing as ES module because module syntax was detected. This incurs a performance overhead.
To eliminate this warning, add "type": "module" to /workspaces/zoi-city/.recovery/community-release/mobile/package.json.
(Use `node --trace-warnings ...` to show where the warning was created)
✔ music prefill honors explicit cleared flat fields over old nested aliases (1.423279ms)
✔ music clearing sends null and leaves unrelated owner fields untouched (1.785986ms)
✔ music validation rejects unsafe links and impossible dates (1.272727ms)
(node:228567) [MODULE_TYPELESS_PACKAGE_JSON] Warning: Module type of file:///workspaces/zoi-city/.recovery/community-release/mobile/src/nativeParea.ts is not specified and it doesn't parse as CommonJS.
Reparsing as ES module because module syntax was detected. This incurs a performance overhead.
To eliminate this warning, add "type": "module" to /workspaces/zoi-city/.recovery/community-release/mobile/package.json.
(Use `node --trace-warnings ...` to show where the warning was created)
✔ whole-ticket 3/1/5 plan leaves one unassigned and keeps exact individual prices (29.515439ms)
✔ fractional, duplicate, excess and expired plans do not become invitations (1.770468ms)
✔ only current unclaimed guest version can rotate link without extra quota (0.571457ms)
✔ guest choices require current event, explicit deadline proof and unpaid policy version (4.494345ms)
(node:228573) [MODULE_TYPELESS_PACKAGE_JSON] Warning: Module type of file:///workspaces/zoi-city/.recovery/community-release/mobile/src/nativePareaClient.ts is not specified and it doesn't parse as CommonJS.
Reparsing as ES module because module syntax was detected. This incurs a performance overhead.
To eliminate this warning, add "type": "module" to /workspaces/zoi-city/.recovery/community-release/mobile/package.json.
(Use `node --trace-warnings ...` to show where the warning was created)
✔ event_host_guest_save refresh account (57.551989ms)
✔ event_host_guest_save refresh unmount (1.490063ms)
✔ event_host_guest_save refresh unchanged (6.126044ms)
✔ event_host_guest_save response account (1.855687ms)
✔ event_host_guest_save response unmount (1.48797ms)
✔ event_host_guest_save response unchanged (1.475066ms)
✔ event_host_claim refresh account (4.338055ms)
✔ event_host_claim refresh unmount (3.561313ms)
✔ event_host_claim refresh unchanged (1.535299ms)
✔ event_host_claim response account (2.11859ms)
✔ event_host_claim response unmount (0.859325ms)
✔ event_host_claim response unchanged (0.652959ms)
✔ event_guest_payment_choose refresh account (0.81908ms)
✔ event_guest_payment_choose refresh unmount (0.761622ms)
✔ event_guest_payment_choose refresh unchanged (3.922243ms)
✔ event_guest_payment_choose response account (0.796748ms)
✔ event_guest_payment_choose response unmount (0.878902ms)
✔ event_guest_payment_choose response unchanged (2.040953ms)
✔ actual shared host client persists nonce before dispatch, loss retries same request and token (4.677929ms)
✔ remount cannot retry bearer args, exact missing-result cancellation settles before new request (1.223786ms)
✔ no token or RPC dispatch if durable storage has failed (0.620188ms)
✔ native host never depends on browser structuredClone and rejects non-JSON mutation data (0.957509ms)
✔ durable clear failure blocks new writes until exact storage operation is confirmed (1.654791ms)
(node:228581) [MODULE_TYPELESS_PACKAGE_JSON] Warning: Module type of file:///workspaces/zoi-city/.recovery/community-release/mobile/src/nativePareaRecovery.ts is not specified and it doesn't parse as CommonJS.
Reparsing as ES module because module syntax was detected. This incurs a performance overhead.
To eliminate this warning, add "type": "module" to /workspaces/zoi-city/.recovery/community-release/mobile/package.json.
(Use `node --trace-warnings ...` to show where the warning was created)
✔ nonce-only durable reference restores in exact account/event and contains no bearer or labels (2.867647ms)
✔ private capabilities and unexpected stored fields fail closed before writes (0.962127ms)
✔ failed persistence retains same queued reference until confirmed, then durable clear (2.408689ms)
✔ account/view invalidation after storage await keeps recovery reference but rejects stale continuation (0.734692ms)
✔ payment recovery includes exact guest/version/method/request only (1.402801ms)
(node:228582) [MODULE_TYPELESS_PACKAGE_JSON] Warning: Module type of file:///workspaces/zoi-city/.recovery/community-release/mobile/src/profile.ts is not specified and it doesn't parse as CommonJS.
Reparsing as ES module because module syntax was detected. This incurs a performance overhead.
To eliminate this warning, add "type": "module" to /workspaces/zoi-city/.recovery/community-release/mobile/package.json.
(Use `node --trace-warnings ...` to show where the warning was created)
✔ native outward action suppresses held source defaults and imported fallback for every family (12.29046ms)
✔ native published website edits and null/empty clears retain web authority despite stale source holds (3.605856ms)
(node:228588) [MODULE_TYPELESS_PACKAGE_JSON] Warning: Module type of file:///workspaces/zoi-city/.recovery/community-release/mobile/src/operations.ts is not specified and it doesn't parse as CommonJS.
Reparsing as ES module because module syntax was detected. This incurs a performance overhead.
To eliminate this warning, add "type": "module" to /workspaces/zoi-city/.recovery/community-release/mobile/package.json.
(Use `node --trace-warnings ...` to show where the warning was created)
✔ save receipts require correct workspace, identity and incremented version (2.172309ms)
✔ editor can edit contacts/projects/tasks but not company records; viewers cannot write (0.266668ms)
✔ full-form edits preserve custom existing data and explicitly clear relations (1.166359ms)
✔ invalid deadline and blank title fail before sending (0.423822ms)
✔ projects require company and tasks require project before sending (0.77087ms)
✔ unicode payload byte limit is enforced before sending (4.026362ms)
✔ unmodified deadline preserves its exact timestamp (0.572049ms)
✔ new company has valid default sector and cannot submit blank sector (0.287897ms)
(node:228602) [MODULE_TYPELESS_PACKAGE_JSON] Warning: Module type of file:///workspaces/zoi-city/.recovery/community-release/mobile/src/organizationWorkflow.ts is not specified and it doesn't parse as CommonJS.
Reparsing as ES module because module syntax was detected. This incurs a performance overhead.
To eliminate this warning, add "type": "module" to /workspaces/zoi-city/.recovery/community-release/mobile/package.json.
(Use `node --trace-warnings ...` to show where the warning was created)
✔ contextual native drafts preserve saved relationships and real writer payload (8.294816ms)
✔ project browser handoff fresh role owner (0.514762ms)
✔ project browser handoff fresh role admin (0.349853ms)
✔ project browser handoff fresh role editor (0.180968ms)
✔ project browser handoff fresh role viewer (0.666425ms)
✔ reject missing project context (0.318996ms)
✔ reject archived project context (0.408594ms)
✔ reject duplicate project context (0.244647ms)
✔ reject foreign project context (0.823458ms)
✔ reject scope project context (1.573569ms)
✔ actual SessionClient held refresh actor (39.146231ms)
✔ actual SessionClient held refresh workspace (0.799383ms)
✔ actual SessionClient held refresh unchanged (2.182157ms)
(node:228619) [MODULE_TYPELESS_PACKAGE_JSON] Warning: Module type of file:///workspaces/zoi-city/.recovery/community-release/mobile/src/ownerEditorHandoff.ts is not specified and it doesn't parse as CommonJS.
Reparsing as ES module because module syntax was detected. This incurs a performance overhead.
To eliminate this warning, add "type": "module" to /workspaces/zoi-city/.recovery/community-release/mobile/package.json.
(Use `node --trace-warnings ...` to show where the warning was created)
✔ fresh authorization opens only fixed browser editor, with exact authorized listing and without credentials (2.457571ms)
✔ account or workspace switch during authorization never opens browser (0.325368ms)
✔ invalid identity, denied access and mismatched receipts never open browser (0.869404ms)
✔ revoked or failed authorization surfaces failure without opening (0.555317ms)
(node:228626) ExperimentalWarning: stripTypeScriptTypes is an experimental feature and might change at any time
(Use `node --trace-warnings ...` to show where the warning was created)
✔ private link exact canonical event and opaque fragment only (6.536581ms)
✔ current own group counts whole-ticket quantities and expires without paid inference (0.822437ms)
✔ recipient preview rejects expired, cross-event, missing no-payment envelope and malformed amounts (2.517544ms)
✔ own reader binds list and detail IDs and profile distinct from Auth UUID (0.78115ms)
✔ refresh/response scope changes prevent private request or result use (0.772303ms)
(node:228635) [MODULE_TYPELESS_PACKAGE_JSON] Warning: Module type of file:///workspaces/zoi-city/.recovery/community-release/mobile/src/placeNavigation.ts is not specified and it doesn't parse as CommonJS.
Reparsing as ES module because module syntax was detected. This incurs a performance overhead.
To eliminate this warning, add "type": "module" to /workspaces/zoi-city/.recovery/community-release/mobile/package.json.
(Use `node --trace-warnings ...` to show where the warning was created)
✔ current public slug wins over stale unhashed artist SEO path (1.582146ms)
✔ fallback permits only internal profile routes (0.474126ms)
(node:228638) [MODULE_TYPELESS_PACKAGE_JSON] Warning: Module type of file:///workspaces/zoi-city/.recovery/community-release/mobile/src/privateRequests.ts is not specified and it doesn't parse as CommonJS.
Reparsing as ES module because module syntax was detected. This incurs a performance overhead.
To eliminate this warning, add "type": "module" to /workspaces/zoi-city/.recovery/community-release/mobile/package.json.
(Use `node --trace-warnings ...` to show where the warning was created)
✔ private recovery stores exact Unicode across bounded secure chunks (11.168334ms)
✔ account switch cannot read or save another account’s private request (1.103792ms)
✔ sign-out cleanup runs after queued writes and removes every chunk (3.834523ms)
✔ incomplete persistence is never mistaken for a retryable request (3.134706ms)
✔ cleanup failure cannot roll back a committed recovery request (2.697158ms)
✔ separate workflows keep distinct encrypted recovery namespaces (1.329874ms)
✔ failed storage cleanup retains a discoverable manifest until explicit cleanup succeeds (2.047946ms)
✔ non-null malformed manifests never masquerade as no pending request (1.090728ms)
✔ valid active-null pending manifest remains interrupted, not empty (0.255617ms)
✔ an active null payload is corruption rather than no pending request (1.296692ms)
(node:228644) [MODULE_TYPELESS_PACKAGE_JSON] Warning: Module type of file:///workspaces/zoi-city/.recovery/community-release/mobile/src/profile.ts is not specified and it doesn't parse as CommonJS.
Reparsing as ES module because module syntax was detected. This incurs a performance overhead.
To eliminate this warning, add "type": "module" to /workspaces/zoi-city/.recovery/community-release/mobile/package.json.
(Use `node --trace-warnings ...` to show where the warning was created)
✔ profile gives owner fields priority, merges actual socials and labels enrichment (5.014348ms)
✔ profile never fabricates verification or ratings from owner data (0.421918ms)
✔ profile rejects unsafe external schemes and credentials (0.271657ms)
✔ missing entity is absent, not invented profile (2.201182ms)
✔ profile actions require exact server routes and matching booking listing (1.612733ms)
✔ private enquiry entry requires server invitation for this same listing (0.666976ms)
✔ profile photos preserve wide logos, portraits and small artwork (0.303087ms)
✔ image loading supports native source dimensions and web natural dimensions (0.279992ms)
✔ native uses shared phone validity and authoritative owner clear (0.707612ms)
✔ native machine social syntax and exact publisher identity match web while owner links survive (3.050549ms)
✔ native Fournos chain root contacts cannot replace branch base or explicit owner values (1.442735ms)
(node:228652) [MODULE_TYPELESS_PACKAGE_JSON] Warning: Module type of file:///workspaces/zoi-city/.recovery/community-release/mobile/src/seating.ts is not specified and it doesn't parse as CommonJS.
Reparsing as ES module because module syntax was detected. This incurs a performance overhead.
To eliminate this warning, add "type": "module" to /workspaces/zoi-city/.recovery/community-release/mobile/package.json.
(Use `node --trace-warnings ...` to show where the warning was created)
✔ hold requires exact requested seats and confirmed receipt (1.78312ms)
✔ free confirmation rejects payment, quantity, seat and hold mismatches (0.435554ms)
✔ foreground status restores exact hold and validates cancellation (0.892717ms)
✔ countdown accounts for server clock and clamps expired holds (0.258543ms)
✔ missing inventory stays unavailable and malformed maps never invent seats (0.777643ms)
✔ seat inventory uses actual geometry and rejects unsafe bigint IDs or unknown state (1.136132ms)
(node:228658) [MODULE_TYPELESS_PACKAGE_JSON] Warning: Module type of file:///workspaces/zoi-city/.recovery/community-release/mobile/src/session.ts is not specified and it doesn't parse as CommonJS.
Reparsing as ES module because module syntax was detected. This incurs a performance overhead.
To eliminate this warning, add "type": "module" to /workspaces/zoi-city/.recovery/community-release/mobile/package.json.
(Use `node --trace-warnings ...` to show where the warning was created)
✔ persists only refresh credential and restores by exchanging it (63.45321ms)
✔ expired concurrent API requests share one refresh and use renewed token (13.347343ms)
✔ invalid refresh removes stored credential and session (1.43949ms)
✔ transient refresh failure preserves credential for recovery (0.409215ms)
✔ sign-out clears device credentials even if revocation is offline (0.493582ms)
✔ in-flight sign-in cannot resurrect a signed-out account (1.184152ms)
✔ anonymous authenticated RPC is rejected without making a request (0.306673ms)
✔ application error envelopes cannot appear as publishing success (1.025827ms)
✔ server-rejected access token clears session without replaying mutation (1.107028ms)
✔ optimistic edit conflict is explained without replaying the write (1.099354ms)
✔ fetch transport uses global receiver required by browsers (2.117235ms)
✔ community validation errors remain actionable without treating them as password failures (0.939896ms)
(node:228672) [MODULE_TYPELESS_PACKAGE_JSON] Warning: Module type of file:///workspaces/zoi-city/.recovery/community-release/mobile/src/sponsorFulfillment.ts is not specified and it doesn't parse as CommonJS.
Reparsing as ES module because module syntax was detected. This incurs a performance overhead.
To eliminate this warning, add "type": "module" to /workspaces/zoi-city/.recovery/community-release/mobile/package.json.
(Use `node --trace-warnings ...` to show where the warning was created)
✔ fresh approved sponsor ok (2.419329ms)
✔ fresh approved sponsor viewer (0.61023ms)
✔ fresh approved sponsor cancelled (4.978807ms)
✔ fresh approved sponsor foreign (0.272749ms)
✔ fresh approved sponsor capability (0.420831ms)
✔ fresh approved sponsor missing (0.239678ms)
✔ actual SessionClient refresh fence actor (39.721977ms)
✔ actual SessionClient refresh fence workspace (1.341026ms)
✔ actual SessionClient refresh fence unchanged (1.007873ms)
(node:228679) [MODULE_TYPELESS_PACKAGE_JSON] Warning: Module type of file:///workspaces/zoi-city/.recovery/community-release/mobile/src/timekeeping.ts is not specified and it doesn't parse as CommonJS.
Reparsing as ES module because module syntax was detected. This incurs a performance overhead.
To eliminate this warning, add "type": "module" to /workspaces/zoi-city/.recovery/community-release/mobile/package.json.
(Use `node --trace-warnings ...` to show where the warning was created)
✔ manual time uses explicit validated duration and hourly cents (27.10698ms)
✔ timer start excludes client-controlled start and duration (0.279493ms)
✔ receipts require tenant actor version and terminal state (0.576998ms)
✔ dashboard rejects another editor’s private narrative and foreign timer (0.557252ms)
✔ timesheet CSV prevents formula execution and escapes multiline quotes (0.694578ms)
(node:228680) [MODULE_TYPELESS_PACKAGE_JSON] Warning: Module type of file:///workspaces/zoi-city/.recovery/community-release/mobile/src/trips.ts is not specified and it doesn't parse as CommonJS.
Reparsing as ES module because module syntax was detected. This incurs a performance overhead.
To eliminate this warning, add "type": "module" to /workspaces/zoi-city/.recovery/community-release/mobile/package.json.
(Use `node --trace-warnings ...` to show where the warning was created)
✔ trip dates require explicit zone and reject reversed or overlong stops (19.357947ms)
✔ private itinerary cannot accept another profile or trip receipt (0.559475ms)
✔ appearance discovery cannot substitute another artist or claim inferred confirmation (0.916872ms)
✔ appearance proposal requires source HTTPS and real distinct listing IDs (1.512335ms)
(node:228692) [MODULE_TYPELESS_PACKAGE_JSON] Warning: Module type of file:///workspaces/zoi-city/.recovery/community-release/mobile/src/volunteer.ts is not specified and it doesn't parse as CommonJS.
Reparsing as ES module because module syntax was detected. This incurs a performance overhead.
To eliminate this warning, add "type": "module" to /workspaces/zoi-city/.recovery/community-release/mobile/package.json.
(Use `node --trace-warnings ...` to show where the warning was created)
✔ volunteer invitation extracts explicit organization ID only (1.792258ms)
✔ withdrawn public opportunity stays unavailable even if saved shift was scheduled (22.796167ms)
✔ shift actions never reopen cancelled or started history (0.268872ms)
✔ signup and cancellation receipts must identify the same shift and final state (0.700078ms)
✔ organization writes require workspace identity and exact version increment (0.423922ms)
(node:228693) [MODULE_TYPELESS_PACKAGE_JSON] Warning: Module type of file:///workspaces/zoi-city/.recovery/community-release/mobile/src/volunteerOperations.ts is not specified and it doesn't parse as CommonJS.
Reparsing as ES module because module syntax was detected. This incurs a performance overhead.
To eliminate this warning, add "type": "module" to /workspaces/zoi-city/.recovery/community-release/mobile/package.json.
(Use `node --trace-warnings ...` to show where the warning was created)
✔ org_operation_save actual SessionClient token refresh actor (41.441522ms)
✔ org_operation_save actual SessionClient token refresh workspace (0.716889ms)
✔ org_operation_save actual SessionClient token refresh unchanged (0.728291ms)
✔ org_signup actual SessionClient token refresh actor (0.501377ms)
✔ org_signup actual SessionClient token refresh workspace (0.50873ms)
✔ org_signup actual SessionClient token refresh unchanged (0.577339ms)
✔ org_signup_cancel actual SessionClient token refresh actor (0.638503ms)
✔ org_signup_cancel actual SessionClient token refresh workspace (0.494033ms)
✔ org_signup_cancel actual SessionClient token refresh unchanged (0.725215ms)
✔ org_roster actual SessionClient token refresh actor (0.644383ms)
✔ org_roster actual SessionClient token refresh workspace (0.358039ms)
✔ org_roster actual SessionClient token refresh unchanged (0.577769ms)
✔ lost native create survives remount and clears only exact receipt (1.357676ms)
✔ cancel unknown native create validates workspace/request and preserves marker on wrong response (0.639534ms)
✔ generic authorization denial is recognizable without matching server wording (0.227996ms)
✔ absent installed capability keeps pending recovery and dispatches no operation (0.505694ms)
(node:228707) [MODULE_TYPELESS_PACKAGE_JSON] Warning: Module type of file:///workspaces/zoi-city/.recovery/community-release/mobile/src/webHandoffs.ts is not specified and it doesn't parse as CommonJS.
Reparsing as ES module because module syntax was detected. This incurs a performance overhead.
To eliminate this warning, add "type": "module" to /workspaces/zoi-city/.recovery/community-release/mobile/package.json.
(Use `node --trace-warnings ...` to show where the warning was created)
✔ music shelf and unscoped personal calendar explicitly reach their actual web capabilities (1.650824ms)
✔ native parish calendar, member discussion and artist homes stay native (0.404045ms)
✔ handoff resolver never opens spoofed hosts or credentials (0.255487ms)
✔ map deep links use the real web map and preserve only public search/place/view context (1.01738ms)
✔ explicit guardian links hand off only public listing context, adult groups stay native (0.930839ms)
(node:228717) ExperimentalWarning: stripTypeScriptTypes is an experimental feature and might change at any time
(Use `node --trace-warnings ...` to show where the warning was created)
✔ roles protect owner/self and admin peer escalation (2.02866ms)
✔ real controller confirms save only after current roster read (1.308054ms)
✔ lost response survives remount; receipt check does not resend (2.073594ms)
✔ unknown request blocks new write and safely cancels (0.733269ms)
✔ conflict refreshes membership; storage failure prevents submission (0.599069ms)
✔ authority loss clears private roster and account change fences calls (3.675906ms)
(node:228726) [MODULE_TYPELESS_PACKAGE_JSON] Warning: Module type of file:///workspaces/zoi-city/.recovery/community-release/mobile/src/session.ts is not specified and it doesn't parse as CommonJS.
Reparsing as ES module because module syntax was detected. This incurs a performance overhead.
To eliminate this warning, add "type": "module" to /workspaces/zoi-city/.recovery/community-release/mobile/package.json.
(Use `node --trace-warnings ...` to show where the warning was created)
(node:228726) ExperimentalWarning: stripTypeScriptTypes is an experimental feature and might change at any time
✔ only scoped team conflict/cancel envelope passes transport for controller verification (39.282034ms)
✔ exact known team SQL rejection preserved; generic 400 and other RPC remain uncertain (9.160784ms)
✔ real SessionClient quota clears marker; ambiguous400 keeps it;403 clears roster (2.619364ms)
✔ youth programme validates exact bounded ages, places and actual listing (1.915518ms)
✔ enrolment requires explicit authority and consent without inferring age (0.715366ms)
✔ enrolment receipts bind guardian child programme and exact version (0.549838ms)
✔ attendance and instructor assignment receipts reject unrelated identity (1.490865ms)
✔ private operator response rejects another workspace or programme roster (0.686202ms)
✔ public catalogue rejects unrelated listing and private family rejects malformed records (0.437267ms)
(node:228738) [MODULE_TYPELESS_PACKAGE_JSON] Warning: Module type of file:///workspaces/zoi-city/.recovery/community-release/mobile/src/youthReadiness.ts is not specified and it doesn't parse as CommonJS.
Reparsing as ES module because module syntax was detected. This incurs a performance overhead.
To eliminate this warning, add "type": "module" to /workspaces/zoi-city/.recovery/community-release/mobile/package.json.
(Use `node --trace-warnings ...` to show where the warning was created)
✔ native Youth remains read-only without exact installed actor and guardian capability (1.11372ms)
✔ native organizer readiness additionally binds exact workspace and current role (0.203531ms)
(node:228740) [MODULE_TYPELESS_PACKAGE_JSON] Warning: Module type of file:///workspaces/zoi-city/.recovery/community-release/mobile/src/session.ts is not specified and it doesn't parse as CommonJS.
Reparsing as ES module because module syntax was detected. This incurs a performance overhead.
To eliminate this warning, add "type": "module" to /workspaces/zoi-city/.recovery/community-release/mobile/package.json.
(Use `node --trace-warnings ...` to show where the warning was created)
✔ actual SessionClient youth refresh account fences private dispatch/result (29.096928ms)
✔ actual SessionClient youth refresh workspace fences private dispatch/result (0.52485ms)
✔ actual SessionClient youth refresh unmount fences private dispatch/result (0.51938ms)
✔ actual SessionClient youth response account fences private dispatch/result (5.554106ms)
✔ actual SessionClient youth response workspace fences private dispatch/result (0.949654ms)
✔ actual SessionClient youth response unmount fences private dispatch/result (0.767614ms)
✔ same actor token rotation sends private request using freshly captured token (0.95852ms)
✔ private method cannot dispatch anonymously; denied status remains recognizable (0.41202ms)
✔ installed native capability binds internal guardian profile separately from Auth (0.324667ms)
ℹ tests 421
ℹ suites 0
ℹ pass 421
ℹ fail 0
ℹ cancelled 0
ℹ skipped 0
ℹ todo 0
ℹ duration_ms 1088.589858
