FAIL  .qa-competition/backstage/index.html
      - expected exactly one <head>, found 0
FAIL  .qa-image/ai-voice.html
      - expected exactly one <head>, found 0
FAIL  .qa-image/appearance-picker.html
      - expected exactly one <head>, found 0
      - missing <title>
FAIL  .qa-image/community-composer.html
      - missing <title>
FAIL  .qa-image/contact-picker.html
      - expected exactly one <head>, found 0
FAIL  .qa-image/event-artists-independent.html
      - expected exactly one <head>, found 0
      - missing <title>
FAIL  .qa-image/event-artists.html
      - expected exactly one <head>, found 0
      - missing <title>
FAIL  .qa-image/event-reservations.html
      - expected exactly one <head>, found 0
FAIL  .qa-image/faith-aegean.html
      - expected exactly one <head>, found 0
      - missing <title>
FAIL  .qa-image/faith-unicode.html
      - expected exactly one <head>, found 0
      - missing <title>
FAIL  .qa-image/furnished-concert.html
      - expected exactly one <head>, found 0
      - missing <title>
FAIL  .qa-image/host-allocation.html
      - expected exactly one <head>, found 0
      - missing <meta name="viewport">
      - missing <title>
FAIL  .qa-image/host-independent-review.html
      - expected exactly one <head>, found 0
      - missing <title>
FAIL  .qa-image/host-invitation-independent.html
      - expected exactly one <head>, found 0
      - missing <title>
FAIL  .qa-image/inquiry-baseline.html
      - expected exactly one <head>, found 0
      - missing <title>
FAIL  .qa-image/inquiry-candidate.html
      - expected exactly one <head>, found 0
      - missing <title>
FAIL  .qa-image/inquiry-real-independent.html
      - missing <title>
FAIL  .qa-image/native-brand.html
      - expected exactly one <head>, found 0
      - missing <meta name="viewport">
FAIL  .qa-image/owner-core/editor.html
      - expected exactly one <head>, found 0
      - missing <title>
FAIL  .qa-image/player-help.html
      - expected exactly one <head>, found 0
      - missing <title>
FAIL  .qa-image/poster-share.html
      - expected exactly one <head>, found 0
      - missing <title>
FAIL  .qa-image/recipe-chef-table.html
      - expected exactly one <head>, found 0
FAIL  .qa-image/saved-groups.html
      - expected exactly one <head>, found 0
      - missing <title>
FAIL  .qa-image/signature-customer-a.html
      - expected exactly one <head>, found 0
FAIL  .qa-image/signature-lounge.html
      - expected exactly one <head>, found 0
      - missing <title>
FAIL  .qa-image/signature-scene.html
      - expected exactly one <head>, found 0
      - missing <title>
FAIL  .qa-image/sponsor-preview.html
      - expected exactly one <head>, found 0
      - missing <title>
FAIL  .qa-image/table-identity-independent.html
      - expected exactly one <head>, found 0
FAIL  .qa-image/table-inventory-owner.html
      - expected exactly one <head>, found 0
FAIL  .qa-image/ticket-allocations-independent.html
      - expected exactly one <head>, found 0
FAIL  .qa-opa-room/index.html
      - expected exactly one <head>, found 0
      - missing <title>
FAIL  .qa-publicity/editor.html
      - expected exactly one <head>, found 0
      - missing <title>
FAIL  .recovery/adult-scope-review.html
      - expected exactly one <head>, found 0
      - missing <title>
FAIL  .recovery/bizpage-design-fixture.html
      - expected exactly one <head>, found 0
FAIL  .recovery/bizpage-media-fixture.html
      - expected exactly one <head>, found 0
FAIL  .recovery/editions/bakeries.html
      - expected exactly one <head>, found 0
FAIL  .recovery/editions/lawyers.html
      - expected exactly one <head>, found 0
FAIL  .recovery/editions/musicians-djs.html
      - expected exactly one <head>, found 0
FAIL  .recovery/editions/professionals.html
      - expected exactly one <head>, found 0
FAIL  .recovery/editions/restaurants.html
      - expected exactly one <head>, found 0
FAIL  .recovery/editions/stirling.html
      - expected exactly one <head>, found 0
FAIL  .recovery/event-payment-real-qa.html
      - expected exactly one <head>, found 0
FAIL  .recovery/faith-hub.html
      - missing <title>
FAIL  .recovery/inquiry-real-qa.html
      - missing <title>
FAIL  .recovery/kitchen-counter-fixture.html
      - expected exactly one <head>, found 0
FAIL  .recovery/lounge-independent.html
      - missing <title>
FAIL  .recovery/opa-visual-room.html
      - expected exactly one <head>, found 0
FAIL  .recovery/personal-calendar-fixture.html
      - expected exactly one <head>, found 0
FAIL  .recovery/player-isolated.html
      - missing <title>
FAIL  .recovery/private-draft-owner-fixture.html
      - expected exactly one <head>, found 0
FAIL  .recovery/public-media-clear-fixture.html
      - missing <title>
FAIL  .recovery/public-media-fixture.html
      - missing <title>
FAIL  .recovery/recipe-studio-independent-fixture.html
      - expected exactly one <head>, found 0
FAIL  .recovery/signature-b-fixture.html
      - expected exactly one <head>, found 0
FAIL  .recovery/social-owner-fixture.html
      - expected exactly one <head>, found 0
FAIL  .recovery/table-card-fixture.html
      - missing <title>
FAIL  .recovery/venue-studio-review.html
      - missing <title>
FAIL  .recovery/youth-retry-review.html
      - expected exactly one <head>, found 0
      - missing <title>
FAIL  .recovery/youth-scope-review.html
      - expected exactly one <head>, found 0
      - missing <title>
FAIL  tests/browser/event-payment-deadline/fixture.html
      - expected exactly one <head>, found 0
      - missing <title>

lint-html: 60 of 310 HTML file(s) failed.
