(node:853069) [MODULE_TYPELESS_PACKAGE_JSON] Warning: Module type of file:///workspaces/zoi-city/.recovery/community-release/mobile/src/discovery.ts is not specified and it doesn't parse as CommonJS.
Reparsing as ES module because module syntax was detected. This incurs a performance overhead.
To eliminate this warning, add "type": "module" to /workspaces/zoi-city/.recovery/community-release/mobile/package.json.
(Use `node --trace-warnings ...` to show where the warning was created)
✔ saved home applies only to default browsing, global search and temporary city do not overwrite it (4.789107ms)
✔ authoritative preference receipt supports explicit clears and sparse account; malformed receipt refused (0.909386ms)
✔ scope inputs literal and public rows must match chosen city/country/current identity (0.929933ms)
✔ coarse, missing, fake centroids and conflicted street coordinates never become precise pins (1.693186ms)
✔ fresh selected entity must match exact current slug/id and public visibility (0.592304ms)
✔ Directions uses actual same-record reviewed receipt, current address, or explicit provider name search (0.555476ms)
✔ native discovery/map public links carry explicit intent and canonical place without touching home (1.107154ms)
✔ native viewport clusters count real pins, hide coarse points and split with zoom without jitter (0.56901ms)
(node:853086) [MODULE_TYPELESS_PACKAGE_JSON] Warning: Module type of file:///workspaces/zoi-city/.recovery/community-release/mobile/src/discoveryScope.ts is not specified and it doesn't parse as CommonJS.
Reparsing as ES module because module syntax was detected. This incurs a performance overhead.
To eliminate this warning, add "type": "module" to /workspaces/zoi-city/.recovery/community-release/mobile/package.json.
(Use `node --trace-warnings ...` to show where the warning was created)
✔ community_me refresh account (38.338395ms)
✔ community_me refresh unmount (0.81036ms)
✔ community_me refresh unchanged (0.905909ms)
✔ community_me response account (14.877342ms)
✔ community_me response unmount (1.715749ms)
✔ community_me response unchanged (1.942771ms)
✔ community_preferences_save refresh account (0.651625ms)
✔ community_preferences_save refresh unmount (1.034728ms)
✔ community_preferences_save refresh unchanged (0.917229ms)
✔ community_preferences_save response account (4.163241ms)
✔ community_preferences_save response unmount (0.944731ms)
✔ community_preferences_save response unchanged (4.703678ms)
✔ no unknown mutations or malformed preference versions dispatch (3.697092ms)
ℹ tests 21
ℹ suites 0
ℹ pass 21
ℹ fail 0
ℹ cancelled 0
ℹ skipped 0
ℹ todo 0
ℹ duration_ms 294.949874
