(node:832874) ExperimentalWarning: stripTypeScriptTypes is an experimental feature and might change at any time
(Use `node --trace-warnings ...` to show where the warning was created)
✔ owner tool browser handoffs preserve explicit selected workspace with no token (8.516055ms)
✔ missing malformed and injected identities cannot fabricate a setup destination (0.5093ms)
(node:832875) [MODULE_TYPELESS_PACKAGE_JSON] Warning: Module type of file:///workspaces/zoi-city/.recovery/community-release/mobile/src/artistMusic.ts is not specified and it doesn't parse as CommonJS.
Reparsing as ES module because module syntax was detected. This incurs a performance overhead.
To eliminate this warning, add "type": "module" to /workspaces/zoi-city/.recovery/community-release/mobile/package.json.
(Use `node --trace-warnings ...` to show where the warning was created)
✔ reviewed catalogue binds identity and uses verified high-resolution photos (4.858706ms)
✔ unknown artist never inherits featured content (0.585401ms)
✔ provider links reject spoofed hosts unsafe schemes and credentials (0.361384ms)
✔ city validation supports Greek and NFKC without markup (5.447665ms)
✔ receipts bind artist request active state and expected version (1.017838ms)
✔ summary rejects subthreshold counts and wrong artist; mine preserves inactive rows (1.139294ms)
✔ interrupted authenticated interest retries identical persisted request, then withdrawal reads real server version (39.2086ms)
✔ native planner shares venue timezone and buffer boundaries (1.157497ms)
✔ native planner cannot accept another tenant or changed appointment preview (0.751521ms)
✔ native planner requires complete unique saved slots matching the preview (0.492118ms)
(node:832882) [MODULE_TYPELESS_PACKAGE_JSON] Warning: Module type of file:///workspaces/zoi-city/.recovery/community-release/mobile/src/backendReadiness.ts is not specified and it doesn't parse as CommonJS.
Reparsing as ES module because module syntax was detected. This incurs a performance overhead.
To eliminate this warning, add "type": "module" to /workspaces/zoi-city/.recovery/community-release/mobile/package.json.
(Use `node --trace-warnings ...` to show where the warning was created)
✔ verified guardian backend is enabled while unavailable integrations fail closed (1.210606ms)
✔ guardian release gate is backed by complete deployed RPC evidence (0.86308ms)
(node:832893) [MODULE_TYPELESS_PACKAGE_JSON] Warning: Module type of file:///workspaces/zoi-city/.recovery/community-release/mobile/src/booking.ts is not specified and it doesn't parse as CommonJS.
Reparsing as ES module because module syntax was detected. This incurs a performance overhead.
To eliminate this warning, add "type": "module" to /workspaces/zoi-city/.recovery/community-release/mobile/package.json.
(Use `node --trace-warnings ...` to show where the warning was created)
✔ booking receipts require exact idempotency request, slot and party (1.251242ms)
✔ retry receipt preserves terminal cancellation rather than inventing confirmation (0.168975ms)
✔ booking catalog refuses malformed times and unknown timezone (16.478128ms)
✔ venue times honor the venue timezone rather than device default (0.85829ms)
(node:832899) [MODULE_TYPELESS_PACKAGE_JSON] Warning: Module type of file:///workspaces/zoi-city/.recovery/community-release/mobile/src/bookingOperator.ts is not specified and it doesn't parse as CommonJS.
Reparsing as ES module because module syntax was detected. This incurs a performance overhead.
To eliminate this warning, add "type": "module" to /workspaces/zoi-city/.recovery/community-release/mobile/package.json.
(Use `node --trace-warnings ...` to show where the warning was created)
✔ operator mutation requires exact workspace and incremented version (1.765672ms)
✔ operator service decimal prices are exact minor units and bounded (0.448175ms)
✔ staff resource cannot silently admit a party (0.309717ms)
✔ schedule converts venue-local time and rejects both DST edge cases (26.381777ms)
✔ native reschedule uses venue-local range and rejects impossible calendar dates (31.864929ms)
✔ reschedule selection pins reviewed version and exact price (0.821291ms)
✔ move receipt requires same booking, expected version, reviewed time and no collected payment (0.649821ms)
(node:832901) [MODULE_TYPELESS_PACKAGE_JSON] Warning: Module type of file:///workspaces/zoi-city/.recovery/community-release/mobile/src/brand.ts is not specified and it doesn't parse as CommonJS.
Reparsing as ES module because module syntax was detected. This incurs a performance overhead.
To eliminate this warning, add "type": "module" to /workspaces/zoi-city/.recovery/community-release/mobile/package.json.
(Use `node --trace-warnings ...` to show where the warning was created)
✔ native shared body, subdued text and actions stay readable on every adopted surface (2.284438ms)
✔ native and web material colors share the same semantic values (5.397812ms)
(node:832913) [MODULE_TYPELESS_PACKAGE_JSON] Warning: Module type of file:///workspaces/zoi-city/.recovery/community-release/mobile/src/businessEdit.ts is not specified and it doesn't parse as CommonJS.
Reparsing as ES module because module syntax was detected. This incurs a performance overhead.
To eliminate this warning, add "type": "module" to /workspaces/zoi-city/.recovery/community-release/mobile/package.json.
(Use `node --trace-warnings ...` to show where the warning was created)
✔ only owned and explicitly approved claims can appear in business editor (2.032609ms)
✔ business edit preserves unknown social keys and explicit cleared fields (0.491065ms)
✔ business edit rejects unsafe replacement and ambiguous social payloads (0.526311ms)
(node:832921) [MODULE_TYPELESS_PACKAGE_JSON] Warning: Module type of file:///workspaces/zoi-city/.recovery/community-release/mobile/src/calendar.ts is not specified and it doesn't parse as CommonJS.
Reparsing as ES module because module syntax was detected. This incurs a performance overhead.
To eliminate this warning, add "type": "module" to /workspaces/zoi-city/.recovery/community-release/mobile/package.json.
(Use `node --trace-warnings ...` to show where the warning was created)
✔ calendar ranges reject impossible dates and bound exactly90 UTC days (1.889171ms)
✔ public calendar rejects private drafts and another listing (0.36499ms)
✔ workspace calendar rejects another tenant (0.353088ms)
✔ same calendar planner validates dates and exact saved receipt (26.504938ms)
✔ profile calendar/group actions require exact same-listing server paths (2.158514ms)
(node:832924) [MODULE_TYPELESS_PACKAGE_JSON] Warning: Module type of file:///workspaces/zoi-city/.recovery/community-release/mobile/src/commerce.ts is not specified and it doesn't parse as CommonJS.
Reparsing as ES module because module syntax was detected. This incurs a performance overhead.
To eliminate this warning, add "type": "module" to /workspaces/zoi-city/.recovery/community-release/mobile/package.json.
(Use `node --trace-warnings ...` to show where the warning was created)
✔ basket totals preserve decimal precision and separate currencies (2.466427ms)
✔ persisted basket rejects duplicate IDs and invalid quantities (1.010364ms)
✔ adding unavailable options or excessive aggregate quantities fails (0.823285ms)
✔ fresh checkout must match exact official cart and all quantities (1.084351ms)
✔ product imagery and deep links reject untrusted URLs and invalid identifiers (0.474805ms)
✔ native shared option cannot silently substitute another product variant (0.271105ms)
✔ malformed explicit native variant remains an explicit unresolved choice (0.262119ms)
✔ single default display metadata survives native basket mapping without changing provider title (4.674551ms)
(node:832931) [MODULE_TYPELESS_PACKAGE_JSON] Warning: Module type of file:///workspaces/zoi-city/.recovery/community-release/mobile/src/community.ts is not specified and it doesn't parse as CommonJS.
Reparsing as ES module because module syntax was detected. This incurs a performance overhead.
To eliminate this warning, add "type": "module" to /workspaces/zoi-city/.recovery/community-release/mobile/package.json.
(Use `node --trace-warnings ...` to show where the warning was created)
✔ visible reaction state comes from matching desired-state receipts only (1.615631ms)
✔ reply receipt is scoped to post and actual profile, not auth UUID (0.441644ms)
✔ public profile edits explicitly validate interests and chosen public fields (0.479984ms)
✔ feed preserves server snapshot and rejects a substituted mode (0.314356ms)
✔ recovered publication keeps original account, immutable request and actual receipt identity (0.54178ms)
(node:832955) [MODULE_TYPELESS_PACKAGE_JSON] Warning: Module type of file:///workspaces/zoi-city/.recovery/community-release/mobile/src/communityIntent.ts is not specified and it doesn't parse as CommonJS.
Reparsing as ES module because module syntax was detected. This incurs a performance overhead.
To eliminate this warning, add "type": "module" to /workspaces/zoi-city/.recovery/community-release/mobile/package.json.
(Use `node --trace-warnings ...` to show where the warning was created)
✔ sign-in retains question composer intent but cannot resume without an actor (2.14551ms)
✔ discussion return retains navigation and does not replay a reaction (0.364389ms)
✔ sign-in may retain public navigation but sign-out or account switch invalidates it (0.251359ms)
(node:832956) [MODULE_TYPELESS_PACKAGE_JSON] Warning: Module type of file:///workspaces/zoi-city/.recovery/community-release/mobile/src/communityMedia.ts is not specified and it doesn't parse as CommonJS.
Reparsing as ES module because module syntax was detected. This incurs a performance overhead.
To eliminate this warning, add "type": "module" to /workspaces/zoi-city/.recovery/community-release/mobile/package.json.
(Use `node --trace-warnings ...` to show where the warning was created)
✔ media selection validates actual bytes dimensions and video duration before transfer (1.953621ms)
✔ media URLs cannot execute scripts or expose embedded credentials (0.326789ms)
✔ offscreen background low-power reduced-motion and user pause all prevent autoplay (0.372585ms)
✔ upload receipt must match selected media type and a valid finalized identity (0.687772ms)
(node:832958) [MODULE_TYPELESS_PACKAGE_JSON] Warning: Module type of file:///workspaces/zoi-city/.recovery/community-release/mobile/src/companyWorkspace.ts is not specified and it doesn't parse as CommonJS.
Reparsing as ES module because module syntax was detected. This incurs a performance overhead.
To eliminate this warning, add "type": "module" to /workspaces/zoi-city/.recovery/community-release/mobile/package.json.
(Use `node --trace-warnings ...` to show where the warning was created)
✔ native company aggregates exact active relationships without assuming member Auth identity (7.453013ms)
✔ company draft uses current company ID and existing persisted payload (0.675469ms)
✔ company source rejects foreign (0.40786ms)
✔ company source rejects archived (0.272869ms)
✔ company source rejects missing (0.251959ms)
✔ company source rejects duplicate (0.178974ms)
✔ archived linked project has no company return and archived work is omitted (0.313544ms)
✔ existing roles keep company edit distinct from project work (0.220381ms)
✔ actual SessionClient ignores held Company response after account (50.374163ms)
✔ actual SessionClient ignores held Company response after workspace (3.172313ms)
✔ actual SessionClient ignores held Company response after unmount (0.983764ms)
(node:832979) [MODULE_TYPELESS_PACKAGE_JSON] Warning: Module type of file:///workspaces/zoi-city/.recovery/community-release/mobile/src/creator.ts is not specified and it doesn't parse as CommonJS.
Reparsing as ES module because module syntax was detected. This incurs a performance overhead.
To eliminate this warning, add "type": "module" to /workspaces/zoi-city/.recovery/community-release/mobile/package.json.
(Use `node --trace-warnings ...` to show where the warning was created)
✔ bio preserves order and unpublished intent in exact server payload (2.59652ms)
✔ bio refuses truncation and unsafe links before save (0.63864ms)
✔ bio needs exact save receipt and never treats empty response as success (0.343581ms)
(node:832986) [MODULE_TYPELESS_PACKAGE_JSON] Warning: Module type of file:///workspaces/zoi-city/.recovery/community-release/mobile/src/creatorAccess.ts is not specified and it doesn't parse as CommonJS.
Reparsing as ES module because module syntax was detected. This incurs a performance overhead.
To eliminate this warning, add "type": "module" to /workspaces/zoi-city/.recovery/community-release/mobile/package.json.
(Use `node --trace-warnings ...` to show where the warning was created)
✔ authoritative creator denials invalidate private data for reads and writes (2.937516ms)
✔ temporary failure and creator read-only states retain draft and recovery state (0.731093ms)
✔ late denial from an unmounted or different actor cannot clear the current screen (0.454627ms)
✔ successful reads and confirmed writes remain unchanged (0.484043ms)
(node:832987) [MODULE_TYPELESS_PACKAGE_JSON] Warning: Module type of file:///workspaces/zoi-city/.recovery/community-release/mobile/src/creatorRecovery.ts is not specified and it doesn't parse as CommonJS.
Reparsing as ES module because module syntax was detected. This incurs a performance overhead.
To eliminate this warning, add "type": "module" to /workspaces/zoi-city/.recovery/community-release/mobile/package.json.
(Use `node --trace-warnings ...` to show where the warning was created)
✔ all seven actions execute through durable nonce-only wrapper and validate receipt (5.209531ms)
✔ lost response blocks replacement, exact retry retains immutable memory payload (1.100401ms)
✔ reload has no payload, missing receipt retains fence, cancellation requires exact proof (2.384224ms)
✔ permission denial drops private payload without deleting recovery reference (1.063904ms)
✔ storage failure, corrupt marker and late account change cannot permit dispatch or acknowledgement (1.122001ms)
✔ mismatched saved entity does not discard recovery reference (0.410105ms)
✔ account switch during persisted readback prevents dispatch (0.431866ms)
✔ readback failure after persistence retains marker and fences another send (0.662054ms)
(node:832998) [MODULE_TYPELESS_PACKAGE_JSON] Warning: Module type of file:///workspaces/zoi-city/.recovery/community-release/mobile/src/creatorStudio.ts is not specified and it doesn't parse as CommonJS.
Reparsing as ES module because module syntax was detected. This incurs a performance overhead.
To eliminate this warning, add "type": "module" to /workspaces/zoi-city/.recovery/community-release/mobile/package.json.
(Use `node --trace-warnings ...` to show where the warning was created)
✔ creator fee is explicit currency units converted to bounded minor units (2.257719ms)
✔ private drafts may be incomplete but sharing needs disclosures and deliverables (2.592041ms)
✔ customer detail rejects internal workspace records and audit data (0.645723ms)
✔ creator mutation receipts require matching workspace and decision request (0.628933ms)
✔ proof links remain explicit public HTTPS links and deliverables honor field limits (0.638761ms)
(node:832999) [MODULE_TYPELESS_PACKAGE_JSON] Warning: Module type of file:///workspaces/zoi-city/.recovery/community-release/mobile/src/discovery.ts is not specified and it doesn't parse as CommonJS.
Reparsing as ES module because module syntax was detected. This incurs a performance overhead.
To eliminate this warning, add "type": "module" to /workspaces/zoi-city/.recovery/community-release/mobile/package.json.
(Use `node --trace-warnings ...` to show where the warning was created)
✔ saved home applies only to default browsing, global search and temporary city do not overwrite it (4.198556ms)
✔ authoritative preference receipt supports explicit clears and sparse account; malformed receipt refused (0.83159ms)
✔ scope inputs literal and public rows must match chosen city/country/current identity (0.937558ms)
✔ coarse, missing, fake centroids and conflicted street coordinates never become precise pins (1.530473ms)
✔ fresh selected entity must match exact current slug/id and public visibility (0.594829ms)
✔ Directions uses actual same-record reviewed receipt, current address, or explicit provider name search (0.566907ms)
✔ native discovery/map public links carry explicit intent and canonical place without touching home (1.076827ms)
✔ native viewport clusters count real pins, hide coarse points and split with zoom without jitter (0.700636ms)
(node:833006) [MODULE_TYPELESS_PACKAGE_JSON] Warning: Module type of file:///workspaces/zoi-city/.recovery/community-release/mobile/src/discoveryScope.ts is not specified and it doesn't parse as CommonJS.
Reparsing as ES module because module syntax was detected. This incurs a performance overhead.
To eliminate this warning, add "type": "module" to /workspaces/zoi-city/.recovery/community-release/mobile/package.json.
(Use `node --trace-warnings ...` to show where the warning was created)
✔ community_me refresh account (54.815415ms)
✔ community_me refresh unmount (1.00842ms)
✔ community_me refresh unchanged (1.264377ms)
✔ community_me response account (19.794799ms)
✔ community_me response unmount (1.876006ms)
✔ community_me response unchanged (9.271994ms)
✔ community_preferences_save refresh account (1.12091ms)
✔ community_preferences_save refresh unmount (0.677794ms)
✔ community_preferences_save refresh unchanged (0.884669ms)
✔ community_preferences_save response account (3.928443ms)
✔ community_preferences_save response unmount (1.934105ms)
✔ community_preferences_save response unchanged (3.28279ms)
✔ no unknown mutations or malformed preference versions dispatch (0.619124ms)
(node:833019) [MODULE_TYPELESS_PACKAGE_JSON] Warning: Module type of file:///workspaces/zoi-city/.recovery/community-release/mobile/src/documentScope.ts is not specified and it doesn't parse as CommonJS.
Reparsing as ES module because module syntax was detected. This incurs a performance overhead.
To eliminate this warning, add "type": "module" to /workspaces/zoi-city/.recovery/community-release/mobile/package.json.
(Use `node --trace-warnings ...` to show where the warning was created)
✔ actual SessionClient private documents refresh actor (41.86539ms)
✔ actual SessionClient private documents refresh workspace (1.118995ms)
✔ actual SessionClient private documents refresh project (1.06209ms)
✔ actual SessionClient private documents refresh unmount (0.746572ms)
✔ actual SessionClient private documents refresh unchanged (1.920991ms)
✔ actual SessionClient private documents response actor (12.744487ms)
✔ actual SessionClient private documents response workspace (1.125939ms)
✔ actual SessionClient private documents response project (2.357554ms)
✔ actual SessionClient private documents response unmount (1.975713ms)
✔ actual SessionClient private documents response unchanged (1.732029ms)
✔ private document RPC refuses malformed scopes, unknown writers and foreign workspace before dispatch (0.692961ms)
(node:833027) [MODULE_TYPELESS_PACKAGE_JSON] Warning: Module type of file:///workspaces/zoi-city/.recovery/community-release/mobile/src/documents.ts is not specified and it doesn't parse as CommonJS.
Reparsing as ES module because module syntax was detected. This incurs a performance overhead.
To eliminate this warning, add "type": "module" to /workspaces/zoi-city/.recovery/community-release/mobile/package.json.
(Use `node --trace-warnings ...` to show where the warning was created)
✔ private upload receipt requires workspace, document identity and ready version (1.792552ms)
✔ private attachment requires no-store, attachment headers, correct type and exact bounded size (44.007984ms)
✔ native document selection uses same metadata limits as server (0.757643ms)
(node:833028) [MODULE_TYPELESS_PACKAGE_JSON] Warning: Module type of file:///workspaces/zoi-city/.recovery/community-release/mobile/src/drafts.ts is not specified and it doesn't parse as CommonJS.
Reparsing as ES module because module syntax was detected. This incurs a performance overhead.
To eliminate this warning, add "type": "module" to /workspaces/zoi-city/.recovery/community-release/mobile/package.json.
(Use `node --trace-warnings ...` to show where the warning was created)
✔ sign-out removal waits for in-flight draft save and prevents queued resurrection (5.110967ms)
✔ switching account blocks previous account queued draft writes (0.603284ms)
✔ publishing requires explicit success and real UUID receipt (0.296642ms)
✔ native map labels share exact source geometry and boundedpreferences (2.03302ms)
✔ native prepared note shares same nontransactional contract (0.690688ms)
(node:833048) ExperimentalWarning: stripTypeScriptTypes is an experimental feature and might change at any time
(Use `node --trace-warnings ...` to show where the warning was created)
✔ guest link carries only canonical selected event, never credentials (1.970282ms)
✔ organiser handoff validates exact selected workspace and event with fresh authority (1.567422ms)
✔ viewer, missing, duplicate and malformed memberships cannot produce operator link (0.683704ms)
✔ selected workspace never falls back to first membership (2.341595ms)
✔ wrong event and denied operator proof cannot open a link (0.801745ms)
✔ late account/workspace switches fence membership and operator responses (11.073883ms)
(node:833049) [MODULE_TYPELESS_PACKAGE_JSON] Warning: Module type of file:///workspaces/zoi-city/.recovery/community-release/mobile/src/session.ts is not specified and it doesn't parse as CommonJS.
Reparsing as ES module because module syntax was detected. This incurs a performance overhead.
To eliminate this warning, add "type": "module" to /workspaces/zoi-city/.recovery/community-release/mobile/package.json.
(Use `node --trace-warnings ...` to show where the warning was created)
✔ actual session refresh preserves exact authorised event/workspace without credentials in link (54.625045ms)
✔ held actual refresh refuses private send after workspace switch (1.343053ms)
✔ held actual refresh refuses private send after actor switch (12.069106ms)
✔ late private response is refused after scope change (22.362086ms)
✔ invalid actor, guest, lost scope and unsupported RPC refuse dispatch (4.933226ms)
✔ refresh rejection never dispatches private proof (0.435863ms)
(node:833057) [MODULE_TYPELESS_PACKAGE_JSON] Warning: Module type of file:///workspaces/zoi-city/.recovery/community-release/mobile/src/eventPlanner.ts is not specified and it doesn't parse as CommonJS.
Reparsing as ES module because module syntax was detected. This incurs a performance overhead.
To eliminate this warning, add "type": "module" to /workspaces/zoi-city/.recovery/community-release/mobile/package.json.
(Use `node --trace-warnings ...` to show where the warning was created)
✔ event plans preserve private notes and reject invalid quantities (29.945771ms)
✔ recovery never substitutes profile or plan version (0.631618ms)
✔ current booking reads cannot import foreign private plans (0.342599ms)
✔ resource units enforce one performer, bounded venue guests and equipment units (2.410513ms)
(node:833066) [MODULE_TYPELESS_PACKAGE_JSON] Warning: Module type of file:///workspaces/zoi-city/.recovery/community-release/mobile/src/festival.ts is not specified and it doesn't parse as CommonJS.
Reparsing as ES module because module syntax was detected. This incurs a performance overhead.
To eliminate this warning, add "type": "module" to /workspaces/zoi-city/.recovery/community-release/mobile/package.json.
(Use `node --trace-warnings ...` to show where the warning was created)
✔ application ignores client prices and validates contact and units (1.913627ms)
✔ commercial offers use exact cents and bounded benefit lines (32.234737ms)
✔ application receipt requires correct actor tenant enquiry and version (4.391546ms)
✔ private pages reject foreign records and invalid pagination (0.41841ms)
✔ public offer action only uses exact matching host UUID (1.652931ms)
(node:833071) [MODULE_TYPELESS_PACKAGE_JSON] Warning: Module type of file:///workspaces/zoi-city/.recovery/community-release/mobile/src/generalReservation.ts is not specified and it doesn't parse as CommonJS.
Reparsing as ES module because module syntax was detected. This incurs a performance overhead.
To eliminate this warning, add "type": "module" to /workspaces/zoi-city/.recovery/community-release/mobile/package.json.
(Use `node --trace-warnings ...` to show where the warning was created)
✔ interrupted reservation remains blocked after remount and across tier changes, scoped to actor and event (2.713348ms)
✔ only exact confirmed free receipt clears original attempt; malformed and stale confirmations preserve warning (0.891732ms)
✔ storage failure and account change stop request preparation before network action (0.403232ms)
✔ new request recovery accepts only exact nonce/event/tier/quantity receipt, with no contact storage (3.551149ms)
✔ legacy saved requests cannot be upgraded to once protocol, and malformed recovery never clears warning (1.542556ms)
✔ recovered creation receipt cannot imply active ticket after cancellation or closed event (0.382072ms)
✔ signing in cannot bypass an unresolved guest reservation or reuse its nonce as an account request (1.842675ms)
✔ confirmed nonce reference survives reopening without contacts and never claims cached ticket status (0.868659ms)
✔ confirmed references cap at five, expire after one year, and storage failure preserves unresolved warning (1.846562ms)
✔ member state accepts closed group with own history but rejects unrelated membership (1.314791ms)
✔ membership decisions validate tenant identity and exact increment (0.322722ms)
✔ attendance receipt binds event membership and status (0.255957ms)
✔ membership settings cannot cross workspace or skip version (0.224229ms)
(node:833086) [MODULE_TYPELESS_PACKAGE_JSON] Warning: Module type of file:///workspaces/zoi-city/.recovery/community-release/mobile/src/inquiries.ts is not specified and it doesn't parse as CommonJS.
Reparsing as ES module because module syntax was detected. This incurs a performance overhead.
To eliminate this warning, add "type": "module" to /workspaces/zoi-city/.recovery/community-release/mobile/package.json.
(Use `node --trace-warnings ...` to show where the warning was created)
✔ enquiry start validates actor listing and immutable request payload (1.404868ms)
✔ reply requires exact author thread request and body receipt (0.371824ms)
✔ thread read guards workspace message identity and readonly contract (0.380209ms)
✔ enquiry inputs reject invalid IDs and oversized empty messages (0.320928ms)
(node:833100) [MODULE_TYPELESS_PACKAGE_JSON] Warning: Module type of file:///workspaces/zoi-city/.recovery/community-release/mobile/src/privateRequests.ts is not specified and it doesn't parse as CommonJS.
Reparsing as ES module because module syntax was detected. This incurs a performance overhead.
To eliminate this warning, add "type": "module" to /workspaces/zoi-city/.recovery/community-release/mobile/package.json.
(Use `node --trace-warnings ...` to show where the warning was created)
✔ restart restores nonce-only metadata and prevents replacement (6.84519ms)
✔ A to B to A protects and preserves original marker (2.332007ms)
✔ SecureStore failure and silent adapter failure prevent dispatch (3.824912ms)
✔ receipt requires exact nonce kind and target; notfound is not cancellation (0.563541ms)
✔ failed recovery keeps marker until confirmed cancellation acknowledgement (7.074475ms)
✔ corrupt active null prevents a replacement inquiry nonce (0.568439ms)
(node:833101) [MODULE_TYPELESS_PACKAGE_JSON] Warning: Module type of file:///workspaces/zoi-city/.recovery/community-release/mobile/src/memberStart.ts is not specified and it doesn't parse as CommonJS.
Reparsing as ES module because module syntax was detected. This incurs a performance overhead.
To eliminate this warning, add "type": "module" to /workspaces/zoi-city/.recovery/community-release/mobile/package.json.
(Use `node --trace-warnings ...` to show where the warning was created)
✔ server profile identity includes no-deadline assignment and excludes Auth UUID assignment (4.287251ms)
✔ reject ambiguous member scope role (0.416366ms)
✔ reject ambiguous member scope workspace (0.156151ms)
✔ reject ambiguous member scope profile (0.153005ms)
✔ reject ambiguous member scope record (0.17157ms)
✔ actual token refresh fences workspace_team_get actor (39.761459ms)
✔ actual token refresh fences workspace_team_get workspace (1.452668ms)
✔ actual token refresh fences workspace_team_get unmount (4.256535ms)
✔ actual token refresh fences workspace_team_get rotation (1.643845ms)
✔ actual token refresh fences ops_records_list actor (0.875702ms)
✔ actual token refresh fences ops_records_list workspace (0.620928ms)
✔ actual token refresh fences ops_records_list unmount (0.610328ms)
✔ actual token refresh fences ops_records_list rotation (2.25244ms)
✔ actual token refresh fences social_list_posts actor (0.346456ms)
✔ actual token refresh fences social_list_posts workspace (0.4133ms)
✔ actual token refresh fences social_list_posts unmount (0.308596ms)
✔ actual token refresh fences social_list_posts rotation (0.440141ms)
✔ actual token refresh fences booking_operator_list actor (0.238785ms)
✔ actual token refresh fences booking_operator_list workspace (0.224178ms)
✔ actual token refresh fences booking_operator_list unmount (0.262249ms)
✔ actual token refresh fences booking_operator_list rotation (0.704804ms)
✔ held actual response rejects retired actor (28.887248ms)
✔ held actual response rejects retired workspace (4.062383ms)
✔ held actual response rejects retired unmount (0.731424ms)
✔ wrong workspace argument never dispatches (0.295831ms)
(node:833114) [MODULE_TYPELESS_PACKAGE_JSON] Warning: Module type of file:///workspaces/zoi-city/.recovery/community-release/mobile/src/music.ts is not specified and it doesn't parse as CommonJS.
Reparsing as ES module because module syntax was detected. This incurs a performance overhead.
To eliminate this warning, add "type": "module" to /workspaces/zoi-city/.recovery/community-release/mobile/package.json.
(Use `node --trace-warnings ...` to show where the warning was created)
✔ music prefill honors explicit cleared flat fields over old nested aliases (1.358663ms)
✔ music clearing sends null and leaves unrelated owner fields untouched (1.385292ms)
✔ music validation rejects unsafe links and impossible dates (1.109859ms)
(node:833124) [MODULE_TYPELESS_PACKAGE_JSON] Warning: Module type of file:///workspaces/zoi-city/.recovery/community-release/mobile/src/operations.ts is not specified and it doesn't parse as CommonJS.
Reparsing as ES module because module syntax was detected. This incurs a performance overhead.
To eliminate this warning, add "type": "module" to /workspaces/zoi-city/.recovery/community-release/mobile/package.json.
(Use `node --trace-warnings ...` to show where the warning was created)
✔ save receipts require correct workspace, identity and incremented version (4.127463ms)
✔ editor can edit contacts/projects/tasks but not company records; viewers cannot write (0.301341ms)
✔ full-form edits preserve custom existing data and explicitly clear relations (0.943739ms)
✔ invalid deadline and blank title fail before sending (0.349651ms)
✔ projects require company and tasks require project before sending (0.537432ms)
✔ unicode payload byte limit is enforced before sending (3.960833ms)
✔ unmodified deadline preserves its exact timestamp (1.993607ms)
✔ new company has valid default sector and cannot submit blank sector (0.393413ms)
(node:833130) [MODULE_TYPELESS_PACKAGE_JSON] Warning: Module type of file:///workspaces/zoi-city/.recovery/community-release/mobile/src/organizationWorkflow.ts is not specified and it doesn't parse as CommonJS.
Reparsing as ES module because module syntax was detected. This incurs a performance overhead.
To eliminate this warning, add "type": "module" to /workspaces/zoi-city/.recovery/community-release/mobile/package.json.
(Use `node --trace-warnings ...` to show where the warning was created)
✔ contextual native drafts preserve saved relationships and real writer payload (11.616745ms)
✔ project browser handoff fresh role owner (0.451782ms)
✔ project browser handoff fresh role admin (3.394968ms)
✔ project browser handoff fresh role editor (0.18247ms)
✔ project browser handoff fresh role viewer (3.573071ms)
✔ reject missing project context (0.341887ms)
✔ reject archived project context (0.191818ms)
✔ reject duplicate project context (0.228196ms)
✔ reject foreign project context (0.212356ms)
✔ reject scope project context (0.308966ms)
✔ actual SessionClient held refresh actor (53.799109ms)
✔ actual SessionClient held refresh workspace (0.854453ms)
✔ actual SessionClient held refresh unchanged (1.049766ms)
(node:833137) [MODULE_TYPELESS_PACKAGE_JSON] Warning: Module type of file:///workspaces/zoi-city/.recovery/community-release/mobile/src/ownerEditorHandoff.ts is not specified and it doesn't parse as CommonJS.
Reparsing as ES module because module syntax was detected. This incurs a performance overhead.
To eliminate this warning, add "type": "module" to /workspaces/zoi-city/.recovery/community-release/mobile/package.json.
(Use `node --trace-warnings ...` to show where the warning was created)
✔ fresh authorization opens only fixed browser editor, with exact authorized listing and without credentials (2.815679ms)
✔ account or workspace switch during authorization never opens browser (0.335967ms)
✔ invalid identity, denied access and mismatched receipts never open browser (0.929002ms)
✔ revoked or failed authorization surfaces failure without opening (0.56849ms)
(node:833138) ExperimentalWarning: stripTypeScriptTypes is an experimental feature and might change at any time
(Use `node --trace-warnings ...` to show where the warning was created)
✔ private link exact canonical event and opaque fragment only (3.103054ms)
✔ current own group counts whole-ticket quantities and expires without paid inference (0.753194ms)
✔ recipient preview rejects expired, cross-event, missing no-payment envelope and malformed amounts (2.436893ms)
✔ own reader binds list and detail IDs and profile distinct from Auth UUID (0.692541ms)
✔ refresh/response scope changes prevent private request or result use (1.677639ms)
(node:833140) [MODULE_TYPELESS_PACKAGE_JSON] Warning: Module type of file:///workspaces/zoi-city/.recovery/community-release/mobile/src/placeNavigation.ts is not specified and it doesn't parse as CommonJS.
Reparsing as ES module because module syntax was detected. This incurs a performance overhead.
To eliminate this warning, add "type": "module" to /workspaces/zoi-city/.recovery/community-release/mobile/package.json.
(Use `node --trace-warnings ...` to show where the warning was created)
✔ current public slug wins over stale unhashed artist SEO path (1.048524ms)
✔ fallback permits only internal profile routes (0.321139ms)
(node:833158) [MODULE_TYPELESS_PACKAGE_JSON] Warning: Module type of file:///workspaces/zoi-city/.recovery/community-release/mobile/src/privateRequests.ts is not specified and it doesn't parse as CommonJS.
Reparsing as ES module because module syntax was detected. This incurs a performance overhead.
To eliminate this warning, add "type": "module" to /workspaces/zoi-city/.recovery/community-release/mobile/package.json.
(Use `node --trace-warnings ...` to show where the warning was created)
✔ private recovery stores exact Unicode across bounded secure chunks (10.764105ms)
✔ account switch cannot read or save another account’s private request (0.925596ms)
✔ sign-out cleanup runs after queued writes and removes every chunk (6.073822ms)
✔ incomplete persistence is never mistaken for a retryable request (11.006424ms)
✔ cleanup failure cannot roll back a committed recovery request (1.703926ms)
✔ separate workflows keep distinct encrypted recovery namespaces (4.492224ms)
✔ failed storage cleanup retains a discoverable manifest until explicit cleanup succeeds (5.215111ms)
✔ non-null malformed manifests never masquerade as no pending request (1.413915ms)
✔ valid active-null pending manifest remains interrupted, not empty (0.3058ms)
✔ an active null payload is corruption rather than no pending request (0.45577ms)
(node:833166) [MODULE_TYPELESS_PACKAGE_JSON] Warning: Module type of file:///workspaces/zoi-city/.recovery/community-release/mobile/src/profile.ts is not specified and it doesn't parse as CommonJS.
Reparsing as ES module because module syntax was detected. This incurs a performance overhead.
To eliminate this warning, add "type": "module" to /workspaces/zoi-city/.recovery/community-release/mobile/package.json.
(Use `node --trace-warnings ...` to show where the warning was created)
✔ profile gives owner fields priority, merges actual socials and labels enrichment (5.052579ms)
✔ profile never fabricates verification or ratings from owner data (0.500443ms)
✔ profile rejects unsafe external schemes and credentials (0.332751ms)
✔ missing entity is absent, not invented profile (0.192048ms)
✔ profile actions require exact server routes and matching booking listing (2.402589ms)
✔ private enquiry entry requires server invitation for this same listing (0.860934ms)
✔ profile photos preserve wide logos, portraits and small artwork (0.260896ms)
✔ image loading supports native source dimensions and web natural dimensions (0.234146ms)
✔ native uses shared phone validity and authoritative owner clear (0.789682ms)
✔ native machine social syntax and exact publisher identity match web while owner links survive (1.886767ms)
✔ native Fournos chain root contacts cannot replace branch base or explicit owner values (0.761479ms)
(node:833172) [MODULE_TYPELESS_PACKAGE_JSON] Warning: Module type of file:///workspaces/zoi-city/.recovery/community-release/mobile/src/seating.ts is not specified and it doesn't parse as CommonJS.
Reparsing as ES module because module syntax was detected. This incurs a performance overhead.
To eliminate this warning, add "type": "module" to /workspaces/zoi-city/.recovery/community-release/mobile/package.json.
(Use `node --trace-warnings ...` to show where the warning was created)
✔ hold requires exact requested seats and confirmed receipt (2.110023ms)
✔ free confirmation rejects payment, quantity, seat and hold mismatches (0.434911ms)
✔ foreground status restores exact hold and validates cancellation (0.854793ms)
✔ countdown accounts for server clock and clamps expired holds (0.486117ms)
✔ missing inventory stays unavailable and malformed maps never invent seats (0.605419ms)
✔ seat inventory uses actual geometry and rejects unsafe bigint IDs or unknown state (1.285506ms)
(node:833174) [MODULE_TYPELESS_PACKAGE_JSON] Warning: Module type of file:///workspaces/zoi-city/.recovery/community-release/mobile/src/session.ts is not specified and it doesn't parse as CommonJS.
Reparsing as ES module because module syntax was detected. This incurs a performance overhead.
To eliminate this warning, add "type": "module" to /workspaces/zoi-city/.recovery/community-release/mobile/package.json.
(Use `node --trace-warnings ...` to show where the warning was created)
✔ persists only refresh credential and restores by exchanging it (62.640303ms)
✔ expired concurrent API requests share one refresh and use renewed token (12.662757ms)
✔ invalid refresh removes stored credential and session (1.494827ms)
✔ transient refresh failure preserves credential for recovery (0.399725ms)
✔ sign-out clears device credentials even if revocation is offline (0.505863ms)
✔ in-flight sign-in cannot resurrect a signed-out account (1.033616ms)
✔ anonymous authenticated RPC is rejected without making a request (0.331638ms)
✔ application error envelopes cannot appear as publishing success (0.848532ms)
✔ server-rejected access token clears session without replaying mutation (1.159402ms)
✔ optimistic edit conflict is explained without replaying the write (1.072829ms)
✔ fetch transport uses global receiver required by browsers (0.550656ms)
✔ community validation errors remain actionable without treating them as password failures (0.97109ms)
(node:833176) [MODULE_TYPELESS_PACKAGE_JSON] Warning: Module type of file:///workspaces/zoi-city/.recovery/community-release/mobile/src/sponsorFulfillment.ts is not specified and it doesn't parse as CommonJS.
Reparsing as ES module because module syntax was detected. This incurs a performance overhead.
To eliminate this warning, add "type": "module" to /workspaces/zoi-city/.recovery/community-release/mobile/package.json.
(Use `node --trace-warnings ...` to show where the warning was created)
✔ fresh approved sponsor ok (2.540576ms)
✔ fresh approved sponsor viewer (0.477069ms)
✔ fresh approved sponsor cancelled (1.269507ms)
✔ fresh approved sponsor foreign (0.216694ms)
✔ fresh approved sponsor capability (0.255576ms)
✔ fresh approved sponsor missing (0.244395ms)
✔ actual SessionClient refresh fence actor (45.420075ms)
✔ actual SessionClient refresh fence workspace (0.762231ms)
✔ actual SessionClient refresh fence unchanged (2.037438ms)
(node:833195) [MODULE_TYPELESS_PACKAGE_JSON] Warning: Module type of file:///workspaces/zoi-city/.recovery/community-release/mobile/src/timekeeping.ts is not specified and it doesn't parse as CommonJS.
Reparsing as ES module because module syntax was detected. This incurs a performance overhead.
To eliminate this warning, add "type": "module" to /workspaces/zoi-city/.recovery/community-release/mobile/package.json.
(Use `node --trace-warnings ...` to show where the warning was created)
✔ manual time uses explicit validated duration and hourly cents (17.612661ms)
✔ timer start excludes client-controlled start and duration (0.226051ms)
✔ receipts require tenant actor version and terminal state (0.369109ms)
✔ dashboard rejects another editor’s private narrative and foreign timer (0.356624ms)
✔ timesheet CSV prevents formula execution and escapes multiline quotes (0.412869ms)
(node:833205) [MODULE_TYPELESS_PACKAGE_JSON] Warning: Module type of file:///workspaces/zoi-city/.recovery/community-release/mobile/src/trips.ts is not specified and it doesn't parse as CommonJS.
Reparsing as ES module because module syntax was detected. This incurs a performance overhead.
To eliminate this warning, add "type": "module" to /workspaces/zoi-city/.recovery/community-release/mobile/package.json.
(Use `node --trace-warnings ...` to show where the warning was created)
✔ trip dates require explicit zone and reject reversed or overlong stops (30.015239ms)
✔ private itinerary cannot accept another profile or trip receipt (0.690737ms)
✔ appearance discovery cannot substitute another artist or claim inferred confirmation (1.122553ms)
✔ appearance proposal requires source HTTPS and real distinct listing IDs (1.643825ms)
(node:833213) [MODULE_TYPELESS_PACKAGE_JSON] Warning: Module type of file:///workspaces/zoi-city/.recovery/community-release/mobile/src/volunteer.ts is not specified and it doesn't parse as CommonJS.
Reparsing as ES module because module syntax was detected. This incurs a performance overhead.
To eliminate this warning, add "type": "module" to /workspaces/zoi-city/.recovery/community-release/mobile/package.json.
(Use `node --trace-warnings ...` to show where the warning was created)
✔ volunteer invitation extracts explicit organization ID only (1.618376ms)
✔ withdrawn public opportunity stays unavailable even if saved shift was scheduled (20.446915ms)
✔ shift actions never reopen cancelled or started history (0.192489ms)
✔ signup and cancellation receipts must identify the same shift and final state (0.782338ms)
✔ organization writes require workspace identity and exact version increment (0.457172ms)
(node:833220) [MODULE_TYPELESS_PACKAGE_JSON] Warning: Module type of file:///workspaces/zoi-city/.recovery/community-release/mobile/src/volunteerOperations.ts is not specified and it doesn't parse as CommonJS.
Reparsing as ES module because module syntax was detected. This incurs a performance overhead.
To eliminate this warning, add "type": "module" to /workspaces/zoi-city/.recovery/community-release/mobile/package.json.
(Use `node --trace-warnings ...` to show where the warning was created)
✔ org_operation_save actual SessionClient token refresh actor (27.844936ms)
✔ org_operation_save actual SessionClient token refresh workspace (0.626247ms)
✔ org_operation_save actual SessionClient token refresh unchanged (0.659219ms)
✔ org_signup actual SessionClient token refresh actor (0.542582ms)
✔ org_signup actual SessionClient token refresh workspace (0.514549ms)
✔ org_signup actual SessionClient token refresh unchanged (0.776969ms)
✔ org_signup_cancel actual SessionClient token refresh actor (0.594288ms)
✔ org_signup_cancel actual SessionClient token refresh workspace (0.711166ms)
✔ org_signup_cancel actual SessionClient token refresh unchanged (0.588447ms)
✔ org_roster actual SessionClient token refresh actor (0.418891ms)
✔ org_roster actual SessionClient token refresh workspace (0.373156ms)
✔ org_roster actual SessionClient token refresh unchanged (0.412619ms)
✔ lost native create survives remount and clears only exact receipt (0.934121ms)
✔ cancel unknown native create validates workspace/request and preserves marker on wrong response (0.422808ms)
✔ generic authorization denial is recognizable without matching server wording (0.188652ms)
✔ absent installed capability keeps pending recovery and dispatches no operation (0.329665ms)
(node:833221) [MODULE_TYPELESS_PACKAGE_JSON] Warning: Module type of file:///workspaces/zoi-city/.recovery/community-release/mobile/src/webHandoffs.ts is not specified and it doesn't parse as CommonJS.
Reparsing as ES module because module syntax was detected. This incurs a performance overhead.
To eliminate this warning, add "type": "module" to /workspaces/zoi-city/.recovery/community-release/mobile/package.json.
(Use `node --trace-warnings ...` to show where the warning was created)
✔ music shelf and unscoped personal calendar explicitly reach their actual web capabilities (1.961917ms)
✔ native parish calendar, member discussion and artist homes stay native (0.460799ms)
✔ handoff resolver never opens spoofed hosts or credentials (0.255126ms)
✔ map deep links use the real web map and preserve only public search/place/view context (0.782138ms)
✔ explicit guardian links hand off only public listing context, adult groups stay native (0.723608ms)
(node:833234) ExperimentalWarning: stripTypeScriptTypes is an experimental feature and might change at any time
(Use `node --trace-warnings ...` to show where the warning was created)
✔ roles protect owner/self and admin peer escalation (2.152593ms)
✔ real controller confirms save only after current roster read (1.558324ms)
✔ lost response survives remount; receipt check does not resend (0.971952ms)
✔ unknown request blocks new write and safely cancels (1.652169ms)
✔ conflict refreshes membership; storage failure prevents submission (0.455339ms)
✔ authority loss clears private roster and account change fences calls (0.489843ms)
(node:833238) [MODULE_TYPELESS_PACKAGE_JSON] Warning: Module type of file:///workspaces/zoi-city/.recovery/community-release/mobile/src/session.ts is not specified and it doesn't parse as CommonJS.
Reparsing as ES module because module syntax was detected. This incurs a performance overhead.
To eliminate this warning, add "type": "module" to /workspaces/zoi-city/.recovery/community-release/mobile/package.json.
(Use `node --trace-warnings ...` to show where the warning was created)
(node:833238) ExperimentalWarning: stripTypeScriptTypes is an experimental feature and might change at any time
✔ only scoped team conflict/cancel envelope passes transport for controller verification (30.023997ms)
✔ exact known team SQL rejection preserved; generic 400 and other RPC remain uncertain (5.021551ms)
✔ real SessionClient quota clears marker; ambiguous400 keeps it;403 clears roster (2.590379ms)
✔ youth programme validates exact bounded ages, places and actual listing (2.27469ms)
✔ enrolment requires explicit authority and consent without inferring age (0.370772ms)
✔ enrolment receipts bind guardian child programme and exact version (0.392823ms)
✔ attendance and instructor assignment receipts reject unrelated identity (1.190218ms)
✔ private operator response rejects another workspace or programme roster (0.396439ms)
✔ public catalogue rejects unrelated listing and private family rejects malformed records (0.375219ms)
(node:833261) [MODULE_TYPELESS_PACKAGE_JSON] Warning: Module type of file:///workspaces/zoi-city/.recovery/community-release/mobile/src/youthReadiness.ts is not specified and it doesn't parse as CommonJS.
Reparsing as ES module because module syntax was detected. This incurs a performance overhead.
To eliminate this warning, add "type": "module" to /workspaces/zoi-city/.recovery/community-release/mobile/package.json.
(Use `node --trace-warnings ...` to show where the warning was created)
✔ native Youth remains read-only without exact installed actor and guardian capability (1.039367ms)
✔ native organizer readiness additionally binds exact workspace and current role (0.20337ms)
(node:833262) [MODULE_TYPELESS_PACKAGE_JSON] Warning: Module type of file:///workspaces/zoi-city/.recovery/community-release/mobile/src/session.ts is not specified and it doesn't parse as CommonJS.
Reparsing as ES module because module syntax was detected. This incurs a performance overhead.
To eliminate this warning, add "type": "module" to /workspaces/zoi-city/.recovery/community-release/mobile/package.json.
(Use `node --trace-warnings ...` to show where the warning was created)
✔ actual SessionClient youth refresh account fences private dispatch/result (24.498056ms)
✔ actual SessionClient youth refresh workspace fences private dispatch/result (0.536521ms)
✔ actual SessionClient youth refresh unmount fences private dispatch/result (0.53131ms)
✔ actual SessionClient youth response account fences private dispatch/result (5.088295ms)
✔ actual SessionClient youth response workspace fences private dispatch/result (0.916409ms)
✔ actual SessionClient youth response unmount fences private dispatch/result (0.737355ms)
✔ same actor token rotation sends private request using freshly captured token (0.973575ms)
✔ private method cannot dispatch anonymously; denied status remains recognizable (0.339964ms)
✔ installed native capability binds internal guardian profile separately from Auth (0.227073ms)
ℹ tests 339
ℹ suites 0
ℹ pass 339
ℹ fail 0
ℹ cancelled 0
ℹ skipped 0
ℹ todo 0
ℹ duration_ms 856.473163
