(node:25472) ExperimentalWarning: stripTypeScriptTypes is an experimental feature and might change at any time
(Use `node --trace-warnings ...` to show where the warning was created)
✔ owner tool browser handoffs preserve explicit selected workspace with no token (2.36613ms)
✔ missing malformed and injected identities cannot fabricate a setup destination (0.445051ms)
(node:25473) [MODULE_TYPELESS_PACKAGE_JSON] Warning: Module type of file:///workspaces/zoi-city/.recovery/owned-freezes/native-parea-2026-10-03/mobile/src/artistMusic.ts is not specified and it doesn't parse as CommonJS.
Reparsing as ES module because module syntax was detected. This incurs a performance overhead.
To eliminate this warning, add "type": "module" to /workspaces/zoi-city/.recovery/owned-freezes/native-parea-2026-10-03/mobile/package.json.
(Use `node --trace-warnings ...` to show where the warning was created)
✔ reviewed catalogue binds identity and uses verified high-resolution photos (4.009601ms)
✔ unknown artist never inherits featured content (0.593459ms)
✔ provider links reject spoofed hosts unsafe schemes and credentials (0.335136ms)
✔ city validation supports Greek and NFKC without markup (5.09575ms)
✔ receipts bind artist request active state and expected version (0.844487ms)
✔ summary rejects subthreshold counts and wrong artist; mine preserves inactive rows (0.755732ms)
✔ interrupted authenticated interest retries identical persisted request, then withdrawal reads real server version (40.832688ms)
✔ native planner shares venue timezone and buffer boundaries (1.365812ms)
✔ native planner cannot accept another tenant or changed appointment preview (1.876165ms)
✔ native planner requires complete unique saved slots matching the preview (0.564134ms)
(node:25480) [MODULE_TYPELESS_PACKAGE_JSON] Warning: Module type of file:///workspaces/zoi-city/.recovery/owned-freezes/native-parea-2026-10-03/mobile/src/backendReadiness.ts is not specified and it doesn't parse as CommonJS.
Reparsing as ES module because module syntax was detected. This incurs a performance overhead.
To eliminate this warning, add "type": "module" to /workspaces/zoi-city/.recovery/owned-freezes/native-parea-2026-10-03/mobile/package.json.
(Use `node --trace-warnings ...` to show where the warning was created)
✔ verified guardian backend is enabled while unavailable integrations fail closed (1.460228ms)
✔ guardian release gate is backed by complete deployed RPC evidence (0.924156ms)
(node:25481) [MODULE_TYPELESS_PACKAGE_JSON] Warning: Module type of file:///workspaces/zoi-city/.recovery/owned-freezes/native-parea-2026-10-03/mobile/src/booking.ts is not specified and it doesn't parse as CommonJS.
Reparsing as ES module because module syntax was detected. This incurs a performance overhead.
To eliminate this warning, add "type": "module" to /workspaces/zoi-city/.recovery/owned-freezes/native-parea-2026-10-03/mobile/package.json.
(Use `node --trace-warnings ...` to show where the warning was created)
✔ booking receipts require exact idempotency request, slot and party (1.786327ms)
✔ retry receipt preserves terminal cancellation rather than inventing confirmation (0.311522ms)
✔ booking catalog refuses malformed times and unknown timezone (26.982316ms)
✔ venue times honor the venue timezone rather than device default (1.491616ms)
(node:25487) [MODULE_TYPELESS_PACKAGE_JSON] Warning: Module type of file:///workspaces/zoi-city/.recovery/owned-freezes/native-parea-2026-10-03/mobile/src/bookingOperator.ts is not specified and it doesn't parse as CommonJS.
Reparsing as ES module because module syntax was detected. This incurs a performance overhead.
To eliminate this warning, add "type": "module" to /workspaces/zoi-city/.recovery/owned-freezes/native-parea-2026-10-03/mobile/package.json.
(Use `node --trace-warnings ...` to show where the warning was created)
✔ operator mutation requires exact workspace and incremented version (1.198358ms)
✔ operator service decimal prices are exact minor units and bounded (0.319867ms)
✔ staff resource cannot silently admit a party (0.257932ms)
✔ schedule converts venue-local time and rejects both DST edge cases (20.77438ms)
✔ native reschedule uses venue-local range and rejects impossible calendar dates (28.834637ms)
✔ reschedule selection pins reviewed version and exact price (0.731988ms)
✔ move receipt requires same booking, expected version, reviewed time and no collected payment (0.516855ms)
(node:25504) [MODULE_TYPELESS_PACKAGE_JSON] Warning: Module type of file:///workspaces/zoi-city/.recovery/owned-freezes/native-parea-2026-10-03/mobile/src/brand.ts is not specified and it doesn't parse as CommonJS.
Reparsing as ES module because module syntax was detected. This incurs a performance overhead.
To eliminate this warning, add "type": "module" to /workspaces/zoi-city/.recovery/owned-freezes/native-parea-2026-10-03/mobile/package.json.
(Use `node --trace-warnings ...` to show where the warning was created)
✔ native shared body, subdued text and actions stay readable on every adopted surface (1.969459ms)
✔ native and web material colors share the same semantic values (6.131745ms)
(node:25510) [MODULE_TYPELESS_PACKAGE_JSON] Warning: Module type of file:///workspaces/zoi-city/.recovery/owned-freezes/native-parea-2026-10-03/mobile/src/businessEdit.ts is not specified and it doesn't parse as CommonJS.
Reparsing as ES module because module syntax was detected. This incurs a performance overhead.
To eliminate this warning, add "type": "module" to /workspaces/zoi-city/.recovery/owned-freezes/native-parea-2026-10-03/mobile/package.json.
(Use `node --trace-warnings ...` to show where the warning was created)
✔ only owned and explicitly approved claims can appear in business editor (2.354108ms)
✔ business edit preserves unknown social keys and explicit cleared fields (0.558694ms)
✔ business edit rejects unsafe replacement and ambiguous social payloads (0.558804ms)
(node:25517) [MODULE_TYPELESS_PACKAGE_JSON] Warning: Module type of file:///workspaces/zoi-city/.recovery/owned-freezes/native-parea-2026-10-03/mobile/src/calendar.ts is not specified and it doesn't parse as CommonJS.
Reparsing as ES module because module syntax was detected. This incurs a performance overhead.
To eliminate this warning, add "type": "module" to /workspaces/zoi-city/.recovery/owned-freezes/native-parea-2026-10-03/mobile/package.json.
(Use `node --trace-warnings ...` to show where the warning was created)
✔ calendar ranges reject impossible dates and bound exactly90 UTC days (1.99136ms)
✔ public calendar rejects private drafts and another listing (0.413703ms)
✔ workspace calendar rejects another tenant (5.92552ms)
✔ same calendar planner validates dates and exact saved receipt (26.087075ms)
✔ profile calendar/group actions require exact same-listing server paths (2.121574ms)
(node:25521) [MODULE_TYPELESS_PACKAGE_JSON] Warning: Module type of file:///workspaces/zoi-city/.recovery/owned-freezes/native-parea-2026-10-03/mobile/src/commerce.ts is not specified and it doesn't parse as CommonJS.
Reparsing as ES module because module syntax was detected. This incurs a performance overhead.
To eliminate this warning, add "type": "module" to /workspaces/zoi-city/.recovery/owned-freezes/native-parea-2026-10-03/mobile/package.json.
(Use `node --trace-warnings ...` to show where the warning was created)
✔ basket totals preserve decimal precision and separate currencies (2.533032ms)
✔ persisted basket rejects duplicate IDs and invalid quantities (1.139048ms)
✔ adding unavailable options or excessive aggregate quantities fails (0.877629ms)
✔ fresh checkout must match exact official cart and all quantities (2.301219ms)
✔ product imagery and deep links reject untrusted URLs and invalid identifiers (0.484354ms)
✔ native shared option cannot silently substitute another product variant (0.461111ms)
✔ malformed explicit native variant remains an explicit unresolved choice (0.469898ms)
✔ single default display metadata survives native basket mapping without changing provider title (0.758056ms)
(node:25530) [MODULE_TYPELESS_PACKAGE_JSON] Warning: Module type of file:///workspaces/zoi-city/.recovery/owned-freezes/native-parea-2026-10-03/mobile/src/community.ts is not specified and it doesn't parse as CommonJS.
Reparsing as ES module because module syntax was detected. This incurs a performance overhead.
To eliminate this warning, add "type": "module" to /workspaces/zoi-city/.recovery/owned-freezes/native-parea-2026-10-03/mobile/package.json.
(Use `node --trace-warnings ...` to show where the warning was created)
✔ visible reaction state comes from matching desired-state receipts only (1.545948ms)
✔ reply receipt is scoped to post and actual profile, not auth UUID (0.513088ms)
✔ public profile edits explicitly validate interests and chosen public fields (0.491197ms)
✔ feed preserves server snapshot and rejects a substituted mode (0.330337ms)
✔ recovered publication keeps original account, immutable request and actual receipt identity (0.682324ms)
(node:25558) [MODULE_TYPELESS_PACKAGE_JSON] Warning: Module type of file:///workspaces/zoi-city/.recovery/owned-freezes/native-parea-2026-10-03/mobile/src/communityIntent.ts is not specified and it doesn't parse as CommonJS.
Reparsing as ES module because module syntax was detected. This incurs a performance overhead.
To eliminate this warning, add "type": "module" to /workspaces/zoi-city/.recovery/owned-freezes/native-parea-2026-10-03/mobile/package.json.
(Use `node --trace-warnings ...` to show where the warning was created)
✔ sign-in retains question composer intent but cannot resume without an actor (2.200821ms)
✔ discussion return retains navigation and does not replay a reaction (0.343822ms)
✔ sign-in may retain public navigation but sign-out or account switch invalidates it (0.18749ms)
(node:25560) [MODULE_TYPELESS_PACKAGE_JSON] Warning: Module type of file:///workspaces/zoi-city/.recovery/owned-freezes/native-parea-2026-10-03/mobile/src/communityMedia.ts is not specified and it doesn't parse as CommonJS.
Reparsing as ES module because module syntax was detected. This incurs a performance overhead.
To eliminate this warning, add "type": "module" to /workspaces/zoi-city/.recovery/owned-freezes/native-parea-2026-10-03/mobile/package.json.
(Use `node --trace-warnings ...` to show where the warning was created)
✔ media selection validates actual bytes dimensions and video duration before transfer (1.195683ms)
✔ media URLs cannot execute scripts or expose embedded credentials (0.278921ms)
✔ offscreen background low-power reduced-motion and user pause all prevent autoplay (0.253523ms)
✔ upload receipt must match selected media type and a valid finalized identity (0.566739ms)
(node:25563) [MODULE_TYPELESS_PACKAGE_JSON] Warning: Module type of file:///workspaces/zoi-city/.recovery/owned-freezes/native-parea-2026-10-03/mobile/src/companyWorkspace.ts is not specified and it doesn't parse as CommonJS.
Reparsing as ES module because module syntax was detected. This incurs a performance overhead.
To eliminate this warning, add "type": "module" to /workspaces/zoi-city/.recovery/owned-freezes/native-parea-2026-10-03/mobile/package.json.
(Use `node --trace-warnings ...` to show where the warning was created)
✔ native company aggregates exact active relationships without assuming member Auth identity (3.344488ms)
✔ company draft uses current company ID and existing persisted payload (0.738891ms)
✔ company source rejects foreign (0.445182ms)
✔ company source rejects archived (0.271928ms)
✔ company source rejects missing (0.340857ms)
✔ company source rejects duplicate (0.372476ms)
✔ archived linked project has no company return and archived work is omitted (0.441455ms)
✔ existing roles keep company edit distinct from project work (0.18203ms)
✔ actual SessionClient ignores held Company response after account (53.704752ms)
✔ actual SessionClient ignores held Company response after workspace (2.582544ms)
✔ actual SessionClient ignores held Company response after unmount (1.110995ms)
(node:25582) [MODULE_TYPELESS_PACKAGE_JSON] Warning: Module type of file:///workspaces/zoi-city/.recovery/owned-freezes/native-parea-2026-10-03/mobile/src/creator.ts is not specified and it doesn't parse as CommonJS.
Reparsing as ES module because module syntax was detected. This incurs a performance overhead.
To eliminate this warning, add "type": "module" to /workspaces/zoi-city/.recovery/owned-freezes/native-parea-2026-10-03/mobile/package.json.
(Use `node --trace-warnings ...` to show where the warning was created)
✔ bio preserves order and unpublished intent in exact server payload (5.914429ms)
✔ bio refuses truncation and unsafe links before save (0.668469ms)
✔ bio needs exact save receipt and never treats empty response as success (0.478694ms)
(node:25583) [MODULE_TYPELESS_PACKAGE_JSON] Warning: Module type of file:///workspaces/zoi-city/.recovery/owned-freezes/native-parea-2026-10-03/mobile/src/creatorAccess.ts is not specified and it doesn't parse as CommonJS.
Reparsing as ES module because module syntax was detected. This incurs a performance overhead.
To eliminate this warning, add "type": "module" to /workspaces/zoi-city/.recovery/owned-freezes/native-parea-2026-10-03/mobile/package.json.
(Use `node --trace-warnings ...` to show where the warning was created)
✔ authoritative creator denials invalidate private data for reads and writes (6.096449ms)
✔ temporary failure and creator read-only states retain draft and recovery state (0.858174ms)
✔ late denial from an unmounted or different actor cannot clear the current screen (0.509983ms)
✔ successful reads and confirmed writes remain unchanged (0.484836ms)
(node:25595) [MODULE_TYPELESS_PACKAGE_JSON] Warning: Module type of file:///workspaces/zoi-city/.recovery/owned-freezes/native-parea-2026-10-03/mobile/src/creatorRecovery.ts is not specified and it doesn't parse as CommonJS.
Reparsing as ES module because module syntax was detected. This incurs a performance overhead.
To eliminate this warning, add "type": "module" to /workspaces/zoi-city/.recovery/owned-freezes/native-parea-2026-10-03/mobile/package.json.
(Use `node --trace-warnings ...` to show where the warning was created)
✔ all seven actions execute through durable nonce-only wrapper and validate receipt (11.197176ms)
✔ lost response blocks replacement, exact retry retains immutable memory payload (1.290461ms)
✔ reload has no payload, missing receipt retains fence, cancellation requires exact proof (1.780316ms)
✔ permission denial drops private payload without deleting recovery reference (1.712089ms)
✔ storage failure, corrupt marker and late account change cannot permit dispatch or acknowledgement (1.008834ms)
✔ mismatched saved entity does not discard recovery reference (0.460139ms)
✔ account switch during persisted readback prevents dispatch (0.480007ms)
✔ readback failure after persistence retains marker and fences another send (0.730224ms)
(node:25597) [MODULE_TYPELESS_PACKAGE_JSON] Warning: Module type of file:///workspaces/zoi-city/.recovery/owned-freezes/native-parea-2026-10-03/mobile/src/creatorStudio.ts is not specified and it doesn't parse as CommonJS.
Reparsing as ES module because module syntax was detected. This incurs a performance overhead.
To eliminate this warning, add "type": "module" to /workspaces/zoi-city/.recovery/owned-freezes/native-parea-2026-10-03/mobile/package.json.
(Use `node --trace-warnings ...` to show where the warning was created)
✔ creator fee is explicit currency units converted to bounded minor units (3.312228ms)
✔ private drafts may be incomplete but sharing needs disclosures and deliverables (0.392263ms)
✔ customer detail rejects internal workspace records and audit data (4.32506ms)
✔ creator mutation receipts require matching workspace and decision request (0.668489ms)
✔ proof links remain explicit public HTTPS links and deliverables honor field limits (0.656517ms)
(node:25604) [MODULE_TYPELESS_PACKAGE_JSON] Warning: Module type of file:///workspaces/zoi-city/.recovery/owned-freezes/native-parea-2026-10-03/mobile/src/discovery.ts is not specified and it doesn't parse as CommonJS.
Reparsing as ES module because module syntax was detected. This incurs a performance overhead.
To eliminate this warning, add "type": "module" to /workspaces/zoi-city/.recovery/owned-freezes/native-parea-2026-10-03/mobile/package.json.
(Use `node --trace-warnings ...` to show where the warning was created)
✔ saved home applies only to default browsing, global search and temporary city do not overwrite it (2.1251ms)
✔ authoritative preference receipt supports explicit clears and sparse account; malformed receipt refused (0.614568ms)
✔ scope inputs literal and public rows must match chosen city/country/current identity (0.652619ms)
✔ coarse, missing, fake centroids and conflicted street coordinates never become precise pins (1.381741ms)
✔ fresh selected entity must match exact current slug/id and public visibility (0.456623ms)
✔ Directions uses actual same-record reviewed receipt, current address, or explicit provider name search (0.616311ms)
✔ native discovery/map public links carry explicit intent and canonical place without touching home (0.787772ms)
✔ native viewport clusters count real pins, hide coarse points and split with zoom without jitter (1.028031ms)
(node:25615) [MODULE_TYPELESS_PACKAGE_JSON] Warning: Module type of file:///workspaces/zoi-city/.recovery/owned-freezes/native-parea-2026-10-03/mobile/src/discoveryScope.ts is not specified and it doesn't parse as CommonJS.
Reparsing as ES module because module syntax was detected. This incurs a performance overhead.
To eliminate this warning, add "type": "module" to /workspaces/zoi-city/.recovery/owned-freezes/native-parea-2026-10-03/mobile/package.json.
(Use `node --trace-warnings ...` to show where the warning was created)
✔ community_me refresh account (42.41665ms)
✔ community_me refresh unmount (0.833927ms)
✔ community_me refresh unchanged (1.01148ms)
✔ community_me response account (9.488476ms)
✔ community_me response unmount (4.586463ms)
✔ community_me response unchanged (1.250577ms)
✔ community_preferences_save refresh account (0.668329ms)
✔ community_preferences_save refresh unmount (0.657969ms)
✔ community_preferences_save refresh unchanged (0.937711ms)
✔ community_preferences_save response account (2.96575ms)
✔ community_preferences_save response unmount (1.058447ms)
✔ community_preferences_save response unchanged (2.534355ms)
✔ no unknown mutations or malformed preference versions dispatch (0.60474ms)
(node:25616) [MODULE_TYPELESS_PACKAGE_JSON] Warning: Module type of file:///workspaces/zoi-city/.recovery/owned-freezes/native-parea-2026-10-03/mobile/src/documentScope.ts is not specified and it doesn't parse as CommonJS.
Reparsing as ES module because module syntax was detected. This incurs a performance overhead.
To eliminate this warning, add "type": "module" to /workspaces/zoi-city/.recovery/owned-freezes/native-parea-2026-10-03/mobile/package.json.
(Use `node --trace-warnings ...` to show where the warning was created)
✔ actual SessionClient private documents refresh actor (41.755876ms)
✔ actual SessionClient private documents refresh workspace (1.013133ms)
✔ actual SessionClient private documents refresh project (1.037618ms)
✔ actual SessionClient private documents refresh unmount (0.735544ms)
✔ actual SessionClient private documents refresh unchanged (1.932951ms)
✔ actual SessionClient private documents response actor (24.249702ms)
✔ actual SessionClient private documents response workspace (1.256347ms)
✔ actual SessionClient private documents response project (2.441401ms)
✔ actual SessionClient private documents response unmount (2.693422ms)
✔ actual SessionClient private documents response unchanged (1.913635ms)
✔ private document RPC refuses malformed scopes, unknown writers and foreign workspace before dispatch (0.813389ms)
(node:25617) [MODULE_TYPELESS_PACKAGE_JSON] Warning: Module type of file:///workspaces/zoi-city/.recovery/owned-freezes/native-parea-2026-10-03/mobile/src/documents.ts is not specified and it doesn't parse as CommonJS.
Reparsing as ES module because module syntax was detected. This incurs a performance overhead.
To eliminate this warning, add "type": "module" to /workspaces/zoi-city/.recovery/owned-freezes/native-parea-2026-10-03/mobile/package.json.
(Use `node --trace-warnings ...` to show where the warning was created)
✔ private upload receipt requires workspace, document identity and ready version (2.591521ms)
✔ private attachment requires no-store, attachment headers, correct type and exact bounded size (46.371819ms)
✔ native document selection uses same metadata limits as server (1.253218ms)
(node:25635) [MODULE_TYPELESS_PACKAGE_JSON] Warning: Module type of file:///workspaces/zoi-city/.recovery/owned-freezes/native-parea-2026-10-03/mobile/src/drafts.ts is not specified and it doesn't parse as CommonJS.
Reparsing as ES module because module syntax was detected. This incurs a performance overhead.
To eliminate this warning, add "type": "module" to /workspaces/zoi-city/.recovery/owned-freezes/native-parea-2026-10-03/mobile/package.json.
(Use `node --trace-warnings ...` to show where the warning was created)
✔ sign-out removal waits for in-flight draft save and prevents queued resurrection (5.468716ms)
✔ switching account blocks previous account queued draft writes (0.634175ms)
✔ publishing requires explicit success and real UUID receipt (0.31592ms)
✔ native map labels share exact source geometry and boundedpreferences (2.158382ms)
✔ native prepared note shares same nontransactional contract (0.70657ms)
(node:25646) ExperimentalWarning: stripTypeScriptTypes is an experimental feature and might change at any time
(Use `node --trace-warnings ...` to show where the warning was created)
✔ guest link carries only canonical selected event, never credentials (2.236889ms)
✔ organiser handoff validates exact selected workspace and event with fresh authority (1.644342ms)
✔ viewer, missing, duplicate and malformed memberships cannot produce operator link (0.703374ms)
✔ selected workspace never falls back to first membership (2.439818ms)
✔ wrong event and denied operator proof cannot open a link (0.832485ms)
✔ late account/workspace switches fence membership and operator responses (13.935894ms)
(node:25658) [MODULE_TYPELESS_PACKAGE_JSON] Warning: Module type of file:///workspaces/zoi-city/.recovery/owned-freezes/native-parea-2026-10-03/mobile/src/session.ts is not specified and it doesn't parse as CommonJS.
Reparsing as ES module because module syntax was detected. This incurs a performance overhead.
To eliminate this warning, add "type": "module" to /workspaces/zoi-city/.recovery/owned-freezes/native-parea-2026-10-03/mobile/package.json.
(Use `node --trace-warnings ...` to show where the warning was created)
✔ actual session refresh preserves exact authorised event/workspace without credentials in link (63.840584ms)
✔ held actual refresh refuses private send after workspace switch (1.61129ms)
✔ held actual refresh refuses private send after actor switch (0.903017ms)
✔ late private response is refused after scope change (12.668689ms)
✔ invalid actor, guest, lost scope and unsupported RPC refuse dispatch (3.790792ms)
✔ refresh rejection never dispatches private proof (0.399285ms)
(node:25668) [MODULE_TYPELESS_PACKAGE_JSON] Warning: Module type of file:///workspaces/zoi-city/.recovery/owned-freezes/native-parea-2026-10-03/mobile/src/eventPlanner.ts is not specified and it doesn't parse as CommonJS.
Reparsing as ES module because module syntax was detected. This incurs a performance overhead.
To eliminate this warning, add "type": "module" to /workspaces/zoi-city/.recovery/owned-freezes/native-parea-2026-10-03/mobile/package.json.
(Use `node --trace-warnings ...` to show where the warning was created)
✔ event plans preserve private notes and reject invalid quantities (24.889949ms)
✔ recovery never substitutes profile or plan version (0.718191ms)
✔ current booking reads cannot import foreign private plans (0.323985ms)
✔ resource units enforce one performer, bounded venue guests and equipment units (2.491594ms)
(node:25675) [MODULE_TYPELESS_PACKAGE_JSON] Warning: Module type of file:///workspaces/zoi-city/.recovery/owned-freezes/native-parea-2026-10-03/mobile/src/festival.ts is not specified and it doesn't parse as CommonJS.
Reparsing as ES module because module syntax was detected. This incurs a performance overhead.
To eliminate this warning, add "type": "module" to /workspaces/zoi-city/.recovery/owned-freezes/native-parea-2026-10-03/mobile/package.json.
(Use `node --trace-warnings ...` to show where the warning was created)
✔ application ignores client prices and validates contact and units (1.869743ms)
✔ commercial offers use exact cents and bounded benefit lines (24.196552ms)
✔ application receipt requires correct actor tenant enquiry and version (0.43373ms)
✔ private pages reject foreign records and invalid pagination (0.357929ms)
✔ public offer action only uses exact matching host UUID (1.513757ms)
(node:25677) [MODULE_TYPELESS_PACKAGE_JSON] Warning: Module type of file:///workspaces/zoi-city/.recovery/owned-freezes/native-parea-2026-10-03/mobile/src/generalReservation.ts is not specified and it doesn't parse as CommonJS.
Reparsing as ES module because module syntax was detected. This incurs a performance overhead.
To eliminate this warning, add "type": "module" to /workspaces/zoi-city/.recovery/owned-freezes/native-parea-2026-10-03/mobile/package.json.
(Use `node --trace-warnings ...` to show where the warning was created)
✔ interrupted reservation remains blocked after remount and across tier changes, scoped to actor and event (3.383882ms)
✔ only exact confirmed free receipt clears original attempt; malformed and stale confirmations preserve warning (0.93482ms)
✔ storage failure and account change stop request preparation before network action (0.43361ms)
✔ new request recovery accepts only exact nonce/event/tier/quantity receipt, with no contact storage (3.697567ms)
✔ legacy saved requests cannot be upgraded to once protocol, and malformed recovery never clears warning (0.607755ms)
✔ recovered creation receipt cannot imply active ticket after cancellation or closed event (0.403253ms)
✔ signing in cannot bypass an unresolved guest reservation or reuse its nonce as an account request (1.834217ms)
✔ confirmed nonce reference survives reopening without contacts and never claims cached ticket status (1.042648ms)
✔ confirmed references cap at five, expire after one year, and storage failure preserves unresolved warning (4.408937ms)
✔ member state accepts closed group with own history but rejects unrelated membership (1.758756ms)
✔ membership decisions validate tenant identity and exact increment (0.403975ms)
✔ attendance receipt binds event membership and status (0.411248ms)
✔ membership settings cannot cross workspace or skip version (0.280424ms)
(node:25689) [MODULE_TYPELESS_PACKAGE_JSON] Warning: Module type of file:///workspaces/zoi-city/.recovery/owned-freezes/native-parea-2026-10-03/mobile/src/inquiries.ts is not specified and it doesn't parse as CommonJS.
Reparsing as ES module because module syntax was detected. This incurs a performance overhead.
To eliminate this warning, add "type": "module" to /workspaces/zoi-city/.recovery/owned-freezes/native-parea-2026-10-03/mobile/package.json.
(Use `node --trace-warnings ...` to show where the warning was created)
✔ enquiry start validates actor listing and immutable request payload (1.892836ms)
✔ reply requires exact author thread request and body receipt (0.441976ms)
✔ thread read guards workspace message identity and readonly contract (0.59438ms)
✔ enquiry inputs reject invalid IDs and oversized empty messages (0.490496ms)
(node:25697) [MODULE_TYPELESS_PACKAGE_JSON] Warning: Module type of file:///workspaces/zoi-city/.recovery/owned-freezes/native-parea-2026-10-03/mobile/src/privateRequests.ts is not specified and it doesn't parse as CommonJS.
Reparsing as ES module because module syntax was detected. This incurs a performance overhead.
To eliminate this warning, add "type": "module" to /workspaces/zoi-city/.recovery/owned-freezes/native-parea-2026-10-03/mobile/package.json.
(Use `node --trace-warnings ...` to show where the warning was created)
✔ restart restores nonce-only metadata and prevents replacement (4.328747ms)
✔ A to B to A protects and preserves original marker (2.914615ms)
✔ SecureStore failure and silent adapter failure prevent dispatch (1.534517ms)
✔ receipt requires exact nonce kind and target; notfound is not cancellation (1.431735ms)
✔ failed recovery keeps marker until confirmed cancellation acknowledgement (5.764534ms)
✔ corrupt active null prevents a replacement inquiry nonce (0.999687ms)
(node:25712) [MODULE_TYPELESS_PACKAGE_JSON] Warning: Module type of file:///workspaces/zoi-city/.recovery/owned-freezes/native-parea-2026-10-03/mobile/src/memberStart.ts is not specified and it doesn't parse as CommonJS.
Reparsing as ES module because module syntax was detected. This incurs a performance overhead.
To eliminate this warning, add "type": "module" to /workspaces/zoi-city/.recovery/owned-freezes/native-parea-2026-10-03/mobile/package.json.
(Use `node --trace-warnings ...` to show where the warning was created)
✔ server profile identity includes no-deadline assignment and excludes Auth UUID assignment (3.25467ms)
✔ reject ambiguous member scope role (0.421467ms)
✔ reject ambiguous member scope workspace (0.136926ms)
✔ reject ambiguous member scope profile (0.114685ms)
✔ reject ambiguous member scope record (0.177972ms)
✔ actual token refresh fences workspace_team_get actor (31.837177ms)
✔ actual token refresh fences workspace_team_get workspace (0.608216ms)
✔ actual token refresh fences workspace_team_get unmount (1.92167ms)
✔ actual token refresh fences workspace_team_get rotation (1.007402ms)
✔ actual token refresh fences ops_records_list actor (0.880124ms)
✔ actual token refresh fences ops_records_list workspace (0.753528ms)
✔ actual token refresh fences ops_records_list unmount (0.666004ms)
✔ actual token refresh fences ops_records_list rotation (1.176488ms)
✔ actual token refresh fences social_list_posts actor (0.57276ms)
✔ actual token refresh fences social_list_posts workspace (0.493532ms)
✔ actual token refresh fences social_list_posts unmount (0.381163ms)
✔ actual token refresh fences social_list_posts rotation (0.560437ms)
✔ actual token refresh fences booking_operator_list actor (0.292716ms)
✔ actual token refresh fences booking_operator_list workspace (0.337331ms)
✔ actual token refresh fences booking_operator_list unmount (0.769918ms)
✔ actual token refresh fences booking_operator_list rotation (0.575726ms)
✔ held actual response rejects retired actor (25.187334ms)
✔ held actual response rejects retired workspace (1.03875ms)
✔ held actual response rejects retired unmount (0.66899ms)
✔ wrong workspace argument never dispatches (1.330185ms)
(node:25720) [MODULE_TYPELESS_PACKAGE_JSON] Warning: Module type of file:///workspaces/zoi-city/.recovery/owned-freezes/native-parea-2026-10-03/mobile/src/music.ts is not specified and it doesn't parse as CommonJS.
Reparsing as ES module because module syntax was detected. This incurs a performance overhead.
To eliminate this warning, add "type": "module" to /workspaces/zoi-city/.recovery/owned-freezes/native-parea-2026-10-03/mobile/package.json.
(Use `node --trace-warnings ...` to show where the warning was created)
✔ music prefill honors explicit cleared flat fields over old nested aliases (1.422798ms)
✔ music clearing sends null and leaves unrelated owner fields untouched (1.448927ms)
✔ music validation rejects unsafe links and impossible dates (1.080418ms)
(node:25723) [MODULE_TYPELESS_PACKAGE_JSON] Warning: Module type of file:///workspaces/zoi-city/.recovery/owned-freezes/native-parea-2026-10-03/mobile/src/nativeParea.ts is not specified and it doesn't parse as CommonJS.
Reparsing as ES module because module syntax was detected. This incurs a performance overhead.
To eliminate this warning, add "type": "module" to /workspaces/zoi-city/.recovery/owned-freezes/native-parea-2026-10-03/mobile/package.json.
(Use `node --trace-warnings ...` to show where the warning was created)
✔ whole-ticket 3/1/5 plan leaves one unassigned and keeps exact individual prices (30.568527ms)
✔ fractional, duplicate, excess and expired plans do not become invitations (1.060832ms)
✔ only current unclaimed guest version can rotate link without extra quota (0.551941ms)
✔ guest choices require current event, explicit deadline proof and unpaid policy version (4.509875ms)
(node:25730) [MODULE_TYPELESS_PACKAGE_JSON] Warning: Module type of file:///workspaces/zoi-city/.recovery/owned-freezes/native-parea-2026-10-03/mobile/src/nativePareaClient.ts is not specified and it doesn't parse as CommonJS.
Reparsing as ES module because module syntax was detected. This incurs a performance overhead.
To eliminate this warning, add "type": "module" to /workspaces/zoi-city/.recovery/owned-freezes/native-parea-2026-10-03/mobile/package.json.
(Use `node --trace-warnings ...` to show where the warning was created)
✔ event_host_guest_save refresh account (58.065135ms)
✔ event_host_guest_save refresh unmount (3.096193ms)
✔ event_host_guest_save refresh unchanged (2.407627ms)
✔ event_host_guest_save response account (2.276933ms)
✔ event_host_guest_save response unmount (1.724843ms)
✔ event_host_guest_save response unchanged (1.077633ms)
✔ event_host_claim refresh account (1.270343ms)
✔ event_host_claim refresh unmount (4.152277ms)
✔ event_host_claim refresh unchanged (1.537542ms)
✔ event_host_claim response account (3.006456ms)
✔ event_host_claim response unmount (1.248914ms)
✔ event_host_claim response unchanged (1.954471ms)
✔ event_guest_payment_choose refresh account (2.739698ms)
✔ event_guest_payment_choose refresh unmount (1.20482ms)
✔ event_guest_payment_choose refresh unchanged (1.598096ms)
✔ event_guest_payment_choose response account (0.842484ms)
✔ event_guest_payment_choose response unmount (0.751043ms)
✔ event_guest_payment_choose response unchanged (2.731754ms)
✔ actual shared host client persists nonce before dispatch, loss retries same request and token (4.370645ms)
✔ remount cannot retry bearer args, exact missing-result cancellation settles before new request (0.996561ms)
✔ no token or RPC dispatch if durable storage has failed (0.63737ms)
✔ native host never depends on browser structuredClone and rejects non-JSON mutation data (0.742016ms)
✔ durable clear failure blocks new writes until exact storage operation is confirmed (0.747205ms)
(node:25736) [MODULE_TYPELESS_PACKAGE_JSON] Warning: Module type of file:///workspaces/zoi-city/.recovery/owned-freezes/native-parea-2026-10-03/mobile/src/nativePareaRecovery.ts is not specified and it doesn't parse as CommonJS.
Reparsing as ES module because module syntax was detected. This incurs a performance overhead.
To eliminate this warning, add "type": "module" to /workspaces/zoi-city/.recovery/owned-freezes/native-parea-2026-10-03/mobile/package.json.
(Use `node --trace-warnings ...` to show where the warning was created)
✔ nonce-only durable reference restores in exact account/event and contains no bearer or labels (2.127996ms)
✔ private capabilities and unexpected stored fields fail closed before writes (0.747406ms)
✔ failed persistence retains same queued reference until confirmed, then durable clear (0.534759ms)
✔ account/view invalidation after storage await keeps recovery reference but rejects stale continuation (0.61569ms)
✔ payment recovery includes exact guest/version/method/request only (1.019896ms)
(node:25747) [MODULE_TYPELESS_PACKAGE_JSON] Warning: Module type of file:///workspaces/zoi-city/.recovery/owned-freezes/native-parea-2026-10-03/mobile/src/operations.ts is not specified and it doesn't parse as CommonJS.
Reparsing as ES module because module syntax was detected. This incurs a performance overhead.
To eliminate this warning, add "type": "module" to /workspaces/zoi-city/.recovery/owned-freezes/native-parea-2026-10-03/mobile/package.json.
(Use `node --trace-warnings ...` to show where the warning was created)
✔ save receipts require correct workspace, identity and incremented version (2.034941ms)
✔ editor can edit contacts/projects/tasks but not company records; viewers cannot write (0.284281ms)
✔ full-form edits preserve custom existing data and explicitly clear relations (0.848034ms)
✔ invalid deadline and blank title fail before sending (0.359521ms)
✔ projects require company and tasks require project before sending (0.607946ms)
✔ unicode payload byte limit is enforced before sending (2.953788ms)
✔ unmodified deadline preserves its exact timestamp (0.336739ms)
✔ new company has valid default sector and cannot submit blank sector (1.215424ms)
(node:25749) [MODULE_TYPELESS_PACKAGE_JSON] Warning: Module type of file:///workspaces/zoi-city/.recovery/owned-freezes/native-parea-2026-10-03/mobile/src/organizationWorkflow.ts is not specified and it doesn't parse as CommonJS.
Reparsing as ES module because module syntax was detected. This incurs a performance overhead.
To eliminate this warning, add "type": "module" to /workspaces/zoi-city/.recovery/owned-freezes/native-parea-2026-10-03/mobile/package.json.
(Use `node --trace-warnings ...` to show where the warning was created)
✔ contextual native drafts preserve saved relationships and real writer payload (2.418578ms)
✔ project browser handoff fresh role owner (0.627101ms)
✔ project browser handoff fresh role admin (0.188863ms)
✔ project browser handoff fresh role editor (0.184364ms)
✔ project browser handoff fresh role viewer (0.404155ms)
✔ reject missing project context (0.366214ms)
✔ reject archived project context (0.202368ms)
✔ reject duplicate project context (0.204011ms)
✔ reject foreign project context (0.22491ms)
✔ reject scope project context (1.893968ms)
✔ actual SessionClient held refresh actor (36.364264ms)
✔ actual SessionClient held refresh workspace (2.17266ms)
✔ actual SessionClient held refresh unchanged (1.039342ms)
(node:25764) [MODULE_TYPELESS_PACKAGE_JSON] Warning: Module type of file:///workspaces/zoi-city/.recovery/owned-freezes/native-parea-2026-10-03/mobile/src/ownerEditorHandoff.ts is not specified and it doesn't parse as CommonJS.
Reparsing as ES module because module syntax was detected. This incurs a performance overhead.
To eliminate this warning, add "type": "module" to /workspaces/zoi-city/.recovery/owned-freezes/native-parea-2026-10-03/mobile/package.json.
(Use `node --trace-warnings ...` to show where the warning was created)
✔ fresh authorization opens only fixed browser editor, with exact authorized listing and without credentials (3.114088ms)
✔ account or workspace switch during authorization never opens browser (0.352438ms)
✔ invalid identity, denied access and mismatched receipts never open browser (1.044421ms)
✔ revoked or failed authorization surfaces failure without opening (0.640396ms)
(node:25766) ExperimentalWarning: stripTypeScriptTypes is an experimental feature and might change at any time
(Use `node --trace-warnings ...` to show where the warning was created)
✔ private link exact canonical event and opaque fragment only (2.899657ms)
✔ current own group counts whole-ticket quantities and expires without paid inference (0.721097ms)
✔ recipient preview rejects expired, cross-event, missing no-payment envelope and malformed amounts (0.5246ms)
✔ own reader binds list and detail IDs and profile distinct from Auth UUID (2.831369ms)
✔ refresh/response scope changes prevent private request or result use (0.991772ms)
(node:25773) [MODULE_TYPELESS_PACKAGE_JSON] Warning: Module type of file:///workspaces/zoi-city/.recovery/owned-freezes/native-parea-2026-10-03/mobile/src/placeNavigation.ts is not specified and it doesn't parse as CommonJS.
Reparsing as ES module because module syntax was detected. This incurs a performance overhead.
To eliminate this warning, add "type": "module" to /workspaces/zoi-city/.recovery/owned-freezes/native-parea-2026-10-03/mobile/package.json.
(Use `node --trace-warnings ...` to show where the warning was created)
✔ current public slug wins over stale unhashed artist SEO path (1.413921ms)
✔ fallback permits only internal profile routes (0.48182ms)
(node:25779) [MODULE_TYPELESS_PACKAGE_JSON] Warning: Module type of file:///workspaces/zoi-city/.recovery/owned-freezes/native-parea-2026-10-03/mobile/src/privateRequests.ts is not specified and it doesn't parse as CommonJS.
Reparsing as ES module because module syntax was detected. This incurs a performance overhead.
To eliminate this warning, add "type": "module" to /workspaces/zoi-city/.recovery/owned-freezes/native-parea-2026-10-03/mobile/package.json.
(Use `node --trace-warnings ...` to show where the warning was created)
✔ private recovery stores exact Unicode across bounded secure chunks (11.521825ms)
✔ account switch cannot read or save another account’s private request (0.989719ms)
✔ sign-out cleanup runs after queued writes and removes every chunk (2.884258ms)
✔ incomplete persistence is never mistaken for a retryable request (2.277234ms)
✔ cleanup failure cannot roll back a committed recovery request (2.544494ms)
✔ separate workflows keep distinct encrypted recovery namespaces (1.233535ms)
✔ failed storage cleanup retains a discoverable manifest until explicit cleanup succeeds (1.863782ms)
✔ non-null malformed manifests never masquerade as no pending request (1.240848ms)
✔ valid active-null pending manifest remains interrupted, not empty (0.422439ms)
✔ an active null payload is corruption rather than no pending request (0.616602ms)
(node:25780) [MODULE_TYPELESS_PACKAGE_JSON] Warning: Module type of file:///workspaces/zoi-city/.recovery/owned-freezes/native-parea-2026-10-03/mobile/src/profile.ts is not specified and it doesn't parse as CommonJS.
Reparsing as ES module because module syntax was detected. This incurs a performance overhead.
To eliminate this warning, add "type": "module" to /workspaces/zoi-city/.recovery/owned-freezes/native-parea-2026-10-03/mobile/package.json.
(Use `node --trace-warnings ...` to show where the warning was created)
✔ profile gives owner fields priority, merges actual socials and labels enrichment (4.755013ms)
✔ profile never fabricates verification or ratings from owner data (0.535901ms)
✔ profile rejects unsafe external schemes and credentials (0.411238ms)
✔ missing entity is absent, not invented profile (0.243394ms)
✔ profile actions require exact server routes and matching booking listing (3.364966ms)
✔ private enquiry entry requires server invitation for this same listing (0.516746ms)
✔ profile photos preserve wide logos, portraits and small artwork (0.411749ms)
✔ image loading supports native source dimensions and web natural dimensions (0.269183ms)
✔ native uses shared phone validity and authoritative owner clear (0.989118ms)
✔ native machine social syntax and exact publisher identity match web while owner links survive (2.31187ms)
✔ native Fournos chain root contacts cannot replace branch base or explicit owner values (0.956907ms)
(node:25787) [MODULE_TYPELESS_PACKAGE_JSON] Warning: Module type of file:///workspaces/zoi-city/.recovery/owned-freezes/native-parea-2026-10-03/mobile/src/seating.ts is not specified and it doesn't parse as CommonJS.
Reparsing as ES module because module syntax was detected. This incurs a performance overhead.
To eliminate this warning, add "type": "module" to /workspaces/zoi-city/.recovery/owned-freezes/native-parea-2026-10-03/mobile/package.json.
(Use `node --trace-warnings ...` to show where the warning was created)
✔ hold requires exact requested seats and confirmed receipt (1.769516ms)
✔ free confirmation rejects payment, quantity, seat and hold mismatches (0.39083ms)
✔ foreground status restores exact hold and validates cancellation (0.839578ms)
✔ countdown accounts for server clock and clamps expired holds (0.245338ms)
✔ missing inventory stays unavailable and malformed maps never invent seats (0.759609ms)
✔ seat inventory uses actual geometry and rejects unsafe bigint IDs or unknown state (1.072714ms)
(node:25799) [MODULE_TYPELESS_PACKAGE_JSON] Warning: Module type of file:///workspaces/zoi-city/.recovery/owned-freezes/native-parea-2026-10-03/mobile/src/session.ts is not specified and it doesn't parse as CommonJS.
Reparsing as ES module because module syntax was detected. This incurs a performance overhead.
To eliminate this warning, add "type": "module" to /workspaces/zoi-city/.recovery/owned-freezes/native-parea-2026-10-03/mobile/package.json.
(Use `node --trace-warnings ...` to show where the warning was created)
✔ persists only refresh credential and restores by exchanging it (56.328061ms)
✔ expired concurrent API requests share one refresh and use renewed token (13.087089ms)
✔ invalid refresh removes stored credential and session (1.699975ms)
✔ transient refresh failure preserves credential for recovery (0.424563ms)
✔ sign-out clears device credentials even if revocation is offline (0.605572ms)
✔ in-flight sign-in cannot resurrect a signed-out account (7.107057ms)
✔ anonymous authenticated RPC is rejected without making a request (0.453447ms)
✔ application error envelopes cannot appear as publishing success (1.757413ms)
✔ server-rejected access token clears session without replaying mutation (3.046832ms)
✔ optimistic edit conflict is explained without replaying the write (1.18834ms)
✔ fetch transport uses global receiver required by browsers (0.616412ms)
✔ community validation errors remain actionable without treating them as password failures (1.008173ms)
(node:25816) [MODULE_TYPELESS_PACKAGE_JSON] Warning: Module type of file:///workspaces/zoi-city/.recovery/owned-freezes/native-parea-2026-10-03/mobile/src/sponsorFulfillment.ts is not specified and it doesn't parse as CommonJS.
Reparsing as ES module because module syntax was detected. This incurs a performance overhead.
To eliminate this warning, add "type": "module" to /workspaces/zoi-city/.recovery/owned-freezes/native-parea-2026-10-03/mobile/package.json.
(Use `node --trace-warnings ...` to show where the warning was created)
✔ fresh approved sponsor ok (1.983566ms)
✔ fresh approved sponsor viewer (0.407561ms)
✔ fresh approved sponsor cancelled (0.179235ms)
✔ fresh approved sponsor foreign (1.301421ms)
✔ fresh approved sponsor capability (0.415597ms)
✔ fresh approved sponsor missing (0.137076ms)
✔ actual SessionClient refresh fence actor (36.125718ms)
✔ actual SessionClient refresh fence workspace (0.633904ms)
✔ actual SessionClient refresh fence unchanged (1.003414ms)
(node:25817) [MODULE_TYPELESS_PACKAGE_JSON] Warning: Module type of file:///workspaces/zoi-city/.recovery/owned-freezes/native-parea-2026-10-03/mobile/src/timekeeping.ts is not specified and it doesn't parse as CommonJS.
Reparsing as ES module because module syntax was detected. This incurs a performance overhead.
To eliminate this warning, add "type": "module" to /workspaces/zoi-city/.recovery/owned-freezes/native-parea-2026-10-03/mobile/package.json.
(Use `node --trace-warnings ...` to show where the warning was created)
✔ manual time uses explicit validated duration and hourly cents (27.043191ms)
✔ timer start excludes client-controlled start and duration (0.309167ms)
✔ receipts require tenant actor version and terminal state (0.490897ms)
✔ dashboard rejects another editor’s private narrative and foreign timer (0.588419ms)
✔ timesheet CSV prevents formula execution and escapes multiline quotes (0.58869ms)
(node:25829) [MODULE_TYPELESS_PACKAGE_JSON] Warning: Module type of file:///workspaces/zoi-city/.recovery/owned-freezes/native-parea-2026-10-03/mobile/src/trips.ts is not specified and it doesn't parse as CommonJS.
Reparsing as ES module because module syntax was detected. This incurs a performance overhead.
To eliminate this warning, add "type": "module" to /workspaces/zoi-city/.recovery/owned-freezes/native-parea-2026-10-03/mobile/package.json.
(Use `node --trace-warnings ...` to show where the warning was created)
✔ trip dates require explicit zone and reject reversed or overlong stops (28.337709ms)
✔ private itinerary cannot accept another profile or trip receipt (0.612835ms)
✔ appearance discovery cannot substitute another artist or claim inferred confirmation (1.147223ms)
✔ appearance proposal requires source HTTPS and real distinct listing IDs (1.719763ms)
(node:25838) [MODULE_TYPELESS_PACKAGE_JSON] Warning: Module type of file:///workspaces/zoi-city/.recovery/owned-freezes/native-parea-2026-10-03/mobile/src/volunteer.ts is not specified and it doesn't parse as CommonJS.
Reparsing as ES module because module syntax was detected. This incurs a performance overhead.
To eliminate this warning, add "type": "module" to /workspaces/zoi-city/.recovery/owned-freezes/native-parea-2026-10-03/mobile/package.json.
(Use `node --trace-warnings ...` to show where the warning was created)
✔ volunteer invitation extracts explicit organization ID only (1.704434ms)
✔ withdrawn public opportunity stays unavailable even if saved shift was scheduled (23.930696ms)
✔ shift actions never reopen cancelled or started history (0.249807ms)
✔ signup and cancellation receipts must identify the same shift and final state (0.482702ms)
✔ organization writes require workspace identity and exact version increment (0.404636ms)
(node:25839) [MODULE_TYPELESS_PACKAGE_JSON] Warning: Module type of file:///workspaces/zoi-city/.recovery/owned-freezes/native-parea-2026-10-03/mobile/src/volunteerOperations.ts is not specified and it doesn't parse as CommonJS.
Reparsing as ES module because module syntax was detected. This incurs a performance overhead.
To eliminate this warning, add "type": "module" to /workspaces/zoi-city/.recovery/owned-freezes/native-parea-2026-10-03/mobile/package.json.
(Use `node --trace-warnings ...` to show where the warning was created)
✔ org_operation_save actual SessionClient token refresh actor (38.274473ms)
✔ org_operation_save actual SessionClient token refresh workspace (0.872119ms)
✔ org_operation_save actual SessionClient token refresh unchanged (1.062565ms)
✔ org_signup actual SessionClient token refresh actor (0.844388ms)
✔ org_signup actual SessionClient token refresh workspace (0.75984ms)
✔ org_signup actual SessionClient token refresh unchanged (0.982195ms)
✔ org_signup_cancel actual SessionClient token refresh actor (0.769769ms)
✔ org_signup_cancel actual SessionClient token refresh workspace (0.834188ms)
✔ org_signup_cancel actual SessionClient token refresh unchanged (0.937031ms)
✔ org_roster actual SessionClient token refresh actor (0.684218ms)
✔ org_roster actual SessionClient token refresh workspace (0.447626ms)
✔ org_roster actual SessionClient token refresh unchanged (0.656376ms)
✔ lost native create survives remount and clears only exact receipt (1.405055ms)
✔ cancel unknown native create validates workspace/request and preserves marker on wrong response (0.586907ms)
✔ generic authorization denial is recognizable without matching server wording (0.225782ms)
✔ absent installed capability keeps pending recovery and dispatches no operation (0.508129ms)
(node:25840) [MODULE_TYPELESS_PACKAGE_JSON] Warning: Module type of file:///workspaces/zoi-city/.recovery/owned-freezes/native-parea-2026-10-03/mobile/src/webHandoffs.ts is not specified and it doesn't parse as CommonJS.
Reparsing as ES module because module syntax was detected. This incurs a performance overhead.
To eliminate this warning, add "type": "module" to /workspaces/zoi-city/.recovery/owned-freezes/native-parea-2026-10-03/mobile/package.json.
(Use `node --trace-warnings ...` to show where the warning was created)
✔ music shelf and unscoped personal calendar explicitly reach their actual web capabilities (1.817195ms)
✔ native parish calendar, member discussion and artist homes stay native (0.42307ms)
✔ handoff resolver never opens spoofed hosts or credentials (0.308867ms)
✔ map deep links use the real web map and preserve only public search/place/view context (0.563864ms)
✔ explicit guardian links hand off only public listing context, adult groups stay native (0.785918ms)
(node:25848) ExperimentalWarning: stripTypeScriptTypes is an experimental feature and might change at any time
(Use `node --trace-warnings ...` to show where the warning was created)
✔ roles protect owner/self and admin peer escalation (2.56394ms)
✔ real controller confirms save only after current roster read (1.681451ms)
✔ lost response survives remount; receipt check does not resend (3.483407ms)
✔ unknown request blocks new write and safely cancels (0.756343ms)
✔ conflict refreshes membership; storage failure prevents submission (0.750683ms)
✔ authority loss clears private roster and account change fences calls (0.496958ms)
(node:25858) [MODULE_TYPELESS_PACKAGE_JSON] Warning: Module type of file:///workspaces/zoi-city/.recovery/owned-freezes/native-parea-2026-10-03/mobile/src/session.ts is not specified and it doesn't parse as CommonJS.
Reparsing as ES module because module syntax was detected. This incurs a performance overhead.
To eliminate this warning, add "type": "module" to /workspaces/zoi-city/.recovery/owned-freezes/native-parea-2026-10-03/mobile/package.json.
(Use `node --trace-warnings ...` to show where the warning was created)
(node:25858) ExperimentalWarning: stripTypeScriptTypes is an experimental feature and might change at any time
✔ only scoped team conflict/cancel envelope passes transport for controller verification (41.564097ms)
✔ exact known team SQL rejection preserved; generic 400 and other RPC remain uncertain (7.267737ms)
✔ real SessionClient quota clears marker; ambiguous400 keeps it;403 clears roster (3.901698ms)
✔ youth programme validates exact bounded ages, places and actual listing (1.959641ms)
✔ enrolment requires explicit authority and consent without inferring age (0.480789ms)
✔ enrolment receipts bind guardian child programme and exact version (0.500455ms)
✔ attendance and instructor assignment receipts reject unrelated identity (2.007179ms)
✔ private operator response rejects another workspace or programme roster (0.489886ms)
✔ public catalogue rejects unrelated listing and private family rejects malformed records (0.391261ms)
(node:25867) [MODULE_TYPELESS_PACKAGE_JSON] Warning: Module type of file:///workspaces/zoi-city/.recovery/owned-freezes/native-parea-2026-10-03/mobile/src/youthReadiness.ts is not specified and it doesn't parse as CommonJS.
Reparsing as ES module because module syntax was detected. This incurs a performance overhead.
To eliminate this warning, add "type": "module" to /workspaces/zoi-city/.recovery/owned-freezes/native-parea-2026-10-03/mobile/package.json.
(Use `node --trace-warnings ...` to show where the warning was created)
✔ native Youth remains read-only without exact installed actor and guardian capability (1.739009ms)
✔ native organizer readiness additionally binds exact workspace and current role (0.223928ms)
(node:25887) [MODULE_TYPELESS_PACKAGE_JSON] Warning: Module type of file:///workspaces/zoi-city/.recovery/owned-freezes/native-parea-2026-10-03/mobile/src/session.ts is not specified and it doesn't parse as CommonJS.
Reparsing as ES module because module syntax was detected. This incurs a performance overhead.
To eliminate this warning, add "type": "module" to /workspaces/zoi-city/.recovery/owned-freezes/native-parea-2026-10-03/mobile/package.json.
(Use `node --trace-warnings ...` to show where the warning was created)
✔ actual SessionClient youth refresh account fences private dispatch/result (25.171915ms)
✔ actual SessionClient youth refresh workspace fences private dispatch/result (0.534669ms)
✔ actual SessionClient youth refresh unmount fences private dispatch/result (0.567721ms)
✔ actual SessionClient youth response account fences private dispatch/result (5.36906ms)
✔ actual SessionClient youth response workspace fences private dispatch/result (0.93691ms)
✔ actual SessionClient youth response unmount fences private dispatch/result (0.743408ms)
✔ same actor token rotation sends private request using freshly captured token (0.997173ms)
✔ private method cannot dispatch anonymously; denied status remains recognizable (0.356476ms)
✔ installed native capability binds internal guardian profile separately from Auth (0.26231ms)
ℹ tests 371
ℹ suites 0
ℹ pass 371
ℹ fail 0
ℹ cancelled 0
ℹ skipped 0
ℹ todo 0
ℹ duration_ms 918.873608
