✔ known source holds suppress default Official website in canonical, Quick look and person projections (5.842535ms)
✔ owner edit and explicit null/empty clears never resurrect imported/base websites (2.343368ms)
✔ stale domain takeover receipts never veto published same-domain owner edits (0.25144ms)
✔ challenge/robots/fetch errors and unflagged redirect mismatches do not imply an unsafe official site (0.345415ms)
✔ compact search context retains source policy without a per-card request (0.285303ms)
✔ actual canonical handler applies the shared policy across sparse families and schema, preserving owner navigation (105.865622ms)
✔ authenticated preview keeps the canonical policy after existing authority checks, including owner clear and same-domain edits (6.568471ms)
✔ hidden restaurant can select actual menu schema entirely from private snapshot (2.959039ms)
✔ private professional selects actual discipline/consult fields, not restaurant menu (0.395038ms)
✔ different workspace/listing or malformed receipt cannot provide a private editor context (0.823679ms)
✔ unproven base fields and contaminated enrichment cannot override reviewed identity (3.025563ms)
✔ actual projected owner picture bio and social clear override source defaults in rendered output (32.082074ms)
✔ explicit image phone bio clears stay clear without empty image/tel requests (9.943897ms)
✔ music owner fields use presence semantics and remove stale portrait srcsets (1.17233ms)
✔ unsafe owner URLs are suppressed and exact source identity guard remains required (0.465169ms)
✔ shared media projection preserves explicit owner hero/gallery clearing across families (0.894511ms)
✔ public SSR contains actual owner media only, escaped hydration and provider links; player loads on click (3.664035ms)
✔ explicit clear malformed owner data and hidden sections never restore source video (2.913163ms)
✔ health society affiliation is not mistaken for social channel data (0.477041ms)
✔ reviewed Argiro video requires exact existing identity and source; owner clear overrides (0.54619ms)
✔ business imported hold is distinct from saved owner choice and clear (2.127284ms)
✔ artist imported hold is distinct from saved owner choice and clear (0.577318ms)
✔ event imported hold is distinct from saved owner choice and clear (1.201865ms)
✔ church imported hold is distinct from saved owner choice and clear (0.243815ms)
✔ all existing receipt gates use neutral review state, not invented malicious labels (0.339004ms)
✔ owner presence precedence includes nested profile, and null never resurrects imported base (0.234358ms)
✔ draft validation rejects credentials, unsafe schemes and incomplete addresses without altering saved selection (0.418392ms)
✔ sparse imported source and owner selection retain separate states (0.242423ms)
ℹ tests 28
ℹ suites 0
ℹ pass 28
ℹ fail 0
ℹ cancelled 0
ℹ skipped 0
ℹ todo 0
ℹ duration_ms 286.27079
