PASS exact installed scalar/types source and canonicalizer reconstructed, with owner/ACL
PASS 52 scalar / 5 array unchanged ranking/ID/filter/projection oracle snapshots
PASS installed reader body/ACL guards refuse drift
PASS existing owner projection authority guard rejects public ACL drift
PASS scalar/types rank/ID/category/claim/canonical/pagination invariant; only bounded media, photo and description projection changed
PASS private helpers uncallable by existing public/service roles; public definer read works
PASS source-bound current artist biography and image provenance projected
PASS raw authored website clear/change and malformed profile do not restore imported biography
PASS mismatched host/path/port/protocol/credentials and all scope quarantine flags suppress machine biography
PASS legacy search consumers do not receive a translation flag as a portrait
PASS nonartist reviewed base summary retained; trusted source fills only missing base
PASS owner base clears and empty gallery remain explicit, source/private audit data excluded
PASS owner edit then raw explicit description/hero/logo clear preserve presence
PASS machine/owner excerpts and galleries bounded; malformed explicit gallery means empty and no private payload
PASS oversized URLs rejected intact rather than truncating into different image identity
PASS gallery-only source image cannot become scalar or types card hero
PASS base source photo obeys exact gallery-only roles; explicit owner gallery overrides imported roles
PASS explicit owner gallery remains usable after imported source identity changes
PASS scalar/types event poster, owner alternate photo and explicit clear preserve kind/authority
PASS legacy scalar/types photos also suppress changed-source or quarantined imagery
PASS all five helpers private security invoker with empty search path and exact ACL
PASS new helper remains after bounded page; unforced global dedupe stays covering index-only
PASS projection replay refuses changed source
PASS empty output shape preserved
24 card projection database groups passed
