[
  {
    "width": 390,
    "calls": [
      {
        "ms": 543,
        "args": {
          "p_q": "SIGNAT",
          "p_city": null,
          "p_country": null,
          "p_limit": 8,
          "p_offset": 0,
          "p_type": null
        }
      },
      {
        "ms": 1570,
        "args": {
          "p_q": "SIGNAT",
          "p_type": null,
          "p_city": null,
          "p_country": null,
          "p_limit": 24,
          "p_offset": 0
        }
      },
      {
        "ms": 1722,
        "args": {
          "p_q": "Held",
          "p_type": null,
          "p_city": null,
          "p_country": null,
          "p_limit": 24,
          "p_offset": 0
        }
      },
      {
        "ms": 2019,
        "args": {
          "p_q": "Current",
          "p_city": null,
          "p_country": null,
          "p_limit": 8,
          "p_offset": 0,
          "p_type": null
        }
      },
      {
        "ms": 2239,
        "args": {
          "p_q": "Current",
          "p_type": null,
          "p_city": null,
          "p_country": null,
          "p_limit": 24,
          "p_offset": 0
        }
      },
      {
        "ms": 2316,
        "args": {
          "p_q": "Held",
          "p_type": null,
          "p_city": null,
          "p_country": null,
          "p_limit": 24,
          "p_offset": 0
        }
      },
      {
        "ms": 2370,
        "args": {
          "p_q": "SIGNAT",
          "p_type": null,
          "p_city": null,
          "p_country": null,
          "p_limit": 24,
          "p_offset": 0
        }
      },
      {
        "ms": 2756,
        "args": {
          "p_q": "Away",
          "p_city": null,
          "p_country": null,
          "p_limit": 8,
          "p_offset": 0,
          "p_type": null
        }
      },
      {
        "ms": 2972,
        "args": {
          "p_q": "Account",
          "p_city": null,
          "p_country": null,
          "p_limit": 8,
          "p_offset": 0,
          "p_type": null
        }
      },
      {
        "ms": 3097,
        "args": {
          "p_q": "Filtered",
          "p_type": "business",
          "p_city": null,
          "p_country": null,
          "p_limit": 24,
          "p_offset": 0
        }
      },
      {
        "ms": 3167,
        "args": {
          "p_q": "Retry",
          "p_type": "business",
          "p_city": null,
          "p_country": null,
          "p_limit": 24,
          "p_offset": 0
        }
      },
      {
        "ms": 3346,
        "args": {
          "p_q": "Retry",
          "p_type": "business",
          "p_city": null,
          "p_country": null,
          "p_limit": 24,
          "p_offset": 0
        }
      },
      {
        "ms": 3715,
        "args": {
          "p_q": "Keyboard",
          "p_city": null,
          "p_country": null,
          "p_limit": 8,
          "p_offset": 0,
          "p_type": null
        }
      }
    ]
  },
  {
    "width": 1440,
    "calls": [
      {
        "ms": 423,
        "args": {
          "p_q": "SIGNAT",
          "p_city": null,
          "p_country": null,
          "p_limit": 8,
          "p_offset": 0,
          "p_type": null
        }
      },
      {
        "ms": 2086,
        "args": {
          "p_q": "SIGNAT",
          "p_type": null,
          "p_city": null,
          "p_country": null,
          "p_limit": 24,
          "p_offset": 0
        }
      },
      {
        "ms": 2252,
        "args": {
          "p_q": "Held",
          "p_type": null,
          "p_city": null,
          "p_country": null,
          "p_limit": 24,
          "p_offset": 0
        }
      },
      {
        "ms": 2448,
        "args": {
          "p_q": "Current",
          "p_city": null,
          "p_country": null,
          "p_limit": 8,
          "p_offset": 0,
          "p_type": null
        }
      },
      {
        "ms": 2655,
        "args": {
          "p_q": "Current",
          "p_type": null,
          "p_city": null,
          "p_country": null,
          "p_limit": 24,
          "p_offset": 0
        }
      },
      {
        "ms": 2687,
        "args": {
          "p_q": "Held",
          "p_type": null,
          "p_city": null,
          "p_country": null,
          "p_limit": 24,
          "p_offset": 0
        }
      },
      {
        "ms": 2721,
        "args": {
          "p_q": "SIGNAT",
          "p_type": null,
          "p_city": null,
          "p_country": null,
          "p_limit": 24,
          "p_offset": 0
        }
      },
      {
        "ms": 2938,
        "args": {
          "p_q": "Away",
          "p_city": null,
          "p_country": null,
          "p_limit": 8,
          "p_offset": 0,
          "p_type": null
        }
      },
      {
        "ms": 3132,
        "args": {
          "p_q": "Account",
          "p_city": null,
          "p_country": null,
          "p_limit": 8,
          "p_offset": 0,
          "p_type": null
        }
      },
      {
        "ms": 3257,
        "args": {
          "p_q": "Filtered",
          "p_type": "business",
          "p_city": null,
          "p_country": null,
          "p_limit": 24,
          "p_offset": 0
        }
      },
      {
        "ms": 3372,
        "args": {
          "p_q": "Retry",
          "p_type": "business",
          "p_city": null,
          "p_country": null,
          "p_limit": 24,
          "p_offset": 0
        }
      },
      {
        "ms": 3678,
        "args": {
          "p_q": "Retry",
          "p_type": "business",
          "p_city": null,
          "p_country": null,
          "p_limit": 24,
          "p_offset": 0
        }
      },
      {
        "ms": 4103,
        "args": {
          "p_q": "Keyboard",
          "p_city": null,
          "p_country": null,
          "p_limit": 8,
          "p_offset": 0,
          "p_type": null
        }
      }
    ]
  }
]
