✔ a real bounded candidate beyond the former eight-row cut remains selectable without client-specific ranking (1.662767ms)
✔ an overlarge response remains bounded while exact name and prefix ordering preserve stable public identities (1.209018ms)
✔ wider candidates retain exact city, country and categories and cannot introduce disabled categories (0.960765ms)
✔ public autocomplete preserves filters and explicitly separates cross-category fallback (1.613614ms)
✔ in-filter results avoid fallback, unsafe records and private fields never leave projection (0.398905ms)
✔ short query makes no requests and failure does not invent results (1.10805ms)
✔ cancelled and stale responses cannot reopen or replace newer suggestions (12.315317ms)
✔ a temporary transport failure recovers without asking the visitor to retry (2.03413ms)
✔ hung transport is bounded and retried, and persistent failure stays honest (12.094584ms)
✔ closing suggestions cancels a scheduled automatic retry (41.209666ms)
✔ strict map scope never expands an empty suggestion result into another city (0.344573ms)
✔ map suggestions omit disabled categories when several categories remain selected (0.493562ms)
✔ multi-category selection reaches RPC before its limit with one scoped request (3.693309ms)
✔ no selected types means no fetch and malformed selections fail closed (0.371564ms)
✔ multi-category request keeps cancellation signal and cannot broaden an empty category response (0.269273ms)
✔ country city names deduplicate regions while preserving source country and exact city identity (9.20683ms)
✔ malformed catalogs fail explicitly and incomplete names cannot become invented cities (0.585244ms)
ℹ tests 17
ℹ suites 0
ℹ pass 17
ℹ fail 0
ℹ cancelled 0
ℹ skipped 0
ℹ todo 0
ℹ duration_ms 137.739778
