[
  {
    "width": 390,
    "calls": [
      {
        "ms": 847,
        "args": {
          "p_q": "SIGNAT",
          "p_city": null,
          "p_country": null,
          "p_limit": 32,
          "p_offset": 0,
          "p_type": null
        }
      }
    ]
  },
  {
    "width": 1440,
    "calls": [
      {
        "ms": 364,
        "args": {
          "p_q": "SIGNAT",
          "p_city": null,
          "p_country": null,
          "p_limit": 32,
          "p_offset": 0,
          "p_type": null
        }
      }
    ]
  }
]
