[
  {
    "width": 390,
    "calls": [
      {
        "ms": 704,
        "args": {
          "p_q": "SIGNAT",
          "p_city": null,
          "p_country": null,
          "p_limit": 32,
          "p_offset": 0,
          "p_type": null
        }
      },
      {
        "ms": 1788,
        "args": {
          "p_q": "SIGNAT",
          "p_type": null,
          "p_city": null,
          "p_country": null,
          "p_limit": 24,
          "p_offset": 0
        }
      },
      {
        "ms": 1940,
        "args": {
          "p_q": "Held",
          "p_type": null,
          "p_city": null,
          "p_country": null,
          "p_limit": 24,
          "p_offset": 0
        }
      },
      {
        "ms": 2214,
        "args": {
          "p_q": "Current",
          "p_city": null,
          "p_country": null,
          "p_limit": 32,
          "p_offset": 0,
          "p_type": null
        }
      },
      {
        "ms": 2434,
        "args": {
          "p_q": "Current",
          "p_type": null,
          "p_city": null,
          "p_country": null,
          "p_limit": 24,
          "p_offset": 0
        }
      },
      {
        "ms": 2471,
        "args": {
          "p_q": "Held",
          "p_type": null,
          "p_city": null,
          "p_country": null,
          "p_limit": 24,
          "p_offset": 0
        }
      },
      {
        "ms": 2510,
        "args": {
          "p_q": "SIGNAT",
          "p_type": null,
          "p_city": null,
          "p_country": null,
          "p_limit": 24,
          "p_offset": 0
        }
      },
      {
        "ms": 2754,
        "args": {
          "p_q": "Away",
          "p_city": null,
          "p_country": null,
          "p_limit": 32,
          "p_offset": 0,
          "p_type": null
        }
      },
      {
        "ms": 2993,
        "args": {
          "p_q": "Account",
          "p_city": null,
          "p_country": null,
          "p_limit": 32,
          "p_offset": 0,
          "p_type": null
        }
      },
      {
        "ms": 3116,
        "args": {
          "p_q": "Filtered",
          "p_type": "business",
          "p_city": null,
          "p_country": null,
          "p_limit": 24,
          "p_offset": 0
        }
      },
      {
        "ms": 3186,
        "args": {
          "p_q": "Retry",
          "p_type": "business",
          "p_city": null,
          "p_country": null,
          "p_limit": 24,
          "p_offset": 0
        }
      },
      {
        "ms": 3320,
        "args": {
          "p_q": "Retry",
          "p_type": "business",
          "p_city": null,
          "p_country": null,
          "p_limit": 24,
          "p_offset": 0
        }
      },
      {
        "ms": 3672,
        "args": {
          "p_q": "Keyboard",
          "p_city": null,
          "p_country": null,
          "p_limit": 32,
          "p_offset": 0,
          "p_type": null
        }
      }
    ]
  },
  {
    "width": 1440,
    "calls": [
      {
        "ms": 370,
        "args": {
          "p_q": "SIGNAT",
          "p_city": null,
          "p_country": null,
          "p_limit": 32,
          "p_offset": 0,
          "p_type": null
        }
      },
      {
        "ms": 1668,
        "args": {
          "p_q": "SIGNAT",
          "p_type": null,
          "p_city": null,
          "p_country": null,
          "p_limit": 24,
          "p_offset": 0
        }
      },
      {
        "ms": 1803,
        "args": {
          "p_q": "Held",
          "p_type": null,
          "p_city": null,
          "p_country": null,
          "p_limit": 24,
          "p_offset": 0
        }
      },
      {
        "ms": 1993,
        "args": {
          "p_q": "Current",
          "p_city": null,
          "p_country": null,
          "p_limit": 32,
          "p_offset": 0,
          "p_type": null
        }
      },
      {
        "ms": 2202,
        "args": {
          "p_q": "Current",
          "p_type": null,
          "p_city": null,
          "p_country": null,
          "p_limit": 24,
          "p_offset": 0
        }
      },
      {
        "ms": 2289,
        "args": {
          "p_q": "Held",
          "p_type": null,
          "p_city": null,
          "p_country": null,
          "p_limit": 24,
          "p_offset": 0
        }
      },
      {
        "ms": 2349,
        "args": {
          "p_q": "SIGNAT",
          "p_type": null,
          "p_city": null,
          "p_country": null,
          "p_limit": 24,
          "p_offset": 0
        }
      },
      {
        "ms": 2615,
        "args": {
          "p_q": "Away",
          "p_city": null,
          "p_country": null,
          "p_limit": 32,
          "p_offset": 0,
          "p_type": null
        }
      },
      {
        "ms": 2903,
        "args": {
          "p_q": "Account",
          "p_city": null,
          "p_country": null,
          "p_limit": 32,
          "p_offset": 0,
          "p_type": null
        }
      },
      {
        "ms": 3027,
        "args": {
          "p_q": "Filtered",
          "p_type": "business",
          "p_city": null,
          "p_country": null,
          "p_limit": 24,
          "p_offset": 0
        }
      },
      {
        "ms": 3210,
        "args": {
          "p_q": "Retry",
          "p_type": "business",
          "p_city": null,
          "p_country": null,
          "p_limit": 24,
          "p_offset": 0
        }
      },
      {
        "ms": 3506,
        "args": {
          "p_q": "Retry",
          "p_type": "business",
          "p_city": null,
          "p_country": null,
          "p_limit": 24,
          "p_offset": 0
        }
      },
      {
        "ms": 3991,
        "args": {
          "p_q": "Keyboard",
          "p_city": null,
          "p_country": null,
          "p_limit": 32,
          "p_offset": 0,
          "p_type": null
        }
      }
    ]
  }
]
