(node:663062) [MODULE_TYPELESS_PACKAGE_JSON] Warning: Module type of file:///tmp/zoi-youth-parent-release-7tr2yldn/mobile/src/backendReadiness.ts is not specified and it doesn't parse as CommonJS.
Reparsing as ES module because module syntax was detected. This incurs a performance overhead.
To eliminate this warning, add "type": "module" to /tmp/zoi-youth-parent-release-7tr2yldn/mobile/package.json.
(Use `node --trace-warnings ...` to show where the warning was created)
✔ verified guardian backend is enabled while unavailable integrations fail closed (0.832713ms)
✔ guardian release gate is backed by complete deployed RPC evidence (0.691458ms)
(node:663063) [MODULE_TYPELESS_PACKAGE_JSON] Warning: Module type of file:///tmp/zoi-youth-parent-release-7tr2yldn/mobile/src/youthReadiness.ts is not specified and it doesn't parse as CommonJS.
Reparsing as ES module because module syntax was detected. This incurs a performance overhead.
To eliminate this warning, add "type": "module" to /tmp/zoi-youth-parent-release-7tr2yldn/mobile/package.json.
(Use `node --trace-warnings ...` to show where the warning was created)
✔ native Youth remains read-only without exact installed actor and guardian capability (1.054605ms)
✔ native organizer readiness additionally binds exact workspace and current role (0.202958ms)
(node:663069) [MODULE_TYPELESS_PACKAGE_JSON] Warning: Module type of file:///tmp/zoi-youth-parent-release-7tr2yldn/mobile/src/session.ts is not specified and it doesn't parse as CommonJS.
Reparsing as ES module because module syntax was detected. This incurs a performance overhead.
To eliminate this warning, add "type": "module" to /tmp/zoi-youth-parent-release-7tr2yldn/mobile/package.json.
(Use `node --trace-warnings ...` to show where the warning was created)
✔ actual SessionClient youth refresh account fences private dispatch/result (24.223505ms)
✔ actual SessionClient youth refresh workspace fences private dispatch/result (0.510602ms)
✔ actual SessionClient youth refresh unmount fences private dispatch/result (0.496675ms)
✔ actual SessionClient youth response account fences private dispatch/result (5.730372ms)
✔ actual SessionClient youth response workspace fences private dispatch/result (0.835377ms)
✔ actual SessionClient youth response unmount fences private dispatch/result (0.695115ms)
✔ same actor token rotation sends private request using freshly captured token (0.86398ms)
✔ private method cannot dispatch anonymously; denied status remains recognizable (0.339933ms)
✔ installed native capability binds internal guardian profile separately from Auth (0.270885ms)
ℹ tests 13
ℹ suites 0
ℹ pass 13
ℹ fail 0
ℹ cancelled 0
ℹ skipped 0
ℹ todo 0
ℹ duration_ms 162.608565
