✔ exact official structured address coordinates remain a review candidate, never a write (4.143423ms)
✔ other city, country, branch street or organization cannot supply this place coordinates (0.743075ms)
✔ random HTML GPS, invalid range and swapped coordinates are never silently repaired (1.113054ms)
✔ owner edits, changed source/address and centroid approval fail closed (0.645543ms)
✔ two conflicting structured locations require review and external redirects are refused (0.408802ms)
✔ dry-run batch caps records, never fetches owner-managed sources and writes reports only (12.489611ms)
✔ composite postal addresses and pinned ISO country codes match without fuzzy street aliases (0.479935ms)
✔ explicit address reconciliation is tied to exact name/source snapshot and source bytes (0.900619ms)
✔ official destination uses reviewed named address and destination pair, not camera coordinates (0.990336ms)
✔ parking, shortlink, other destination, camera-only and multi-stop links never become place pins (1.086014ms)
✔ retained real source fragments yield Melbourne schema and reviewed AMARA destination (1.257544ms)
✔ same-domain sibling branch redirects and schema identities fail closed (0.277808ms)
✔ batch audit carries the frozen identity review into the immutable source report (4.437592ms)
✔ non-document anchor strings and malformed report approvals fail closed (1.658873ms)
✔ typed Squarespace site location requires exact reviewed postal identity and separate schema corroboration (0.499852ms)
✔ Squarespace extraction rejects arbitrary JS, sparse config, branches and identity mismatch (2.292123ms)
✔ Squarespace coordinates conflict with a separately matching structured point rather than replacing it (0.336046ms)
✔ inert structured JSON-LD cannot supply coordinates or introduce conflicts (0.613604ms)
✔ explicit source name alias is exact and bound to current property snapshot, source bytes and address (1.220255ms)
✔ exact reviewed source card and captured named destination yield candidate, not camera coordinates or apply approval (5.366955ms)
✔ snapshot changes, ownership, sparse identity and missing explicit parent-page scope refuse (0.772921ms)
✔ card must be exact unique source bytes with correct heading/address; parking is never the hotel (1.220766ms)
✔ redirect capture binds first URL, exact final URL/status/bytes and place identity (1.865888ms)
✔ camera-only, wrong place, credentials, foreign host, query injection and multiple destination forms fail (1.278363ms)
✔ locality must be independently sourced, bounded and contain the destination (0.840236ms)
✔ retained official Paddington polygon independently contains candidate, without changing a listing snapshot (0.553291ms)
✔ independent named-place review binds source, identity, card, capture, destination and locality before review stage (1.252525ms)
✔ bounded collector fetches only snapshot-approved publisher page and retains exact source/report evidence (17.875249ms)
ℹ tests 28
ℹ suites 0
ℹ pass 28
ℹ fail 0
ℹ cancelled 0
ℹ skipped 0
ℹ todo 0
ℹ duration_ms 108.591376
