(node:771018) ExperimentalWarning: stripTypeScriptTypes is an experimental feature and might change at any time
(Use `node --trace-warnings ...` to show where the warning was created)
✔ owner tool browser handoffs preserve explicit selected workspace with no token (2.913231ms)
✔ missing malformed and injected identities cannot fabricate a setup destination (0.467431ms)
(node:771019) [MODULE_TYPELESS_PACKAGE_JSON] Warning: Module type of file:///tmp/zoi-company-parent-5n9rnxwb/mobile/src/artistMusic.ts is not specified and it doesn't parse as CommonJS.
Reparsing as ES module because module syntax was detected. This incurs a performance overhead.
To eliminate this warning, add "type": "module" to /tmp/zoi-company-parent-5n9rnxwb/mobile/package.json.
(Use `node --trace-warnings ...` to show where the warning was created)
✔ reviewed catalogue binds identity and uses verified high-resolution photos (4.805808ms)
✔ unknown artist never inherits featured content (0.376412ms)
✔ provider links reject spoofed hosts unsafe schemes and credentials (0.382504ms)
✔ city validation supports Greek and NFKC without markup (5.468994ms)
✔ receipts bind artist request active state and expected version (0.973205ms)
✔ summary rejects subthreshold counts and wrong artist; mine preserves inactive rows (0.956583ms)
✔ interrupted authenticated interest retries identical persisted request, then withdrawal reads real server version (75.783258ms)
✔ native planner shares venue timezone and buffer boundaries (1.214524ms)
✔ native planner cannot accept another tenant or changed appointment preview (0.847179ms)
✔ native planner requires complete unique saved slots matching the preview (0.582395ms)
(node:771026) [MODULE_TYPELESS_PACKAGE_JSON] Warning: Module type of file:///tmp/zoi-company-parent-5n9rnxwb/mobile/src/backendReadiness.ts is not specified and it doesn't parse as CommonJS.
Reparsing as ES module because module syntax was detected. This incurs a performance overhead.
To eliminate this warning, add "type": "module" to /tmp/zoi-company-parent-5n9rnxwb/mobile/package.json.
(Use `node --trace-warnings ...` to show where the warning was created)
✔ verified guardian backend is enabled while unavailable integrations fail closed (1.573273ms)
✔ guardian release gate is backed by complete deployed RPC evidence (0.905087ms)
(node:771032) [MODULE_TYPELESS_PACKAGE_JSON] Warning: Module type of file:///tmp/zoi-company-parent-5n9rnxwb/mobile/src/booking.ts is not specified and it doesn't parse as CommonJS.
Reparsing as ES module because module syntax was detected. This incurs a performance overhead.
To eliminate this warning, add "type": "module" to /tmp/zoi-company-parent-5n9rnxwb/mobile/package.json.
(Use `node --trace-warnings ...` to show where the warning was created)
✔ booking receipts require exact idempotency request, slot and party (2.135691ms)
✔ retry receipt preserves terminal cancellation rather than inventing confirmation (0.25215ms)
✔ booking catalog refuses malformed times and unknown timezone (25.536372ms)
✔ venue times honor the venue timezone rather than device default (1.294943ms)
(node:771038) [MODULE_TYPELESS_PACKAGE_JSON] Warning: Module type of file:///tmp/zoi-company-parent-5n9rnxwb/mobile/src/bookingOperator.ts is not specified and it doesn't parse as CommonJS.
Reparsing as ES module because module syntax was detected. This incurs a performance overhead.
To eliminate this warning, add "type": "module" to /tmp/zoi-company-parent-5n9rnxwb/mobile/package.json.
(Use `node --trace-warnings ...` to show where the warning was created)
✔ operator mutation requires exact workspace and incremented version (1.725927ms)
✔ operator service decimal prices are exact minor units and bounded (0.445651ms)
✔ staff resource cannot silently admit a party (0.247681ms)
✔ schedule converts venue-local time and rejects both DST edge cases (27.135983ms)
✔ native reschedule uses venue-local range and rejects impossible calendar dates (31.471055ms)
✔ reschedule selection pins reviewed version and exact price (0.752683ms)
✔ move receipt requires same booking, expected version, reviewed time and no collected payment (0.564913ms)
(node:771046) [MODULE_TYPELESS_PACKAGE_JSON] Warning: Module type of file:///tmp/zoi-company-parent-5n9rnxwb/mobile/src/brand.ts is not specified and it doesn't parse as CommonJS.
Reparsing as ES module because module syntax was detected. This incurs a performance overhead.
To eliminate this warning, add "type": "module" to /tmp/zoi-company-parent-5n9rnxwb/mobile/package.json.
(Use `node --trace-warnings ...` to show where the warning was created)
✔ native shared body, subdued text and actions stay readable on every adopted surface (6.205739ms)
✔ native and web material colors share the same semantic values (12.652255ms)
(node:771056) [MODULE_TYPELESS_PACKAGE_JSON] Warning: Module type of file:///tmp/zoi-company-parent-5n9rnxwb/mobile/src/businessEdit.ts is not specified and it doesn't parse as CommonJS.
Reparsing as ES module because module syntax was detected. This incurs a performance overhead.
To eliminate this warning, add "type": "module" to /tmp/zoi-company-parent-5n9rnxwb/mobile/package.json.
(Use `node --trace-warnings ...` to show where the warning was created)
✔ only owned and explicitly approved claims can appear in business editor (2.038068ms)
✔ business edit preserves unknown social keys and explicit cleared fields (0.507726ms)
✔ business edit rejects unsafe replacement and ambiguous social payloads (0.577247ms)
(node:771059) [MODULE_TYPELESS_PACKAGE_JSON] Warning: Module type of file:///tmp/zoi-company-parent-5n9rnxwb/mobile/src/calendar.ts is not specified and it doesn't parse as CommonJS.
Reparsing as ES module because module syntax was detected. This incurs a performance overhead.
To eliminate this warning, add "type": "module" to /tmp/zoi-company-parent-5n9rnxwb/mobile/package.json.
(Use `node --trace-warnings ...` to show where the warning was created)
✔ calendar ranges reject impossible dates and bound exactly90 UTC days (1.418765ms)
✔ public calendar rejects private drafts and another listing (0.385359ms)
✔ workspace calendar rejects another tenant (0.238374ms)
✔ same calendar planner validates dates and exact saved receipt (25.051167ms)
✔ profile calendar/group actions require exact same-listing server paths (2.132776ms)
(node:771066) [MODULE_TYPELESS_PACKAGE_JSON] Warning: Module type of file:///tmp/zoi-company-parent-5n9rnxwb/mobile/src/commerce.ts is not specified and it doesn't parse as CommonJS.
Reparsing as ES module because module syntax was detected. This incurs a performance overhead.
To eliminate this warning, add "type": "module" to /tmp/zoi-company-parent-5n9rnxwb/mobile/package.json.
(Use `node --trace-warnings ...` to show where the warning was created)
✔ basket totals preserve decimal precision and separate currencies (2.544193ms)
✔ persisted basket rejects duplicate IDs and invalid quantities (1.130037ms)
✔ adding unavailable options or excessive aggregate quantities fails (0.856898ms)
✔ fresh checkout must match exact official cart and all quantities (1.08926ms)
✔ product imagery and deep links reject untrusted URLs and invalid identifiers (0.672835ms)
✔ native shared option cannot silently substitute another product variant (0.347728ms)
✔ malformed explicit native variant remains an explicit unresolved choice (0.651124ms)
✔ single default display metadata survives native basket mapping without changing provider title (0.785133ms)
(node:771078) [MODULE_TYPELESS_PACKAGE_JSON] Warning: Module type of file:///tmp/zoi-company-parent-5n9rnxwb/mobile/src/community.ts is not specified and it doesn't parse as CommonJS.
Reparsing as ES module because module syntax was detected. This incurs a performance overhead.
To eliminate this warning, add "type": "module" to /tmp/zoi-company-parent-5n9rnxwb/mobile/package.json.
(Use `node --trace-warnings ...` to show where the warning was created)
✔ visible reaction state comes from matching desired-state receipts only (1.452307ms)
✔ reply receipt is scoped to post and actual profile, not auth UUID (0.433769ms)
✔ public profile edits explicitly validate interests and chosen public fields (0.535538ms)
✔ feed preserves server snapshot and rejects a substituted mode (0.399564ms)
✔ recovered publication keeps original account, immutable request and actual receipt identity (0.717688ms)
(node:771097) [MODULE_TYPELESS_PACKAGE_JSON] Warning: Module type of file:///tmp/zoi-company-parent-5n9rnxwb/mobile/src/communityIntent.ts is not specified and it doesn't parse as CommonJS.
Reparsing as ES module because module syntax was detected. This incurs a performance overhead.
To eliminate this warning, add "type": "module" to /tmp/zoi-company-parent-5n9rnxwb/mobile/package.json.
(Use `node --trace-warnings ...` to show where the warning was created)
✔ sign-in retains question composer intent but cannot resume without an actor (2.218065ms)
✔ discussion return retains navigation and does not replay a reaction (0.344281ms)
✔ sign-in may retain public navigation but sign-out or account switch invalidates it (0.21997ms)
(node:771100) [MODULE_TYPELESS_PACKAGE_JSON] Warning: Module type of file:///tmp/zoi-company-parent-5n9rnxwb/mobile/src/communityMedia.ts is not specified and it doesn't parse as CommonJS.
Reparsing as ES module because module syntax was detected. This incurs a performance overhead.
To eliminate this warning, add "type": "module" to /tmp/zoi-company-parent-5n9rnxwb/mobile/package.json.
(Use `node --trace-warnings ...` to show where the warning was created)
✔ media selection validates actual bytes dimensions and video duration before transfer (2.05507ms)
✔ media URLs cannot execute scripts or expose embedded credentials (0.328793ms)
✔ offscreen background low-power reduced-motion and user pause all prevent autoplay (0.396749ms)
✔ upload receipt must match selected media type and a valid finalized identity (0.673085ms)
(node:771102) [MODULE_TYPELESS_PACKAGE_JSON] Warning: Module type of file:///tmp/zoi-company-parent-5n9rnxwb/mobile/src/companyWorkspace.ts is not specified and it doesn't parse as CommonJS.
Reparsing as ES module because module syntax was detected. This incurs a performance overhead.
To eliminate this warning, add "type": "module" to /tmp/zoi-company-parent-5n9rnxwb/mobile/package.json.
(Use `node --trace-warnings ...` to show where the warning was created)
✔ native company aggregates exact active relationships without assuming member Auth identity (2.904033ms)
✔ company draft uses current company ID and existing persisted payload (0.42889ms)
✔ company source rejects foreign (0.42204ms)
✔ company source rejects archived (0.20411ms)
✔ company source rejects missing (0.226943ms)
✔ company source rejects duplicate (0.700526ms)
✔ archived linked project has no company return and archived work is omitted (0.310749ms)
✔ existing roles keep company edit distinct from project work (0.299578ms)
✔ actual SessionClient ignores held Company response after account (52.055041ms)
✔ actual SessionClient ignores held Company response after workspace (2.58012ms)
✔ actual SessionClient ignores held Company response after unmount (3.346047ms)
(node:771123) [MODULE_TYPELESS_PACKAGE_JSON] Warning: Module type of file:///tmp/zoi-company-parent-5n9rnxwb/mobile/src/creator.ts is not specified and it doesn't parse as CommonJS.
Reparsing as ES module because module syntax was detected. This incurs a performance overhead.
To eliminate this warning, add "type": "module" to /tmp/zoi-company-parent-5n9rnxwb/mobile/package.json.
(Use `node --trace-warnings ...` to show where the warning was created)
✔ bio preserves order and unpublished intent in exact server payload (2.338379ms)
✔ bio refuses truncation and unsafe links before save (3.724994ms)
✔ bio needs exact save receipt and never treats empty response as success (6.767034ms)
(node:771124) [MODULE_TYPELESS_PACKAGE_JSON] Warning: Module type of file:///tmp/zoi-company-parent-5n9rnxwb/mobile/src/creatorAccess.ts is not specified and it doesn't parse as CommonJS.
Reparsing as ES module because module syntax was detected. This incurs a performance overhead.
To eliminate this warning, add "type": "module" to /tmp/zoi-company-parent-5n9rnxwb/mobile/package.json.
(Use `node --trace-warnings ...` to show where the warning was created)
✔ authoritative creator denials invalidate private data for reads and writes (2.915104ms)
✔ temporary failure and creator read-only states retain draft and recovery state (0.730421ms)
✔ late denial from an unmounted or different actor cannot clear the current screen (0.497518ms)
✔ successful reads and confirmed writes remain unchanged (0.619105ms)
(node:771130) [MODULE_TYPELESS_PACKAGE_JSON] Warning: Module type of file:///tmp/zoi-company-parent-5n9rnxwb/mobile/src/creatorRecovery.ts is not specified and it doesn't parse as CommonJS.
Reparsing as ES module because module syntax was detected. This incurs a performance overhead.
To eliminate this warning, add "type": "module" to /tmp/zoi-company-parent-5n9rnxwb/mobile/package.json.
(Use `node --trace-warnings ...` to show where the warning was created)
✔ all seven actions execute through durable nonce-only wrapper and validate receipt (7.774232ms)
✔ lost response blocks replacement, exact retry retains immutable memory payload (1.44852ms)
✔ reload has no payload, missing receipt retains fence, cancellation requires exact proof (2.624212ms)
✔ permission denial drops private payload without deleting recovery reference (1.116682ms)
✔ storage failure, corrupt marker and late account change cannot permit dispatch or acknowledgement (0.898975ms)
✔ mismatched saved entity does not discard recovery reference (0.414432ms)
✔ account switch during persisted readback prevents dispatch (0.330215ms)
✔ readback failure after persistence retains marker and fences another send (0.720733ms)
(node:771137) [MODULE_TYPELESS_PACKAGE_JSON] Warning: Module type of file:///tmp/zoi-company-parent-5n9rnxwb/mobile/src/creatorStudio.ts is not specified and it doesn't parse as CommonJS.
Reparsing as ES module because module syntax was detected. This incurs a performance overhead.
To eliminate this warning, add "type": "module" to /tmp/zoi-company-parent-5n9rnxwb/mobile/package.json.
(Use `node --trace-warnings ...` to show where the warning was created)
✔ creator fee is explicit currency units converted to bounded minor units (4.671115ms)
✔ private drafts may be incomplete but sharing needs disclosures and deliverables (0.754596ms)
✔ customer detail rejects internal workspace records and audit data (0.527363ms)
✔ creator mutation receipts require matching workspace and decision request (0.631357ms)
✔ proof links remain explicit public HTTPS links and deliverables honor field limits (0.736743ms)
(node:771157) [MODULE_TYPELESS_PACKAGE_JSON] Warning: Module type of file:///tmp/zoi-company-parent-5n9rnxwb/mobile/src/documentScope.ts is not specified and it doesn't parse as CommonJS.
Reparsing as ES module because module syntax was detected. This incurs a performance overhead.
To eliminate this warning, add "type": "module" to /tmp/zoi-company-parent-5n9rnxwb/mobile/package.json.
(Use `node --trace-warnings ...` to show where the warning was created)
✔ actual SessionClient private documents refresh actor (40.188314ms)
✔ actual SessionClient private documents refresh workspace (1.098808ms)
✔ actual SessionClient private documents refresh project (1.108046ms)
✔ actual SessionClient private documents refresh unmount (0.73996ms)
✔ actual SessionClient private documents refresh unchanged (2.045664ms)
✔ actual SessionClient private documents response actor (14.970766ms)
✔ actual SessionClient private documents response workspace (1.162598ms)
✔ actual SessionClient private documents response project (1.289594ms)
✔ actual SessionClient private documents response unmount (8.457084ms)
✔ actual SessionClient private documents response unchanged (2.068526ms)
✔ private document RPC refuses malformed scopes, unknown writers and foreign workspace before dispatch (0.862437ms)
(node:771158) [MODULE_TYPELESS_PACKAGE_JSON] Warning: Module type of file:///tmp/zoi-company-parent-5n9rnxwb/mobile/src/documents.ts is not specified and it doesn't parse as CommonJS.
Reparsing as ES module because module syntax was detected. This incurs a performance overhead.
To eliminate this warning, add "type": "module" to /tmp/zoi-company-parent-5n9rnxwb/mobile/package.json.
(Use `node --trace-warnings ...` to show where the warning was created)
✔ private upload receipt requires workspace, document identity and ready version (1.907596ms)
✔ private attachment requires no-store, attachment headers, correct type and exact bounded size (42.576327ms)
✔ native document selection uses same metadata limits as server (0.748766ms)
(node:771169) [MODULE_TYPELESS_PACKAGE_JSON] Warning: Module type of file:///tmp/zoi-company-parent-5n9rnxwb/mobile/src/drafts.ts is not specified and it doesn't parse as CommonJS.
Reparsing as ES module because module syntax was detected. This incurs a performance overhead.
To eliminate this warning, add "type": "module" to /tmp/zoi-company-parent-5n9rnxwb/mobile/package.json.
(Use `node --trace-warnings ...` to show where the warning was created)
✔ sign-out removal waits for in-flight draft save and prevents queued resurrection (6.126601ms)
✔ switching account blocks previous account queued draft writes (0.500253ms)
✔ publishing requires explicit success and real UUID receipt (0.381291ms)
✔ native map labels share exact source geometry and boundedpreferences (2.942595ms)
✔ native prepared note shares same nontransactional contract (0.655833ms)
(node:771176) ExperimentalWarning: stripTypeScriptTypes is an experimental feature and might change at any time
(Use `node --trace-warnings ...` to show where the warning was created)
✔ guest link carries only canonical selected event, never credentials (1.785699ms)
✔ organiser handoff validates exact selected workspace and event with fresh authority (1.82433ms)
✔ viewer, missing, duplicate and malformed memberships cannot produce operator link (2.744025ms)
✔ selected workspace never falls back to first membership (0.336397ms)
✔ wrong event and denied operator proof cannot open a link (0.817374ms)
✔ late account/workspace switches fence membership and operator responses (9.829483ms)
(node:771182) [MODULE_TYPELESS_PACKAGE_JSON] Warning: Module type of file:///tmp/zoi-company-parent-5n9rnxwb/mobile/src/session.ts is not specified and it doesn't parse as CommonJS.
Reparsing as ES module because module syntax was detected. This incurs a performance overhead.
To eliminate this warning, add "type": "module" to /tmp/zoi-company-parent-5n9rnxwb/mobile/package.json.
(Use `node --trace-warnings ...` to show where the warning was created)
✔ actual session refresh preserves exact authorised event/workspace without credentials in link (44.301913ms)
✔ held actual refresh refuses private send after workspace switch (1.585506ms)
✔ held actual refresh refuses private send after actor switch (4.692647ms)
✔ late private response is refused after scope change (17.368676ms)
✔ invalid actor, guest, lost scope and unsupported RPC refuse dispatch (0.66542ms)
✔ refresh rejection never dispatches private proof (0.355342ms)
(node:771203) [MODULE_TYPELESS_PACKAGE_JSON] Warning: Module type of file:///tmp/zoi-company-parent-5n9rnxwb/mobile/src/eventPlanner.ts is not specified and it doesn't parse as CommonJS.
Reparsing as ES module because module syntax was detected. This incurs a performance overhead.
To eliminate this warning, add "type": "module" to /tmp/zoi-company-parent-5n9rnxwb/mobile/package.json.
(Use `node --trace-warnings ...` to show where the warning was created)
✔ event plans preserve private notes and reject invalid quantities (27.652796ms)
✔ recovery never substitutes profile or plan version (0.670409ms)
✔ current booking reads cannot import foreign private plans (0.358108ms)
✔ resource units enforce one performer, bounded venue guests and equipment units (0.445931ms)
(node:771204) [MODULE_TYPELESS_PACKAGE_JSON] Warning: Module type of file:///tmp/zoi-company-parent-5n9rnxwb/mobile/src/festival.ts is not specified and it doesn't parse as CommonJS.
Reparsing as ES module because module syntax was detected. This incurs a performance overhead.
To eliminate this warning, add "type": "module" to /tmp/zoi-company-parent-5n9rnxwb/mobile/package.json.
(Use `node --trace-warnings ...` to show where the warning was created)
✔ application ignores client prices and validates contact and units (1.96328ms)
✔ commercial offers use exact cents and bounded benefit lines (24.776556ms)
✔ application receipt requires correct actor tenant enquiry and version (2.41927ms)
✔ private pages reject foreign records and invalid pagination (0.413872ms)
✔ public offer action only uses exact matching host UUID (1.560369ms)
(node:771214) [MODULE_TYPELESS_PACKAGE_JSON] Warning: Module type of file:///tmp/zoi-company-parent-5n9rnxwb/mobile/src/generalReservation.ts is not specified and it doesn't parse as CommonJS.
Reparsing as ES module because module syntax was detected. This incurs a performance overhead.
To eliminate this warning, add "type": "module" to /tmp/zoi-company-parent-5n9rnxwb/mobile/package.json.
(Use `node --trace-warnings ...` to show where the warning was created)
✔ interrupted reservation remains blocked after remount and across tier changes, scoped to actor and event (3.6265ms)
✔ only exact confirmed free receipt clears original attempt; malformed and stale confirmations preserve warning (1.295766ms)
✔ storage failure and account change stop request preparation before network action (0.451962ms)
✔ new request recovery accepts only exact nonce/event/tier/quantity receipt, with no contact storage (7.065651ms)
✔ legacy saved requests cannot be upgraded to once protocol, and malformed recovery never clears warning (1.269766ms)
✔ recovered creation receipt cannot imply active ticket after cancellation or closed event (0.405225ms)
✔ signing in cannot bypass an unresolved guest reservation or reuse its nonce as an account request (1.84559ms)
✔ confirmed nonce reference survives reopening without contacts and never claims cached ticket status (1.158289ms)
✔ confirmed references cap at five, expire after one year, and storage failure preserves unresolved warning (3.061036ms)
✔ member state accepts closed group with own history but rejects unrelated membership (1.76488ms)
✔ membership decisions validate tenant identity and exact increment (0.488771ms)
✔ attendance receipt binds event membership and status (0.396359ms)
✔ membership settings cannot cross workspace or skip version (0.316359ms)
(node:771235) [MODULE_TYPELESS_PACKAGE_JSON] Warning: Module type of file:///tmp/zoi-company-parent-5n9rnxwb/mobile/src/inquiries.ts is not specified and it doesn't parse as CommonJS.
Reparsing as ES module because module syntax was detected. This incurs a performance overhead.
To eliminate this warning, add "type": "module" to /tmp/zoi-company-parent-5n9rnxwb/mobile/package.json.
(Use `node --trace-warnings ...` to show where the warning was created)
✔ enquiry start validates actor listing and immutable request payload (2.043439ms)
✔ reply requires exact author thread request and body receipt (0.412339ms)
✔ thread read guards workspace message identity and readonly contract (0.456301ms)
✔ enquiry inputs reject invalid IDs and oversized empty messages (0.341216ms)
(node:771239) [MODULE_TYPELESS_PACKAGE_JSON] Warning: Module type of file:///tmp/zoi-company-parent-5n9rnxwb/mobile/src/privateRequests.ts is not specified and it doesn't parse as CommonJS.
Reparsing as ES module because module syntax was detected. This incurs a performance overhead.
To eliminate this warning, add "type": "module" to /tmp/zoi-company-parent-5n9rnxwb/mobile/package.json.
(Use `node --trace-warnings ...` to show where the warning was created)
✔ restart restores nonce-only metadata and prevents replacement (4.609693ms)
✔ A to B to A protects and preserves original marker (2.598514ms)
✔ SecureStore failure and silent adapter failure prevent dispatch (1.666506ms)
✔ receipt requires exact nonce kind and target; notfound is not cancellation (0.497026ms)
✔ failed recovery keeps marker until confirmed cancellation acknowledgement (3.744179ms)
✔ corrupt active null prevents a replacement inquiry nonce (0.586523ms)
(node:771248) [MODULE_TYPELESS_PACKAGE_JSON] Warning: Module type of file:///tmp/zoi-company-parent-5n9rnxwb/mobile/src/memberStart.ts is not specified and it doesn't parse as CommonJS.
Reparsing as ES module because module syntax was detected. This incurs a performance overhead.
To eliminate this warning, add "type": "module" to /tmp/zoi-company-parent-5n9rnxwb/mobile/package.json.
(Use `node --trace-warnings ...` to show where the warning was created)
✔ server profile identity includes no-deadline assignment and excludes Auth UUID assignment (3.841367ms)
✔ reject ambiguous member scope role (0.365752ms)
✔ reject ambiguous member scope workspace (0.11804ms)
✔ reject ambiguous member scope profile (0.102531ms)
✔ reject ambiguous member scope record (0.256679ms)
✔ actual token refresh fences workspace_team_get actor (34.116476ms)
✔ actual token refresh fences workspace_team_get workspace (1.729314ms)
✔ actual token refresh fences workspace_team_get unmount (3.045577ms)
✔ actual token refresh fences workspace_team_get rotation (1.022216ms)
✔ actual token refresh fences ops_records_list actor (0.696188ms)
✔ actual token refresh fences ops_records_list workspace (2.493328ms)
✔ actual token refresh fences ops_records_list unmount (0.704894ms)
✔ actual token refresh fences ops_records_list rotation (3.059192ms)
✔ actual token refresh fences social_list_posts actor (0.920776ms)
✔ actual token refresh fences social_list_posts workspace (0.739158ms)
✔ actual token refresh fences social_list_posts unmount (0.773242ms)
✔ actual token refresh fences social_list_posts rotation (0.784493ms)
✔ actual token refresh fences booking_operator_list actor (0.351214ms)
✔ actual token refresh fences booking_operator_list workspace (0.332991ms)
✔ actual token refresh fences booking_operator_list unmount (1.217109ms)
✔ actual token refresh fences booking_operator_list rotation (0.542171ms)
✔ held actual response rejects retired actor (29.613683ms)
✔ held actual response rejects retired workspace (2.459254ms)
✔ held actual response rejects retired unmount (0.811002ms)
✔ wrong workspace argument never dispatches (0.319586ms)
(node:771249) [MODULE_TYPELESS_PACKAGE_JSON] Warning: Module type of file:///tmp/zoi-company-parent-5n9rnxwb/mobile/src/music.ts is not specified and it doesn't parse as CommonJS.
Reparsing as ES module because module syntax was detected. This incurs a performance overhead.
To eliminate this warning, add "type": "module" to /tmp/zoi-company-parent-5n9rnxwb/mobile/package.json.
(Use `node --trace-warnings ...` to show where the warning was created)
✔ music prefill honors explicit cleared flat fields over old nested aliases (1.875717ms)
✔ music clearing sends null and leaves unrelated owner fields untouched (1.554197ms)
✔ music validation rejects unsafe links and impossible dates (1.168848ms)
(node:771268) [MODULE_TYPELESS_PACKAGE_JSON] Warning: Module type of file:///tmp/zoi-company-parent-5n9rnxwb/mobile/src/operations.ts is not specified and it doesn't parse as CommonJS.
Reparsing as ES module because module syntax was detected. This incurs a performance overhead.
To eliminate this warning, add "type": "module" to /tmp/zoi-company-parent-5n9rnxwb/mobile/package.json.
(Use `node --trace-warnings ...` to show where the warning was created)
✔ save receipts require correct workspace, identity and incremented version (2.675136ms)
✔ editor can edit contacts/projects/tasks but not company records; viewers cannot write (0.262379ms)
✔ full-form edits preserve custom existing data and explicitly clear relations (1.073421ms)
✔ invalid deadline and blank title fail before sending (0.420515ms)
✔ projects require company and tasks require project before sending (0.578107ms)
✔ unicode payload byte limit is enforced before sending (5.961543ms)
✔ unmodified deadline preserves its exact timestamp (1.803813ms)
✔ new company has valid default sector and cannot submit blank sector (0.452364ms)
(node:771271) [MODULE_TYPELESS_PACKAGE_JSON] Warning: Module type of file:///tmp/zoi-company-parent-5n9rnxwb/mobile/src/organizationWorkflow.ts is not specified and it doesn't parse as CommonJS.
Reparsing as ES module because module syntax was detected. This incurs a performance overhead.
To eliminate this warning, add "type": "module" to /tmp/zoi-company-parent-5n9rnxwb/mobile/package.json.
(Use `node --trace-warnings ...` to show where the warning was created)
✔ contextual native drafts preserve saved relationships and real writer payload (2.974654ms)
✔ project browser handoff fresh role owner (0.583247ms)
✔ project browser handoff fresh role admin (0.271526ms)
✔ project browser handoff fresh role editor (0.202337ms)
✔ project browser handoff fresh role viewer (2.044051ms)
✔ reject missing project context (0.362245ms)
✔ reject archived project context (0.237574ms)
✔ reject duplicate project context (0.246129ms)
✔ reject foreign project context (0.319135ms)
✔ reject scope project context (0.390649ms)
✔ actual SessionClient held refresh actor (38.194517ms)
✔ actual SessionClient held refresh workspace (0.900769ms)
✔ actual SessionClient held refresh unchanged (0.739207ms)
(node:771282) [MODULE_TYPELESS_PACKAGE_JSON] Warning: Module type of file:///tmp/zoi-company-parent-5n9rnxwb/mobile/src/ownerEditorHandoff.ts is not specified and it doesn't parse as CommonJS.
Reparsing as ES module because module syntax was detected. This incurs a performance overhead.
To eliminate this warning, add "type": "module" to /tmp/zoi-company-parent-5n9rnxwb/mobile/package.json.
(Use `node --trace-warnings ...` to show where the warning was created)
✔ fresh authorization opens only fixed browser editor, with exact authorized listing and without credentials (2.534233ms)
✔ account or workspace switch during authorization never opens browser (0.312602ms)
✔ invalid identity, denied access and mismatched receipts never open browser (0.946965ms)
✔ revoked or failed authorization surfaces failure without opening (0.678755ms)
(node:771291) ExperimentalWarning: stripTypeScriptTypes is an experimental feature and might change at any time
(Use `node --trace-warnings ...` to show where the warning was created)
✔ private link exact canonical event and opaque fragment only (2.368085ms)
✔ current own group counts whole-ticket quantities and expires without paid inference (0.607041ms)
✔ recipient preview rejects expired, cross-event, missing no-payment envelope and malformed amounts (1.912966ms)
✔ own reader binds list and detail IDs and profile distinct from Auth UUID (0.592966ms)
✔ refresh/response scope changes prevent private request or result use (0.673315ms)
(node:771298) [MODULE_TYPELESS_PACKAGE_JSON] Warning: Module type of file:///tmp/zoi-company-parent-5n9rnxwb/mobile/src/placeNavigation.ts is not specified and it doesn't parse as CommonJS.
Reparsing as ES module because module syntax was detected. This incurs a performance overhead.
To eliminate this warning, add "type": "module" to /tmp/zoi-company-parent-5n9rnxwb/mobile/package.json.
(Use `node --trace-warnings ...` to show where the warning was created)
✔ current public slug wins over stale unhashed artist SEO path (1.761764ms)
✔ fallback permits only internal profile routes (0.505101ms)
(node:771299) [MODULE_TYPELESS_PACKAGE_JSON] Warning: Module type of file:///tmp/zoi-company-parent-5n9rnxwb/mobile/src/privateRequests.ts is not specified and it doesn't parse as CommonJS.
Reparsing as ES module because module syntax was detected. This incurs a performance overhead.
To eliminate this warning, add "type": "module" to /tmp/zoi-company-parent-5n9rnxwb/mobile/package.json.
(Use `node --trace-warnings ...` to show where the warning was created)
✔ private recovery stores exact Unicode across bounded secure chunks (19.538046ms)
✔ account switch cannot read or save another account’s private request (0.957064ms)
✔ sign-out cleanup runs after queued writes and removes every chunk (5.261688ms)
✔ incomplete persistence is never mistaken for a retryable request (6.619569ms)
✔ cleanup failure cannot roll back a committed recovery request (1.635639ms)
✔ separate workflows keep distinct encrypted recovery namespaces (1.245972ms)
✔ failed storage cleanup retains a discoverable manifest until explicit cleanup succeeds (1.932202ms)
✔ non-null malformed manifests never masquerade as no pending request (1.170141ms)
✔ valid active-null pending manifest remains interrupted, not empty (0.35394ms)
✔ an active null payload is corruption rather than no pending request (0.592214ms)
(node:771313) [MODULE_TYPELESS_PACKAGE_JSON] Warning: Module type of file:///tmp/zoi-company-parent-5n9rnxwb/mobile/src/profile.ts is not specified and it doesn't parse as CommonJS.
Reparsing as ES module because module syntax was detected. This incurs a performance overhead.
To eliminate this warning, add "type": "module" to /tmp/zoi-company-parent-5n9rnxwb/mobile/package.json.
(Use `node --trace-warnings ...` to show where the warning was created)
✔ profile gives owner fields priority, merges actual socials and labels enrichment (5.691249ms)
✔ profile never fabricates verification or ratings from owner data (0.500974ms)
✔ profile rejects unsafe external schemes and credentials (0.410705ms)
✔ missing entity is absent, not invented profile (0.244927ms)
✔ profile actions require exact server routes and matching booking listing (3.439081ms)
✔ private enquiry entry requires server invitation for this same listing (0.510932ms)
✔ profile photos preserve wide logos, portraits and small artwork (0.420503ms)
✔ image loading supports native source dimensions and web natural dimensions (0.222264ms)
✔ native uses shared phone validity and authoritative owner clear (0.668566ms)
✔ native machine social syntax and exact publisher identity match web while owner links survive (2.046966ms)
✔ native Fournos chain root contacts cannot replace branch base or explicit owner values (0.864262ms)
(node:771315) [MODULE_TYPELESS_PACKAGE_JSON] Warning: Module type of file:///tmp/zoi-company-parent-5n9rnxwb/mobile/src/seating.ts is not specified and it doesn't parse as CommonJS.
Reparsing as ES module because module syntax was detected. This incurs a performance overhead.
To eliminate this warning, add "type": "module" to /tmp/zoi-company-parent-5n9rnxwb/mobile/package.json.
(Use `node --trace-warnings ...` to show where the warning was created)
✔ hold requires exact requested seats and confirmed receipt (1.886086ms)
✔ free confirmation rejects payment, quantity, seat and hold mismatches (0.431304ms)
✔ foreground status restores exact hold and validates cancellation (0.870713ms)
✔ countdown accounts for server clock and clamps expired holds (0.245858ms)
✔ missing inventory stays unavailable and malformed maps never invent seats (0.768673ms)
✔ seat inventory uses actual geometry and rejects unsafe bigint IDs or unknown state (1.078801ms)
(node:771328) [MODULE_TYPELESS_PACKAGE_JSON] Warning: Module type of file:///tmp/zoi-company-parent-5n9rnxwb/mobile/src/session.ts is not specified and it doesn't parse as CommonJS.
Reparsing as ES module because module syntax was detected. This incurs a performance overhead.
To eliminate this warning, add "type": "module" to /tmp/zoi-company-parent-5n9rnxwb/mobile/package.json.
(Use `node --trace-warnings ...` to show where the warning was created)
✔ persists only refresh credential and restores by exchanging it (42.444139ms)
✔ expired concurrent API requests share one refresh and use renewed token (14.276272ms)
✔ invalid refresh removes stored credential and session (1.505817ms)
✔ transient refresh failure preserves credential for recovery (0.432095ms)
✔ sign-out clears device credentials even if revocation is offline (0.44513ms)
✔ in-flight sign-in cannot resurrect a signed-out account (1.530503ms)
✔ anonymous authenticated RPC is rejected without making a request (0.278239ms)
✔ application error envelopes cannot appear as publishing success (1.076807ms)
✔ server-rejected access token clears session without replaying mutation (1.097125ms)
✔ optimistic edit conflict is explained without replaying the write (1.108386ms)
✔ fetch transport uses global receiver required by browsers (0.513097ms)
✔ community validation errors remain actionable without treating them as password failures (0.928912ms)
(node:771335) [MODULE_TYPELESS_PACKAGE_JSON] Warning: Module type of file:///tmp/zoi-company-parent-5n9rnxwb/mobile/src/sponsorFulfillment.ts is not specified and it doesn't parse as CommonJS.
Reparsing as ES module because module syntax was detected. This incurs a performance overhead.
To eliminate this warning, add "type": "module" to /tmp/zoi-company-parent-5n9rnxwb/mobile/package.json.
(Use `node --trace-warnings ...` to show where the warning was created)
✔ fresh approved sponsor ok (2.106597ms)
✔ fresh approved sponsor viewer (0.543463ms)
✔ fresh approved sponsor cancelled (0.239758ms)
✔ fresh approved sponsor foreign (0.172481ms)
✔ fresh approved sponsor capability (0.262359ms)
✔ fresh approved sponsor missing (0.22565ms)
✔ actual SessionClient refresh fence actor (33.458379ms)
✔ actual SessionClient refresh fence workspace (0.781607ms)
✔ actual SessionClient refresh fence unchanged (1.111472ms)
(node:771343) [MODULE_TYPELESS_PACKAGE_JSON] Warning: Module type of file:///tmp/zoi-company-parent-5n9rnxwb/mobile/src/timekeeping.ts is not specified and it doesn't parse as CommonJS.
Reparsing as ES module because module syntax was detected. This incurs a performance overhead.
To eliminate this warning, add "type": "module" to /tmp/zoi-company-parent-5n9rnxwb/mobile/package.json.
(Use `node --trace-warnings ...` to show where the warning was created)
✔ manual time uses explicit validated duration and hourly cents (29.015217ms)
✔ timer start excludes client-controlled start and duration (0.266336ms)
✔ receipts require tenant actor version and terminal state (0.419412ms)
✔ dashboard rejects another editor’s private narrative and foreign timer (0.472401ms)
✔ timesheet CSV prevents formula execution and escapes multiline quotes (0.440171ms)
(node:771344) [MODULE_TYPELESS_PACKAGE_JSON] Warning: Module type of file:///tmp/zoi-company-parent-5n9rnxwb/mobile/src/trips.ts is not specified and it doesn't parse as CommonJS.
Reparsing as ES module because module syntax was detected. This incurs a performance overhead.
To eliminate this warning, add "type": "module" to /tmp/zoi-company-parent-5n9rnxwb/mobile/package.json.
(Use `node --trace-warnings ...` to show where the warning was created)
✔ trip dates require explicit zone and reject reversed or overlong stops (17.978523ms)
✔ private itinerary cannot accept another profile or trip receipt (0.530899ms)
✔ appearance discovery cannot substitute another artist or claim inferred confirmation (0.889047ms)
✔ appearance proposal requires source HTTPS and real distinct listing IDs (1.396924ms)
(node:771350) [MODULE_TYPELESS_PACKAGE_JSON] Warning: Module type of file:///tmp/zoi-company-parent-5n9rnxwb/mobile/src/volunteer.ts is not specified and it doesn't parse as CommonJS.
Reparsing as ES module because module syntax was detected. This incurs a performance overhead.
To eliminate this warning, add "type": "module" to /tmp/zoi-company-parent-5n9rnxwb/mobile/package.json.
(Use `node --trace-warnings ...` to show where the warning was created)
✔ volunteer invitation extracts explicit organization ID only (1.849216ms)
✔ withdrawn public opportunity stays unavailable even if saved shift was scheduled (25.011884ms)
✔ shift actions never reopen cancelled or started history (0.275012ms)
✔ signup and cancellation receipts must identify the same shift and final state (0.633301ms)
✔ organization writes require workspace identity and exact version increment (0.614735ms)
(node:771356) [MODULE_TYPELESS_PACKAGE_JSON] Warning: Module type of file:///tmp/zoi-company-parent-5n9rnxwb/mobile/src/volunteerOperations.ts is not specified and it doesn't parse as CommonJS.
Reparsing as ES module because module syntax was detected. This incurs a performance overhead.
To eliminate this warning, add "type": "module" to /tmp/zoi-company-parent-5n9rnxwb/mobile/package.json.
(Use `node --trace-warnings ...` to show where the warning was created)
✔ org_operation_save actual SessionClient token refresh actor (33.748458ms)
✔ org_operation_save actual SessionClient token refresh workspace (0.996989ms)
✔ org_operation_save actual SessionClient token refresh unchanged (1.101563ms)
✔ org_signup actual SessionClient token refresh actor (0.849753ms)
✔ org_signup actual SessionClient token refresh workspace (1.589122ms)
✔ org_signup actual SessionClient token refresh unchanged (0.608765ms)
✔ org_signup_cancel actual SessionClient token refresh actor (0.72416ms)
✔ org_signup_cancel actual SessionClient token refresh workspace (0.717768ms)
✔ org_signup_cancel actual SessionClient token refresh unchanged (0.886853ms)
✔ org_roster actual SessionClient token refresh actor (0.726735ms)
✔ org_roster actual SessionClient token refresh workspace (0.476729ms)
✔ org_roster actual SessionClient token refresh unchanged (0.708832ms)
✔ lost native create survives remount and clears only exact receipt (1.149914ms)
✔ cancel unknown native create validates workspace/request and preserves marker on wrong response (0.561677ms)
✔ generic authorization denial is recognizable without matching server wording (0.181138ms)
✔ absent installed capability keeps pending recovery and dispatches no operation (0.355603ms)
(node:771364) [MODULE_TYPELESS_PACKAGE_JSON] Warning: Module type of file:///tmp/zoi-company-parent-5n9rnxwb/mobile/src/webHandoffs.ts is not specified and it doesn't parse as CommonJS.
Reparsing as ES module because module syntax was detected. This incurs a performance overhead.
To eliminate this warning, add "type": "module" to /tmp/zoi-company-parent-5n9rnxwb/mobile/package.json.
(Use `node --trace-warnings ...` to show where the warning was created)
✔ music shelf and unscoped personal calendar explicitly reach their actual web capabilities (1.745974ms)
✔ native parish calendar, member discussion and artist homes stay native (0.422137ms)
✔ handoff resolver never opens spoofed hosts or credentials (0.259464ms)
✔ map deep links use the real web map and preserve only public search/place/view context (1.076006ms)
✔ explicit guardian links hand off only public listing context, adult groups stay native (0.755408ms)
(node:771378) ExperimentalWarning: stripTypeScriptTypes is an experimental feature and might change at any time
(Use `node --trace-warnings ...` to show where the warning was created)
✔ roles protect owner/self and admin peer escalation (1.668861ms)
✔ real controller confirms save only after current roster read (1.460493ms)
✔ lost response survives remount; receipt check does not resend (2.525939ms)
✔ unknown request blocks new write and safely cancels (0.701287ms)
✔ conflict refreshes membership; storage failure prevents submission (0.613824ms)
✔ authority loss clears private roster and account change fences calls (0.526211ms)
(node:771385) [MODULE_TYPELESS_PACKAGE_JSON] Warning: Module type of file:///tmp/zoi-company-parent-5n9rnxwb/mobile/src/session.ts is not specified and it doesn't parse as CommonJS.
Reparsing as ES module because module syntax was detected. This incurs a performance overhead.
To eliminate this warning, add "type": "module" to /tmp/zoi-company-parent-5n9rnxwb/mobile/package.json.
(Use `node --trace-warnings ...` to show where the warning was created)
(node:771385) ExperimentalWarning: stripTypeScriptTypes is an experimental feature and might change at any time
✔ only scoped team conflict/cancel envelope passes transport for controller verification (33.06745ms)
✔ exact known team SQL rejection preserved; generic 400 and other RPC remain uncertain (5.483652ms)
✔ real SessionClient quota clears marker; ambiguous400 keeps it;403 clears roster (2.630153ms)
✔ youth programme validates exact bounded ages, places and actual listing (1.998676ms)
✔ enrolment requires explicit authority and consent without inferring age (0.590961ms)
✔ enrolment receipts bind guardian child programme and exact version (0.471098ms)
✔ attendance and instructor assignment receipts reject unrelated identity (2.216482ms)
✔ private operator response rejects another workspace or programme roster (0.431975ms)
✔ public catalogue rejects unrelated listing and private family rejects malformed records (0.39698ms)
(node:771399) [MODULE_TYPELESS_PACKAGE_JSON] Warning: Module type of file:///tmp/zoi-company-parent-5n9rnxwb/mobile/src/youthReadiness.ts is not specified and it doesn't parse as CommonJS.
Reparsing as ES module because module syntax was detected. This incurs a performance overhead.
To eliminate this warning, add "type": "module" to /tmp/zoi-company-parent-5n9rnxwb/mobile/package.json.
(Use `node --trace-warnings ...` to show where the warning was created)
✔ native Youth remains read-only without exact installed actor and guardian capability (1.058934ms)
✔ native organizer readiness additionally binds exact workspace and current role (0.24167ms)
(node:771402) [MODULE_TYPELESS_PACKAGE_JSON] Warning: Module type of file:///tmp/zoi-company-parent-5n9rnxwb/mobile/src/session.ts is not specified and it doesn't parse as CommonJS.
Reparsing as ES module because module syntax was detected. This incurs a performance overhead.
To eliminate this warning, add "type": "module" to /tmp/zoi-company-parent-5n9rnxwb/mobile/package.json.
(Use `node --trace-warnings ...` to show where the warning was created)
✔ actual SessionClient youth refresh account fences private dispatch/result (31.800799ms)
✔ actual SessionClient youth refresh workspace fences private dispatch/result (0.541689ms)
✔ actual SessionClient youth refresh unmount fences private dispatch/result (0.585261ms)
✔ actual SessionClient youth response account fences private dispatch/result (5.603014ms)
✔ actual SessionClient youth response workspace fences private dispatch/result (0.914825ms)
✔ actual SessionClient youth response unmount fences private dispatch/result (0.689225ms)
✔ same actor token rotation sends private request using freshly captured token (0.966452ms)
✔ private method cannot dispatch anonymously; denied status remains recognizable (0.360582ms)
✔ installed native capability binds internal guardian profile separately from Auth (0.233185ms)
ℹ tests 318
ℹ suites 0
ℹ pass 318
ℹ fail 0
ℹ cancelled 0
ℹ skipped 0
ℹ todo 0
ℹ duration_ms 845.490697
