(node:767930) ExperimentalWarning: stripTypeScriptTypes is an experimental feature and might change at any time
(Use `node --trace-warnings ...` to show where the warning was created)
✔ owner tool browser handoffs preserve explicit selected workspace with no token (3.037852ms)
✔ missing malformed and injected identities cannot fabricate a setup destination (0.339654ms)
(node:767938) [MODULE_TYPELESS_PACKAGE_JSON] Warning: Module type of file:///tmp/zoi-company-parent-5n9rnxwb/mobile/src/artistMusic.ts is not specified and it doesn't parse as CommonJS.
Reparsing as ES module because module syntax was detected. This incurs a performance overhead.
To eliminate this warning, add "type": "module" to /tmp/zoi-company-parent-5n9rnxwb/mobile/package.json.
(Use `node --trace-warnings ...` to show where the warning was created)
✔ reviewed catalogue binds identity and uses verified high-resolution photos (8.341999ms)
✔ unknown artist never inherits featured content (0.354671ms)
✔ provider links reject spoofed hosts unsafe schemes and credentials (0.324445ms)
✔ city validation supports Greek and NFKC without markup (9.682429ms)
✔ receipts bind artist request active state and expected version (3.916741ms)
✔ summary rejects subthreshold counts and wrong artist; mine preserves inactive rows (1.117002ms)
✔ interrupted authenticated interest retries identical persisted request, then withdrawal reads real server version (99.377738ms)
✔ native planner shares venue timezone and buffer boundaries (1.266351ms)
✔ native planner cannot accept another tenant or changed appointment preview (0.783731ms)
✔ native planner requires complete unique saved slots matching the preview (0.625907ms)
(node:767943) [MODULE_TYPELESS_PACKAGE_JSON] Warning: Module type of file:///tmp/zoi-company-parent-5n9rnxwb/mobile/src/backendReadiness.ts is not specified and it doesn't parse as CommonJS.
Reparsing as ES module because module syntax was detected. This incurs a performance overhead.
To eliminate this warning, add "type": "module" to /tmp/zoi-company-parent-5n9rnxwb/mobile/package.json.
(Use `node --trace-warnings ...` to show where the warning was created)
✔ verified guardian backend is enabled while unavailable integrations fail closed (3.482992ms)
✖ guardian release gate is backed by complete deployed RPC evidence (0.707258ms)
(node:767949) [MODULE_TYPELESS_PACKAGE_JSON] Warning: Module type of file:///tmp/zoi-company-parent-5n9rnxwb/mobile/src/booking.ts is not specified and it doesn't parse as CommonJS.
Reparsing as ES module because module syntax was detected. This incurs a performance overhead.
To eliminate this warning, add "type": "module" to /tmp/zoi-company-parent-5n9rnxwb/mobile/package.json.
(Use `node --trace-warnings ...` to show where the warning was created)
✔ booking receipts require exact idempotency request, slot and party (1.780539ms)
✔ retry receipt preserves terminal cancellation rather than inventing confirmation (0.272408ms)
✔ booking catalog refuses malformed times and unknown timezone (24.849481ms)
✔ venue times honor the venue timezone rather than device default (1.339627ms)
(node:767955) [MODULE_TYPELESS_PACKAGE_JSON] Warning: Module type of file:///tmp/zoi-company-parent-5n9rnxwb/mobile/src/bookingOperator.ts is not specified and it doesn't parse as CommonJS.
Reparsing as ES module because module syntax was detected. This incurs a performance overhead.
To eliminate this warning, add "type": "module" to /tmp/zoi-company-parent-5n9rnxwb/mobile/package.json.
(Use `node --trace-warnings ...` to show where the warning was created)
✔ operator mutation requires exact workspace and incremented version (1.578853ms)
✔ operator service decimal prices are exact minor units and bounded (0.555315ms)
✔ staff resource cannot silently admit a party (0.304949ms)
✔ schedule converts venue-local time and rejects both DST edge cases (40.102644ms)
✔ native reschedule uses venue-local range and rejects impossible calendar dates (52.820111ms)
✔ reschedule selection pins reviewed version and exact price (0.780595ms)
✔ move receipt requires same booking, expected version, reviewed time and no collected payment (0.625827ms)
(node:767966) [MODULE_TYPELESS_PACKAGE_JSON] Warning: Module type of file:///tmp/zoi-company-parent-5n9rnxwb/mobile/src/brand.ts is not specified and it doesn't parse as CommonJS.
Reparsing as ES module because module syntax was detected. This incurs a performance overhead.
To eliminate this warning, add "type": "module" to /tmp/zoi-company-parent-5n9rnxwb/mobile/package.json.
(Use `node --trace-warnings ...` to show where the warning was created)
✔ native shared body, subdued text and actions stay readable on every adopted surface (2.141592ms)
✔ native and web material colors share the same semantic values (5.850596ms)
(node:767976) [MODULE_TYPELESS_PACKAGE_JSON] Warning: Module type of file:///tmp/zoi-company-parent-5n9rnxwb/mobile/src/businessEdit.ts is not specified and it doesn't parse as CommonJS.
Reparsing as ES module because module syntax was detected. This incurs a performance overhead.
To eliminate this warning, add "type": "module" to /tmp/zoi-company-parent-5n9rnxwb/mobile/package.json.
(Use `node --trace-warnings ...` to show where the warning was created)
✔ only owned and explicitly approved claims can appear in business editor (2.104634ms)
✔ business edit preserves unknown social keys and explicit cleared fields (0.487238ms)
✔ business edit rejects unsafe replacement and ambiguous social payloads (0.475026ms)
(node:767983) [MODULE_TYPELESS_PACKAGE_JSON] Warning: Module type of file:///tmp/zoi-company-parent-5n9rnxwb/mobile/src/calendar.ts is not specified and it doesn't parse as CommonJS.
Reparsing as ES module because module syntax was detected. This incurs a performance overhead.
To eliminate this warning, add "type": "module" to /tmp/zoi-company-parent-5n9rnxwb/mobile/package.json.
(Use `node --trace-warnings ...` to show where the warning was created)
✔ calendar ranges reject impossible dates and bound exactly90 UTC days (2.090377ms)
✔ public calendar rejects private drafts and another listing (0.452764ms)
✔ workspace calendar rejects another tenant (0.360542ms)
✔ same calendar planner validates dates and exact saved receipt (43.170724ms)
✔ profile calendar/group actions require exact same-listing server paths (2.302723ms)
(node:767989) [MODULE_TYPELESS_PACKAGE_JSON] Warning: Module type of file:///tmp/zoi-company-parent-5n9rnxwb/mobile/src/commerce.ts is not specified and it doesn't parse as CommonJS.
Reparsing as ES module because module syntax was detected. This incurs a performance overhead.
To eliminate this warning, add "type": "module" to /tmp/zoi-company-parent-5n9rnxwb/mobile/package.json.
(Use `node --trace-warnings ...` to show where the warning was created)
✔ basket totals preserve decimal precision and separate currencies (2.690135ms)
✔ persisted basket rejects duplicate IDs and invalid quantities (1.108717ms)
✔ adding unavailable options or excessive aggregate quantities fails (3.858784ms)
✔ fresh checkout must match exact official cart and all quantities (1.057541ms)
✔ product imagery and deep links reject untrusted URLs and invalid identifiers (2.440809ms)
✔ native shared option cannot silently substitute another product variant (0.29504ms)
✔ malformed explicit native variant remains an explicit unresolved choice (1.438552ms)
✔ single default display metadata survives native basket mapping without changing provider title (0.611099ms)
(node:768003) [MODULE_TYPELESS_PACKAGE_JSON] Warning: Module type of file:///tmp/zoi-company-parent-5n9rnxwb/mobile/src/community.ts is not specified and it doesn't parse as CommonJS.
Reparsing as ES module because module syntax was detected. This incurs a performance overhead.
To eliminate this warning, add "type": "module" to /tmp/zoi-company-parent-5n9rnxwb/mobile/package.json.
(Use `node --trace-warnings ...` to show where the warning was created)
✔ visible reaction state comes from matching desired-state receipts only (1.485348ms)
✔ reply receipt is scoped to post and actual profile, not auth UUID (0.478723ms)
✔ public profile edits explicitly validate interests and chosen public fields (0.446352ms)
✔ feed preserves server snapshot and rejects a substituted mode (0.295761ms)
✔ recovered publication keeps original account, immutable request and actual receipt identity (0.693052ms)
(node:768020) [MODULE_TYPELESS_PACKAGE_JSON] Warning: Module type of file:///tmp/zoi-company-parent-5n9rnxwb/mobile/src/communityIntent.ts is not specified and it doesn't parse as CommonJS.
Reparsing as ES module because module syntax was detected. This incurs a performance overhead.
To eliminate this warning, add "type": "module" to /tmp/zoi-company-parent-5n9rnxwb/mobile/package.json.
(Use `node --trace-warnings ...` to show where the warning was created)
✔ sign-in retains question composer intent but cannot resume without an actor (4.672631ms)
✔ discussion return retains navigation and does not replay a reaction (0.326208ms)
✔ sign-in may retain public navigation but sign-out or account switch invalidates it (0.243474ms)
(node:768022) [MODULE_TYPELESS_PACKAGE_JSON] Warning: Module type of file:///tmp/zoi-company-parent-5n9rnxwb/mobile/src/communityMedia.ts is not specified and it doesn't parse as CommonJS.
Reparsing as ES module because module syntax was detected. This incurs a performance overhead.
To eliminate this warning, add "type": "module" to /tmp/zoi-company-parent-5n9rnxwb/mobile/package.json.
(Use `node --trace-warnings ...` to show where the warning was created)
✔ media selection validates actual bytes dimensions and video duration before transfer (8.814551ms)
✔ media URLs cannot execute scripts or expose embedded credentials (0.382493ms)
✔ offscreen background low-power reduced-motion and user pause all prevent autoplay (0.291293ms)
✔ upload receipt must match selected media type and a valid finalized identity (0.712308ms)
(node:768028) [MODULE_TYPELESS_PACKAGE_JSON] Warning: Module type of file:///tmp/zoi-company-parent-5n9rnxwb/mobile/src/companyWorkspace.ts is not specified and it doesn't parse as CommonJS.
Reparsing as ES module because module syntax was detected. This incurs a performance overhead.
To eliminate this warning, add "type": "module" to /tmp/zoi-company-parent-5n9rnxwb/mobile/package.json.
(Use `node --trace-warnings ...` to show where the warning was created)
✔ native company aggregates exact active relationships without assuming member Auth identity (6.885475ms)
✔ company draft uses current company ID and existing persisted payload (0.752543ms)
✔ company source rejects foreign (1.033466ms)
✔ company source rejects archived (0.326749ms)
✔ company source rejects missing (0.368186ms)
✔ company source rejects duplicate (0.341757ms)
✔ archived linked project has no company return and archived work is omitted (0.452624ms)
✔ existing roles keep company edit distinct from project work (0.195975ms)
✔ actual SessionClient ignores held Company response after account (60.722044ms)
✔ actual SessionClient ignores held Company response after workspace (2.952754ms)
✔ actual SessionClient ignores held Company response after unmount (1.026784ms)
(node:768046) [MODULE_TYPELESS_PACKAGE_JSON] Warning: Module type of file:///tmp/zoi-company-parent-5n9rnxwb/mobile/src/creator.ts is not specified and it doesn't parse as CommonJS.
Reparsing as ES module because module syntax was detected. This incurs a performance overhead.
To eliminate this warning, add "type": "module" to /tmp/zoi-company-parent-5n9rnxwb/mobile/package.json.
(Use `node --trace-warnings ...` to show where the warning was created)
✔ bio preserves order and unpublished intent in exact server payload (2.460356ms)
✔ bio refuses truncation and unsafe links before save (0.703993ms)
✔ bio needs exact save receipt and never treats empty response as success (0.534757ms)
(node:768047) [MODULE_TYPELESS_PACKAGE_JSON] Warning: Module type of file:///tmp/zoi-company-parent-5n9rnxwb/mobile/src/creatorAccess.ts is not specified and it doesn't parse as CommonJS.
Reparsing as ES module because module syntax was detected. This incurs a performance overhead.
To eliminate this warning, add "type": "module" to /tmp/zoi-company-parent-5n9rnxwb/mobile/package.json.
(Use `node --trace-warnings ...` to show where the warning was created)
✔ authoritative creator denials invalidate private data for reads and writes (3.102614ms)
✔ temporary failure and creator read-only states retain draft and recovery state (0.769455ms)
✔ late denial from an unmounted or different actor cannot clear the current screen (0.467061ms)
✔ successful reads and confirmed writes remain unchanged (0.347859ms)
(node:768061) [MODULE_TYPELESS_PACKAGE_JSON] Warning: Module type of file:///tmp/zoi-company-parent-5n9rnxwb/mobile/src/creatorRecovery.ts is not specified and it doesn't parse as CommonJS.
Reparsing as ES module because module syntax was detected. This incurs a performance overhead.
To eliminate this warning, add "type": "module" to /tmp/zoi-company-parent-5n9rnxwb/mobile/package.json.
(Use `node --trace-warnings ...` to show where the warning was created)
✔ all seven actions execute through durable nonce-only wrapper and validate receipt (7.638759ms)
✔ lost response blocks replacement, exact retry retains immutable memory payload (1.476282ms)
✔ reload has no payload, missing receipt retains fence, cancellation requires exact proof (2.526931ms)
✔ permission denial drops private payload without deleting recovery reference (1.03534ms)
✔ storage failure, corrupt marker and late account change cannot permit dispatch or acknowledgement (1.138833ms)
✔ mismatched saved entity does not discard recovery reference (0.411387ms)
✔ account switch during persisted readback prevents dispatch (0.431625ms)
✔ readback failure after persistence retains marker and fences another send (0.703532ms)
(node:768067) [MODULE_TYPELESS_PACKAGE_JSON] Warning: Module type of file:///tmp/zoi-company-parent-5n9rnxwb/mobile/src/creatorStudio.ts is not specified and it doesn't parse as CommonJS.
Reparsing as ES module because module syntax was detected. This incurs a performance overhead.
To eliminate this warning, add "type": "module" to /tmp/zoi-company-parent-5n9rnxwb/mobile/package.json.
(Use `node --trace-warnings ...` to show where the warning was created)
✔ creator fee is explicit currency units converted to bounded minor units (2.07097ms)
✔ private drafts may be incomplete but sharing needs disclosures and deliverables (4.797673ms)
✔ customer detail rejects internal workspace records and audit data (0.846649ms)
✔ creator mutation receipts require matching workspace and decision request (0.572077ms)
✔ proof links remain explicit public HTTPS links and deliverables honor field limits (3.831502ms)
(node:768071) [MODULE_TYPELESS_PACKAGE_JSON] Warning: Module type of file:///tmp/zoi-company-parent-5n9rnxwb/mobile/src/documentScope.ts is not specified and it doesn't parse as CommonJS.
Reparsing as ES module because module syntax was detected. This incurs a performance overhead.
To eliminate this warning, add "type": "module" to /tmp/zoi-company-parent-5n9rnxwb/mobile/package.json.
(Use `node --trace-warnings ...` to show where the warning was created)
✔ actual SessionClient private documents refresh actor (41.778167ms)
✔ actual SessionClient private documents refresh workspace (0.970669ms)
✔ actual SessionClient private documents refresh project (0.767961ms)
✔ actual SessionClient private documents refresh unmount (0.696408ms)
✔ actual SessionClient private documents refresh unchanged (2.259201ms)
✔ actual SessionClient private documents response actor (14.3288ms)
✔ actual SessionClient private documents response workspace (1.200698ms)
✔ actual SessionClient private documents response project (1.277601ms)
✔ actual SessionClient private documents response unmount (3.772382ms)
✔ actual SessionClient private documents response unchanged (1.832055ms)
✔ private document RPC refuses malformed scopes, unknown writers and foreign workspace before dispatch (0.820921ms)
(node:768083) [MODULE_TYPELESS_PACKAGE_JSON] Warning: Module type of file:///tmp/zoi-company-parent-5n9rnxwb/mobile/src/documents.ts is not specified and it doesn't parse as CommonJS.
Reparsing as ES module because module syntax was detected. This incurs a performance overhead.
To eliminate this warning, add "type": "module" to /tmp/zoi-company-parent-5n9rnxwb/mobile/package.json.
(Use `node --trace-warnings ...` to show where the warning was created)
✔ private upload receipt requires workspace, document identity and ready version (2.089855ms)
✔ private attachment requires no-store, attachment headers, correct type and exact bounded size (61.424325ms)
✔ native document selection uses same metadata limits as server (0.728518ms)
(node:768090) [MODULE_TYPELESS_PACKAGE_JSON] Warning: Module type of file:///tmp/zoi-company-parent-5n9rnxwb/mobile/src/drafts.ts is not specified and it doesn't parse as CommonJS.
Reparsing as ES module because module syntax was detected. This incurs a performance overhead.
To eliminate this warning, add "type": "module" to /tmp/zoi-company-parent-5n9rnxwb/mobile/package.json.
(Use `node --trace-warnings ...` to show where the warning was created)
✔ sign-out removal waits for in-flight draft save and prevents queued resurrection (12.581082ms)
✔ switching account blocks previous account queued draft writes (0.587756ms)
✔ publishing requires explicit success and real UUID receipt (0.347688ms)
✔ native map labels share exact source geometry and boundedpreferences (2.211151ms)
✔ native prepared note shares same nontransactional contract (0.78299ms)
(node:768104) ExperimentalWarning: stripTypeScriptTypes is an experimental feature and might change at any time
(Use `node --trace-warnings ...` to show where the warning was created)
✔ guest link carries only canonical selected event, never credentials (1.722641ms)
✔ organiser handoff validates exact selected workspace and event with fresh authority (1.619348ms)
✔ viewer, missing, duplicate and malformed memberships cannot produce operator link (1.079392ms)
✔ selected workspace never falls back to first membership (2.321387ms)
✔ wrong event and denied operator proof cannot open a link (0.721756ms)
✔ late account/workspace switches fence membership and operator responses (10.74517ms)
(node:768110) [MODULE_TYPELESS_PACKAGE_JSON] Warning: Module type of file:///tmp/zoi-company-parent-5n9rnxwb/mobile/src/session.ts is not specified and it doesn't parse as CommonJS.
Reparsing as ES module because module syntax was detected. This incurs a performance overhead.
To eliminate this warning, add "type": "module" to /tmp/zoi-company-parent-5n9rnxwb/mobile/package.json.
(Use `node --trace-warnings ...` to show where the warning was created)
✔ actual session refresh preserves exact authorised event/workspace without credentials in link (48.705831ms)
✔ held actual refresh refuses private send after workspace switch (1.408094ms)
✔ held actual refresh refuses private send after actor switch (0.771819ms)
✔ late private response is refused after scope change (11.696643ms)
✔ invalid actor, guest, lost scope and unsupported RPC refuse dispatch (0.639813ms)
✔ refresh rejection never dispatches private proof (0.320808ms)
(node:768119) [MODULE_TYPELESS_PACKAGE_JSON] Warning: Module type of file:///tmp/zoi-company-parent-5n9rnxwb/mobile/src/eventPlanner.ts is not specified and it doesn't parse as CommonJS.
Reparsing as ES module because module syntax was detected. This incurs a performance overhead.
To eliminate this warning, add "type": "module" to /tmp/zoi-company-parent-5n9rnxwb/mobile/package.json.
(Use `node --trace-warnings ...` to show where the warning was created)
✔ event plans preserve private notes and reject invalid quantities (23.713704ms)
✔ recovery never substitutes profile or plan version (0.736383ms)
✔ current booking reads cannot import foreign private plans (0.339973ms)
✔ resource units enforce one performer, bounded venue guests and equipment units (0.455339ms)
(node:768121) [MODULE_TYPELESS_PACKAGE_JSON] Warning: Module type of file:///tmp/zoi-company-parent-5n9rnxwb/mobile/src/festival.ts is not specified and it doesn't parse as CommonJS.
Reparsing as ES module because module syntax was detected. This incurs a performance overhead.
To eliminate this warning, add "type": "module" to /tmp/zoi-company-parent-5n9rnxwb/mobile/package.json.
(Use `node --trace-warnings ...` to show where the warning was created)
✔ application ignores client prices and validates contact and units (4.24357ms)
✔ commercial offers use exact cents and bounded benefit lines (67.095208ms)
✔ application receipt requires correct actor tenant enquiry and version (7.876332ms)
✔ private pages reject foreign records and invalid pagination (0.494633ms)
✔ public offer action only uses exact matching host UUID (6.487533ms)
(node:768128) [MODULE_TYPELESS_PACKAGE_JSON] Warning: Module type of file:///tmp/zoi-company-parent-5n9rnxwb/mobile/src/generalReservation.ts is not specified and it doesn't parse as CommonJS.
Reparsing as ES module because module syntax was detected. This incurs a performance overhead.
To eliminate this warning, add "type": "module" to /tmp/zoi-company-parent-5n9rnxwb/mobile/package.json.
(Use `node --trace-warnings ...` to show where the warning was created)
✔ interrupted reservation remains blocked after remount and across tier changes, scoped to actor and event (6.218221ms)
✔ only exact confirmed free receipt clears original attempt; malformed and stale confirmations preserve warning (1.359594ms)
✔ storage failure and account change stop request preparation before network action (0.52041ms)
✔ new request recovery accepts only exact nonce/event/tier/quantity receipt, with no contact storage (1.691824ms)
✔ legacy saved requests cannot be upgraded to once protocol, and malformed recovery never clears warning (3.588319ms)
✔ recovered creation receipt cannot imply active ticket after cancellation or closed event (0.361013ms)
✔ signing in cannot bypass an unresolved guest reservation or reuse its nonce as an account request (1.126049ms)
✔ confirmed nonce reference survives reopening without contacts and never claims cached ticket status (1.643264ms)
✔ confirmed references cap at five, expire after one year, and storage failure preserves unresolved warning (3.379961ms)
✔ member state accepts closed group with own history but rejects unrelated membership (1.764529ms)
✔ membership decisions validate tenant identity and exact increment (0.462121ms)
✔ attendance receipt binds event membership and status (0.380399ms)
✔ membership settings cannot cross workspace or skip version (0.31137ms)
(node:768138) [MODULE_TYPELESS_PACKAGE_JSON] Warning: Module type of file:///tmp/zoi-company-parent-5n9rnxwb/mobile/src/inquiries.ts is not specified and it doesn't parse as CommonJS.
Reparsing as ES module because module syntax was detected. This incurs a performance overhead.
To eliminate this warning, add "type": "module" to /tmp/zoi-company-parent-5n9rnxwb/mobile/package.json.
(Use `node --trace-warnings ...` to show where the warning was created)
✔ enquiry start validates actor listing and immutable request payload (2.227712ms)
✔ reply requires exact author thread request and body receipt (0.513357ms)
✔ thread read guards workspace message identity and readonly contract (1.821636ms)
✔ enquiry inputs reject invalid IDs and oversized empty messages (2.880369ms)
(node:768159) [MODULE_TYPELESS_PACKAGE_JSON] Warning: Module type of file:///tmp/zoi-company-parent-5n9rnxwb/mobile/src/privateRequests.ts is not specified and it doesn't parse as CommonJS.
Reparsing as ES module because module syntax was detected. This incurs a performance overhead.
To eliminate this warning, add "type": "module" to /tmp/zoi-company-parent-5n9rnxwb/mobile/package.json.
(Use `node --trace-warnings ...` to show where the warning was created)
✔ restart restores nonce-only metadata and prevents replacement (4.911706ms)
✔ A to B to A protects and preserves original marker (2.329974ms)
✔ SecureStore failure and silent adapter failure prevent dispatch (1.655156ms)
✔ receipt requires exact nonce kind and target; notfound is not cancellation (0.540798ms)
✔ failed recovery keeps marker until confirmed cancellation acknowledgement (4.848558ms)
✔ corrupt active null prevents a replacement inquiry nonce (0.586233ms)
(node:768160) [MODULE_TYPELESS_PACKAGE_JSON] Warning: Module type of file:///tmp/zoi-company-parent-5n9rnxwb/mobile/src/memberStart.ts is not specified and it doesn't parse as CommonJS.
Reparsing as ES module because module syntax was detected. This incurs a performance overhead.
To eliminate this warning, add "type": "module" to /tmp/zoi-company-parent-5n9rnxwb/mobile/package.json.
(Use `node --trace-warnings ...` to show where the warning was created)
✔ server profile identity includes no-deadline assignment and excludes Auth UUID assignment (2.946402ms)
✔ reject ambiguous member scope role (0.367385ms)
✔ reject ambiguous member scope workspace (0.134611ms)
✔ reject ambiguous member scope profile (0.124011ms)
✔ reject ambiguous member scope record (0.179876ms)
✔ actual token refresh fences workspace_team_get actor (45.785227ms)
✔ actual token refresh fences workspace_team_get workspace (3.545189ms)
✔ actual token refresh fences workspace_team_get unmount (0.988212ms)
✔ actual token refresh fences workspace_team_get rotation (1.229141ms)
✔ actual token refresh fences ops_records_list actor (0.646274ms)
✔ actual token refresh fences ops_records_list workspace (0.673856ms)
✔ actual token refresh fences ops_records_list unmount (0.601481ms)
✔ actual token refresh fences ops_records_list rotation (1.17463ms)
✔ actual token refresh fences social_list_posts actor (0.532653ms)
✔ actual token refresh fences social_list_posts workspace (0.543072ms)
✔ actual token refresh fences social_list_posts unmount (0.537361ms)
✔ actual token refresh fences social_list_posts rotation (0.786125ms)
✔ actual token refresh fences booking_operator_list actor (0.379337ms)
✔ actual token refresh fences booking_operator_list workspace (0.363016ms)
✔ actual token refresh fences booking_operator_list unmount (1.036211ms)
✔ actual token refresh fences booking_operator_list rotation (0.664298ms)
✔ held actual response rejects retired actor (22.214901ms)
✔ held actual response rejects retired workspace (0.878447ms)
✔ held actual response rejects retired unmount (1.529192ms)
✔ wrong workspace argument never dispatches (0.217646ms)
(node:768175) [MODULE_TYPELESS_PACKAGE_JSON] Warning: Module type of file:///tmp/zoi-company-parent-5n9rnxwb/mobile/src/music.ts is not specified and it doesn't parse as CommonJS.
Reparsing as ES module because module syntax was detected. This incurs a performance overhead.
To eliminate this warning, add "type": "module" to /tmp/zoi-company-parent-5n9rnxwb/mobile/package.json.
(Use `node --trace-warnings ...` to show where the warning was created)
✔ music prefill honors explicit cleared flat fields over old nested aliases (1.292118ms)
✔ music clearing sends null and leaves unrelated owner fields untouched (1.518881ms)
✔ music validation rejects unsafe links and impossible dates (1.038075ms)
(node:768184) [MODULE_TYPELESS_PACKAGE_JSON] Warning: Module type of file:///tmp/zoi-company-parent-5n9rnxwb/mobile/src/operations.ts is not specified and it doesn't parse as CommonJS.
Reparsing as ES module because module syntax was detected. This incurs a performance overhead.
To eliminate this warning, add "type": "module" to /tmp/zoi-company-parent-5n9rnxwb/mobile/package.json.
(Use `node --trace-warnings ...` to show where the warning was created)
✔ save receipts require correct workspace, identity and incremented version (1.920029ms)
✔ editor can edit contacts/projects/tasks but not company records; viewers cannot write (0.223837ms)
✔ full-form edits preserve custom existing data and explicitly clear relations (1.065336ms)
✔ invalid deadline and blank title fail before sending (0.411297ms)
✔ projects require company and tasks require project before sending (0.704012ms)
✔ unicode payload byte limit is enforced before sending (7.233644ms)
✔ unmodified deadline preserves its exact timestamp (2.25358ms)
✔ new company has valid default sector and cannot submit blank sector (0.432876ms)
(node:768186) [MODULE_TYPELESS_PACKAGE_JSON] Warning: Module type of file:///tmp/zoi-company-parent-5n9rnxwb/mobile/src/organizationWorkflow.ts is not specified and it doesn't parse as CommonJS.
Reparsing as ES module because module syntax was detected. This incurs a performance overhead.
To eliminate this warning, add "type": "module" to /tmp/zoi-company-parent-5n9rnxwb/mobile/package.json.
(Use `node --trace-warnings ...` to show where the warning was created)
✔ contextual native drafts preserve saved relationships and real writer payload (3.510604ms)
✔ project browser handoff fresh role owner (0.467291ms)
✔ project browser handoff fresh role admin (0.168654ms)
✔ project browser handoff fresh role editor (0.171249ms)
✔ project browser handoff fresh role viewer (0.619394ms)
✔ reject missing project context (0.30532ms)
✔ reject archived project context (0.341086ms)
✔ reject duplicate project context (0.197237ms)
✔ reject foreign project context (1.829869ms)
✔ reject scope project context (3.980411ms)
✔ actual SessionClient held refresh actor (33.815174ms)
✔ actual SessionClient held refresh workspace (0.758915ms)
✔ actual SessionClient held refresh unchanged (3.045567ms)
(node:768192) [MODULE_TYPELESS_PACKAGE_JSON] Warning: Module type of file:///tmp/zoi-company-parent-5n9rnxwb/mobile/src/ownerEditorHandoff.ts is not specified and it doesn't parse as CommonJS.
Reparsing as ES module because module syntax was detected. This incurs a performance overhead.
To eliminate this warning, add "type": "module" to /tmp/zoi-company-parent-5n9rnxwb/mobile/package.json.
(Use `node --trace-warnings ...` to show where the warning was created)
✔ fresh authorization opens only fixed browser editor, with exact authorized listing and without credentials (2.75778ms)
✔ account or workspace switch during authorization never opens browser (0.349231ms)
✔ invalid identity, denied access and mismatched receipts never open browser (0.883688ms)
✔ revoked or failed authorization surfaces failure without opening (0.628702ms)
(node:768195) ExperimentalWarning: stripTypeScriptTypes is an experimental feature and might change at any time
(Use `node --trace-warnings ...` to show where the warning was created)
✔ private link exact canonical event and opaque fragment only (3.206628ms)
✔ current own group counts whole-ticket quantities and expires without paid inference (0.851367ms)
✔ recipient preview rejects expired, cross-event, missing no-payment envelope and malformed amounts (0.530679ms)
✔ own reader binds list and detail IDs and profile distinct from Auth UUID (2.760676ms)
✔ refresh/response scope changes prevent private request or result use (0.62238ms)
(node:768201) [MODULE_TYPELESS_PACKAGE_JSON] Warning: Module type of file:///tmp/zoi-company-parent-5n9rnxwb/mobile/src/placeNavigation.ts is not specified and it doesn't parse as CommonJS.
Reparsing as ES module because module syntax was detected. This incurs a performance overhead.
To eliminate this warning, add "type": "module" to /tmp/zoi-company-parent-5n9rnxwb/mobile/package.json.
(Use `node --trace-warnings ...` to show where the warning was created)
✔ current public slug wins over stale unhashed artist SEO path (0.94457ms)
✔ fallback permits only internal profile routes (0.332019ms)
(node:768212) [MODULE_TYPELESS_PACKAGE_JSON] Warning: Module type of file:///tmp/zoi-company-parent-5n9rnxwb/mobile/src/privateRequests.ts is not specified and it doesn't parse as CommonJS.
Reparsing as ES module because module syntax was detected. This incurs a performance overhead.
To eliminate this warning, add "type": "module" to /tmp/zoi-company-parent-5n9rnxwb/mobile/package.json.
(Use `node --trace-warnings ...` to show where the warning was created)
✔ private recovery stores exact Unicode across bounded secure chunks (9.309654ms)
✔ account switch cannot read or save another account’s private request (4.037917ms)
✔ sign-out cleanup runs after queued writes and removes every chunk (3.941408ms)
✔ incomplete persistence is never mistaken for a retryable request (3.33665ms)
✔ cleanup failure cannot roll back a committed recovery request (2.983802ms)
✔ separate workflows keep distinct encrypted recovery namespaces (1.359705ms)
✔ failed storage cleanup retains a discoverable manifest until explicit cleanup succeeds (3.102861ms)
✔ non-null malformed manifests never masquerade as no pending request (1.477033ms)
✔ valid active-null pending manifest remains interrupted, not empty (0.360251ms)
✔ an active null payload is corruption rather than no pending request (0.574331ms)
(node:768220) [MODULE_TYPELESS_PACKAGE_JSON] Warning: Module type of file:///tmp/zoi-company-parent-5n9rnxwb/mobile/src/profile.ts is not specified and it doesn't parse as CommonJS.
Reparsing as ES module because module syntax was detected. This incurs a performance overhead.
To eliminate this warning, add "type": "module" to /tmp/zoi-company-parent-5n9rnxwb/mobile/package.json.
(Use `node --trace-warnings ...` to show where the warning was created)
✔ profile gives owner fields priority, merges actual socials and labels enrichment (5.654781ms)
✔ profile never fabricates verification or ratings from owner data (0.535468ms)
✔ profile rejects unsafe external schemes and credentials (0.451632ms)
✔ missing entity is absent, not invented profile (0.257971ms)
✔ profile actions require exact server routes and matching booking listing (3.262221ms)
✔ private enquiry entry requires server invitation for this same listing (0.728227ms)
✔ profile photos preserve wide logos, portraits and small artwork (0.455729ms)
✔ image loading supports native source dimensions and web natural dimensions (0.283148ms)
✔ native uses shared phone validity and authoritative owner clear (1.28176ms)
✔ native machine social syntax and exact publisher identity match web while owner links survive (2.259131ms)
✔ native Fournos chain root contacts cannot replace branch base or explicit owner values (0.94405ms)
(node:768235) [MODULE_TYPELESS_PACKAGE_JSON] Warning: Module type of file:///tmp/zoi-company-parent-5n9rnxwb/mobile/src/seating.ts is not specified and it doesn't parse as CommonJS.
Reparsing as ES module because module syntax was detected. This incurs a performance overhead.
To eliminate this warning, add "type": "module" to /tmp/zoi-company-parent-5n9rnxwb/mobile/package.json.
(Use `node --trace-warnings ...` to show where the warning was created)
✔ hold requires exact requested seats and confirmed receipt (3.838715ms)
✔ free confirmation rejects payment, quantity, seat and hold mismatches (1.559808ms)
✔ foreground status restores exact hold and validates cancellation (3.197701ms)
✔ countdown accounts for server clock and clamps expired holds (0.262359ms)
✔ missing inventory stays unavailable and malformed maps never invent seats (0.682282ms)
✔ seat inventory uses actual geometry and rejects unsafe bigint IDs or unknown state (1.194526ms)
(node:768236) [MODULE_TYPELESS_PACKAGE_JSON] Warning: Module type of file:///tmp/zoi-company-parent-5n9rnxwb/mobile/src/session.ts is not specified and it doesn't parse as CommonJS.
Reparsing as ES module because module syntax was detected. This incurs a performance overhead.
To eliminate this warning, add "type": "module" to /tmp/zoi-company-parent-5n9rnxwb/mobile/package.json.
(Use `node --trace-warnings ...` to show where the warning was created)
✔ persists only refresh credential and restores by exchanging it (77.568894ms)
✔ expired concurrent API requests share one refresh and use renewed token (12.672613ms)
✔ invalid refresh removes stored credential and session (1.994117ms)
✔ transient refresh failure preserves credential for recovery (0.365432ms)
✔ sign-out clears device credentials even if revocation is offline (1.005895ms)
✔ in-flight sign-in cannot resurrect a signed-out account (5.556959ms)
✔ anonymous authenticated RPC is rejected without making a request (1.318548ms)
✔ application error envelopes cannot appear as publishing success (0.902693ms)
✔ server-rejected access token clears session without replaying mutation (1.43789ms)
✔ optimistic edit conflict is explained without replaying the write (3.702873ms)
✔ fetch transport uses global receiver required by browsers (1.076927ms)
✔ community validation errors remain actionable without treating them as password failures (0.9764ms)
(node:768239) [MODULE_TYPELESS_PACKAGE_JSON] Warning: Module type of file:///tmp/zoi-company-parent-5n9rnxwb/mobile/src/sponsorFulfillment.ts is not specified and it doesn't parse as CommonJS.
Reparsing as ES module because module syntax was detected. This incurs a performance overhead.
To eliminate this warning, add "type": "module" to /tmp/zoi-company-parent-5n9rnxwb/mobile/package.json.
(Use `node --trace-warnings ...` to show where the warning was created)
✔ fresh approved sponsor ok (2.501323ms)
✔ fresh approved sponsor viewer (0.610869ms)
✔ fresh approved sponsor cancelled (0.279702ms)
✔ fresh approved sponsor foreign (2.223364ms)
✔ fresh approved sponsor capability (0.596752ms)
✔ fresh approved sponsor missing (0.203429ms)
✔ actual SessionClient refresh fence actor (41.26979ms)
✔ actual SessionClient refresh fence workspace (0.836569ms)
✔ actual SessionClient refresh fence unchanged (6.051951ms)
(node:768250) [MODULE_TYPELESS_PACKAGE_JSON] Warning: Module type of file:///tmp/zoi-company-parent-5n9rnxwb/mobile/src/timekeeping.ts is not specified and it doesn't parse as CommonJS.
Reparsing as ES module because module syntax was detected. This incurs a performance overhead.
To eliminate this warning, add "type": "module" to /tmp/zoi-company-parent-5n9rnxwb/mobile/package.json.
(Use `node --trace-warnings ...` to show where the warning was created)
✔ manual time uses explicit validated duration and hourly cents (26.095694ms)
✔ timer start excludes client-controlled start and duration (0.253172ms)
✔ receipts require tenant actor version and terminal state (0.502206ms)
✔ dashboard rejects another editor’s private narrative and foreign timer (0.545878ms)
✔ timesheet CSV prevents formula execution and escapes multiline quotes (0.540808ms)
(node:768268) [MODULE_TYPELESS_PACKAGE_JSON] Warning: Module type of file:///tmp/zoi-company-parent-5n9rnxwb/mobile/src/trips.ts is not specified and it doesn't parse as CommonJS.
Reparsing as ES module because module syntax was detected. This incurs a performance overhead.
To eliminate this warning, add "type": "module" to /tmp/zoi-company-parent-5n9rnxwb/mobile/package.json.
(Use `node --trace-warnings ...` to show where the warning was created)
✔ trip dates require explicit zone and reject reversed or overlong stops (29.414491ms)
✔ private itinerary cannot accept another profile or trip receipt (0.682462ms)
✔ appearance discovery cannot substitute another artist or claim inferred confirmation (1.003411ms)
✔ appearance proposal requires source HTTPS and real distinct listing IDs (3.167845ms)
(node:768278) [MODULE_TYPELESS_PACKAGE_JSON] Warning: Module type of file:///tmp/zoi-company-parent-5n9rnxwb/mobile/src/volunteer.ts is not specified and it doesn't parse as CommonJS.
Reparsing as ES module because module syntax was detected. This incurs a performance overhead.
To eliminate this warning, add "type": "module" to /tmp/zoi-company-parent-5n9rnxwb/mobile/package.json.
(Use `node --trace-warnings ...` to show where the warning was created)
✔ volunteer invitation extracts explicit organization ID only (1.648934ms)
✔ withdrawn public opportunity stays unavailable even if saved shift was scheduled (21.120965ms)
✔ shift actions never reopen cancelled or started history (0.277827ms)
✔ signup and cancellation receipts must identify the same shift and final state (0.464175ms)
✔ organization writes require workspace identity and exact version increment (0.37575ms)
(node:768280) [MODULE_TYPELESS_PACKAGE_JSON] Warning: Module type of file:///tmp/zoi-company-parent-5n9rnxwb/mobile/src/volunteerOperations.ts is not specified and it doesn't parse as CommonJS.
Reparsing as ES module because module syntax was detected. This incurs a performance overhead.
To eliminate this warning, add "type": "module" to /tmp/zoi-company-parent-5n9rnxwb/mobile/package.json.
(Use `node --trace-warnings ...` to show where the warning was created)
✔ org_operation_save actual SessionClient token refresh actor (53.069155ms)
✔ org_operation_save actual SessionClient token refresh workspace (1.361057ms)
✔ org_operation_save actual SessionClient token refresh unchanged (1.057902ms)
✔ org_signup actual SessionClient token refresh actor (0.84722ms)
✔ org_signup actual SessionClient token refresh workspace (0.747033ms)
✔ org_signup actual SessionClient token refresh unchanged (1.797421ms)
✔ org_signup_cancel actual SessionClient token refresh actor (0.820469ms)
✔ org_signup_cancel actual SessionClient token refresh workspace (0.753995ms)
✔ org_signup_cancel actual SessionClient token refresh unchanged (0.629794ms)
✔ org_roster actual SessionClient token refresh actor (0.595901ms)
✔ org_roster actual SessionClient token refresh workspace (0.379708ms)
✔ org_roster actual SessionClient token refresh unchanged (1.252655ms)
✔ lost native create survives remount and clears only exact receipt (1.469339ms)
✔ cancel unknown native create validates workspace/request and preserves marker on wrong response (0.604266ms)
✔ generic authorization denial is recognizable without matching server wording (0.208017ms)
✔ absent installed capability keeps pending recovery and dispatches no operation (0.436483ms)
(node:768299) [MODULE_TYPELESS_PACKAGE_JSON] Warning: Module type of file:///tmp/zoi-company-parent-5n9rnxwb/mobile/src/webHandoffs.ts is not specified and it doesn't parse as CommonJS.
Reparsing as ES module because module syntax was detected. This incurs a performance overhead.
To eliminate this warning, add "type": "module" to /tmp/zoi-company-parent-5n9rnxwb/mobile/package.json.
(Use `node --trace-warnings ...` to show where the warning was created)
✔ music shelf and unscoped personal calendar explicitly reach their actual web capabilities (1.969411ms)
✔ native parish calendar, member discussion and artist homes stay native (0.570815ms)
✔ handoff resolver never opens spoofed hosts or credentials (0.390368ms)
✔ map deep links use the real web map and preserve only public search/place/view context (1.258345ms)
✔ explicit guardian links hand off only public listing context, adult groups stay native (1.103747ms)
(node:768300) ExperimentalWarning: stripTypeScriptTypes is an experimental feature and might change at any time
(Use `node --trace-warnings ...` to show where the warning was created)
✔ roles protect owner/self and admin peer escalation (2.81657ms)
✔ real controller confirms save only after current roster read (2.194631ms)
✔ lost response survives remount; receipt check does not resend (1.189677ms)
✔ unknown request blocks new write and safely cancels (0.784092ms)
✔ conflict refreshes membership; storage failure prevents submission (0.657976ms)
✔ authority loss clears private roster and account change fences calls (0.514489ms)
(node:768315) [MODULE_TYPELESS_PACKAGE_JSON] Warning: Module type of file:///tmp/zoi-company-parent-5n9rnxwb/mobile/src/session.ts is not specified and it doesn't parse as CommonJS.
Reparsing as ES module because module syntax was detected. This incurs a performance overhead.
To eliminate this warning, add "type": "module" to /tmp/zoi-company-parent-5n9rnxwb/mobile/package.json.
(Use `node --trace-warnings ...` to show where the warning was created)
(node:768315) ExperimentalWarning: stripTypeScriptTypes is an experimental feature and might change at any time
✔ only scoped team conflict/cancel envelope passes transport for controller verification (38.703857ms)
✔ exact known team SQL rejection preserved; generic 400 and other RPC remain uncertain (6.706772ms)
✔ real SessionClient quota clears marker; ambiguous400 keeps it;403 clears roster (3.613285ms)
✔ youth programme validates exact bounded ages, places and actual listing (2.856765ms)
✔ enrolment requires explicit authority and consent without inferring age (0.565845ms)
✔ enrolment receipts bind guardian child programme and exact version (0.604587ms)
✔ attendance and instructor assignment receipts reject unrelated identity (1.879864ms)
✔ private operator response rejects another workspace or programme roster (0.464826ms)
✔ public catalogue rejects unrelated listing and private family rejects malformed records (0.448176ms)
(node:768326) [MODULE_TYPELESS_PACKAGE_JSON] Warning: Module type of file:///tmp/zoi-company-parent-5n9rnxwb/mobile/src/youthReadiness.ts is not specified and it doesn't parse as CommonJS.
Reparsing as ES module because module syntax was detected. This incurs a performance overhead.
To eliminate this warning, add "type": "module" to /tmp/zoi-company-parent-5n9rnxwb/mobile/package.json.
(Use `node --trace-warnings ...` to show where the warning was created)
✔ native Youth remains read-only without exact installed actor and guardian capability (1.728392ms)
✔ native organizer readiness additionally binds exact workspace and current role (0.324154ms)
(node:768327) [MODULE_TYPELESS_PACKAGE_JSON] Warning: Module type of file:///tmp/zoi-company-parent-5n9rnxwb/mobile/src/session.ts is not specified and it doesn't parse as CommonJS.
Reparsing as ES module because module syntax was detected. This incurs a performance overhead.
To eliminate this warning, add "type": "module" to /tmp/zoi-company-parent-5n9rnxwb/mobile/package.json.
(Use `node --trace-warnings ...` to show where the warning was created)
✔ actual SessionClient youth refresh account fences private dispatch/result (34.321508ms)
✔ actual SessionClient youth refresh workspace fences private dispatch/result (0.830098ms)
✔ actual SessionClient youth refresh unmount fences private dispatch/result (0.621328ms)
✔ actual SessionClient youth response account fences private dispatch/result (6.576523ms)
✔ actual SessionClient youth response workspace fences private dispatch/result (1.28763ms)
✔ actual SessionClient youth response unmount fences private dispatch/result (0.962945ms)
✔ same actor token rotation sends private request using freshly captured token (0.994934ms)
✔ private method cannot dispatch anonymously; denied status remains recognizable (0.457704ms)
✔ installed native capability binds internal guardian profile separately from Auth (0.270634ms)
ℹ tests 318
ℹ suites 0
ℹ pass 317
ℹ fail 1
ℹ cancelled 0
ℹ skipped 0
ℹ todo 0
ℹ duration_ms 1046.147964

✖ failing tests:

test at tests/backendReadiness.test.mjs:3:1
✖ guardian release gate is backed by complete deployed RPC evidence (0.707258ms)
  Error: ENOENT: no such file or directory, open '/tmp/zoi-company-parent-5n9rnxwb/docs/audits/native-backend-dependencies-2026-09-30.json'
      at Object.openSync (node:fs:560:18)
      at readFileSync (node:fs:444:35)
      at TestContext.<anonymous> (file:///tmp/zoi-company-parent-5n9rnxwb/mobile/tests/backendReadiness.test.mjs:3:98)
      at Test.runInAsyncScope (node:async_hooks:228:14)
      at Test.run (node:internal/test_runner/test:1118:25)
      at Test.processPendingSubtests (node:internal/test_runner/test:787:18)
      at Test.postRun (node:internal/test_runner/test:1247:19)
      at Test.run (node:internal/test_runner/test:1175:12)
      at process.processTicksAndRejections (node:internal/process/task_queues:104:5)
      at async startSubtestAfterBootstrap (node:internal/test_runner/harness:358:3) {
    errno: -2,
    code: 'ENOENT',
    syscall: 'open',
    path: '/tmp/zoi-company-parent-5n9rnxwb/docs/audits/native-backend-dependencies-2026-09-30.json'
  }
