✔ sparse company directs authorized caller toward first project without fabricated progress (4.252708ms)
✔ saved blocked and overdue tasks drive actionable next steps, completed deadlines are excluded (1.473226ms)
✔ project/task completion disagreement remains visible and never changes saved records (0.755388ms)
✔ archived and unrelated companies/projects/tasks are not included in completion (0.324285ms)
✔ malformed authority data fails closed {"workspace_id":"00000000-0000-4000-8000-000000000099"} (0.547331ms)
✔ malformed authority data fails closed {"version":0} (0.1396ms)
✔ malformed authority data fails closed {"title":""} (0.229317ms)
✔ malformed authority data fails closed {"status":"pretend"} (0.125444ms)
✔ malformed authority data fails closed {"id":"bad"} (0.499241ms)
✔ document project context exposes only exact active project and saved document versions (0.72979ms)
✔ private project documents reject viewer (0.371052ms)
✔ private project documents reject foreign (0.247511ms)
✔ private project documents reject other_project (0.19859ms)
✔ private project documents reject removed_project (0.168534ms)
✔ private project documents reject duplicate_project (0.174365ms)
✔ private project documents reject bad_version (0.26295ms)
✔ company aggregation follows exact persisted project linkage (1.862351ms)
✔ company context fail closed missing (0.480145ms)
✔ company context fail closed archived (0.284911ms)
✔ company context fail closed scope (0.194623ms)
✔ company context fail closed duplicate (0.210312ms)
✔ private files use project scope and never imply other company ownership (0.431645ms)
✔ durable company route preserves exact UUID and rejects malformed intent (1.886386ms)
ℹ tests 23
ℹ suites 0
ℹ pass 23
ℹ fail 0
ℹ cancelled 0
ℹ skipped 0
ℹ todo 0
ℹ duration_ms 121.329778
