(node:40621) [MODULE_TYPELESS_PACKAGE_JSON] Warning: Module type of file:///workspaces/zoi-city/.recovery/community-release/mobile/src/session.ts is not specified and it doesn't parse as CommonJS.
Reparsing as ES module because module syntax was detected. This incurs a performance overhead.
To eliminate this warning, add "type": "module" to /workspaces/zoi-city/.recovery/community-release/mobile/package.json.
(Use `node --trace-warnings ...` to show where the warning was created)
PASS actual native Discovery card/detail media actual 390
PASS actual native Discovery card/detail media owner-photo 390
PASS actual native Discovery card/detail media owner-clear 390
PASS actual native Discovery card/detail media website-edit 390
PASS actual native Discovery card/detail media website-clear 390
PASS actual native Discovery card/detail media quarantine 390
PASS actual native Discovery card/detail media all-clear 390
PASS actual native Discovery card/detail media sparse 390
PASS actual native Discovery card/detail media poster 390
PASS actual native Discovery card/detail media gallery-only 390
PASS actual native Discovery card/detail media broken-image 390
PASS actual native Discovery card/detail media logo-only 390
PASS actual native Discovery card/detail media actual 1440
PASS actual native Discovery card/detail media owner-photo 1440
PASS actual native Discovery card/detail media owner-clear 1440
PASS actual native Discovery card/detail media website-edit 1440
PASS actual native Discovery card/detail media website-clear 1440
PASS actual native Discovery card/detail media quarantine 1440
PASS actual native Discovery card/detail media all-clear 1440
PASS actual native Discovery card/detail media sparse 1440
PASS actual native Discovery card/detail media poster 1440
PASS actual native Discovery card/detail media gallery-only 1440
PASS actual native Discovery card/detail media broken-image 1440
PASS actual native Discovery card/detail media logo-only 1440
