Starting Metro Bundler

| (node:36229) Warning: The 'NO_COLOR' env is ignored due to the 'FORCE_COLOR' env being set.
| (Use `node --trace-warnings ...` to show where the warning was created)
| (node:36229) Warning: The 'NO_COLOR' env is ignored due to the 'FORCE_COLOR' env being set.
| (Use `node --trace-warnings ...` to show where the warning was created)
Web Bundled 28060ms index.ts (511 modules)
Android Bundled 34673ms index.ts (926 modules)
iOS Bundled 42135ms index.ts (929 modules)

› Assets (2):
assets/zoi-logo.5a531fbd3a49e35f2cb1b6fc3dcd5ad0.png (113KB)
assets/zoi-logo.png (113KB)

› web bundles (1):
_expo/static/js/web/index-035507066f3a05dd86dcfe78ad04917a.js (1.4MB)

› android bundles (1):
_expo/static/js/android/index-ca9492968b4cd49d2b1ab18b507d57c6.hbc (3.3MB)

› ios bundles (1):
_expo/static/js/ios/index-78830ec96c36ac6130ce6a7447f9dde6.hbc (3.3MB)

› Files (3):
favicon.ico (15KB)
index.html (1.2KB)
metadata.json (368B)

Exported: /tmp/zoi-native-media-export
