Starting Metro Bundler

| (node:87168) Warning: The 'NO_COLOR' env is ignored due to the 'FORCE_COLOR' env being set.
| (Use `node --trace-warnings ...` to show where the warning was created)
| (node:87168) Warning: The 'NO_COLOR' env is ignored due to the 'FORCE_COLOR' env being set.
| (Use `node --trace-warnings ...` to show where the warning was created)
Web Bundled 25788ms index.ts (511 modules)
iOS Bundled 32612ms index.ts (929 modules)
Android Bundled 39922ms index.ts (926 modules)

› Assets (2):
assets/zoi-logo.5a531fbd3a49e35f2cb1b6fc3dcd5ad0.png (113KB)
assets/zoi-logo.png (113KB)

› web bundles (1):
_expo/static/js/web/index-f926a59031438a609f3dc799b367e270.js (1.4MB)

› ios bundles (1):
_expo/static/js/ios/index-7c0a5629c1f52ac6157e321c16b105e3.hbc (3.3MB)

› android bundles (1):
_expo/static/js/android/index-4cc2363662df677a96412714f523cab6.hbc (3.3MB)

› Files (3):
favicon.ico (15KB)
index.html (1.2KB)
metadata.json (368B)

Exported: /tmp/zoi-native-logo-derivative-export
