(node:30522) ExperimentalWarning: stripTypeScriptTypes is an experimental feature and might change at any time
(Use `node --trace-warnings ...` to show where the warning was created)
✔ owner tool browser handoffs preserve explicit selected workspace with no token (2.518324ms)
✔ missing malformed and injected identities cannot fabricate a setup destination (0.423201ms)
(node:30528) [MODULE_TYPELESS_PACKAGE_JSON] Warning: Module type of file:///workspaces/zoi-city/.recovery/community-release/mobile/src/artistMusic.ts is not specified and it doesn't parse as CommonJS.
Reparsing as ES module because module syntax was detected. This incurs a performance overhead.
To eliminate this warning, add "type": "module" to /workspaces/zoi-city/.recovery/community-release/mobile/package.json.
(Use `node --trace-warnings ...` to show where the warning was created)
✔ reviewed catalogue binds identity and uses verified high-resolution photos (4.583703ms)
✔ unknown artist never inherits featured content (0.338292ms)
✔ provider links reject spoofed hosts unsafe schemes and credentials (0.362327ms)
✔ city validation supports Greek and NFKC without markup (5.501047ms)
✔ receipts bind artist request active state and expected version (1.364288ms)
✔ summary rejects subthreshold counts and wrong artist; mine preserves inactive rows (1.237752ms)
✔ interrupted authenticated interest retries identical persisted request, then withdrawal reads real server version (49.97519ms)
✔ native planner shares venue timezone and buffer boundaries (1.22091ms)
✔ native planner cannot accept another tenant or changed appointment preview (0.800887ms)
✔ native planner requires complete unique saved slots matching the preview (0.496918ms)
(node:30534) [MODULE_TYPELESS_PACKAGE_JSON] Warning: Module type of file:///workspaces/zoi-city/.recovery/community-release/mobile/src/backendReadiness.ts is not specified and it doesn't parse as CommonJS.
Reparsing as ES module because module syntax was detected. This incurs a performance overhead.
To eliminate this warning, add "type": "module" to /workspaces/zoi-city/.recovery/community-release/mobile/package.json.
(Use `node --trace-warnings ...` to show where the warning was created)
✔ verified guardian backend is enabled while unavailable integrations fail closed (1.271655ms)
✔ guardian release gate is backed by complete deployed RPC evidence (0.917744ms)
(node:30536) [MODULE_TYPELESS_PACKAGE_JSON] Warning: Module type of file:///workspaces/zoi-city/.recovery/community-release/mobile/src/booking.ts is not specified and it doesn't parse as CommonJS.
Reparsing as ES module because module syntax was detected. This incurs a performance overhead.
To eliminate this warning, add "type": "module" to /workspaces/zoi-city/.recovery/community-release/mobile/package.json.
(Use `node --trace-warnings ...` to show where the warning was created)
✔ booking receipts require exact idempotency request, slot and party (2.099372ms)
✔ retry receipt preserves terminal cancellation rather than inventing confirmation (0.285233ms)
✔ booking catalog refuses malformed times and unknown timezone (27.825693ms)
✔ venue times honor the venue timezone rather than device default (1.219829ms)
(node:30546) [MODULE_TYPELESS_PACKAGE_JSON] Warning: Module type of file:///workspaces/zoi-city/.recovery/community-release/mobile/src/bookingOperator.ts is not specified and it doesn't parse as CommonJS.
Reparsing as ES module because module syntax was detected. This incurs a performance overhead.
To eliminate this warning, add "type": "module" to /workspaces/zoi-city/.recovery/community-release/mobile/package.json.
(Use `node --trace-warnings ...` to show where the warning was created)
✔ operator mutation requires exact workspace and incremented version (1.684817ms)
✔ operator service decimal prices are exact minor units and bounded (0.458066ms)
✔ staff resource cannot silently admit a party (0.242333ms)
✔ schedule converts venue-local time and rejects both DST edge cases (25.950359ms)
✔ native reschedule uses venue-local range and rejects impossible calendar dates (57.494919ms)
✔ reschedule selection pins reviewed version and exact price (0.889292ms)
✔ move receipt requires same booking, expected version, reviewed time and no collected payment (0.629986ms)
(node:30559) [MODULE_TYPELESS_PACKAGE_JSON] Warning: Module type of file:///workspaces/zoi-city/.recovery/community-release/mobile/src/brand.ts is not specified and it doesn't parse as CommonJS.
Reparsing as ES module because module syntax was detected. This incurs a performance overhead.
To eliminate this warning, add "type": "module" to /workspaces/zoi-city/.recovery/community-release/mobile/package.json.
(Use `node --trace-warnings ...` to show where the warning was created)
✔ native shared body, subdued text and actions stay readable on every adopted surface (2.047294ms)
✔ native and web material colors share the same semantic values (5.943884ms)
(node:30565) [MODULE_TYPELESS_PACKAGE_JSON] Warning: Module type of file:///workspaces/zoi-city/.recovery/community-release/mobile/src/businessEdit.ts is not specified and it doesn't parse as CommonJS.
Reparsing as ES module because module syntax was detected. This incurs a performance overhead.
To eliminate this warning, add "type": "module" to /workspaces/zoi-city/.recovery/community-release/mobile/package.json.
(Use `node --trace-warnings ...` to show where the warning was created)
✔ only owned and explicitly approved claims can appear in business editor (2.006128ms)
✔ business edit preserves unknown social keys and explicit cleared fields (0.887919ms)
✔ business edit rejects unsafe replacement and ambiguous social payloads (0.551901ms)
(node:30566) [MODULE_TYPELESS_PACKAGE_JSON] Warning: Module type of file:///workspaces/zoi-city/.recovery/community-release/mobile/src/calendar.ts is not specified and it doesn't parse as CommonJS.
Reparsing as ES module because module syntax was detected. This incurs a performance overhead.
To eliminate this warning, add "type": "module" to /workspaces/zoi-city/.recovery/community-release/mobile/package.json.
(Use `node --trace-warnings ...` to show where the warning was created)
✔ calendar ranges reject impossible dates and bound exactly90 UTC days (1.946366ms)
✔ public calendar rejects private drafts and another listing (0.417951ms)
✔ workspace calendar rejects another tenant (1.615197ms)
✔ same calendar planner validates dates and exact saved receipt (26.442188ms)
✔ profile calendar/group actions require exact same-listing server paths (1.82027ms)
(node:30577) [MODULE_TYPELESS_PACKAGE_JSON] Warning: Module type of file:///workspaces/zoi-city/.recovery/community-release/mobile/src/commerce.ts is not specified and it doesn't parse as CommonJS.
Reparsing as ES module because module syntax was detected. This incurs a performance overhead.
To eliminate this warning, add "type": "module" to /workspaces/zoi-city/.recovery/community-release/mobile/package.json.
(Use `node --trace-warnings ...` to show where the warning was created)
✔ basket totals preserve decimal precision and separate currencies (8.669586ms)
✔ persisted basket rejects duplicate IDs and invalid quantities (1.029083ms)
✔ adding unavailable options or excessive aggregate quantities fails (0.764298ms)
✔ fresh checkout must match exact official cart and all quantities (0.983086ms)
✔ product imagery and deep links reject untrusted URLs and invalid identifiers (0.421928ms)
✔ native shared option cannot silently substitute another product variant (0.319958ms)
✔ malformed explicit native variant remains an explicit unresolved choice (0.264585ms)
✔ single default display metadata survives native basket mapping without changing provider title (0.699847ms)
(node:30581) [MODULE_TYPELESS_PACKAGE_JSON] Warning: Module type of file:///workspaces/zoi-city/.recovery/community-release/mobile/src/community.ts is not specified and it doesn't parse as CommonJS.
Reparsing as ES module because module syntax was detected. This incurs a performance overhead.
To eliminate this warning, add "type": "module" to /workspaces/zoi-city/.recovery/community-release/mobile/package.json.
(Use `node --trace-warnings ...` to show where the warning was created)
✔ visible reaction state comes from matching desired-state receipts only (5.648152ms)
✔ reply receipt is scoped to post and actual profile, not auth UUID (0.47667ms)
✔ public profile edits explicitly validate interests and chosen public fields (0.456973ms)
✔ feed preserves server snapshot and rejects a substituted mode (0.355905ms)
✔ recovered publication keeps original account, immutable request and actual receipt identity (0.447626ms)
(node:30607) [MODULE_TYPELESS_PACKAGE_JSON] Warning: Module type of file:///workspaces/zoi-city/.recovery/community-release/mobile/src/communityIntent.ts is not specified and it doesn't parse as CommonJS.
Reparsing as ES module because module syntax was detected. This incurs a performance overhead.
To eliminate this warning, add "type": "module" to /workspaces/zoi-city/.recovery/community-release/mobile/package.json.
(Use `node --trace-warnings ...` to show where the warning was created)
✔ sign-in retains question composer intent but cannot resume without an actor (2.420061ms)
✔ discussion return retains navigation and does not replay a reaction (0.314027ms)
✔ sign-in may retain public navigation but sign-out or account switch invalidates it (0.250949ms)
(node:30611) [MODULE_TYPELESS_PACKAGE_JSON] Warning: Module type of file:///workspaces/zoi-city/.recovery/community-release/mobile/src/communityMedia.ts is not specified and it doesn't parse as CommonJS.
Reparsing as ES module because module syntax was detected. This incurs a performance overhead.
To eliminate this warning, add "type": "module" to /workspaces/zoi-city/.recovery/community-release/mobile/package.json.
(Use `node --trace-warnings ...` to show where the warning was created)
✔ media selection validates actual bytes dimensions and video duration before transfer (1.606662ms)
✔ media URLs cannot execute scripts or expose embedded credentials (0.305241ms)
✔ offscreen background low-power reduced-motion and user pause all prevent autoplay (0.479456ms)
✔ upload receipt must match selected media type and a valid finalized identity (0.683156ms)
(node:30617) [MODULE_TYPELESS_PACKAGE_JSON] Warning: Module type of file:///workspaces/zoi-city/.recovery/community-release/mobile/src/companyWorkspace.ts is not specified and it doesn't parse as CommonJS.
Reparsing as ES module because module syntax was detected. This incurs a performance overhead.
To eliminate this warning, add "type": "module" to /workspaces/zoi-city/.recovery/community-release/mobile/package.json.
(Use `node --trace-warnings ...` to show where the warning was created)
✔ native company aggregates exact active relationships without assuming member Auth identity (3.347143ms)
✔ company draft uses current company ID and existing persisted payload (0.716018ms)
✔ company source rejects foreign (0.48187ms)
✔ company source rejects archived (0.324035ms)
✔ company source rejects missing (0.275895ms)
✔ company source rejects duplicate (0.27276ms)
✔ archived linked project has no company return and archived work is omitted (0.39079ms)
✔ existing roles keep company edit distinct from project work (0.231593ms)
✔ actual SessionClient ignores held Company response after account (50.720873ms)
✔ actual SessionClient ignores held Company response after workspace (2.255123ms)
✔ actual SessionClient ignores held Company response after unmount (1.330636ms)
(node:30632) [MODULE_TYPELESS_PACKAGE_JSON] Warning: Module type of file:///workspaces/zoi-city/.recovery/community-release/mobile/src/creator.ts is not specified and it doesn't parse as CommonJS.
Reparsing as ES module because module syntax was detected. This incurs a performance overhead.
To eliminate this warning, add "type": "module" to /workspaces/zoi-city/.recovery/community-release/mobile/package.json.
(Use `node --trace-warnings ...` to show where the warning was created)
✔ bio preserves order and unpublished intent in exact server payload (2.765186ms)
✔ bio refuses truncation and unsafe links before save (1.450149ms)
✔ bio needs exact save receipt and never treats empty response as success (0.669711ms)
(node:30639) [MODULE_TYPELESS_PACKAGE_JSON] Warning: Module type of file:///workspaces/zoi-city/.recovery/community-release/mobile/src/creatorAccess.ts is not specified and it doesn't parse as CommonJS.
Reparsing as ES module because module syntax was detected. This incurs a performance overhead.
To eliminate this warning, add "type": "module" to /workspaces/zoi-city/.recovery/community-release/mobile/package.json.
(Use `node --trace-warnings ...` to show where the warning was created)
✔ authoritative creator denials invalidate private data for reads and writes (3.251695ms)
✔ temporary failure and creator read-only states retain draft and recovery state (0.787741ms)
✔ late denial from an unmounted or different actor cannot clear the current screen (0.491929ms)
✔ successful reads and confirmed writes remain unchanged (0.502639ms)
(node:30642) [MODULE_TYPELESS_PACKAGE_JSON] Warning: Module type of file:///workspaces/zoi-city/.recovery/community-release/mobile/src/creatorRecovery.ts is not specified and it doesn't parse as CommonJS.
Reparsing as ES module because module syntax was detected. This incurs a performance overhead.
To eliminate this warning, add "type": "module" to /workspaces/zoi-city/.recovery/community-release/mobile/package.json.
(Use `node --trace-warnings ...` to show where the warning was created)
✔ all seven actions execute through durable nonce-only wrapper and validate receipt (13.53218ms)
✔ lost response blocks replacement, exact retry retains immutable memory payload (1.505262ms)
✔ reload has no payload, missing receipt retains fence, cancellation requires exact proof (2.299125ms)
✔ permission denial drops private payload without deleting recovery reference (1.179514ms)
✔ storage failure, corrupt marker and late account change cannot permit dispatch or acknowledgement (0.871328ms)
✔ mismatched saved entity does not discard recovery reference (0.406299ms)
✔ account switch during persisted readback prevents dispatch (0.322082ms)
✔ readback failure after persistence retains marker and fences another send (0.880625ms)
(node:30653) [MODULE_TYPELESS_PACKAGE_JSON] Warning: Module type of file:///workspaces/zoi-city/.recovery/community-release/mobile/src/creatorStudio.ts is not specified and it doesn't parse as CommonJS.
Reparsing as ES module because module syntax was detected. This incurs a performance overhead.
To eliminate this warning, add "type": "module" to /workspaces/zoi-city/.recovery/community-release/mobile/package.json.
(Use `node --trace-warnings ...` to show where the warning was created)
✔ creator fee is explicit currency units converted to bounded minor units (5.298619ms)
✔ private drafts may be incomplete but sharing needs disclosures and deliverables (2.486986ms)
✔ customer detail rejects internal workspace records and audit data (2.914281ms)
✔ creator mutation receipts require matching workspace and decision request (0.709385ms)
✔ proof links remain explicit public HTTPS links and deliverables honor field limits (0.623204ms)
(node:30654) [MODULE_TYPELESS_PACKAGE_JSON] Warning: Module type of file:///workspaces/zoi-city/.recovery/community-release/mobile/src/discovery.ts is not specified and it doesn't parse as CommonJS.
Reparsing as ES module because module syntax was detected. This incurs a performance overhead.
To eliminate this warning, add "type": "module" to /workspaces/zoi-city/.recovery/community-release/mobile/package.json.
(Use `node --trace-warnings ...` to show where the warning was created)
✔ saved home applies only to default browsing, global search and temporary city do not overwrite it (15.220133ms)
✔ authoritative preference receipt supports explicit clears and sparse account; malformed receipt refused (0.906864ms)
✔ scope inputs literal and public rows must match chosen city/country/current identity (2.566004ms)
✔ coarse, missing, fake centroids and conflicted street coordinates never become precise pins (3.45825ms)
✔ fresh selected entity must match exact current slug/id and public visibility (0.650616ms)
✔ Directions uses actual same-record reviewed receipt, current address, or explicit provider name search (0.571277ms)
✔ native discovery/map public links carry explicit intent and canonical place without touching home (1.373707ms)
✔ native viewport clusters count real pins, hide coarse points and split with zoom without jitter (0.63211ms)
(node:30663) [MODULE_TYPELESS_PACKAGE_JSON] Warning: Module type of file:///workspaces/zoi-city/.recovery/community-release/mobile/src/discoveryMedia.ts is not specified and it doesn't parse as CommonJS.
Reparsing as ES module because module syntax was detected. This incurs a performance overhead.
To eliminate this warning, add "type": "module" to /workspaces/zoi-city/.recovery/community-release/mobile/package.json.
(Use `node --trace-warnings ...` to show where the warning was created)
✔ actual public Signature null SQL photo uses exact shared reviewed media on card and selected home (14.399561ms)
✔ owner photo edit and explicit null clear follow shared model on both bounded and full entities (4.28227ms)
✔ owner website edit and clears remove old reviewed imagery without a native override (0.513769ms)
✔ raw profile hero clear and owner all-media clear remain explicit (0.608848ms)
✔ association/quarantined source cannot regain curated media through native (0.346919ms)
✔ sparse, unsafe and failed roles do not infer a photo or leak raw fields (0.528657ms)
✔ official logo-only identity uses model fit and backdrop; poster keeps full aspect (0.742648ms)
✔ gallery-only or interface artwork cannot become native hero (0.986664ms)
✔ legacy selected logo and sparse selected photo preserve fallback semantics (0.849076ms)
(node:30669) [MODULE_TYPELESS_PACKAGE_JSON] Warning: Module type of file:///workspaces/zoi-city/.recovery/community-release/mobile/src/discoveryScope.ts is not specified and it doesn't parse as CommonJS.
Reparsing as ES module because module syntax was detected. This incurs a performance overhead.
To eliminate this warning, add "type": "module" to /workspaces/zoi-city/.recovery/community-release/mobile/package.json.
(Use `node --trace-warnings ...` to show where the warning was created)
✔ community_me refresh account (53.918058ms)
✔ community_me refresh unmount (0.907595ms)
✔ community_me refresh unchanged (1.903406ms)
✔ community_me response account (10.812659ms)
✔ community_me response unmount (2.204128ms)
✔ community_me response unchanged (1.617111ms)
✔ community_preferences_save refresh account (0.676032ms)
✔ community_preferences_save refresh unmount (0.588219ms)
✔ community_preferences_save refresh unchanged (0.970353ms)
✔ community_preferences_save response account (5.237955ms)
✔ community_preferences_save response unmount (1.994386ms)
✔ community_preferences_save response unchanged (3.495901ms)
✔ no unknown mutations or malformed preference versions dispatch (0.68515ms)
(node:30671) [MODULE_TYPELESS_PACKAGE_JSON] Warning: Module type of file:///workspaces/zoi-city/.recovery/community-release/mobile/src/documentScope.ts is not specified and it doesn't parse as CommonJS.
Reparsing as ES module because module syntax was detected. This incurs a performance overhead.
To eliminate this warning, add "type": "module" to /workspaces/zoi-city/.recovery/community-release/mobile/package.json.
(Use `node --trace-warnings ...` to show where the warning was created)
✔ actual SessionClient private documents refresh actor (48.099872ms)
✔ actual SessionClient private documents refresh workspace (0.914468ms)
✔ actual SessionClient private documents refresh project (0.961988ms)
✔ actual SessionClient private documents refresh unmount (0.852753ms)
✔ actual SessionClient private documents refresh unchanged (2.193178ms)
✔ actual SessionClient private documents response actor (12.586945ms)
✔ actual SessionClient private documents response workspace (1.403041ms)
✔ actual SessionClient private documents response project (1.273199ms)
✔ actual SessionClient private documents response unmount (1.676292ms)
✔ actual SessionClient private documents response unchanged (1.203358ms)
✔ private document RPC refuses malformed scopes, unknown writers and foreign workspace before dispatch (1.245487ms)
(node:30688) [MODULE_TYPELESS_PACKAGE_JSON] Warning: Module type of file:///workspaces/zoi-city/.recovery/community-release/mobile/src/documents.ts is not specified and it doesn't parse as CommonJS.
Reparsing as ES module because module syntax was detected. This incurs a performance overhead.
To eliminate this warning, add "type": "module" to /workspaces/zoi-city/.recovery/community-release/mobile/package.json.
(Use `node --trace-warnings ...` to show where the warning was created)
✔ private upload receipt requires workspace, document identity and ready version (2.419951ms)
✔ private attachment requires no-store, attachment headers, correct type and exact bounded size (60.572346ms)
✔ native document selection uses same metadata limits as server (0.883751ms)
(node:30689) [MODULE_TYPELESS_PACKAGE_JSON] Warning: Module type of file:///workspaces/zoi-city/.recovery/community-release/mobile/src/drafts.ts is not specified and it doesn't parse as CommonJS.
Reparsing as ES module because module syntax was detected. This incurs a performance overhead.
To eliminate this warning, add "type": "module" to /workspaces/zoi-city/.recovery/community-release/mobile/package.json.
(Use `node --trace-warnings ...` to show where the warning was created)
✔ sign-out removal waits for in-flight draft save and prevents queued resurrection (5.090029ms)
✔ switching account blocks previous account queued draft writes (0.667156ms)
✔ publishing requires explicit success and real UUID receipt (0.362968ms)
✔ native map labels share exact source geometry and boundedpreferences (2.17316ms)
✔ native prepared note shares same nontransactional contract (0.71733ms)
(node:30709) ExperimentalWarning: stripTypeScriptTypes is an experimental feature and might change at any time
(Use `node --trace-warnings ...` to show where the warning was created)
✔ guest link carries only canonical selected event, never credentials (2.260563ms)
✔ organiser handoff validates exact selected workspace and event with fresh authority (2.217834ms)
✔ viewer, missing, duplicate and malformed memberships cannot produce operator link (4.272602ms)
✔ selected workspace never falls back to first membership (0.389679ms)
✔ wrong event and denied operator proof cannot open a link (1.263952ms)
✔ late account/workspace switches fence membership and operator responses (14.456066ms)
(node:30711) [MODULE_TYPELESS_PACKAGE_JSON] Warning: Module type of file:///workspaces/zoi-city/.recovery/community-release/mobile/src/session.ts is not specified and it doesn't parse as CommonJS.
Reparsing as ES module because module syntax was detected. This incurs a performance overhead.
To eliminate this warning, add "type": "module" to /workspaces/zoi-city/.recovery/community-release/mobile/package.json.
(Use `node --trace-warnings ...` to show where the warning was created)
✔ actual session refresh preserves exact authorised event/workspace without credentials in link (61.157443ms)
✔ held actual refresh refuses private send after workspace switch (1.876125ms)
✔ held actual refresh refuses private send after actor switch (10.98409ms)
✔ late private response is refused after scope change (18.804179ms)
✔ invalid actor, guest, lost scope and unsupported RPC refuse dispatch (0.648952ms)
✔ refresh rejection never dispatches private proof (0.34785ms)
(node:30725) [MODULE_TYPELESS_PACKAGE_JSON] Warning: Module type of file:///workspaces/zoi-city/.recovery/community-release/mobile/src/eventPlanner.ts is not specified and it doesn't parse as CommonJS.
Reparsing as ES module because module syntax was detected. This incurs a performance overhead.
To eliminate this warning, add "type": "module" to /workspaces/zoi-city/.recovery/community-release/mobile/package.json.
(Use `node --trace-warnings ...` to show where the warning was created)
✔ event plans preserve private notes and reject invalid quantities (25.258276ms)
✔ recovery never substitutes profile or plan version (0.697884ms)
✔ current booking reads cannot import foreign private plans (0.377836ms)
✔ resource units enforce one performer, bounded venue guests and equipment units (0.459367ms)
(node:30733) [MODULE_TYPELESS_PACKAGE_JSON] Warning: Module type of file:///workspaces/zoi-city/.recovery/community-release/mobile/src/festival.ts is not specified and it doesn't parse as CommonJS.
Reparsing as ES module because module syntax was detected. This incurs a performance overhead.
To eliminate this warning, add "type": "module" to /workspaces/zoi-city/.recovery/community-release/mobile/package.json.
(Use `node --trace-warnings ...` to show where the warning was created)
✔ application ignores client prices and validates contact and units (1.825721ms)
✔ commercial offers use exact cents and bounded benefit lines (37.133511ms)
✔ application receipt requires correct actor tenant enquiry and version (2.389163ms)
✔ private pages reject foreign records and invalid pagination (0.332992ms)
✔ public offer action only uses exact matching host UUID (1.660582ms)
(node:30739) [MODULE_TYPELESS_PACKAGE_JSON] Warning: Module type of file:///workspaces/zoi-city/.recovery/community-release/mobile/src/generalReservation.ts is not specified and it doesn't parse as CommonJS.
Reparsing as ES module because module syntax was detected. This incurs a performance overhead.
To eliminate this warning, add "type": "module" to /workspaces/zoi-city/.recovery/community-release/mobile/package.json.
(Use `node --trace-warnings ...` to show where the warning was created)
✔ interrupted reservation remains blocked after remount and across tier changes, scoped to actor and event (3.304573ms)
✔ only exact confirmed free receipt clears original attempt; malformed and stale confirmations preserve warning (1.185966ms)
✔ storage failure and account change stop request preparation before network action (0.482451ms)
✔ new request recovery accepts only exact nonce/event/tier/quantity receipt, with no contact storage (2.950883ms)
✔ legacy saved requests cannot be upgraded to once protocol, and malformed recovery never clears warning (0.57819ms)
✔ recovered creation receipt cannot imply active ticket after cancellation or closed event (0.403754ms)
✔ signing in cannot bypass an unresolved guest reservation or reuse its nonce as an account request (1.166732ms)
✔ confirmed nonce reference survives reopening without contacts and never claims cached ticket status (2.591523ms)
✔ confirmed references cap at five, expire after one year, and storage failure preserves unresolved warning (2.287464ms)
✔ member state accepts closed group with own history but rejects unrelated membership (3.130368ms)
✔ membership decisions validate tenant identity and exact increment (0.408743ms)
✔ attendance receipt binds event membership and status (0.414204ms)
✔ membership settings cannot cross workspace or skip version (0.308467ms)
(node:30748) [MODULE_TYPELESS_PACKAGE_JSON] Warning: Module type of file:///workspaces/zoi-city/.recovery/community-release/mobile/src/inquiries.ts is not specified and it doesn't parse as CommonJS.
Reparsing as ES module because module syntax was detected. This incurs a performance overhead.
To eliminate this warning, add "type": "module" to /workspaces/zoi-city/.recovery/community-release/mobile/package.json.
(Use `node --trace-warnings ...` to show where the warning was created)
✔ enquiry start validates actor listing and immutable request payload (2.123587ms)
✔ reply requires exact author thread request and body receipt (0.443849ms)
✔ thread read guards workspace message identity and readonly contract (0.622412ms)
✔ enquiry inputs reject invalid IDs and oversized empty messages (0.42323ms)
(node:30763) [MODULE_TYPELESS_PACKAGE_JSON] Warning: Module type of file:///workspaces/zoi-city/.recovery/community-release/mobile/src/privateRequests.ts is not specified and it doesn't parse as CommonJS.
Reparsing as ES module because module syntax was detected. This incurs a performance overhead.
To eliminate this warning, add "type": "module" to /workspaces/zoi-city/.recovery/community-release/mobile/package.json.
(Use `node --trace-warnings ...` to show where the warning was created)
✔ restart restores nonce-only metadata and prevents replacement (10.806949ms)
✔ A to B to A protects and preserves original marker (9.011645ms)
✔ SecureStore failure and silent adapter failure prevent dispatch (4.999841ms)
✔ receipt requires exact nonce kind and target; notfound is not cancellation (0.649012ms)
✔ failed recovery keeps marker until confirmed cancellation acknowledgement (3.728866ms)
✔ corrupt active null prevents a replacement inquiry nonce (2.946114ms)
(node:30774) [MODULE_TYPELESS_PACKAGE_JSON] Warning: Module type of file:///workspaces/zoi-city/.recovery/community-release/mobile/src/memberStart.ts is not specified and it doesn't parse as CommonJS.
Reparsing as ES module because module syntax was detected. This incurs a performance overhead.
To eliminate this warning, add "type": "module" to /workspaces/zoi-city/.recovery/community-release/mobile/package.json.
(Use `node --trace-warnings ...` to show where the warning was created)
✔ server profile identity includes no-deadline assignment and excludes Auth UUID assignment (5.436557ms)
✔ reject ambiguous member scope role (0.477693ms)
✔ reject ambiguous member scope workspace (0.204331ms)
✔ reject ambiguous member scope profile (0.162865ms)
✔ reject ambiguous member scope record (0.186618ms)
✔ actual token refresh fences workspace_team_get actor (42.237068ms)
✔ actual token refresh fences workspace_team_get workspace (3.686066ms)
✔ actual token refresh fences workspace_team_get unmount (0.895863ms)
✔ actual token refresh fences workspace_team_get rotation (2.402027ms)
✔ actual token refresh fences ops_records_list actor (1.123789ms)
✔ actual token refresh fences ops_records_list workspace (1.002453ms)
✔ actual token refresh fences ops_records_list unmount (0.580554ms)
✔ actual token refresh fences ops_records_list rotation (2.983754ms)
✔ actual token refresh fences social_list_posts actor (0.894471ms)
✔ actual token refresh fences social_list_posts workspace (0.687344ms)
✔ actual token refresh fences social_list_posts unmount (0.937151ms)
✔ actual token refresh fences social_list_posts rotation (0.724563ms)
✔ actual token refresh fences booking_operator_list actor (0.39088ms)
✔ actual token refresh fences booking_operator_list workspace (0.33737ms)
✔ actual token refresh fences booking_operator_list unmount (1.178912ms)
✔ actual token refresh fences booking_operator_list rotation (0.604129ms)
✔ held actual response rejects retired actor (23.821863ms)
✔ held actual response rejects retired workspace (0.820443ms)
✔ held actual response rejects retired unmount (0.615039ms)
✔ wrong workspace argument never dispatches (0.811295ms)
(node:30783) [MODULE_TYPELESS_PACKAGE_JSON] Warning: Module type of file:///workspaces/zoi-city/.recovery/community-release/mobile/src/music.ts is not specified and it doesn't parse as CommonJS.
Reparsing as ES module because module syntax was detected. This incurs a performance overhead.
To eliminate this warning, add "type": "module" to /workspaces/zoi-city/.recovery/community-release/mobile/package.json.
(Use `node --trace-warnings ...` to show where the warning was created)
✔ music prefill honors explicit cleared flat fields over old nested aliases (1.194752ms)
✔ music clearing sends null and leaves unrelated owner fields untouched (1.222003ms)
✔ music validation rejects unsafe links and impossible dates (1.269061ms)
(node:30792) [MODULE_TYPELESS_PACKAGE_JSON] Warning: Module type of file:///workspaces/zoi-city/.recovery/community-release/mobile/src/nativeParea.ts is not specified and it doesn't parse as CommonJS.
Reparsing as ES module because module syntax was detected. This incurs a performance overhead.
To eliminate this warning, add "type": "module" to /workspaces/zoi-city/.recovery/community-release/mobile/package.json.
(Use `node --trace-warnings ...` to show where the warning was created)
✔ whole-ticket 3/1/5 plan leaves one unassigned and keeps exact individual prices (39.33867ms)
✔ fractional, duplicate, excess and expired plans do not become invitations (1.095236ms)
✔ only current unclaimed guest version can rotate link without extra quota (0.657689ms)
✔ guest choices require current event, explicit deadline proof and unpaid policy version (3.423656ms)
(node:30799) [MODULE_TYPELESS_PACKAGE_JSON] Warning: Module type of file:///workspaces/zoi-city/.recovery/community-release/mobile/src/nativePareaClient.ts is not specified and it doesn't parse as CommonJS.
Reparsing as ES module because module syntax was detected. This incurs a performance overhead.
To eliminate this warning, add "type": "module" to /workspaces/zoi-city/.recovery/community-release/mobile/package.json.
(Use `node --trace-warnings ...` to show where the warning was created)
✔ event_host_guest_save refresh account (73.44142ms)
✔ event_host_guest_save refresh unmount (2.319243ms)
✔ event_host_guest_save refresh unchanged (2.129789ms)
✔ event_host_guest_save response account (2.097349ms)
✔ event_host_guest_save response unmount (5.916493ms)
✔ event_host_guest_save response unchanged (1.154908ms)
✔ event_host_claim refresh account (2.588155ms)
✔ event_host_claim refresh unmount (5.262161ms)
✔ event_host_claim refresh unchanged (1.624455ms)
✔ event_host_claim response account (1.05461ms)
✔ event_host_claim response unmount (3.90793ms)
✔ event_host_claim response unchanged (1.594499ms)
✔ event_guest_payment_choose refresh account (2.443656ms)
✔ event_guest_payment_choose refresh unmount (1.019194ms)
✔ event_guest_payment_choose refresh unchanged (1.494411ms)
✔ event_guest_payment_choose response account (1.564042ms)
✔ event_guest_payment_choose response unmount (0.824861ms)
✔ event_guest_payment_choose response unchanged (3.151057ms)
✔ actual shared host client persists nonce before dispatch, loss retries same request and token (6.962086ms)
✔ remount cannot retry bearer args, exact missing-result cancellation settles before new request (1.015597ms)
✔ no token or RPC dispatch if durable storage has failed (0.594851ms)
✔ native host never depends on browser structuredClone and rejects non-JSON mutation data (0.779246ms)
✔ durable clear failure blocks new writes until exact storage operation is confirmed (3.656441ms)
(node:30805) [MODULE_TYPELESS_PACKAGE_JSON] Warning: Module type of file:///workspaces/zoi-city/.recovery/community-release/mobile/src/nativePareaRecovery.ts is not specified and it doesn't parse as CommonJS.
Reparsing as ES module because module syntax was detected. This incurs a performance overhead.
To eliminate this warning, add "type": "module" to /workspaces/zoi-city/.recovery/community-release/mobile/package.json.
(Use `node --trace-warnings ...` to show where the warning was created)
✔ nonce-only durable reference restores in exact account/event and contains no bearer or labels (4.002408ms)
✔ private capabilities and unexpected stored fields fail closed before writes (1.052265ms)
✔ failed persistence retains same queued reference until confirmed, then durable clear (0.815133ms)
✔ account/view invalidation after storage await keeps recovery reference but rejects stale continuation (0.890664ms)
✔ payment recovery includes exact guest/version/method/request only (1.366974ms)
(node:30808) [MODULE_TYPELESS_PACKAGE_JSON] Warning: Module type of file:///workspaces/zoi-city/.recovery/community-release/mobile/src/operations.ts is not specified and it doesn't parse as CommonJS.
Reparsing as ES module because module syntax was detected. This incurs a performance overhead.
To eliminate this warning, add "type": "module" to /workspaces/zoi-city/.recovery/community-release/mobile/package.json.
(Use `node --trace-warnings ...` to show where the warning was created)
✔ save receipts require correct workspace, identity and incremented version (2.353397ms)
✔ editor can edit contacts/projects/tasks but not company records; viewers cannot write (0.279632ms)
✔ full-form edits preserve custom existing data and explicitly clear relations (1.352436ms)
✔ invalid deadline and blank title fail before sending (0.377635ms)
✔ projects require company and tasks require project before sending (0.785889ms)
✔ unicode payload byte limit is enforced before sending (4.019509ms)
✔ unmodified deadline preserves its exact timestamp (4.638656ms)
✔ new company has valid default sector and cannot submit blank sector (0.361115ms)
(node:30814) [MODULE_TYPELESS_PACKAGE_JSON] Warning: Module type of file:///workspaces/zoi-city/.recovery/community-release/mobile/src/organizationWorkflow.ts is not specified and it doesn't parse as CommonJS.
Reparsing as ES module because module syntax was detected. This incurs a performance overhead.
To eliminate this warning, add "type": "module" to /workspaces/zoi-city/.recovery/community-release/mobile/package.json.
(Use `node --trace-warnings ...` to show where the warning was created)
✔ contextual native drafts preserve saved relationships and real writer payload (6.556128ms)
✔ project browser handoff fresh role owner (0.58885ms)
✔ project browser handoff fresh role admin (0.212668ms)
✔ project browser handoff fresh role editor (0.189103ms)
✔ project browser handoff fresh role viewer (4.299682ms)
✔ reject missing project context (0.396701ms)
✔ reject archived project context (0.960234ms)
✔ reject duplicate project context (0.295923ms)
✔ reject foreign project context (0.966937ms)
✔ reject scope project context (1.727066ms)
✔ actual SessionClient held refresh actor (50.749648ms)
✔ actual SessionClient held refresh workspace (1.469085ms)
✔ actual SessionClient held refresh unchanged (1.082673ms)
(node:30827) [MODULE_TYPELESS_PACKAGE_JSON] Warning: Module type of file:///workspaces/zoi-city/.recovery/community-release/mobile/src/ownerEditorHandoff.ts is not specified and it doesn't parse as CommonJS.
Reparsing as ES module because module syntax was detected. This incurs a performance overhead.
To eliminate this warning, add "type": "module" to /workspaces/zoi-city/.recovery/community-release/mobile/package.json.
(Use `node --trace-warnings ...` to show where the warning was created)
✔ fresh authorization opens only fixed browser editor, with exact authorized listing and without credentials (2.60688ms)
✔ account or workspace switch during authorization never opens browser (0.343511ms)
✔ invalid identity, denied access and mismatched receipts never open browser (0.868032ms)
✔ revoked or failed authorization surfaces failure without opening (0.595382ms)
(node:30839) ExperimentalWarning: stripTypeScriptTypes is an experimental feature and might change at any time
(Use `node --trace-warnings ...` to show where the warning was created)
✔ private link exact canonical event and opaque fragment only (2.251356ms)
✔ current own group counts whole-ticket quantities and expires without paid inference (0.655024ms)
✔ recipient preview rejects expired, cross-event, missing no-payment envelope and malformed amounts (0.403744ms)
✔ own reader binds list and detail IDs and profile distinct from Auth UUID (2.302292ms)
✔ refresh/response scope changes prevent private request or result use (0.727499ms)
(node:30850) [MODULE_TYPELESS_PACKAGE_JSON] Warning: Module type of file:///workspaces/zoi-city/.recovery/community-release/mobile/src/placeNavigation.ts is not specified and it doesn't parse as CommonJS.
Reparsing as ES module because module syntax was detected. This incurs a performance overhead.
To eliminate this warning, add "type": "module" to /workspaces/zoi-city/.recovery/community-release/mobile/package.json.
(Use `node --trace-warnings ...` to show where the warning was created)
✔ current public slug wins over stale unhashed artist SEO path (2.051983ms)
✔ fallback permits only internal profile routes (0.488823ms)
(node:30853) [MODULE_TYPELESS_PACKAGE_JSON] Warning: Module type of file:///workspaces/zoi-city/.recovery/community-release/mobile/src/privateRequests.ts is not specified and it doesn't parse as CommonJS.
Reparsing as ES module because module syntax was detected. This incurs a performance overhead.
To eliminate this warning, add "type": "module" to /workspaces/zoi-city/.recovery/community-release/mobile/package.json.
(Use `node --trace-warnings ...` to show where the warning was created)
✔ private recovery stores exact Unicode across bounded secure chunks (9.826648ms)
✔ account switch cannot read or save another account’s private request (0.885644ms)
✔ sign-out cleanup runs after queued writes and removes every chunk (4.14365ms)
✔ incomplete persistence is never mistaken for a retryable request (3.174912ms)
✔ cleanup failure cannot roll back a committed recovery request (2.787819ms)
✔ separate workflows keep distinct encrypted recovery namespaces (1.420744ms)
✔ failed storage cleanup retains a discoverable manifest until explicit cleanup succeeds (1.949302ms)
✔ non-null malformed manifests never masquerade as no pending request (1.341586ms)
✔ valid active-null pending manifest remains interrupted, not empty (0.833046ms)
✔ an active null payload is corruption rather than no pending request (0.892357ms)
(node:30869) [MODULE_TYPELESS_PACKAGE_JSON] Warning: Module type of file:///workspaces/zoi-city/.recovery/community-release/mobile/src/profile.ts is not specified and it doesn't parse as CommonJS.
Reparsing as ES module because module syntax was detected. This incurs a performance overhead.
To eliminate this warning, add "type": "module" to /workspaces/zoi-city/.recovery/community-release/mobile/package.json.
(Use `node --trace-warnings ...` to show where the warning was created)
✔ profile gives owner fields priority, merges actual socials and labels enrichment (5.163355ms)
✔ profile never fabricates verification or ratings from owner data (0.463887ms)
✔ profile rejects unsafe external schemes and credentials (0.46051ms)
✔ missing entity is absent, not invented profile (0.260828ms)
✔ profile actions require exact server routes and matching booking listing (4.455423ms)
✔ private enquiry entry requires server invitation for this same listing (1.009256ms)
✔ profile photos preserve wide logos, portraits and small artwork (1.205943ms)
✔ image loading supports native source dimensions and web natural dimensions (0.27859ms)
✔ native uses shared phone validity and authoritative owner clear (0.624778ms)
✔ native machine social syntax and exact publisher identity match web while owner links survive (3.970968ms)
✔ native Fournos chain root contacts cannot replace branch base or explicit owner values (1.253001ms)
(node:30870) [MODULE_TYPELESS_PACKAGE_JSON] Warning: Module type of file:///workspaces/zoi-city/.recovery/community-release/mobile/src/seating.ts is not specified and it doesn't parse as CommonJS.
Reparsing as ES module because module syntax was detected. This incurs a performance overhead.
To eliminate this warning, add "type": "module" to /workspaces/zoi-city/.recovery/community-release/mobile/package.json.
(Use `node --trace-warnings ...` to show where the warning was created)
✔ hold requires exact requested seats and confirmed receipt (2.028881ms)
✔ free confirmation rejects payment, quantity, seat and hold mismatches (0.585323ms)
✔ foreground status restores exact hold and validates cancellation (1.312723ms)
✔ countdown accounts for server clock and clamps expired holds (0.287347ms)
✔ missing inventory stays unavailable and malformed maps never invent seats (0.700278ms)
✔ seat inventory uses actual geometry and rejects unsafe bigint IDs or unknown state (1.041947ms)
(node:30886) [MODULE_TYPELESS_PACKAGE_JSON] Warning: Module type of file:///workspaces/zoi-city/.recovery/community-release/mobile/src/session.ts is not specified and it doesn't parse as CommonJS.
Reparsing as ES module because module syntax was detected. This incurs a performance overhead.
To eliminate this warning, add "type": "module" to /workspaces/zoi-city/.recovery/community-release/mobile/package.json.
(Use `node --trace-warnings ...` to show where the warning was created)
✔ persists only refresh credential and restores by exchanging it (52.789899ms)
✔ expired concurrent API requests share one refresh and use renewed token (14.493026ms)
✔ invalid refresh removes stored credential and session (1.457132ms)
✔ transient refresh failure preserves credential for recovery (1.518196ms)
✔ sign-out clears device credentials even if revocation is offline (0.912795ms)
✔ in-flight sign-in cannot resurrect a signed-out account (1.873079ms)
✔ anonymous authenticated RPC is rejected without making a request (0.522897ms)
✔ application error envelopes cannot appear as publishing success (1.208217ms)
✔ server-rejected access token clears session without replaying mutation (3.292812ms)
✔ optimistic edit conflict is explained without replaying the write (1.404523ms)
✔ fetch transport uses global receiver required by browsers (0.934486ms)
✔ community validation errors remain actionable without treating them as password failures (0.998566ms)
(node:30913) [MODULE_TYPELESS_PACKAGE_JSON] Warning: Module type of file:///workspaces/zoi-city/.recovery/community-release/mobile/src/sponsorFulfillment.ts is not specified and it doesn't parse as CommonJS.
Reparsing as ES module because module syntax was detected. This incurs a performance overhead.
To eliminate this warning, add "type": "module" to /workspaces/zoi-city/.recovery/community-release/mobile/package.json.
(Use `node --trace-warnings ...` to show where the warning was created)
✔ fresh approved sponsor ok (2.399191ms)
✔ fresh approved sponsor viewer (0.557211ms)
✔ fresh approved sponsor cancelled (0.265777ms)
✔ fresh approved sponsor foreign (2.359588ms)
✔ fresh approved sponsor capability (0.426907ms)
✔ fresh approved sponsor missing (0.220652ms)
✔ actual SessionClient refresh fence actor (36.831958ms)
✔ actual SessionClient refresh fence workspace (1.478322ms)
✔ actual SessionClient refresh fence unchanged (1.688334ms)
(node:30921) [MODULE_TYPELESS_PACKAGE_JSON] Warning: Module type of file:///workspaces/zoi-city/.recovery/community-release/mobile/src/timekeeping.ts is not specified and it doesn't parse as CommonJS.
Reparsing as ES module because module syntax was detected. This incurs a performance overhead.
To eliminate this warning, add "type": "module" to /workspaces/zoi-city/.recovery/community-release/mobile/package.json.
(Use `node --trace-warnings ...` to show where the warning was created)
✔ manual time uses explicit validated duration and hourly cents (27.751594ms)
✔ timer start excludes client-controlled start and duration (0.295872ms)
✔ receipts require tenant actor version and terminal state (0.522446ms)
✔ dashboard rejects another editor’s private narrative and foreign timer (0.562281ms)
✔ timesheet CSV prevents formula execution and escapes multiline quotes (0.679058ms)
(node:30941) [MODULE_TYPELESS_PACKAGE_JSON] Warning: Module type of file:///workspaces/zoi-city/.recovery/community-release/mobile/src/trips.ts is not specified and it doesn't parse as CommonJS.
Reparsing as ES module because module syntax was detected. This incurs a performance overhead.
To eliminate this warning, add "type": "module" to /workspaces/zoi-city/.recovery/community-release/mobile/package.json.
(Use `node --trace-warnings ...` to show where the warning was created)
✔ trip dates require explicit zone and reject reversed or overlong stops (30.583344ms)
✔ private itinerary cannot accept another profile or trip receipt (0.718012ms)
✔ appearance discovery cannot substitute another artist or claim inferred confirmation (1.329213ms)
✔ appearance proposal requires source HTTPS and real distinct listing IDs (2.448785ms)
(node:30949) [MODULE_TYPELESS_PACKAGE_JSON] Warning: Module type of file:///workspaces/zoi-city/.recovery/community-release/mobile/src/volunteer.ts is not specified and it doesn't parse as CommonJS.
Reparsing as ES module because module syntax was detected. This incurs a performance overhead.
To eliminate this warning, add "type": "module" to /workspaces/zoi-city/.recovery/community-release/mobile/package.json.
(Use `node --trace-warnings ...` to show where the warning was created)
✔ volunteer invitation extracts explicit organization ID only (2.567857ms)
✔ withdrawn public opportunity stays unavailable even if saved shift was scheduled (30.222791ms)
✔ shift actions never reopen cancelled or started history (0.29463ms)
✔ signup and cancellation receipts must identify the same shift and final state (0.614127ms)
✔ organization writes require workspace identity and exact version increment (0.409865ms)
(node:30960) [MODULE_TYPELESS_PACKAGE_JSON] Warning: Module type of file:///workspaces/zoi-city/.recovery/community-release/mobile/src/volunteerOperations.ts is not specified and it doesn't parse as CommonJS.
Reparsing as ES module because module syntax was detected. This incurs a performance overhead.
To eliminate this warning, add "type": "module" to /workspaces/zoi-city/.recovery/community-release/mobile/package.json.
(Use `node --trace-warnings ...` to show where the warning was created)
✔ org_operation_save actual SessionClient token refresh actor (42.171413ms)
✔ org_operation_save actual SessionClient token refresh workspace (4.488926ms)
✔ org_operation_save actual SessionClient token refresh unchanged (1.144527ms)
✔ org_signup actual SessionClient token refresh actor (0.946448ms)
✔ org_signup actual SessionClient token refresh workspace (1.028241ms)
✔ org_signup actual SessionClient token refresh unchanged (1.994286ms)
✔ org_signup_cancel actual SessionClient token refresh actor (1.143035ms)
✔ org_signup_cancel actual SessionClient token refresh workspace (0.773375ms)
✔ org_signup_cancel actual SessionClient token refresh unchanged (0.657699ms)
✔ org_roster actual SessionClient token refresh actor (0.662067ms)
✔ org_roster actual SessionClient token refresh workspace (1.115052ms)
✔ org_roster actual SessionClient token refresh unchanged (0.669791ms)
✔ lost native create survives remount and clears only exact receipt (1.272527ms)
✔ cancel unknown native create validates workspace/request and preserves marker on wrong response (0.778725ms)
✔ generic authorization denial is recognizable without matching server wording (0.189424ms)
✔ absent installed capability keeps pending recovery and dispatches no operation (0.430284ms)
(node:30968) [MODULE_TYPELESS_PACKAGE_JSON] Warning: Module type of file:///workspaces/zoi-city/.recovery/community-release/mobile/src/webHandoffs.ts is not specified and it doesn't parse as CommonJS.
Reparsing as ES module because module syntax was detected. This incurs a performance overhead.
To eliminate this warning, add "type": "module" to /workspaces/zoi-city/.recovery/community-release/mobile/package.json.
(Use `node --trace-warnings ...` to show where the warning was created)
✔ music shelf and unscoped personal calendar explicitly reach their actual web capabilities (2.045892ms)
✔ native parish calendar, member discussion and artist homes stay native (0.529359ms)
✔ handoff resolver never opens spoofed hosts or credentials (0.301874ms)
✔ map deep links use the real web map and preserve only public search/place/view context (0.837084ms)
✔ explicit guardian links hand off only public listing context, adult groups stay native (1.529657ms)
(node:30976) ExperimentalWarning: stripTypeScriptTypes is an experimental feature and might change at any time
(Use `node --trace-warnings ...` to show where the warning was created)
✔ roles protect owner/self and admin peer escalation (2.736582ms)
✔ real controller confirms save only after current roster read (1.909647ms)
✔ lost response survives remount; receipt check does not resend (1.565655ms)
✔ unknown request blocks new write and safely cancels (2.156419ms)
✔ conflict refreshes membership; storage failure prevents submission (0.891355ms)
✔ authority loss clears private roster and account change fences calls (0.69618ms)
(node:31011) [MODULE_TYPELESS_PACKAGE_JSON] Warning: Module type of file:///workspaces/zoi-city/.recovery/community-release/mobile/src/session.ts is not specified and it doesn't parse as CommonJS.
Reparsing as ES module because module syntax was detected. This incurs a performance overhead.
To eliminate this warning, add "type": "module" to /workspaces/zoi-city/.recovery/community-release/mobile/package.json.
(Use `node --trace-warnings ...` to show where the warning was created)
(node:31011) ExperimentalWarning: stripTypeScriptTypes is an experimental feature and might change at any time
✔ only scoped team conflict/cancel envelope passes transport for controller verification (34.78839ms)
✔ exact known team SQL rejection preserved; generic 400 and other RPC remain uncertain (5.081193ms)
✔ real SessionClient quota clears marker; ambiguous400 keeps it;403 clears roster (2.642577ms)
✔ youth programme validates exact bounded ages, places and actual listing (2.294988ms)
✔ enrolment requires explicit authority and consent without inferring age (0.533607ms)
✔ enrolment receipts bind guardian child programme and exact version (0.544196ms)
✔ attendance and instructor assignment receipts reject unrelated identity (2.901761ms)
✔ private operator response rejects another workspace or programme roster (0.720536ms)
✔ public catalogue rejects unrelated listing and private family rejects malformed records (0.467914ms)
(node:31027) [MODULE_TYPELESS_PACKAGE_JSON] Warning: Module type of file:///workspaces/zoi-city/.recovery/community-release/mobile/src/youthReadiness.ts is not specified and it doesn't parse as CommonJS.
Reparsing as ES module because module syntax was detected. This incurs a performance overhead.
To eliminate this warning, add "type": "module" to /workspaces/zoi-city/.recovery/community-release/mobile/package.json.
(Use `node --trace-warnings ...` to show where the warning was created)
✔ native Youth remains read-only without exact installed actor and guardian capability (1.668036ms)
✔ native organizer readiness additionally binds exact workspace and current role (0.378146ms)
(node:31036) [MODULE_TYPELESS_PACKAGE_JSON] Warning: Module type of file:///workspaces/zoi-city/.recovery/community-release/mobile/src/session.ts is not specified and it doesn't parse as CommonJS.
Reparsing as ES module because module syntax was detected. This incurs a performance overhead.
To eliminate this warning, add "type": "module" to /workspaces/zoi-city/.recovery/community-release/mobile/package.json.
(Use `node --trace-warnings ...` to show where the warning was created)
✔ actual SessionClient youth refresh account fences private dispatch/result (27.965313ms)
✔ actual SessionClient youth refresh workspace fences private dispatch/result (0.624637ms)
✔ actual SessionClient youth refresh unmount fences private dispatch/result (0.525172ms)
✔ actual SessionClient youth response account fences private dispatch/result (6.382794ms)
✔ actual SessionClient youth response workspace fences private dispatch/result (1.175456ms)
✔ actual SessionClient youth response unmount fences private dispatch/result (0.960554ms)
✔ same actor token rotation sends private request using freshly captured token (1.009556ms)
✔ private method cannot dispatch anonymously; denied status remains recognizable (0.369601ms)
✔ installed native capability binds internal guardian profile separately from Auth (0.248314ms)
ℹ tests 380
ℹ suites 0
ℹ pass 380
ℹ fail 0
ℹ cancelled 0
ℹ skipped 0
ℹ todo 0
ℹ duration_ms 1050.653714
