(node:38373) ExperimentalWarning: stripTypeScriptTypes is an experimental feature and might change at any time
(Use `node --trace-warnings ...` to show where the warning was created)
✔ owner tool browser handoffs preserve explicit selected workspace with no token (1.893818ms)
✔ missing malformed and injected identities cannot fabricate a setup destination (0.365302ms)
(node:38379) [MODULE_TYPELESS_PACKAGE_JSON] Warning: Module type of file:///workspaces/zoi-city/.recovery/community-release/mobile/src/artistMusic.ts is not specified and it doesn't parse as CommonJS.
Reparsing as ES module because module syntax was detected. This incurs a performance overhead.
To eliminate this warning, add "type": "module" to /workspaces/zoi-city/.recovery/community-release/mobile/package.json.
(Use `node --trace-warnings ...` to show where the warning was created)
✔ reviewed catalogue binds identity and uses verified high-resolution photos (3.617007ms)
✔ unknown artist never inherits featured content (0.339615ms)
✔ provider links reject spoofed hosts unsafe schemes and credentials (0.248544ms)
✔ city validation supports Greek and NFKC without markup (3.597901ms)
✔ receipts bind artist request active state and expected version (0.846121ms)
✔ summary rejects subthreshold counts and wrong artist; mine preserves inactive rows (1.207195ms)
✔ interrupted authenticated interest retries identical persisted request, then withdrawal reads real server version (48.779862ms)
✔ native planner shares venue timezone and buffer boundaries (1.265834ms)
✔ native planner cannot accept another tenant or changed appointment preview (1.070881ms)
✔ native planner requires complete unique saved slots matching the preview (0.555087ms)
(node:38381) [MODULE_TYPELESS_PACKAGE_JSON] Warning: Module type of file:///workspaces/zoi-city/.recovery/community-release/mobile/src/backendReadiness.ts is not specified and it doesn't parse as CommonJS.
Reparsing as ES module because module syntax was detected. This incurs a performance overhead.
To eliminate this warning, add "type": "module" to /workspaces/zoi-city/.recovery/community-release/mobile/package.json.
(Use `node --trace-warnings ...` to show where the warning was created)
✔ verified guardian backend is enabled while unavailable integrations fail closed (1.310057ms)
✔ guardian release gate is backed by complete deployed RPC evidence (0.923776ms)
(node:38387) [MODULE_TYPELESS_PACKAGE_JSON] Warning: Module type of file:///workspaces/zoi-city/.recovery/community-release/mobile/src/booking.ts is not specified and it doesn't parse as CommonJS.
Reparsing as ES module because module syntax was detected. This incurs a performance overhead.
To eliminate this warning, add "type": "module" to /workspaces/zoi-city/.recovery/community-release/mobile/package.json.
(Use `node --trace-warnings ...` to show where the warning was created)
✔ booking receipts require exact idempotency request, slot and party (1.80923ms)
✔ retry receipt preserves terminal cancellation rather than inventing confirmation (0.230821ms)
✔ booking catalog refuses malformed times and unknown timezone (23.553701ms)
✔ venue times honor the venue timezone rather than device default (1.2046ms)
(node:38393) [MODULE_TYPELESS_PACKAGE_JSON] Warning: Module type of file:///workspaces/zoi-city/.recovery/community-release/mobile/src/bookingOperator.ts is not specified and it doesn't parse as CommonJS.
Reparsing as ES module because module syntax was detected. This incurs a performance overhead.
To eliminate this warning, add "type": "module" to /workspaces/zoi-city/.recovery/community-release/mobile/package.json.
(Use `node --trace-warnings ...` to show where the warning was created)
✔ operator mutation requires exact workspace and incremented version (1.67553ms)
✔ operator service decimal prices are exact minor units and bounded (0.494593ms)
✔ staff resource cannot silently admit a party (0.249075ms)
✔ schedule converts venue-local time and rejects both DST edge cases (24.729939ms)
✔ native reschedule uses venue-local range and rejects impossible calendar dates (27.100427ms)
✔ reschedule selection pins reviewed version and exact price (0.771972ms)
✔ move receipt requires same booking, expected version, reviewed time and no collected payment (0.578731ms)
(node:38400) [MODULE_TYPELESS_PACKAGE_JSON] Warning: Module type of file:///workspaces/zoi-city/.recovery/community-release/mobile/src/brand.ts is not specified and it doesn't parse as CommonJS.
Reparsing as ES module because module syntax was detected. This incurs a performance overhead.
To eliminate this warning, add "type": "module" to /workspaces/zoi-city/.recovery/community-release/mobile/package.json.
(Use `node --trace-warnings ...` to show where the warning was created)
✔ native shared body, subdued text and actions stay readable on every adopted surface (2.112817ms)
✔ native and web material colors share the same semantic values (6.31117ms)
(node:38412) [MODULE_TYPELESS_PACKAGE_JSON] Warning: Module type of file:///workspaces/zoi-city/.recovery/community-release/mobile/src/businessEdit.ts is not specified and it doesn't parse as CommonJS.
Reparsing as ES module because module syntax was detected. This incurs a performance overhead.
To eliminate this warning, add "type": "module" to /workspaces/zoi-city/.recovery/community-release/mobile/package.json.
(Use `node --trace-warnings ...` to show where the warning was created)
✔ only owned and explicitly approved claims can appear in business editor (2.379936ms)
✔ business edit preserves unknown social keys and explicit cleared fields (0.611172ms)
✔ business edit rejects unsafe replacement and ambiguous social payloads (0.586495ms)
(node:38418) [MODULE_TYPELESS_PACKAGE_JSON] Warning: Module type of file:///workspaces/zoi-city/.recovery/community-release/mobile/src/calendar.ts is not specified and it doesn't parse as CommonJS.
Reparsing as ES module because module syntax was detected. This incurs a performance overhead.
To eliminate this warning, add "type": "module" to /workspaces/zoi-city/.recovery/community-release/mobile/package.json.
(Use `node --trace-warnings ...` to show where the warning was created)
✔ calendar ranges reject impossible dates and bound exactly90 UTC days (1.897015ms)
✔ public calendar rejects private drafts and another listing (0.386462ms)
✔ workspace calendar rejects another tenant (1.570634ms)
✔ same calendar planner validates dates and exact saved receipt (28.716066ms)
✔ profile calendar/group actions require exact same-listing server paths (2.467369ms)
(node:38424) [MODULE_TYPELESS_PACKAGE_JSON] Warning: Module type of file:///workspaces/zoi-city/.recovery/community-release/mobile/src/commerce.ts is not specified and it doesn't parse as CommonJS.
Reparsing as ES module because module syntax was detected. This incurs a performance overhead.
To eliminate this warning, add "type": "module" to /workspaces/zoi-city/.recovery/community-release/mobile/package.json.
(Use `node --trace-warnings ...` to show where the warning was created)
✔ basket totals preserve decimal precision and separate currencies (2.771938ms)
✔ persisted basket rejects duplicate IDs and invalid quantities (1.046324ms)
✔ adding unavailable options or excessive aggregate quantities fails (0.875806ms)
✔ fresh checkout must match exact official cart and all quantities (1.088413ms)
✔ product imagery and deep links reject untrusted URLs and invalid identifiers (3.863968ms)
✔ native shared option cannot silently substitute another product variant (0.343422ms)
✔ malformed explicit native variant remains an explicit unresolved choice (0.671024ms)
✔ single default display metadata survives native basket mapping without changing provider title (0.789545ms)
(node:38429) [MODULE_TYPELESS_PACKAGE_JSON] Warning: Module type of file:///workspaces/zoi-city/.recovery/community-release/mobile/src/community.ts is not specified and it doesn't parse as CommonJS.
Reparsing as ES module because module syntax was detected. This incurs a performance overhead.
To eliminate this warning, add "type": "module" to /workspaces/zoi-city/.recovery/community-release/mobile/package.json.
(Use `node --trace-warnings ...` to show where the warning was created)
✔ visible reaction state comes from matching desired-state receipts only (1.772642ms)
✔ reply receipt is scoped to post and actual profile, not auth UUID (0.489595ms)
✔ public profile edits explicitly validate interests and chosen public fields (0.557441ms)
✔ feed preserves server snapshot and rejects a substituted mode (0.322062ms)
✔ recovered publication keeps original account, immutable request and actual receipt identity (0.88308ms)
(node:38454) [MODULE_TYPELESS_PACKAGE_JSON] Warning: Module type of file:///workspaces/zoi-city/.recovery/community-release/mobile/src/communityIntent.ts is not specified and it doesn't parse as CommonJS.
Reparsing as ES module because module syntax was detected. This incurs a performance overhead.
To eliminate this warning, add "type": "module" to /workspaces/zoi-city/.recovery/community-release/mobile/package.json.
(Use `node --trace-warnings ...` to show where the warning was created)
✔ sign-in retains question composer intent but cannot resume without an actor (2.522492ms)
✔ discussion return retains navigation and does not replay a reaction (0.366886ms)
✔ sign-in may retain public navigation but sign-out or account switch invalidates it (0.2246ms)
(node:38455) [MODULE_TYPELESS_PACKAGE_JSON] Warning: Module type of file:///workspaces/zoi-city/.recovery/community-release/mobile/src/communityMedia.ts is not specified and it doesn't parse as CommonJS.
Reparsing as ES module because module syntax was detected. This incurs a performance overhead.
To eliminate this warning, add "type": "module" to /workspaces/zoi-city/.recovery/community-release/mobile/package.json.
(Use `node --trace-warnings ...` to show where the warning was created)
✔ media selection validates actual bytes dimensions and video duration before transfer (1.641366ms)
✔ media URLs cannot execute scripts or expose embedded credentials (0.313686ms)
✔ offscreen background low-power reduced-motion and user pause all prevent autoplay (0.253884ms)
✔ upload receipt must match selected media type and a valid finalized identity (0.629916ms)
(node:38457) [MODULE_TYPELESS_PACKAGE_JSON] Warning: Module type of file:///workspaces/zoi-city/.recovery/community-release/mobile/src/companyWorkspace.ts is not specified and it doesn't parse as CommonJS.
Reparsing as ES module because module syntax was detected. This incurs a performance overhead.
To eliminate this warning, add "type": "module" to /workspaces/zoi-city/.recovery/community-release/mobile/package.json.
(Use `node --trace-warnings ...` to show where the warning was created)
✔ native company aggregates exact active relationships without assuming member Auth identity (3.468439ms)
✔ company draft uses current company ID and existing persisted payload (0.697002ms)
✔ company source rejects foreign (0.776821ms)
✔ company source rejects archived (0.302174ms)
✔ company source rejects missing (0.449029ms)
✔ company source rejects duplicate (0.426276ms)
✔ archived linked project has no company return and archived work is omitted (0.532896ms)
✔ existing roles keep company edit distinct from project work (0.207969ms)
✔ actual SessionClient ignores held Company response after account (54.845702ms)
✔ actual SessionClient ignores held Company response after workspace (3.748192ms)
✔ actual SessionClient ignores held Company response after unmount (1.305499ms)
(node:38478) [MODULE_TYPELESS_PACKAGE_JSON] Warning: Module type of file:///workspaces/zoi-city/.recovery/community-release/mobile/src/creator.ts is not specified and it doesn't parse as CommonJS.
Reparsing as ES module because module syntax was detected. This incurs a performance overhead.
To eliminate this warning, add "type": "module" to /workspaces/zoi-city/.recovery/community-release/mobile/package.json.
(Use `node --trace-warnings ...` to show where the warning was created)
✔ bio preserves order and unpublished intent in exact server payload (2.243521ms)
✔ bio refuses truncation and unsafe links before save (0.639064ms)
✔ bio needs exact save receipt and never treats empty response as success (0.532986ms)
(node:38484) [MODULE_TYPELESS_PACKAGE_JSON] Warning: Module type of file:///workspaces/zoi-city/.recovery/community-release/mobile/src/creatorAccess.ts is not specified and it doesn't parse as CommonJS.
Reparsing as ES module because module syntax was detected. This incurs a performance overhead.
To eliminate this warning, add "type": "module" to /workspaces/zoi-city/.recovery/community-release/mobile/package.json.
(Use `node --trace-warnings ...` to show where the warning was created)
✔ authoritative creator denials invalidate private data for reads and writes (6.040995ms)
✔ temporary failure and creator read-only states retain draft and recovery state (0.629737ms)
✔ late denial from an unmounted or different actor cannot clear the current screen (0.393506ms)
✔ successful reads and confirmed writes remain unchanged (3.819646ms)
(node:38485) [MODULE_TYPELESS_PACKAGE_JSON] Warning: Module type of file:///workspaces/zoi-city/.recovery/community-release/mobile/src/creatorRecovery.ts is not specified and it doesn't parse as CommonJS.
Reparsing as ES module because module syntax was detected. This incurs a performance overhead.
To eliminate this warning, add "type": "module" to /workspaces/zoi-city/.recovery/community-release/mobile/package.json.
(Use `node --trace-warnings ...` to show where the warning was created)
✔ all seven actions execute through durable nonce-only wrapper and validate receipt (8.690576ms)
✔ lost response blocks replacement, exact retry retains immutable memory payload (0.977476ms)
✔ reload has no payload, missing receipt retains fence, cancellation requires exact proof (1.389716ms)
✔ permission denial drops private payload without deleting recovery reference (0.705678ms)
✔ storage failure, corrupt marker and late account change cannot permit dispatch or acknowledgement (0.746475ms)
✔ mismatched saved entity does not discard recovery reference (0.339855ms)
✔ account switch during persisted readback prevents dispatch (0.315259ms)
✔ readback failure after persistence retains marker and fences another send (0.514902ms)
(node:38492) [MODULE_TYPELESS_PACKAGE_JSON] Warning: Module type of file:///workspaces/zoi-city/.recovery/community-release/mobile/src/creatorStudio.ts is not specified and it doesn't parse as CommonJS.
Reparsing as ES module because module syntax was detected. This incurs a performance overhead.
To eliminate this warning, add "type": "module" to /workspaces/zoi-city/.recovery/community-release/mobile/package.json.
(Use `node --trace-warnings ...` to show where the warning was created)
✔ creator fee is explicit currency units converted to bounded minor units (4.26597ms)
✔ private drafts may be incomplete but sharing needs disclosures and deliverables (0.586877ms)
✔ customer detail rejects internal workspace records and audit data (0.664482ms)
✔ creator mutation receipts require matching workspace and decision request (0.62624ms)
✔ proof links remain explicit public HTTPS links and deliverables honor field limits (0.74407ms)
(node:38498) [MODULE_TYPELESS_PACKAGE_JSON] Warning: Module type of file:///workspaces/zoi-city/.recovery/community-release/mobile/src/discovery.ts is not specified and it doesn't parse as CommonJS.
Reparsing as ES module because module syntax was detected. This incurs a performance overhead.
To eliminate this warning, add "type": "module" to /workspaces/zoi-city/.recovery/community-release/mobile/package.json.
(Use `node --trace-warnings ...` to show where the warning was created)
✔ saved home applies only to default browsing, global search and temporary city do not overwrite it (4.404889ms)
✔ authoritative preference receipt supports explicit clears and sparse account; malformed receipt refused (0.978158ms)
✔ scope inputs literal and public rows must match chosen city/country/current identity (0.88338ms)
✔ coarse, missing, fake centroids and conflicted street coordinates never become precise pins (1.586334ms)
✔ fresh selected entity must match exact current slug/id and public visibility (0.619247ms)
✔ Directions uses actual same-record reviewed receipt, current address, or explicit provider name search (0.637942ms)
✔ native discovery/map public links carry explicit intent and canonical place without touching home (1.20401ms)
✔ native viewport clusters count real pins, hide coarse points and split with zoom without jitter (0.767004ms)
(node:38511) [MODULE_TYPELESS_PACKAGE_JSON] Warning: Module type of file:///workspaces/zoi-city/.recovery/community-release/mobile/src/discoveryMedia.ts is not specified and it doesn't parse as CommonJS.
Reparsing as ES module because module syntax was detected. This incurs a performance overhead.
To eliminate this warning, add "type": "module" to /workspaces/zoi-city/.recovery/community-release/mobile/package.json.
(Use `node --trace-warnings ...` to show where the warning was created)
✔ actual public Signature null SQL photo uses exact shared reviewed media on card and selected home (7.923773ms)
✔ owner photo edit and explicit null clear follow shared model on both bounded and full entities (3.208995ms)
✔ owner website edit and clears remove old reviewed imagery without a native override (0.493852ms)
✔ raw profile hero clear and owner all-media clear remain explicit (0.536533ms)
✔ association/quarantined source cannot regain curated media through native (0.386111ms)
✔ sparse, unsafe and failed roles do not infer a photo or leak raw fields (0.557872ms)
✔ official logo-only identity uses model fit and backdrop; poster keeps full aspect (0.672908ms)
✔ gallery-only or interface artwork cannot become native hero (0.583129ms)
✔ legacy selected logo and sparse selected photo preserve fallback semantics (0.321781ms)
(node:38514) [MODULE_TYPELESS_PACKAGE_JSON] Warning: Module type of file:///workspaces/zoi-city/.recovery/community-release/mobile/src/discoveryScope.ts is not specified and it doesn't parse as CommonJS.
Reparsing as ES module because module syntax was detected. This incurs a performance overhead.
To eliminate this warning, add "type": "module" to /workspaces/zoi-city/.recovery/community-release/mobile/package.json.
(Use `node --trace-warnings ...` to show where the warning was created)
✔ community_me refresh account (40.817513ms)
✔ community_me refresh unmount (0.869464ms)
✔ community_me refresh unchanged (1.853172ms)
✔ community_me response account (8.081838ms)
✔ community_me response unmount (1.179123ms)
✔ community_me response unchanged (3.257387ms)
✔ community_preferences_save refresh account (0.78689ms)
✔ community_preferences_save refresh unmount (0.728791ms)
✔ community_preferences_save refresh unchanged (4.306745ms)
✔ community_preferences_save response account (7.112067ms)
✔ community_preferences_save response unmount (7.132895ms)
✔ community_preferences_save response unchanged (0.938072ms)
✔ no unknown mutations or malformed preference versions dispatch (0.527225ms)
(node:38525) [MODULE_TYPELESS_PACKAGE_JSON] Warning: Module type of file:///workspaces/zoi-city/.recovery/community-release/mobile/src/documentScope.ts is not specified and it doesn't parse as CommonJS.
Reparsing as ES module because module syntax was detected. This incurs a performance overhead.
To eliminate this warning, add "type": "module" to /workspaces/zoi-city/.recovery/community-release/mobile/package.json.
(Use `node --trace-warnings ...` to show where the warning was created)
✔ actual SessionClient private documents refresh actor (43.885675ms)
✔ actual SessionClient private documents refresh workspace (1.101638ms)
✔ actual SessionClient private documents refresh project (1.086459ms)
✔ actual SessionClient private documents refresh unmount (0.725626ms)
✔ actual SessionClient private documents refresh unchanged (1.966784ms)
✔ actual SessionClient private documents response actor (14.017897ms)
✔ actual SessionClient private documents response workspace (1.912683ms)
✔ actual SessionClient private documents response project (1.44538ms)
✔ actual SessionClient private documents response unmount (3.863758ms)
✔ actual SessionClient private documents response unchanged (2.284178ms)
✔ private document RPC refuses malformed scopes, unknown writers and foreign workspace before dispatch (0.867982ms)
(node:38526) [MODULE_TYPELESS_PACKAGE_JSON] Warning: Module type of file:///workspaces/zoi-city/.recovery/community-release/mobile/src/documents.ts is not specified and it doesn't parse as CommonJS.
Reparsing as ES module because module syntax was detected. This incurs a performance overhead.
To eliminate this warning, add "type": "module" to /workspaces/zoi-city/.recovery/community-release/mobile/package.json.
(Use `node --trace-warnings ...` to show where the warning was created)
✔ private upload receipt requires workspace, document identity and ready version (1.665542ms)
✔ private attachment requires no-store, attachment headers, correct type and exact bounded size (48.739543ms)
✔ native document selection uses same metadata limits as server (0.781651ms)
(node:38532) [MODULE_TYPELESS_PACKAGE_JSON] Warning: Module type of file:///workspaces/zoi-city/.recovery/community-release/mobile/src/drafts.ts is not specified and it doesn't parse as CommonJS.
Reparsing as ES module because module syntax was detected. This incurs a performance overhead.
To eliminate this warning, add "type": "module" to /workspaces/zoi-city/.recovery/community-release/mobile/package.json.
(Use `node --trace-warnings ...` to show where the warning was created)
✔ sign-out removal waits for in-flight draft save and prevents queued resurrection (4.309872ms)
✔ switching account blocks previous account queued draft writes (0.520813ms)
✔ publishing requires explicit success and real UUID receipt (0.414344ms)
✔ native map labels share exact source geometry and boundedpreferences (2.177909ms)
✔ native prepared note shares same nontransactional contract (0.779897ms)
(node:38547) ExperimentalWarning: stripTypeScriptTypes is an experimental feature and might change at any time
(Use `node --trace-warnings ...` to show where the warning was created)
✔ guest link carries only canonical selected event, never credentials (1.860896ms)
✔ organiser handoff validates exact selected workspace and event with fresh authority (1.452764ms)
✔ viewer, missing, duplicate and malformed memberships cannot produce operator link (0.646488ms)
✔ selected workspace never falls back to first membership (2.422045ms)
✔ wrong event and denied operator proof cannot open a link (0.634526ms)
✔ late account/workspace switches fence membership and operator responses (11.864316ms)
(node:38549) [MODULE_TYPELESS_PACKAGE_JSON] Warning: Module type of file:///workspaces/zoi-city/.recovery/community-release/mobile/src/session.ts is not specified and it doesn't parse as CommonJS.
Reparsing as ES module because module syntax was detected. This incurs a performance overhead.
To eliminate this warning, add "type": "module" to /workspaces/zoi-city/.recovery/community-release/mobile/package.json.
(Use `node --trace-warnings ...` to show where the warning was created)
✔ actual session refresh preserves exact authorised event/workspace without credentials in link (56.904746ms)
✔ held actual refresh refuses private send after workspace switch (1.525259ms)
✔ held actual refresh refuses private send after actor switch (0.906203ms)
✔ late private response is refused after scope change (13.525938ms)
✔ invalid actor, guest, lost scope and unsupported RPC refuse dispatch (0.64285ms)
✔ refresh rejection never dispatches private proof (0.319778ms)
(node:38568) [MODULE_TYPELESS_PACKAGE_JSON] Warning: Module type of file:///workspaces/zoi-city/.recovery/community-release/mobile/src/eventPlanner.ts is not specified and it doesn't parse as CommonJS.
Reparsing as ES module because module syntax was detected. This incurs a performance overhead.
To eliminate this warning, add "type": "module" to /workspaces/zoi-city/.recovery/community-release/mobile/package.json.
(Use `node --trace-warnings ...` to show where the warning was created)
✔ event plans preserve private notes and reject invalid quantities (33.074643ms)
✔ recovery never substitutes profile or plan version (0.737818ms)
✔ current booking reads cannot import foreign private plans (0.338342ms)
✔ resource units enforce one performer, bounded venue guests and equipment units (1.845848ms)
(node:38577) [MODULE_TYPELESS_PACKAGE_JSON] Warning: Module type of file:///workspaces/zoi-city/.recovery/community-release/mobile/src/festival.ts is not specified and it doesn't parse as CommonJS.
Reparsing as ES module because module syntax was detected. This incurs a performance overhead.
To eliminate this warning, add "type": "module" to /workspaces/zoi-city/.recovery/community-release/mobile/package.json.
(Use `node --trace-warnings ...` to show where the warning was created)
✔ application ignores client prices and validates contact and units (2.066981ms)
✔ commercial offers use exact cents and bounded benefit lines (23.06546ms)
✔ application receipt requires correct actor tenant enquiry and version (0.462254ms)
✔ private pages reject foreign records and invalid pagination (1.052265ms)
✔ public offer action only uses exact matching host UUID (1.746012ms)
(node:38584) [MODULE_TYPELESS_PACKAGE_JSON] Warning: Module type of file:///workspaces/zoi-city/.recovery/community-release/mobile/src/generalReservation.ts is not specified and it doesn't parse as CommonJS.
Reparsing as ES module because module syntax was detected. This incurs a performance overhead.
To eliminate this warning, add "type": "module" to /workspaces/zoi-city/.recovery/community-release/mobile/package.json.
(Use `node --trace-warnings ...` to show where the warning was created)
✔ interrupted reservation remains blocked after remount and across tier changes, scoped to actor and event (3.293012ms)
✔ only exact confirmed free receipt clears original attempt; malformed and stale confirmations preserve warning (0.983708ms)
✔ storage failure and account change stop request preparation before network action (0.473835ms)
✔ new request recovery accepts only exact nonce/event/tier/quantity receipt, with no contact storage (3.233332ms)
✔ legacy saved requests cannot be upgraded to once protocol, and malformed recovery never clears warning (0.425425ms)
✔ recovered creation receipt cannot imply active ticket after cancellation or closed event (0.390139ms)
✔ signing in cannot bypass an unresolved guest reservation or reuse its nonce as an account request (1.279449ms)
✔ confirmed nonce reference survives reopening without contacts and never claims cached ticket status (0.928284ms)
✔ confirmed references cap at five, expire after one year, and storage failure preserves unresolved warning (3.254059ms)
✔ member state accepts closed group with own history but rejects unrelated membership (2.083473ms)
✔ membership decisions validate tenant identity and exact increment (0.436907ms)
✔ attendance receipt binds event membership and status (0.371854ms)
✔ membership settings cannot cross workspace or skip version (0.340797ms)
(node:38591) [MODULE_TYPELESS_PACKAGE_JSON] Warning: Module type of file:///workspaces/zoi-city/.recovery/community-release/mobile/src/inquiries.ts is not specified and it doesn't parse as CommonJS.
Reparsing as ES module because module syntax was detected. This incurs a performance overhead.
To eliminate this warning, add "type": "module" to /workspaces/zoi-city/.recovery/community-release/mobile/package.json.
(Use `node --trace-warnings ...` to show where the warning was created)
✔ enquiry start validates actor listing and immutable request payload (2.071129ms)
✔ reply requires exact author thread request and body receipt (0.485888ms)
✔ thread read guards workspace message identity and readonly contract (0.689879ms)
✔ enquiry inputs reject invalid IDs and oversized empty messages (0.427068ms)
(node:38603) [MODULE_TYPELESS_PACKAGE_JSON] Warning: Module type of file:///workspaces/zoi-city/.recovery/community-release/mobile/src/privateRequests.ts is not specified and it doesn't parse as CommonJS.
Reparsing as ES module because module syntax was detected. This incurs a performance overhead.
To eliminate this warning, add "type": "module" to /workspaces/zoi-city/.recovery/community-release/mobile/package.json.
(Use `node --trace-warnings ...` to show where the warning was created)
✔ restart restores nonce-only metadata and prevents replacement (4.8443ms)
✔ A to B to A protects and preserves original marker (3.61872ms)
✔ SecureStore failure and silent adapter failure prevent dispatch (1.725203ms)
✔ receipt requires exact nonce kind and target; notfound is not cancellation (0.553304ms)
✔ failed recovery keeps marker until confirmed cancellation acknowledgement (4.948685ms)
✔ corrupt active null prevents a replacement inquiry nonce (0.763817ms)
(node:38612) [MODULE_TYPELESS_PACKAGE_JSON] Warning: Module type of file:///workspaces/zoi-city/.recovery/community-release/mobile/src/memberStart.ts is not specified and it doesn't parse as CommonJS.
Reparsing as ES module because module syntax was detected. This incurs a performance overhead.
To eliminate this warning, add "type": "module" to /workspaces/zoi-city/.recovery/community-release/mobile/package.json.
(Use `node --trace-warnings ...` to show where the warning was created)
✔ server profile identity includes no-deadline assignment and excludes Auth UUID assignment (5.71206ms)
✔ reject ambiguous member scope role (0.509963ms)
✔ reject ambiguous member scope workspace (0.207577ms)
✔ reject ambiguous member scope profile (0.200134ms)
✔ reject ambiguous member scope record (0.223037ms)
✔ actual token refresh fences workspace_team_get actor (43.718393ms)
✔ actual token refresh fences workspace_team_get workspace (1.428418ms)
✔ actual token refresh fences workspace_team_get unmount (3.88645ms)
✔ actual token refresh fences workspace_team_get rotation (2.711515ms)
✔ actual token refresh fences ops_records_list actor (0.802459ms)
✔ actual token refresh fences ops_records_list workspace (1.279069ms)
✔ actual token refresh fences ops_records_list unmount (0.706459ms)
✔ actual token refresh fences ops_records_list rotation (3.114428ms)
✔ actual token refresh fences social_list_posts actor (1.021408ms)
✔ actual token refresh fences social_list_posts workspace (0.802519ms)
✔ actual token refresh fences social_list_posts unmount (1.048839ms)
✔ actual token refresh fences social_list_posts rotation (0.895262ms)
✔ actual token refresh fences booking_operator_list actor (0.394627ms)
✔ actual token refresh fences booking_operator_list workspace (0.315059ms)
✔ actual token refresh fences booking_operator_list unmount (1.123378ms)
✔ actual token refresh fences booking_operator_list rotation (0.605ms)
✔ held actual response rejects retired actor (21.155565ms)
✔ held actual response rejects retired workspace (0.676423ms)
✔ held actual response rejects retired unmount (0.550859ms)
✔ wrong workspace argument never dispatches (0.283149ms)
(node:38619) [MODULE_TYPELESS_PACKAGE_JSON] Warning: Module type of file:///workspaces/zoi-city/.recovery/community-release/mobile/src/music.ts is not specified and it doesn't parse as CommonJS.
Reparsing as ES module because module syntax was detected. This incurs a performance overhead.
To eliminate this warning, add "type": "module" to /workspaces/zoi-city/.recovery/community-release/mobile/package.json.
(Use `node --trace-warnings ...` to show where the warning was created)
✔ music prefill honors explicit cleared flat fields over old nested aliases (1.099214ms)
✔ music clearing sends null and leaves unrelated owner fields untouched (1.4289ms)
✔ music validation rejects unsafe links and impossible dates (1.174834ms)
(node:38621) [MODULE_TYPELESS_PACKAGE_JSON] Warning: Module type of file:///workspaces/zoi-city/.recovery/community-release/mobile/src/nativeParea.ts is not specified and it doesn't parse as CommonJS.
Reparsing as ES module because module syntax was detected. This incurs a performance overhead.
To eliminate this warning, add "type": "module" to /workspaces/zoi-city/.recovery/community-release/mobile/package.json.
(Use `node --trace-warnings ...` to show where the warning was created)
✔ whole-ticket 3/1/5 plan leaves one unassigned and keeps exact individual prices (40.108622ms)
✔ fractional, duplicate, excess and expired plans do not become invitations (1.097641ms)
✔ only current unclaimed guest version can rotate link without extra quota (0.542002ms)
✔ guest choices require current event, explicit deadline proof and unpaid policy version (4.402284ms)
(node:38634) [MODULE_TYPELESS_PACKAGE_JSON] Warning: Module type of file:///workspaces/zoi-city/.recovery/community-release/mobile/src/nativePareaClient.ts is not specified and it doesn't parse as CommonJS.
Reparsing as ES module because module syntax was detected. This incurs a performance overhead.
To eliminate this warning, add "type": "module" to /workspaces/zoi-city/.recovery/community-release/mobile/package.json.
(Use `node --trace-warnings ...` to show where the warning was created)
✔ event_host_guest_save refresh account (47.946517ms)
✔ event_host_guest_save refresh unmount (1.697872ms)
✔ event_host_guest_save refresh unchanged (3.539482ms)
✔ event_host_guest_save response account (2.02893ms)
✔ event_host_guest_save response unmount (1.482159ms)
✔ event_host_guest_save response unchanged (1.281398ms)
✔ event_host_claim refresh account (6.222495ms)
✔ event_host_claim refresh unmount (1.345053ms)
✔ event_host_claim refresh unchanged (3.589496ms)
✔ event_host_claim response account (1.109553ms)
✔ event_host_claim response unmount (0.909489ms)
✔ event_host_claim response unchanged (0.779035ms)
✔ event_guest_payment_choose refresh account (0.92027ms)
✔ event_guest_payment_choose refresh unmount (0.818109ms)
✔ event_guest_payment_choose refresh unchanged (0.897076ms)
✔ event_guest_payment_choose response account (0.712572ms)
✔ event_guest_payment_choose response unmount (0.798882ms)
✔ event_guest_payment_choose response unchanged (0.614949ms)
✔ actual shared host client persists nonce before dispatch, loss retries same request and token (11.222016ms)
✔ remount cannot retry bearer args, exact missing-result cancellation settles before new request (1.190494ms)
✔ no token or RPC dispatch if durable storage has failed (0.667827ms)
✔ native host never depends on browser structuredClone and rejects non-JSON mutation data (0.908658ms)
✔ durable clear failure blocks new writes until exact storage operation is confirmed (0.568532ms)
(node:38640) [MODULE_TYPELESS_PACKAGE_JSON] Warning: Module type of file:///workspaces/zoi-city/.recovery/community-release/mobile/src/nativePareaRecovery.ts is not specified and it doesn't parse as CommonJS.
Reparsing as ES module because module syntax was detected. This incurs a performance overhead.
To eliminate this warning, add "type": "module" to /workspaces/zoi-city/.recovery/community-release/mobile/package.json.
(Use `node --trace-warnings ...` to show where the warning was created)
✔ nonce-only durable reference restores in exact account/event and contains no bearer or labels (2.510099ms)
✔ private capabilities and unexpected stored fields fail closed before writes (0.9903ms)
✔ failed persistence retains same queued reference until confirmed, then durable clear (0.807929ms)
✔ account/view invalidation after storage await keeps recovery reference but rejects stale continuation (1.683125ms)
✔ payment recovery includes exact guest/version/method/request only (1.408101ms)
(node:38652) [MODULE_TYPELESS_PACKAGE_JSON] Warning: Module type of file:///workspaces/zoi-city/.recovery/community-release/mobile/src/operations.ts is not specified and it doesn't parse as CommonJS.
Reparsing as ES module because module syntax was detected. This incurs a performance overhead.
To eliminate this warning, add "type": "module" to /workspaces/zoi-city/.recovery/community-release/mobile/package.json.
(Use `node --trace-warnings ...` to show where the warning was created)
✔ save receipts require correct workspace, identity and incremented version (1.884921ms)
✔ editor can edit contacts/projects/tasks but not company records; viewers cannot write (0.233316ms)
✔ full-form edits preserve custom existing data and explicitly clear relations (1.082352ms)
✔ invalid deadline and blank title fail before sending (0.42244ms)
✔ projects require company and tasks require project before sending (0.73861ms)
✔ unicode payload byte limit is enforced before sending (3.430027ms)
✔ unmodified deadline preserves its exact timestamp (4.376316ms)
✔ new company has valid default sector and cannot submit blank sector (0.372305ms)
(node:38653) [MODULE_TYPELESS_PACKAGE_JSON] Warning: Module type of file:///workspaces/zoi-city/.recovery/community-release/mobile/src/organizationWorkflow.ts is not specified and it doesn't parse as CommonJS.
Reparsing as ES module because module syntax was detected. This incurs a performance overhead.
To eliminate this warning, add "type": "module" to /workspaces/zoi-city/.recovery/community-release/mobile/package.json.
(Use `node --trace-warnings ...` to show where the warning was created)
✔ contextual native drafts preserve saved relationships and real writer payload (3.265617ms)
✔ project browser handoff fresh role owner (0.468646ms)
✔ project browser handoff fresh role admin (0.179806ms)
✔ project browser handoff fresh role editor (0.156723ms)
✔ project browser handoff fresh role viewer (0.528037ms)
✔ reject missing project context (0.34766ms)
✔ reject archived project context (0.215412ms)
✔ reject duplicate project context (0.258824ms)
✔ reject foreign project context (0.227285ms)
✔ reject scope project context (1.207846ms)
✔ actual SessionClient held refresh actor (36.337106ms)
✔ actual SessionClient held refresh workspace (1.508288ms)
✔ actual SessionClient held refresh unchanged (1.011941ms)
(node:38655) [MODULE_TYPELESS_PACKAGE_JSON] Warning: Module type of file:///workspaces/zoi-city/.recovery/community-release/mobile/src/ownerEditorHandoff.ts is not specified and it doesn't parse as CommonJS.
Reparsing as ES module because module syntax was detected. This incurs a performance overhead.
To eliminate this warning, add "type": "module" to /workspaces/zoi-city/.recovery/community-release/mobile/package.json.
(Use `node --trace-warnings ...` to show where the warning was created)
✔ fresh authorization opens only fixed browser editor, with exact authorized listing and without credentials (2.379564ms)
✔ account or workspace switch during authorization never opens browser (0.347499ms)
✔ invalid identity, denied access and mismatched receipts never open browser (0.97439ms)
✔ revoked or failed authorization surfaces failure without opening (0.548284ms)
(node:38673) ExperimentalWarning: stripTypeScriptTypes is an experimental feature and might change at any time
(Use `node --trace-warnings ...` to show where the warning was created)
✔ private link exact canonical event and opaque fragment only (3.659196ms)
✔ current own group counts whole-ticket quantities and expires without paid inference (2.730501ms)
✔ recipient preview rejects expired, cross-event, missing no-payment envelope and malformed amounts (0.549296ms)
✔ own reader binds list and detail IDs and profile distinct from Auth UUID (0.840811ms)
✔ refresh/response scope changes prevent private request or result use (0.638202ms)
(node:38674) [MODULE_TYPELESS_PACKAGE_JSON] Warning: Module type of file:///workspaces/zoi-city/.recovery/community-release/mobile/src/placeNavigation.ts is not specified and it doesn't parse as CommonJS.
Reparsing as ES module because module syntax was detected. This incurs a performance overhead.
To eliminate this warning, add "type": "module" to /workspaces/zoi-city/.recovery/community-release/mobile/package.json.
(Use `node --trace-warnings ...` to show where the warning was created)
✔ current public slug wins over stale unhashed artist SEO path (1.186396ms)
✔ fallback permits only internal profile routes (3.537579ms)
(node:38680) [MODULE_TYPELESS_PACKAGE_JSON] Warning: Module type of file:///workspaces/zoi-city/.recovery/community-release/mobile/src/privateRequests.ts is not specified and it doesn't parse as CommonJS.
Reparsing as ES module because module syntax was detected. This incurs a performance overhead.
To eliminate this warning, add "type": "module" to /workspaces/zoi-city/.recovery/community-release/mobile/package.json.
(Use `node --trace-warnings ...` to show where the warning was created)
✔ private recovery stores exact Unicode across bounded secure chunks (11.356165ms)
✔ account switch cannot read or save another account’s private request (1.045263ms)
✔ sign-out cleanup runs after queued writes and removes every chunk (3.527951ms)
✔ incomplete persistence is never mistaken for a retryable request (3.132151ms)
✔ cleanup failure cannot roll back a committed recovery request (2.774002ms)
✔ separate workflows keep distinct encrypted recovery namespaces (1.286203ms)
✔ failed storage cleanup retains a discoverable manifest until explicit cleanup succeeds (2.089052ms)
✔ non-null malformed manifests never masquerade as no pending request (1.513067ms)
✔ valid active-null pending manifest remains interrupted, not empty (0.377405ms)
✔ an active null payload is corruption rather than no pending request (0.514812ms)
(node:38691) [MODULE_TYPELESS_PACKAGE_JSON] Warning: Module type of file:///workspaces/zoi-city/.recovery/community-release/mobile/src/profile.ts is not specified and it doesn't parse as CommonJS.
Reparsing as ES module because module syntax was detected. This incurs a performance overhead.
To eliminate this warning, add "type": "module" to /workspaces/zoi-city/.recovery/community-release/mobile/package.json.
(Use `node --trace-warnings ...` to show where the warning was created)
✔ profile gives owner fields priority, merges actual socials and labels enrichment (5.603368ms)
✔ profile never fabricates verification or ratings from owner data (0.534679ms)
✔ profile rejects unsafe external schemes and credentials (2.251316ms)
✔ missing entity is absent, not invented profile (0.238426ms)
✔ profile actions require exact server routes and matching booking listing (1.344431ms)
✔ private enquiry entry requires server invitation for this same listing (0.911813ms)
✔ profile photos preserve wide logos, portraits and small artwork (0.248084ms)
✔ image loading supports native source dimensions and web natural dimensions (0.286735ms)
✔ native uses shared phone validity and authoritative owner clear (0.642961ms)
✔ native machine social syntax and exact publisher identity match web while owner links survive (2.494992ms)
✔ native Fournos chain root contacts cannot replace branch base or explicit owner values (1.14554ms)
(node:38693) [MODULE_TYPELESS_PACKAGE_JSON] Warning: Module type of file:///workspaces/zoi-city/.recovery/community-release/mobile/src/seating.ts is not specified and it doesn't parse as CommonJS.
Reparsing as ES module because module syntax was detected. This incurs a performance overhead.
To eliminate this warning, add "type": "module" to /workspaces/zoi-city/.recovery/community-release/mobile/package.json.
(Use `node --trace-warnings ...` to show where the warning was created)
✔ hold requires exact requested seats and confirmed receipt (1.788361ms)
✔ free confirmation rejects payment, quantity, seat and hold mismatches (0.413532ms)
✔ foreground status restores exact hold and validates cancellation (0.822977ms)
✔ countdown accounts for server clock and clamps expired holds (0.274953ms)
✔ missing inventory stays unavailable and malformed maps never invent seats (0.613616ms)
✔ seat inventory uses actual geometry and rejects unsafe bigint IDs or unknown state (1.074738ms)
(node:38707) [MODULE_TYPELESS_PACKAGE_JSON] Warning: Module type of file:///workspaces/zoi-city/.recovery/community-release/mobile/src/session.ts is not specified and it doesn't parse as CommonJS.
Reparsing as ES module because module syntax was detected. This incurs a performance overhead.
To eliminate this warning, add "type": "module" to /workspaces/zoi-city/.recovery/community-release/mobile/package.json.
(Use `node --trace-warnings ...` to show where the warning was created)
✔ persists only refresh credential and restores by exchanging it (43.885036ms)
✔ expired concurrent API requests share one refresh and use renewed token (12.36562ms)
✔ invalid refresh removes stored credential and session (1.361013ms)
✔ transient refresh failure preserves credential for recovery (0.466271ms)
✔ sign-out clears device credentials even if revocation is offline (0.716609ms)
✔ in-flight sign-in cannot resurrect a signed-out account (1.074307ms)
✔ anonymous authenticated RPC is rejected without making a request (0.713964ms)
✔ application error envelopes cannot appear as publishing success (0.774788ms)
✔ server-rejected access token clears session without replaying mutation (1.239496ms)
✔ optimistic edit conflict is explained without replaying the write (1.114583ms)
✔ fetch transport uses global receiver required by browsers (0.635937ms)
✔ community validation errors remain actionable without treating them as password failures (1.092652ms)
(node:38708) [MODULE_TYPELESS_PACKAGE_JSON] Warning: Module type of file:///workspaces/zoi-city/.recovery/community-release/mobile/src/sponsorFulfillment.ts is not specified and it doesn't parse as CommonJS.
Reparsing as ES module because module syntax was detected. This incurs a performance overhead.
To eliminate this warning, add "type": "module" to /workspaces/zoi-city/.recovery/community-release/mobile/package.json.
(Use `node --trace-warnings ...` to show where the warning was created)
✔ fresh approved sponsor ok (2.283704ms)
✔ fresh approved sponsor viewer (0.490627ms)
✔ fresh approved sponsor cancelled (0.231573ms)
✔ fresh approved sponsor foreign (0.214792ms)
✔ fresh approved sponsor capability (0.442877ms)
✔ fresh approved sponsor missing (0.189604ms)
✔ actual SessionClient refresh fence actor (38.110166ms)
✔ actual SessionClient refresh fence workspace (1.598516ms)
✔ actual SessionClient refresh fence unchanged (2.485644ms)
(node:38721) [MODULE_TYPELESS_PACKAGE_JSON] Warning: Module type of file:///workspaces/zoi-city/.recovery/community-release/mobile/src/timekeeping.ts is not specified and it doesn't parse as CommonJS.
Reparsing as ES module because module syntax was detected. This incurs a performance overhead.
To eliminate this warning, add "type": "module" to /workspaces/zoi-city/.recovery/community-release/mobile/package.json.
(Use `node --trace-warnings ...` to show where the warning was created)
✔ manual time uses explicit validated duration and hourly cents (21.662408ms)
✔ timer start excludes client-controlled start and duration (0.261939ms)
✔ receipts require tenant actor version and terminal state (0.507178ms)
✔ dashboard rejects another editor’s private narrative and foreign timer (0.497209ms)
✔ timesheet CSV prevents formula execution and escapes multiline quotes (0.523087ms)
(node:38729) [MODULE_TYPELESS_PACKAGE_JSON] Warning: Module type of file:///workspaces/zoi-city/.recovery/community-release/mobile/src/trips.ts is not specified and it doesn't parse as CommonJS.
Reparsing as ES module because module syntax was detected. This incurs a performance overhead.
To eliminate this warning, add "type": "module" to /workspaces/zoi-city/.recovery/community-release/mobile/package.json.
(Use `node --trace-warnings ...` to show where the warning was created)
✔ trip dates require explicit zone and reject reversed or overlong stops (21.193683ms)
✔ private itinerary cannot accept another profile or trip receipt (0.757355ms)
✔ appearance discovery cannot substitute another artist or claim inferred confirmation (0.820293ms)
✔ appearance proposal requires source HTTPS and real distinct listing IDs (1.222053ms)
(node:38730) [MODULE_TYPELESS_PACKAGE_JSON] Warning: Module type of file:///workspaces/zoi-city/.recovery/community-release/mobile/src/volunteer.ts is not specified and it doesn't parse as CommonJS.
Reparsing as ES module because module syntax was detected. This incurs a performance overhead.
To eliminate this warning, add "type": "module" to /workspaces/zoi-city/.recovery/community-release/mobile/package.json.
(Use `node --trace-warnings ...` to show where the warning was created)
✔ volunteer invitation extracts explicit organization ID only (1.840128ms)
✔ withdrawn public opportunity stays unavailable even if saved shift was scheduled (23.952907ms)
✔ shift actions never reopen cancelled or started history (0.264143ms)
✔ signup and cancellation receipts must identify the same shift and final state (0.673328ms)
✔ organization writes require workspace identity and exact version increment (0.386643ms)
(node:38737) [MODULE_TYPELESS_PACKAGE_JSON] Warning: Module type of file:///workspaces/zoi-city/.recovery/community-release/mobile/src/volunteerOperations.ts is not specified and it doesn't parse as CommonJS.
Reparsing as ES module because module syntax was detected. This incurs a performance overhead.
To eliminate this warning, add "type": "module" to /workspaces/zoi-city/.recovery/community-release/mobile/package.json.
(Use `node --trace-warnings ...` to show where the warning was created)
✔ org_operation_save actual SessionClient token refresh actor (34.546827ms)
✔ org_operation_save actual SessionClient token refresh workspace (0.65294ms)
✔ org_operation_save actual SessionClient token refresh unchanged (0.672125ms)
✔ org_signup actual SessionClient token refresh actor (0.493783ms)
✔ org_signup actual SessionClient token refresh workspace (0.509181ms)
✔ org_signup actual SessionClient token refresh unchanged (1.264442ms)
✔ org_signup_cancel actual SessionClient token refresh actor (0.469388ms)
✔ org_signup_cancel actual SessionClient token refresh workspace (0.509441ms)
✔ org_signup_cancel actual SessionClient token refresh unchanged (0.586396ms)
✔ org_roster actual SessionClient token refresh actor (0.418361ms)
✔ org_roster actual SessionClient token refresh workspace (0.324727ms)
✔ org_roster actual SessionClient token refresh unchanged (0.481961ms)
✔ lost native create survives remount and clears only exact receipt (1.198599ms)
✔ cancel unknown native create validates workspace/request and preserves marker on wrong response (0.584412ms)
✔ generic authorization denial is recognizable without matching server wording (0.198401ms)
✔ absent installed capability keeps pending recovery and dispatches no operation (0.463877ms)
(node:38749) [MODULE_TYPELESS_PACKAGE_JSON] Warning: Module type of file:///workspaces/zoi-city/.recovery/community-release/mobile/src/webHandoffs.ts is not specified and it doesn't parse as CommonJS.
Reparsing as ES module because module syntax was detected. This incurs a performance overhead.
To eliminate this warning, add "type": "module" to /workspaces/zoi-city/.recovery/community-release/mobile/package.json.
(Use `node --trace-warnings ...` to show where the warning was created)
✔ music shelf and unscoped personal calendar explicitly reach their actual web capabilities (1.906692ms)
✔ native parish calendar, member discussion and artist homes stay native (0.461212ms)
✔ handoff resolver never opens spoofed hosts or credentials (0.264705ms)
✔ map deep links use the real web map and preserve only public search/place/view context (0.757967ms)
✔ explicit guardian links hand off only public listing context, adult groups stay native (1.232182ms)
(node:38750) ExperimentalWarning: stripTypeScriptTypes is an experimental feature and might change at any time
(Use `node --trace-warnings ...` to show where the warning was created)
✔ roles protect owner/self and admin peer escalation (2.732124ms)
✔ real controller confirms save only after current roster read (1.786838ms)
✔ lost response survives remount; receipt check does not resend (1.481748ms)
✔ unknown request blocks new write and safely cancels (1.821282ms)
✔ conflict refreshes membership; storage failure prevents submission (0.673758ms)
✔ authority loss clears private roster and account change fences calls (1.647508ms)
(node:38764) [MODULE_TYPELESS_PACKAGE_JSON] Warning: Module type of file:///workspaces/zoi-city/.recovery/community-release/mobile/src/session.ts is not specified and it doesn't parse as CommonJS.
Reparsing as ES module because module syntax was detected. This incurs a performance overhead.
To eliminate this warning, add "type": "module" to /workspaces/zoi-city/.recovery/community-release/mobile/package.json.
(Use `node --trace-warnings ...` to show where the warning was created)
(node:38764) ExperimentalWarning: stripTypeScriptTypes is an experimental feature and might change at any time
✔ only scoped team conflict/cancel envelope passes transport for controller verification (28.752875ms)
✔ exact known team SQL rejection preserved; generic 400 and other RPC remain uncertain (5.756404ms)
✔ real SessionClient quota clears marker; ambiguous400 keeps it;403 clears roster (2.666031ms)
✔ youth programme validates exact bounded ages, places and actual listing (2.247208ms)
✔ enrolment requires explicit authority and consent without inferring age (0.642991ms)
✔ enrolment receipts bind guardian child programme and exact version (0.616461ms)
✔ attendance and instructor assignment receipts reject unrelated identity (1.864953ms)
✔ private operator response rejects another workspace or programme roster (0.451023ms)
✔ public catalogue rejects unrelated listing and private family rejects malformed records (0.469306ms)
(node:38775) [MODULE_TYPELESS_PACKAGE_JSON] Warning: Module type of file:///workspaces/zoi-city/.recovery/community-release/mobile/src/youthReadiness.ts is not specified and it doesn't parse as CommonJS.
Reparsing as ES module because module syntax was detected. This incurs a performance overhead.
To eliminate this warning, add "type": "module" to /workspaces/zoi-city/.recovery/community-release/mobile/package.json.
(Use `node --trace-warnings ...` to show where the warning was created)
✔ native Youth remains read-only without exact installed actor and guardian capability (1.296392ms)
✔ native organizer readiness additionally binds exact workspace and current role (0.2143ms)
(node:38782) [MODULE_TYPELESS_PACKAGE_JSON] Warning: Module type of file:///workspaces/zoi-city/.recovery/community-release/mobile/src/session.ts is not specified and it doesn't parse as CommonJS.
Reparsing as ES module because module syntax was detected. This incurs a performance overhead.
To eliminate this warning, add "type": "module" to /workspaces/zoi-city/.recovery/community-release/mobile/package.json.
(Use `node --trace-warnings ...` to show where the warning was created)
✔ actual SessionClient youth refresh account fences private dispatch/result (25.144073ms)
✔ actual SessionClient youth refresh workspace fences private dispatch/result (0.565105ms)
✔ actual SessionClient youth refresh unmount fences private dispatch/result (0.478694ms)
✔ actual SessionClient youth response account fences private dispatch/result (8.35055ms)
✔ actual SessionClient youth response workspace fences private dispatch/result (0.87796ms)
✔ actual SessionClient youth response unmount fences private dispatch/result (0.732869ms)
✔ same actor token rotation sends private request using freshly captured token (0.88857ms)
✔ private method cannot dispatch anonymously; denied status remains recognizable (0.377385ms)
✔ installed native capability binds internal guardian profile separately from Auth (0.227836ms)
ℹ tests 380
ℹ suites 0
ℹ pass 380
ℹ fail 0
ℹ cancelled 0
ℹ skipped 0
ℹ todo 0
ℹ duration_ms 908.80788
