✔ all four templates produce editable ordinary project/task payloads, no legal dates or providers (3.158317ms)
✔ validation rejects foreign contacts/member, excessive/empty actions, bad dates and cross-workspace responses (0.565426ms)
✔ review has no mutation; save confirms five actual linked records with fresh authority per step (4.354748ms)
✔ committed but lost project response checks receipt and resumes without duplicate (3.919107ms)
✔ committed but lost middle action retains preceding steps and resumes exact remaining work (1.06041ms)
✔ role downgrade before save clears private plan and emits zero writes (0.334835ms)
✔ account switch while fresh-read awaits discards private draft, publishes no response (0.24639ms)
✔ saved receipt followed by refresh failure never resends the already saved step (0.617583ms)
✔ nonce-only marker never contains plan titles, contact payloads or deadlines (1.177717ms)
✔ exact deadline boundaries and completed blocked/overdue classification describe persisted work (5.244972ms)
✔ a completed project with remaining work gets a review action while complete tasks never auto-complete project (0.890292ms)
✔ document and export scope rejects mixed private workspace even when unrelated to selected company (0.94782ms)
✔ explicit registration null/empty clears do not gain inferred readiness from a display name (0.473795ms)
✔ unrelated invalid workspace rows and duplicate identities fail before filtered console/export (0.33757ms)
✔ cross-company saved attention excludes archived work and completed overdue tasks (5.437075ms)
✔ company filter never mixes another company and query matches linked project names (0.850287ms)
✔ upcoming is a precise seven-day window and assignee filter stays explicit (0.898848ms)
✔ sparse company has no invented tasks, legal readiness or obligations (0.4341ms)
✔ malformed sparse responses fail closed even when no company is present (0.796167ms)
✔ handover contains only selected saved scope and distinguishes unqueried document records (0.980972ms)
✔ contact deep links resolve to the exact current Operations record (1.04465ms)
✔ sparse company directs authorized caller toward first project without fabricated progress (3.493632ms)
✔ saved blocked and overdue tasks drive actionable next steps, completed deadlines are excluded (1.366762ms)
✔ project/task completion disagreement remains visible and never changes saved records (0.536782ms)
✔ archived and unrelated companies/projects/tasks are not included in completion (0.356024ms)
✔ malformed authority data fails closed {"workspace_id":"00000000-0000-4000-8000-000000000099"} (0.645284ms)
✔ malformed authority data fails closed {"version":0} (0.178143ms)
✔ malformed authority data fails closed {"title":""} (0.339393ms)
✔ malformed authority data fails closed {"status":"pretend"} (0.179305ms)
✔ malformed authority data fails closed {"id":"bad"} (0.254235ms)
✔ document project context exposes only exact active project and saved document versions (0.638512ms)
✔ private project documents reject viewer (0.269463ms)
✔ private project documents reject foreign (0.214971ms)
✔ private project documents reject other_project (0.194323ms)
✔ private project documents reject removed_project (0.206506ms)
✔ private project documents reject duplicate_project (0.175598ms)
✔ private project documents reject bad_version (0.308155ms)
✔ company aggregation follows exact persisted project linkage (1.24252ms)
✔ company context fail closed missing (0.333923ms)
✔ company context fail closed archived (0.32682ms)
✔ company context fail closed scope (0.142266ms)
✔ company context fail closed duplicate (0.134882ms)
✔ private files use project scope and never imply other company ownership (0.323314ms)
✔ durable company route preserves exact UUID and rejects malformed intent (1.321808ms)
✔ current-session refusal clears private Company state when delivered with its exact code (1.037958ms)
✔ session refusal leaves a nonce-only pending reference and no fabricated cancellation or new request (2.192433ms)
✔ lost new save blocks replacement, retries immutable payload, persists no private form (3.09086ms)
✔ reload checks nonce without payload; missing does not unlock; matching cancelled proof does (2.343366ms)
✔ wrong scope/action/entity/version receipts retain recovery (2.274717ms)
✔ save success followed by readback failure blocks dispatch and next replacement (0.549075ms)
✔ scope change during readback cannot dispatch or acknowledge (1.604926ms)
✔ corrupt marker cannot be silently replaced and payload drops retain nonce (0.659341ms)
✔ authoritative access denial distinct from transient failure and domain conflict (0.598097ms)
✔ operations success requires the matching workspace, record, kind and next version (1.661342ms)
✔ operations editing preserves persisted fields and identifies version conflicts (0.515623ms)
ℹ tests 55
ℹ suites 0
ℹ pass 55
ℹ fail 0
ℹ cancelled 0
ℹ skipped 0
ℹ todo 0
ℹ duration_ms 112.82994
