✔ current-session refusal clears private Company state when delivered with its exact code (0.912895ms)
✔ session refusal leaves a nonce-only pending reference and no fabricated cancellation or new request (1.928583ms)
(node:410750) [MODULE_TYPELESS_PACKAGE_JSON] Warning: Module type of file:///workspaces/zoi-city/.recovery/session-refusal-blast-radius-2026-10-03/mobile/src/documentScope.ts is not specified and it doesn't parse as CommonJS.
Reparsing as ES module because module syntax was detected. This incurs a performance overhead.
To eliminate this warning, add "type": "module" to /workspaces/zoi-city/.recovery/session-refusal-blast-radius-2026-10-03/mobile/package.json.
(Use `node --trace-warnings ...` to show where the warning was created)
✔ actual SessionClient private documents refresh actor (24.729368ms)
✔ actual SessionClient private documents refresh workspace (0.527405ms)
✔ actual SessionClient private documents refresh project (0.487761ms)
✔ actual SessionClient private documents refresh unmount (0.527816ms)
✔ actual SessionClient private documents refresh unchanged (0.715747ms)
✔ actual SessionClient private documents response actor (5.580976ms)
✔ actual SessionClient private documents response workspace (0.810184ms)
✔ actual SessionClient private documents response project (0.863433ms)
✔ actual SessionClient private documents response unmount (1.005728ms)
✔ actual SessionClient private documents response unchanged (0.840791ms)
✔ private document RPC refuses malformed scopes, unknown writers and foreign workspace before dispatch (0.392984ms)
(node:410751) [MODULE_TYPELESS_PACKAGE_JSON] Warning: Module type of file:///workspaces/zoi-city/.recovery/session-refusal-blast-radius-2026-10-03/mobile/src/documents.ts is not specified and it doesn't parse as CommonJS.
Reparsing as ES module because module syntax was detected. This incurs a performance overhead.
To eliminate this warning, add "type": "module" to /workspaces/zoi-city/.recovery/session-refusal-blast-radius-2026-10-03/mobile/package.json.
(Use `node --trace-warnings ...` to show where the warning was created)
✔ private upload receipt requires workspace, document identity and ready version (1.18333ms)
✔ private attachment requires no-store, attachment headers, correct type and exact bounded size (26.097805ms)
✔ native document selection uses same metadata limits as server (0.478624ms)
✔ lost new save blocks replacement, retries immutable payload, persists no private form (3.050308ms)
✔ reload checks nonce without payload; missing does not unlock; matching cancelled proof does (1.619025ms)
✔ wrong scope/action/entity/version receipts retain recovery (4.456675ms)
✔ save success followed by readback failure blocks dispatch and next replacement (0.366224ms)
✔ scope change during readback cannot dispatch or acknowledge (0.500876ms)
✔ corrupt marker cannot be silently replaced and payload drops retain nonce (0.436485ms)
✔ authoritative access denial distinct from transient failure and domain conflict (0.260136ms)
ℹ tests 23
ℹ suites 0
ℹ pass 23
ℹ fail 0
ℹ cancelled 0
ℹ skipped 0
ℹ todo 0
ℹ duration_ms 149.897954
