✔ current-session refusal clears private Company state when delivered with its exact code (0.90534ms)
✔ session refusal leaves a nonce-only pending reference and no fabricated cancellation or new request (1.958998ms)
✔ twenty actual refusal conditions distinguish authority from mutation uncertainty across Company/invitations (1.077682ms)
✔ invitation retains exact private capability and guest quantity without control characters (1.347686ms)
✔ only local host claim routes and structurally valid event UUIDs accepted (0.613205ms)
✔ messages encode content once and support email and device SMS drafts (1.530848ms)
✔ phone extensions and malformed plus signs cannot be silently turned into another recipient (0.336177ms)
✔ public Parea composer subject is explicit and sanitized while private invitation default stays unchanged (0.263783ms)
✔ lost new save blocks replacement, retries immutable payload, persists no private form (2.963382ms)
✔ reload checks nonce without payload; missing does not unlock; matching cancelled proof does (1.704572ms)
✔ wrong scope/action/entity/version receipts retain recovery (1.293355ms)
✔ save success followed by readback failure blocks dispatch and next replacement (0.468384ms)
✔ scope change during readback cannot dispatch or acknowledge (0.554235ms)
✔ corrupt marker cannot be silently replaced and payload drops retain nonce (0.428631ms)
✔ authoritative access denial distinct from transient failure and domain conflict (0.298277ms)
ℹ tests 15
ℹ suites 0
ℹ pass 15
ℹ fail 0
ℹ cancelled 0
ℹ skipped 0
ℹ todo 0
ℹ duration_ms 191.601457
