✔ all118 source identities retained; only known sponsor footprints furnished (3.309964ms)
✔ invalid or duplicate source geometry fails before scene (0.421808ms)
✔ table view uses selected source location facing actual source stage (0.673959ms)
✔ couches never face away from stage: front side-on, U opening toward stage (0.295753ms)
✔ rendered sponsor assembly stays within exact source footprint after90degree rotation (0.838957ms)
✔ only confirmed side boothIDs1and23 useU; front17 stays side-onpair (0.420305ms)
✔ side lounges span illustrated stage depth and preserve original source position separately (0.761622ms)
✔ camera cannot orbit behind stage or below floor (0.209461ms)
✔ standard seating is visible on both long sides and never replaces VIP couches (1.690027ms)
✔ phone starts at a readable stage-facing lounge view and desktop retains whole-room overview (0.342359ms)
✔ selection framing retains stage backdrop and exact table in portrait and landscape (2.679505ms)
✔ camera easing is time-based and bounds resumed-frame motion (0.202688ms)
✔ all 118 room surfaces retain published category colours and per-guest prices (3.782586ms)
✔ mobile fullscreen stage fits below controls without altering desktop or table sightlines (0.235209ms)
✔ test placement only accepts source tables and reviewed matching businesses (0.29406ms)
✔ preview camera keeps phone branding readable and desktop placement in room context (0.155ms)
✔ Toronto portrait overview fits the unchanged floor with useful vertical coverage (3.031494ms)
✔ paired seated cameras keep illustrative eye height and face stage without moving source tables (1.101638ms)
✔ Montréal portrait overview puts stage on the right like Toronto (0.501156ms)
✔ perspective fit uses available pixel height without resizing room geometry (3.810539ms)
✔ fitting rejects malformed viewport or source dimensions (0.431756ms)
✔ dense desktop numeric IDs use every anchor without overlapping 3-digit labels (4.581489ms)
✔ small-phone density reports actual coverage and retains selected table priority (1.168923ms)
✔ selected off-camera identity moves to usable free rail rather than disappearing behind finder (0.296705ms)
✔ seated view retains only exact selected identity and preserves alphanumeric IDs (0.279822ms)
✔ zoom increases readable number size while controls remain clear (0.376072ms)
✔ landscape selected identity uses the opposite rail when the finder covers the first (0.250528ms)
✔ source pixels become relative geometry with exact IDs and no prices (1.361273ms)
✔ mobile entry faces stage without changing source positions; selected view uses exact table (0.393375ms)
✔ chairs follow declared source capacity without inventing capacity (0.195465ms)
✔ mobile selection frames both source table and stage direction without moving the table (0.273021ms)
✔ whole-room camera keeps all102 exact source table anchors inside usable viewport on phone and desktop (3.708628ms)
ℹ tests 32
ℹ suites 0
ℹ pass 32
ℹ fail 0
ℹ cancelled 0
ℹ skipped 0
ℹ todo 0
ℹ duration_ms 134.595841
