✔ all four templates produce editable ordinary project/task payloads, no legal dates or providers (3.139572ms)
✔ validation rejects foreign contacts/member, excessive/empty actions, bad dates and cross-workspace responses (0.71234ms)
✔ review has no mutation; save confirms five actual linked records with fresh authority per step (3.497369ms)
✔ committed but lost project response checks receipt and resumes without duplicate (3.905872ms)
✔ committed but lost middle action retains preceding steps and resumes exact remaining work (1.117857ms)
✔ role downgrade before save clears private plan and emits zero writes (0.322372ms)
✔ account switch while fresh-read awaits discards private draft, publishes no response (0.255647ms)
✔ saved receipt followed by refresh failure never resends the already saved step (0.579422ms)
✔ nonce-only marker never contains plan titles, contact payloads or deadlines (1.142193ms)
✔ exact deadline boundaries and completed blocked/overdue classification describe persisted work (6.088487ms)
✔ a completed project with remaining work gets a review action while complete tasks never auto-complete project (1.018762ms)
✔ document and export scope rejects mixed private workspace even when unrelated to selected company (1.034421ms)
✔ explicit registration null/empty clears do not gain inferred readiness from a display name (0.495315ms)
✔ unrelated invalid workspace rows and duplicate identities fail before filtered console/export (0.407521ms)
✔ cross-company saved attention excludes archived work and completed overdue tasks (5.196141ms)
✔ company filter never mixes another company and query matches linked project names (0.799773ms)
✔ upcoming is a precise seven-day window and assignee filter stays explicit (0.854135ms)
✔ sparse company has no invented tasks, legal readiness or obligations (0.431997ms)
✔ malformed sparse responses fail closed even when no company is present (0.760429ms)
✔ handover contains only selected saved scope and distinguishes unqueried document records (0.820583ms)
✔ contact deep links resolve to the exact current Operations record (0.968077ms)
✔ sparse company directs authorized caller toward first project without fabricated progress (5.767805ms)
✔ saved blocked and overdue tasks drive actionable next steps, completed deadlines are excluded (1.136973ms)
✔ project/task completion disagreement remains visible and never changes saved records (0.271517ms)
✔ archived and unrelated companies/projects/tasks are not included in completion (0.242282ms)
✔ malformed authority data fails closed {"workspace_id":"00000000-0000-4000-8000-000000000099"} (0.537904ms)
✔ malformed authority data fails closed {"version":0} (0.147115ms)
✔ malformed authority data fails closed {"title":""} (0.195465ms)
✔ malformed authority data fails closed {"status":"pretend"} (0.127859ms)
✔ malformed authority data fails closed {"id":"bad"} (0.252401ms)
✔ document project context exposes only exact active project and saved document versions (0.512317ms)
✔ private project documents reject viewer (0.242773ms)
✔ private project documents reject foreign (0.191738ms)
✔ private project documents reject other_project (0.14996ms)
✔ private project documents reject removed_project (0.124713ms)
✔ private project documents reject duplicate_project (0.148708ms)
✔ private project documents reject bad_version (0.28916ms)
✔ company aggregation follows exact persisted project linkage (1.589328ms)
✔ company context fail closed missing (0.349652ms)
✔ company context fail closed archived (0.298247ms)
✔ company context fail closed scope (0.149349ms)
✔ company context fail closed duplicate (0.16598ms)
✔ private files use project scope and never imply other company ownership (0.517576ms)
✔ durable company route preserves exact UUID and rejects malformed intent (1.452121ms)
✔ current-session refusal clears private Company state when delivered with its exact code (0.920769ms)
✔ session refusal leaves a nonce-only pending reference and no fabricated cancellation or new request (2.112935ms)
✔ lost new save blocks replacement, retries immutable payload, persists no private form (4.169915ms)
✔ reload checks nonce without payload; missing does not unlock; matching cancelled proof does (5.078702ms)
✔ wrong scope/action/entity/version receipts retain recovery (1.298183ms)
✔ save success followed by readback failure blocks dispatch and next replacement (0.462914ms)
✔ scope change during readback cannot dispatch or acknowledge (0.578921ms)
✔ corrupt marker cannot be silently replaced and payload drops retain nonce (0.506907ms)
✔ authoritative access denial distinct from transient failure and domain conflict (0.261438ms)
✔ operations success requires the matching workspace, record, kind and next version (1.481886ms)
✔ operations editing preserves persisted fields and identifies version conflicts (0.452605ms)
ℹ tests 55
ℹ suites 0
ℹ pass 55
ℹ fail 0
ℹ cancelled 0
ℹ skipped 0
ℹ todo 0
ℹ duration_ms 112.326244
