ERROR:  place_reader_prerequisite_changed
CONTEXT:  PL/pgSQL function inline_code_block line 20 at RAISE
ERROR:  place_reader_prerequisite_changed
CONTEXT:  PL/pgSQL function inline_code_block line 20 at RAISE
ERROR:  place_reader_prerequisite_changed
CONTEXT:  PL/pgSQL function inline_code_block line 20 at RAISE
ERROR:  place_reader_prerequisite_changed
CONTEXT:  PL/pgSQL function inline_code_block line 20 at RAISE
ERROR:  place_reader_prerequisite_changed
CONTEXT:  PL/pgSQL function inline_code_block line 20 at RAISE
ERROR:  place_reader_prerequisite_changed
CONTEXT:  PL/pgSQL function inline_code_block line 20 at RAISE
ERROR:  place_reader_prerequisite_changed
CONTEXT:  PL/pgSQL function inline_code_block line 20 at RAISE
ERROR:  place_reader_prerequisite_changed
CONTEXT:  PL/pgSQL function inline_code_block line 20 at RAISE
ERROR:  place_reader_prerequisite_changed
CONTEXT:  PL/pgSQL function inline_code_block line 20 at RAISE
ERROR:  place_reader_prerequisite_changed
CONTEXT:  PL/pgSQL function inline_code_block line 20 at RAISE
ERROR:  place_reader_prerequisite_changed
CONTEXT:  PL/pgSQL function inline_code_block line 20 at RAISE
ERROR:  place_reader_prerequisite_changed
CONTEXT:  PL/pgSQL function inline_code_block line 20 at RAISE
ERROR:  place_reader_prerequisite_changed
CONTEXT:  PL/pgSQL function inline_code_block line 20 at RAISE
ERROR:  place_reader_prerequisite_changed
CONTEXT:  PL/pgSQL function inline_code_block line 20 at RAISE
ERROR:  place_reader_prerequisite_changed
CONTEXT:  PL/pgSQL function inline_code_block line 20 at RAISE
ERROR:  place_reader_prerequisite_changed
CONTEXT:  PL/pgSQL function inline_code_block line 20 at RAISE
PASS all seven public/private authority and ACL drift cases reject installation
ERROR:  place_reader_prerequisite_changed
CONTEXT:  PL/pgSQL function inline_code_block line 20 at RAISE
PASS function volatility drift rejects installation
PASS reader-only change preserves every listing byte and helper/authority metadata
PASS 30 full nonmedia field, total, ordering, alias, pattern, region, city, category and pagination oracles
ERROR:  permission denied for schema zoi
LINE 1: SET ROLE anon;SELECT * FROM zoi.listings LIMIT 1
                                    ^
ERROR:  permission denied for schema zoi
LINE 1: SET ROLE authenticated;SELECT * FROM zoi.listings LIMIT 1
                                             ^
ERROR:  permission denied for schema zoi
LINE 1: SET ROLE service_role;SELECT * FROM zoi.listings LIMIT 1
                                            ^
PASS all public caller roles retain narrow reader access without private table access
PASS bound actual-site imported description and photograph appear
PASS held source cannot reappear through country or category collection
PASS owner choices survive held imported source
PASS explicit owner clears do not fall back to imported source
PASS explicit profile null clears retained
PASS mismatched source identity omitted across every place scope
PASS sparse scalar/array/null profile remains usable without private projection
PASS bounded public content excludes private import and owner fields
ERROR:  place_reader_prerequisite_changed
CONTEXT:  PL/pgSQL function inline_code_block line 20 at RAISE
PASS replay rejects stale original definition
14 place reader groups passed
