✔ bakery home preserves product facts and vendor route without table claims (6.44768ms)
✔ source images only attach to exact verified identity and owner media clears win (1.566122ms)
✔ request validates actual date and quantity, escapes rendering and never promises an order (2.747737ms)
✔ published design section order and hidden content remain effective (0.837803ms)
✔ all4 bakery designs remain distinct, preserve ownership content controls and never borrow photos (2.77624ms)
✔ real ministry finder filters by both group and query (1.744044ms)
✔ visit plans validate exact calendar dates and contain no submitted identity (0.830289ms)
✔ calendar export describes a personal all-day plan, not parish availability (2.696321ms)
✔ public calendar verifies listing scope and real timestamps (0.282787ms)
✔ all four templates consume published copy, order and visibility safely (3.58052ms)
✔ reusable parish content rejects executable sources (0.285392ms)
✔ table discovery belongs only to real event pages and honours hidden offerings (12.977171ms)
✔ generic venue inherits four designs using only its own spaces and capacity (1.482516ms)
✔ generic event uses actual published metadata with no price or seating inference (0.972044ms)
✔ owner clears, visibility, unsafe sources and internal capability boundaries fail closed (2.546601ms)
✔ hidden/reordered generic sections and escaped authored copy preserve same renderer contract (0.520742ms)
✔ exact hotel source identity and safe generic fallback (2.848755ms)
✔ four layouts preserve owner copy hide order actions and safe hydration (8.311547ms)
✔ private plan validates dates guests and room identity without creating reservation (0.94362ms)
✔ verified provider carries only supported hotel and date parameters; enquiry remains draft (1.379243ms)
✔ owner booking override or clear is authoritative; generic links do not get invented prefill (0.564462ms)
✔ owner setup routes are real tools and distinguish timed services from hotel rental inventory (0.232524ms)
✔ generic hotel consumes normalized website fields and filters interface imagery (2.575676ms)
✔ owner media and contact clears suppress enrichment and curated fallback (0.574952ms)
✔ gallery-only hotel photos do not become the hero again in the model (0.752754ms)
✔ hospitality socials project official enrichment while owner clear/replacement remains authoritative (3.785152ms)
✔ all hospitality designs omit empty services and room selection without hiding populated owner services (4.116049ms)
✔ canonical artists require exact identities and source guards (2.337441ms)
✔ both artist canonical homes default Concierge and retain all4 published choices (42.078412ms)
✔ Thanos does not inherit Dalaras dates/contact/video/monogram (1.282242ms)
✔ safe hydration and source copies stay identical (3.287132ms)
✔ generic adapter recognizes restaurants only and never transplants Avli facts (14.331157ms)
✔ missing imagery/menu/contact is represented without fabricated data or broken photo elements (1.145216ms)
✔ owner field clears and owner media take priority over website enrichment (0.563631ms)
✔ script/data URLs are rejected and inline JSON cannot escape its element (1.162339ms)
✔ structured menu prices and notes remain source text without invented currency (0.582186ms)
✔ visit plan is per restaurant with explicit request semantics and valid calendar dates (19.757301ms)
✔ four generic layouts preserve each identity and owner configuration (4.97373ms)
✔ vendor restaurants preserve canonical vendor URLs (1.020354ms)
✔ generic restaurant palettes meet 4.5 normal text and button contrast (0.604698ms)
✔ same-identity structured source street and menu provenance surface while owner clears win (4.200504ms)
ℹ tests 41
ℹ suites 0
ℹ pass 41
ℹ fail 0
ℹ cancelled 0
ℹ skipped 0
ℹ todo 0
ℹ duration_ms 148.711059
