✔ all118 source identities retained; only known sponsor footprints furnished (2.619013ms)
✔ invalid or duplicate source geometry fails before scene (0.319587ms)
✔ table view uses selected source location facing actual source stage (0.64266ms)
✔ couches never face away from stage: front side-on, U opening toward stage (0.292617ms)
✔ rendered sponsor assembly stays within exact source footprint after90degree rotation (0.719865ms)
✔ only confirmed side boothIDs1and23 useU; front17 stays side-onpair (0.44968ms)
✔ side lounges span illustrated stage depth and preserve original source position separately (0.646398ms)
✔ camera cannot orbit behind stage or below floor (0.238124ms)
✔ standard seating is visible on both long sides and never replaces VIP couches (1.642278ms)
✔ phone starts at a readable stage-facing lounge view and desktop retains whole-room overview (0.320539ms)
✔ selection framing retains stage backdrop and exact table in portrait and landscape (2.691899ms)
✔ camera easing is time-based and bounds resumed-frame motion (0.186128ms)
✔ all 118 room surfaces retain published category colours and per-guest prices (0.629115ms)
✔ mobile fullscreen stage fits below controls without altering desktop or table sightlines (0.183352ms)
✔ test placement only accepts source tables and reviewed matching businesses (0.319568ms)
✔ preview camera keeps phone branding readable and desktop placement in room context (0.152725ms)
✔ Toronto portrait overview fits the unchanged floor with useful vertical coverage (2.565303ms)
✔ paired seated cameras keep illustrative eye height and face stage without moving source tables (0.845529ms)
✔ Montréal portrait overview puts stage on the right like Toronto (0.41729ms)
✔ perspective fit uses available pixel height without resizing room geometry (3.375245ms)
✔ fitting rejects malformed viewport or source dimensions (0.413993ms)
✔ dense desktop numeric IDs use every anchor without overlapping 3-digit labels (4.355738ms)
✔ small-phone density reports actual coverage and retains selected table priority (0.848325ms)
✔ selected off-camera identity moves to usable free rail rather than disappearing behind finder (0.263332ms)
✔ seated view retains only exact selected identity and preserves alphanumeric IDs (0.271227ms)
✔ zoom increases readable number size while controls remain clear (0.355274ms)
✔ source pixels become relative geometry with exact IDs and no prices (1.217164ms)
✔ mobile entry faces stage without changing source positions; selected view uses exact table (0.336509ms)
✔ chairs follow declared source capacity without inventing capacity (0.193522ms)
✔ mobile selection frames both source table and stage direction without moving the table (0.23037ms)
✔ whole-room camera keeps all102 exact source table anchors inside usable viewport on phone and desktop (3.176284ms)
ℹ tests 31
ℹ suites 0
ℹ pass 31
ℹ fail 0
ℹ cancelled 0
ℹ skipped 0
ℹ todo 0
ℹ duration_ms 123.965522
