✔ all118 source identities retained; only known sponsor footprints furnished (4.049315ms)
✔ invalid or duplicate source geometry fails before scene (0.448107ms)
✔ table view uses selected source location facing actual source stage (0.97378ms)
✔ couches never face away from stage: front side-on, U opening toward stage (0.446494ms)
✔ rendered sponsor assembly stays within exact source footprint after90degree rotation (1.050242ms)
✔ only confirmed side boothIDs1and23 useU; front17 stays side-onpair (0.657979ms)
✔ side lounges span illustrated stage depth and preserve original source position separately (2.150637ms)
✔ camera cannot orbit behind stage or below floor (0.281506ms)
✔ standard seating is visible on both long sides and never replaces VIP couches (2.408629ms)
✔ phone starts at a readable stage-facing lounge view and desktop retains whole-room overview (0.388366ms)
✔ selection framing retains stage backdrop and exact table in portrait and landscape (4.449843ms)
✔ camera easing is time-based and bounds resumed-frame motion (0.218508ms)
✔ all 118 room surfaces retain published category colours and per-guest prices (0.964302ms)
✔ mobile fullscreen stage fits below controls without altering desktop or table sightlines (0.254947ms)
✔ test placement only accepts source tables and reviewed matching businesses (0.427529ms)
✔ preview camera keeps phone branding readable and desktop placement in room context (0.205194ms)
✔ Toronto portrait overview fits the unchanged floor with useful vertical coverage (3.74711ms)
✔ paired seated cameras keep illustrative eye height and face stage without moving source tables (1.179975ms)
✔ Montréal portrait overview puts stage on the right like Toronto (0.624667ms)
✔ source pixels become relative geometry with exact IDs and no prices (1.617822ms)
✔ mobile entry faces stage without changing source positions; selected view uses exact table (0.437497ms)
✔ chairs follow declared source capacity without inventing capacity (0.272048ms)
✔ mobile selection frames both source table and stage direction without moving the table (0.244507ms)
✔ whole-room camera keeps all102 exact source table anchors inside usable viewport on phone and desktop (4.632183ms)
ℹ tests 24
ℹ suites 0
ℹ pass 24
ℹ fail 0
ℹ cancelled 0
ℹ skipped 0
ℹ todo 0
ℹ duration_ms 172.349967
