✔ all118 source identities retained; only known sponsor footprints furnished (2.642788ms)
✔ invalid or duplicate source geometry fails before scene (0.400108ms)
✔ table view uses selected source location facing actual source stage (0.652699ms)
✔ couches never face away from stage: front side-on, U opening toward stage (0.297896ms)
✔ rendered sponsor assembly stays within exact source footprint after90degree rotation (0.854326ms)
✔ only confirmed side boothIDs1and23 useU; front17 stays side-onpair (0.487581ms)
✔ side lounges span illustrated stage depth and preserve original source position separately (0.689067ms)
✔ camera cannot orbit behind stage or below floor (0.247893ms)
✔ standard seating is visible on both long sides and never replaces VIP couches (3.786494ms)
✔ phone starts at a readable stage-facing lounge view and desktop retains whole-room overview (0.426337ms)
✔ selection framing retains stage backdrop and exact table in portrait and landscape (2.891652ms)
✔ camera easing is time-based and bounds resumed-frame motion (0.162844ms)
✔ all 118 room surfaces retain published category colours and per-guest prices (0.645125ms)
✔ mobile fullscreen stage fits below controls without altering desktop or table sightlines (0.180407ms)
✔ test placement only accepts source tables and reviewed matching businesses (0.294259ms)
✔ preview camera keeps phone branding readable and desktop placement in room context (0.193482ms)
✔ Toronto portrait overview fits the unchanged floor with useful vertical coverage (2.582865ms)
✔ paired seated cameras keep illustrative eye height and face stage without moving source tables (0.806196ms)
✔ Montréal portrait overview puts stage on the right like Toronto (0.550478ms)
✔ source pixels become relative geometry with exact IDs and no prices (1.226411ms)
✔ mobile entry faces stage without changing source positions; selected view uses exact table (0.34805ms)
✔ chairs follow declared source capacity without inventing capacity (0.199243ms)
✔ mobile selection frames both source table and stage direction without moving the table (0.201496ms)
✔ whole-room camera keeps all102 exact source table anchors inside usable viewport on phone and desktop (3.303161ms)
ℹ tests 24
ℹ suites 0
ℹ pass 24
ℹ fail 0
ℹ cancelled 0
ℹ skipped 0
ℹ todo 0
ℹ duration_ms 120.446484
