PASS 22 actual installed definitions, owner metadata and ACLs reconstructed
PASS actual expired old-receipt defect reproduced before candidate
PASS exact dependency drift aborts before helper replacement
PASS ACL drift aborts transaction without changing helper
PASS candidate blocks receipt replay before writer payload path
PASS exact save/replay/public clear/reopen preserves source, menus, nulls and unrelated contact fields
PASS original CAS and immutable nonce payload conflicts remain intact
PASS current admin/editor retain ordinary read and exact retry
PASS viewer and NULL role refuse private read and old receipt
PASS session expiry refuses fresh read and old receipt
PASS session removal refuses fresh read and old receipt
PASS account ban refuses fresh read and old receipt
PASS account deletion refuses fresh read and old receipt
PASS anonymous account refuses fresh read and old receipt
PASS unverified account refuses fresh read and old receipt
PASS missing, malformed and cross-account session bindings refuse
PASS foreign owner cannot be bypassed using a valid old receipt
PASS approved unowned listing access and revoked-claim refusal retain exact semantics
PASS profile wait then session removal after observed lock wait
PASS membership wait then session removal after observed lock wait
PASS listing wait then session removal after observed lock wait
PASS claim wait then session removal after observed lock wait
PASS profile wait then actor account remapping after observed lock wait
PASS membership wait then NULL role after observed lock wait
PASS membership wait then viewer downgrade after observed lock wait
PASS membership wait then removal after observed lock wait
PASS listing wait then ownership transfer after observed lock wait
PASS claim wait then approved claim revocation after observed lock wait
PASS listing wait then account ban after observed lock wait
PASS listing wait then account deletion after observed lock wait
PASS listing wait then anonymous account after observed lock wait
PASS listing wait then unverified account after observed lock wait
PASS natural clock expiry during membership wait after observed lock wait
PASS private snapshot after profile wait and session revocation after observed lock wait
PASS private snapshot after membership wait and role removal after observed lock wait
PASS legacy profile write after listing wait and session revocation after observed lock wait
PASS legacy base write after profile wait and account ban after observed lock wait
PASS existing profile writer preserves imported namespaces while accepting explicit owner profile/menu clears
PASS concurrent current-version saves retain single winner
PASS new save after final listing wait and session expiry after observed lock wait
PASS refused new mutation leaves no receipt or changed website
PASS 21 untouched definitions/all22 original ACLs/private helper/public refusal and source content preserved
42 Home content authority groups passed
