PASS 22 actual installed definitions, owner metadata and ACLs reconstructed
PASS actual expired old-receipt defect reproduced before candidate
node:internal/modules/run_main:107
    triggerUncaughtException(
    ^

AssertionError [ERR_ASSERTION]: The validation function is expected to return "true". Received false

Caught error:

Error: Command failed: /usr/lib/postgresql/16/bin/psql -X -qAt -v ON_ERROR_STOP=1 -c -- Scope: one shared private helper; authenticated readers/writers and receipts remain byte-identical.
-- Generated by Supabase CLI; installation is owned by the release lead after independent review.
BEGIN;
DO $preflight$
DECLARE expected record; actual record;
BEGIN
 FOR expected IN SELECT * FROM (VALUES
('public.bizpage_get','p_workspace uuid, p_listing uuid','3f12b842eace56b1fd1e3db1ba2aadd6a31b028bd9ebea9a20b96abf99425545','{postgres=X/postgres,authenticated=X/postgres,service_role=X/postgres}','["search_path=zoi, public"]','postgres','v',true),
('public.bizpage_save','p_workspace uuid, p_listing uuid, p_description text, p_phone text, p_email text, p_website text, p_hours text, p_price_range text, p_photo_url text, p_social jsonb','feab538bb54cb9310f0729d7b749501b40ff4359bbb7a08899fa0d1dc00b8c3b','{postgres=X/postgres,authenticated=X/postgres,service_role=X/postgres}','["search_path=zoi, public"]','postgres','v',true),
('public.bizpage_status','p_workspace uuid','c7d01c9c37bbe107e308892fdbe37d872278652438191fac4599700b06ac000e','{postgres=X/postgres,authenticated=X/postgres,service_role=X/postgres}','["search_path=\"\""]','postgres','v',true),
('public.home_content_get','p_workspace uuid, p_listing uuid','a731720f19b762d00ccfa9cd692b3440151a53e3f0db137b9c8d64b85322468b','{postgres=X/postgres,service_role=X/postgres,authenticated=X/postgres}','["search_path=\"\""]','postgres','v',true),
('public.home_content_save','p_workspace uuid, p_listing uuid, p_expected_version text, p_request uuid, p_base jsonb, p_profile jsonb','b186e4b57bce14e1bc5a1f50d97419664133a87733dbe9616d3d09301f6eb744','{postgres=X/postgres,service_role=X/postgres,authenticated=X/postgres}','["search_path=\"\""]','postgres','v',true),
('zoi.assert_ws','p_ws uuid','b6062c8002a5d9e2386f6b47a649bb7aa9f858cb13800fb4cf2f90c5e20f0e18',NULL,'["search_path=\"\""]','postgres','v',true),
('zoi.home_content_authorize','p_workspace uuid, p_listing uuid','ef3027480ddc738173aa489a64ad90f963a8f199755cd38ddae83e9a0209842d','{postgres=X/postgres}','["search_path=\"\""]','postgres','v',true),
('zoi.org_actor','','50507e56d8bccdfefc6403e7bd8d8db9645d30742d7c2b9e8480ccb6c062a7ff','{postgres=X/postgres}','["search_path=\"\""]','postgres','s',true),
('zoi.suite_current_session','','97dd5f16ad6c2164e8204e5ab4fac3cc4df773a3380d99a276c125e219df59d8','{postgres=X/postgres}','["search_path=\"\""]','postgres','s',true),
('zoi.workspace_current_role','p_workspace uuid','97c46fe89d9c49ecc7b539a13b99f3d6d138f7b7185e56993b93d0c9d0adc498','{postgres=X/postgres}','["search_path=\"\""]','postgres','s',true),
('zoi.workspace_invitation_email','p_lock boolean','5910c6b245c4093bf23c96ee05bf74e9edaab8ed78ed2321fc8af6422290fe5d','{postgres=X/postgres}','["search_path=\"\""]','postgres','v',true),
('public.bizpage_save_profile','p_workspace uuid, p_listing uuid, p_profile jsonb','76cb722c047d2c34dc9cb8abd95b3cf2575555aa322bea6d6497537a3b1f3458','{postgres=X/postgres,authenticated=X/postgres,service_role=X/postgres}','["search_path=zoi, public"]','postgres','v',true),
('zoi.assert_hospitality_catalog','p_profile jsonb','b2898c1e0fc6bfb6aa9806fd553adba7dfc10053f389722e7d9e50ec1e120b17','{postgres=X/postgres}','["search_path=\"\""]','postgres','i',false),
('zoi.bizpage_can_edit','p_workspace uuid, p_listing uuid','629c268bc4892169f9d321f4841b5929aca76469953b73af42a171d1229e273c',NULL,'["search_path=zoi, public"]','postgres','v',true),
('zoi.bizpage_save_profile','p_workspace uuid, p_listing uuid, p_profile jsonb','d4e40872dca3f1a363ae2852ba138dac4c244f087bba310ab7286a2a1152bc10','{postgres=X/postgres}','["search_path=zoi, public"]','postgres','v',true),
('zoi.event_publicity_valid','v jsonb','168a9bd17d2b813748903fc7b8831d637e6946c230ff209e76fafaef70de68c8','{postgres=X/postgres}','["search_path=\"\""]','postgres','i',false),
('zoi.home_content_version','l zoi.listings','e2d52cd9c98c2337d8a93f35721fcfcb197ee7315b3094330883d0ec2102a51d','{postgres=X/postgres}','["search_path=\"\""]','postgres','s',false),
('zoi.public_owner_content','p_listing uuid','35e3ae9d8def2acc1aae5204ac9e9746766b21120fe1f47ddf74a687b2234902','{postgres=X/postgres}','["search_path=\"\""]','postgres','s',true),
('zoi.home_media_valid','p_items jsonb','012b4bdfb40f842dc0f524270a5ccff3903fa3f7cccf437ca8d622e266a6c9b2','{postgres=X/postgres}','["search_path=\"\""]','postgres','i',false),
('zoi.org_role','p_workspace uuid','61336a678f723500fd65dad72e8f28c06ecdbfcc5a1493edfc70f1c895eb1fe6','{postgres=X/postgres}','["search_path=\"\""]','postgres','s',true),
('zoi.profile_strip','p jsonb','763fca2723fabec2634ccedbce010a932917a199652e5f2e4e14f592c07dd35b',NULL,'["search_path=zoi, public"]','postgres','i',false)
 ) AS f(name,args,sha256,acl,config,owner,volatility,definer) LOOP
  SELECT encode(sha256(convert_to(pg_get_functiondef(p.oid),'UTF8')),'hex') AS sha256,p.proacl::text AS acl,to_json(p.proconfig)::text AS config,pg_get_userbyid(p.proowner) AS owner,p.provolatile::text AS volatility,p.prosecdef AS definer
  INTO actual FROM pg_proc p JOIN pg_namespace n ON n.oid=p.pronamespace
  WHERE n.nspname||'.'||p.proname=expected.name AND pg_get_function_identity_arguments(p.oid)=expected.args;
  IF NOT FOUND OR actual.sha256 IS DISTINCT FROM expected.sha256 OR actual.acl IS DISTINCT FROM expected.acl OR actual.config::jsonb IS DISTINCT FROM expected.config::jsonb OR actual.owner IS DISTINCT FROM expected.owner OR actual.volatility IS DISTINCT FROM expected.volatility OR actual.definer IS DISTINCT FROM expected.definer THEN
   RAISE EXCEPTION 'home_content_authority_preflight_drift: % (%)',expected.name,expected.args;
  END IF;
 END LOOP;
END $preflight$;
CREATE OR REPLACE FUNCTION zoi.home_content_authorize(p_workspace uuid, p_listing uuid)
 RETURNS uuid
 LANGUAGE plpgsql
 SECURITY DEFINER
 SET search_path TO ''
AS $function$
DECLARE actor uuid:=zoi.org_actor();owner_ws uuid;
BEGIN
 IF actor IS NULL THEN RAISE EXCEPTION 'not_authorized' USING errcode='42501';END IF;
 -- Verify the current account/session before any caller can return an old receipt.
 PERFORM zoi.workspace_invitation_email(false);
 PERFORM 1 FROM zoi.user_profiles WHERE id=actor FOR UPDATE;
 IF NOT FOUND OR NOT EXISTS(SELECT 1 FROM zoi.user_profiles WHERE id=actor AND auth_user_id=auth.uid()) THEN RAISE EXCEPTION 'not_authorized' USING errcode='42501';END IF;
 -- The guard is VOLATILE and uses fresh statements after every existing lock wait.
 PERFORM zoi.workspace_invitation_email(false);
 PERFORM 1 FROM zoi.workspace_members WHERE workspace_id=p_workspace AND profile_id=actor AND role IN('owner','admin','editor')FOR SHARE;IF NOT FOUND THEN RAISE EXCEPTION 'not_authorized' USING errcode='42501';END IF;
 PERFORM zoi.workspace_invitation_email(false);
 SELECT owner_workspace_id INTO owner_ws FROM zoi.listings WHERE id=p_listing FOR UPDATE;
 IF NOT FOUND OR (owner_ws IS NOT NULL AND owner_ws<>p_workspace) OR NOT zoi.bizpage_can_edit(p_workspace,p_listing)THEN RAISE EXCEPTION 'no_access_to_listing' USING errcode='42501';END IF;
 PERFORM zoi.workspace_invitation_email(false);
 IF owner_ws IS NULL THEN PERFORM 1 FROM zoi.listing_claims WHERE listing_id=p_listing AND workspace_id=p_workspace AND claim_status IN('approved','verified')FOR SHARE;IF NOT FOUND THEN RAISE EXCEPTION 'no_access_to_listing' USING errcode='42501';END IF;
 PERFORM zoi.workspace_invitation_email(false);END IF;
 RETURN actor;
END $function$

-- CREATE OR REPLACE preserves identity, owner and ACL. No new grants or lock order changes.
NOTIFY pgrst, 'reload schema';
COMMIT;

ERROR:  syntax error at or near "NOTIFY"
LINE 64: NOTIFY pgrst, 'reload schema';
         ^

    at process.processTicksAndRejections (node:internal/process/task_queues:104:5)
    at async file:///workspaces/zoi-city/.recovery/community-release/.recovery/home-content-session-candidate/tests/database/home-content-current-session.integration.mjs:37:142 {
  generatedMessage: true,
  code: 'ERR_ASSERTION',
  actual: Error: Command failed: /usr/lib/postgresql/16/bin/psql -X -qAt -v ON_ERROR_STOP=1 -c -- Scope: one shared private helper; authenticated readers/writers and receipts remain byte-identical.
  -- Generated by Supabase CLI; installation is owned by the release lead after independent review.
  BEGIN;
  DO $preflight$
  DECLARE expected record; actual record;
  BEGIN
   FOR expected IN SELECT * FROM (VALUES
  ('public.bizpage_get','p_workspace uuid, p_listing uuid','3f12b842eace56b1fd1e3db1ba2aadd6a31b028bd9ebea9a20b96abf99425545','{postgres=X/postgres,authenticated=X/postgres,service_role=X/postgres}','["search_path=zoi, public"]','postgres','v',true),
  ('public.bizpage_save','p_workspace uuid, p_listing uuid, p_description text, p_phone text, p_email text, p_website text, p_hours text, p_price_range text, p_photo_url text, p_social jsonb','feab538bb54cb9310f0729d7b749501b40ff4359bbb7a08899fa0d1dc00b8c3b','{postgres=X/postgres,authenticated=X/postgres,service_role=X/postgres}','["search_path=zoi, public"]','postgres','v',true),
  ('public.bizpage_status','p_workspace uuid','c7d01c9c37bbe107e308892fdbe37d872278652438191fac4599700b06ac000e','{postgres=X/postgres,authenticated=X/postgres,service_role=X/postgres}','["search_path=\"\""]','postgres','v',true),
  ('public.home_content_get','p_workspace uuid, p_listing uuid','a731720f19b762d00ccfa9cd692b3440151a53e3f0db137b9c8d64b85322468b','{postgres=X/postgres,service_role=X/postgres,authenticated=X/postgres}','["search_path=\"\""]','postgres','v',true),
  ('public.home_content_save','p_workspace uuid, p_listing uuid, p_expected_version text, p_request uuid, p_base jsonb, p_profile jsonb','b186e4b57bce14e1bc5a1f50d97419664133a87733dbe9616d3d09301f6eb744','{postgres=X/postgres,service_role=X/postgres,authenticated=X/postgres}','["search_path=\"\""]','postgres','v',true),
  ('zoi.assert_ws','p_ws uuid','b6062c8002a5d9e2386f6b47a649bb7aa9f858cb13800fb4cf2f90c5e20f0e18',NULL,'["search_path=\"\""]','postgres','v',true),
  ('zoi.home_content_authorize','p_workspace uuid, p_listing uuid','ef3027480ddc738173aa489a64ad90f963a8f199755cd38ddae83e9a0209842d','{postgres=X/postgres}','["search_path=\"\""]','postgres','v',true),
  ('zoi.org_actor','','50507e56d8bccdfefc6403e7bd8d8db9645d30742d7c2b9e8480ccb6c062a7ff','{postgres=X/postgres}','["search_path=\"\""]','postgres','s',true),
  ('zoi.suite_current_session','','97dd5f16ad6c2164e8204e5ab4fac3cc4df773a3380d99a276c125e219df59d8','{postgres=X/postgres}','["search_path=\"\""]','postgres','s',true),
  ('zoi.workspace_current_role','p_workspace uuid','97c46fe89d9c49ecc7b539a13b99f3d6d138f7b7185e56993b93d0c9d0adc498','{postgres=X/postgres}','["search_path=\"\""]','postgres','s',true),
  ('zoi.workspace_invitation_email','p_lock boolean','5910c6b245c4093bf23c96ee05bf74e9edaab8ed78ed2321fc8af6422290fe5d','{postgres=X/postgres}','["search_path=\"\""]','postgres','v',true),
  ('public.bizpage_save_profile','p_workspace uuid, p_listing uuid, p_profile jsonb','76cb722c047d2c34dc9cb8abd95b3cf2575555aa322bea6d6497537a3b1f3458','{postgres=X/postgres,authenticated=X/postgres,service_role=X/postgres}','["search_path=zoi, public"]','postgres','v',true),
  ('zoi.assert_hospitality_catalog','p_profile jsonb','b2898c1e0fc6bfb6aa9806fd553adba7dfc10053f389722e7d9e50ec1e120b17','{postgres=X/postgres}','["search_path=\"\""]','postgres','i',false),
  ('zoi.bizpage_can_edit','p_workspace uuid, p_listing uuid','629c268bc4892169f9d321f4841b5929aca76469953b73af42a171d1229e273c',NULL,'["search_path=zoi, public"]','postgres','v',true),
  ('zoi.bizpage_save_profile','p_workspace uuid, p_listing uuid, p_profile jsonb','d4e40872dca3f1a363ae2852ba138dac4c244f087bba310ab7286a2a1152bc10','{postgres=X/postgres}','["search_path=zoi, public"]','postgres','v',true),
  ('zoi.event_publicity_valid','v jsonb','168a9bd17d2b813748903fc7b8831d637e6946c230ff209e76fafaef70de68c8','{postgres=X/postgres}','["search_path=\"\""]','postgres','i',false),
  ('zoi.home_content_version','l zoi.listings','e2d52cd9c98c2337d8a93f35721fcfcb197ee7315b3094330883d0ec2102a51d','{postgres=X/postgres}','["search_path=\"\""]','postgres','s',false),
  ('zoi.public_owner_content','p_listing uuid','35e3ae9d8def2acc1aae5204ac9e9746766b21120fe1f47ddf74a687b2234902','{postgres=X/postgres}','["search_path=\"\""]','postgres','s',true),
  ('zoi.home_media_valid','p_items jsonb','012b4bdfb40f842dc0f524270a5ccff3903fa3f7cccf437ca8d622e266a6c9b2','{postgres=X/postgres}','["search_path=\"\""]','postgres','i',false),
  ('zoi.org_role','p_workspace uuid','61336a678f723500fd65dad72e8f28c06ecdbfcc5a1493edfc70f1c895eb1fe6','{postgres=X/postgres}','["search_path=\"\""]','postgres','s',true),
  ('zoi.profile_strip','p jsonb','763fca2723fabec2634ccedbce010a932917a199652e5f2e4e14f592c07dd35b',NULL,'["search_path=zoi, public"]','postgres','i',false)
   ) AS f(name,args,sha256,acl,config,owner,volatility,definer) LOOP
    SELECT encode(sha256(convert_to(pg_get_functiondef(p.oid),'UTF8')),'hex') AS sha256,p.proacl::text AS acl,to_json(p.proconfig)::text AS config,pg_get_userbyid(p.proowner) AS owner,p.provolatile::text AS volatility,p.prosecdef AS definer
    INTO actual FROM pg_proc p JOIN pg_namespace n ON n.oid=p.pronamespace
    WHERE n.nspname||'.'||p.proname=expected.name AND pg_get_function_identity_arguments(p.oid)=expected.args;
    IF NOT FOUND OR actual.sha256 IS DISTINCT FROM expected.sha256 OR actual.acl IS DISTINCT FROM expected.acl OR actual.config::jsonb IS DISTINCT FROM expected.config::jsonb OR actual.owner IS DISTINCT FROM expected.owner OR actual.volatility IS DISTINCT FROM expected.volatility OR actual.definer IS DISTINCT FROM expected.definer THEN
     RAISE EXCEPTION 'home_content_authority_preflight_drift: % (%)',expected.name,expected.args;
    END IF;
   END LOOP;
  END $preflight$;
  CREATE OR REPLACE FUNCTION zoi.home_content_authorize(p_workspace uuid, p_listing uuid)
   RETURNS uuid
   LANGUAGE plpgsql
   SECURITY DEFINER
   SET search_path TO ''
  AS $function$
  DECLARE actor uuid:=zoi.org_actor();owner_ws uuid;
  BEGIN
   IF actor IS NULL THEN RAISE EXCEPTION 'not_authorized' USING errcode='42501';END IF;
   -- Verify the current account/session before any caller can return an old receipt.
   PERFORM zoi.workspace_invitation_email(false);
   PERFORM 1 FROM zoi.user_profiles WHERE id=actor FOR UPDATE;
   IF NOT FOUND OR NOT EXISTS(SELECT 1 FROM zoi.user_profiles WHERE id=actor AND auth_user_id=auth.uid()) THEN RAISE EXCEPTION 'not_authorized' USING errcode='42501';END IF;
   -- The guard is VOLATILE and uses fresh statements after every existing lock wait.
   PERFORM zoi.workspace_invitation_email(false);
   PERFORM 1 FROM zoi.workspace_members WHERE workspace_id=p_workspace AND profile_id=actor AND role IN('owner','admin','editor')FOR SHARE;IF NOT FOUND THEN RAISE EXCEPTION 'not_authorized' USING errcode='42501';END IF;
   PERFORM zoi.workspace_invitation_email(false);
   SELECT owner_workspace_id INTO owner_ws FROM zoi.listings WHERE id=p_listing FOR UPDATE;
   IF NOT FOUND OR (owner_ws IS NOT NULL AND owner_ws<>p_workspace) OR NOT zoi.bizpage_can_edit(p_workspace,p_listing)THEN RAISE EXCEPTION 'no_access_to_listing' USING errcode='42501';END IF;
   PERFORM zoi.workspace_invitation_email(false);
   IF owner_ws IS NULL THEN PERFORM 1 FROM zoi.listing_claims WHERE listing_id=p_listing AND workspace_id=p_workspace AND claim_status IN('approved','verified')FOR SHARE;IF NOT FOUND THEN RAISE EXCEPTION 'no_access_to_listing' USING errcode='42501';END IF;
   PERFORM zoi.workspace_invitation_email(false);END IF;
   RETURN actor;
  END $function$
  
  -- CREATE OR REPLACE preserves identity, owner and ACL. No new grants or lock order changes.
  NOTIFY pgrst, 'reload schema';
  COMMIT;
  
  ERROR:  syntax error at or near "NOTIFY"
  LINE 64: NOTIFY pgrst, 'reload schema';
           ^
  
      at genericNodeError (node:internal/errors:985:15)
      at wrappedFn (node:internal/errors:539:14)
      at ChildProcess.exithandler (node:child_process:417:12)
      at ChildProcess.emit (node:events:508:28)
      at maybeClose (node:internal/child_process:1100:16)
      at ChildProcess._handle.onexit (node:internal/child_process:305:5) {
    code: 1,
    killed: false,
    signal: null,
    cmd: '/usr/lib/postgresql/16/bin/psql -X -qAt -v ON_ERROR_STOP=1 -c -- Scope: one shared private helper; authenticated readers/writers and receipts remain byte-identical.\n' +
      '-- Generated by Supabase CLI; installation is owned by the release lead after independent review.\n' +
      'BEGIN;\n' +
      'DO $preflight$\n' +
      'DECLARE expected record; actual record;\n' +
      'BEGIN\n' +
      ' FOR expected IN SELECT * FROM (VALUES\n' +
      `('public.bizpage_get','p_workspace uuid, p_listing uuid','3f12b842eace56b1fd1e3db1ba2aadd6a31b028bd9ebea9a20b96abf99425545','{postgres=X/postgres,authenticated=X/postgres,service_role=X/postgres}','["search_path=zoi, public"]','postgres','v',true),\n` +
      `('public.bizpage_save','p_workspace uuid, p_listing uuid, p_description text, p_phone text, p_email text, p_website text, p_hours text, p_price_range text, p_photo_url text, p_social jsonb','feab538bb54cb9310f0729d7b749501b40ff4359bbb7a08899fa0d1dc00b8c3b','{postgres=X/postgres,authenticated=X/postgres,service_role=X/postgres}','["search_path=zoi, public"]','postgres','v',true),\n` +
      `('public.bizpage_status','p_workspace uuid','c7d01c9c37bbe107e308892fdbe37d872278652438191fac4599700b06ac000e','{postgres=X/postgres,authenticated=X/postgres,service_role=X/postgres}','["search_path=\\"\\""]','postgres','v',true),\n` +
      `('public.home_content_get','p_workspace uuid, p_listing uuid','a731720f19b762d00ccfa9cd692b3440151a53e3f0db137b9c8d64b85322468b','{postgres=X/postgres,service_role=X/postgres,authenticated=X/postgres}','["search_path=\\"\\""]','postgres','v',true),\n` +
      `('public.home_content_save','p_workspace uuid, p_listing uuid, p_expected_version text, p_request uuid, p_base jsonb, p_profile jsonb','b186e4b57bce14e1bc5a1f50d97419664133a87733dbe9616d3d09301f6eb744','{postgres=X/postgres,service_role=X/postgres,authenticated=X/postgres}','["search_path=\\"\\""]','postgres','v',true),\n` +
      `('zoi.assert_ws','p_ws uuid','b6062c8002a5d9e2386f6b47a649bb7aa9f858cb13800fb4cf2f90c5e20f0e18',NULL,'["search_path=\\"\\""]','postgres','v',true),\n` +
      `('zoi.home_content_authorize','p_workspace uuid, p_listing uuid','ef3027480ddc738173aa489a64ad90f963a8f199755cd38ddae83e9a0209842d','{postgres=X/postgres}','["search_path=\\"\\""]','postgres','v',true),\n` +
      `('zoi.org_actor','','50507e56d8bccdfefc6403e7bd8d8db9645d30742d7c2b9e8480ccb6c062a7ff','{postgres=X/postgres}','["search_path=\\"\\""]','postgres','s',true),\n` +
      `('zoi.suite_current_session','','97dd5f16ad6c2164e8204e5ab4fac3cc4df773a3380d99a276c125e219df59d8','{postgres=X/postgres}','["search_path=\\"\\""]','postgres','s',true),\n` +
      `('zoi.workspace_current_role','p_workspace uuid','97c46fe89d9c49ecc7b539a13b99f3d6d138f7b7185e56993b93d0c9d0adc498','{postgres=X/postgres}','["search_path=\\"\\""]','postgres','s',true),\n` +
      `('zoi.workspace_invitation_email','p_lock boolean','5910c6b245c4093bf23c96ee05bf74e9edaab8ed78ed2321fc8af6422290fe5d','{postgres=X/postgres}','["search_path=\\"\\""]','postgres','v',true),\n` +
      `('public.bizpage_save_profile','p_workspace uuid, p_listing uuid, p_profile jsonb','76cb722c047d2c34dc9cb8abd95b3cf2575555aa322bea6d6497537a3b1f3458','{postgres=X/postgres,authenticated=X/postgres,service_role=X/postgres}','["search_path=zoi, public"]','postgres','v',true),\n` +
      `('zoi.assert_hospitality_catalog','p_profile jsonb','b2898c1e0fc6bfb6aa9806fd553adba7dfc10053f389722e7d9e50ec1e120b17','{postgres=X/postgres}','["search_path=\\"\\""]','postgres','i',false),\n` +
      `('zoi.bizpage_can_edit','p_workspace uuid, p_listing uuid','629c268bc4892169f9d321f4841b5929aca76469953b73af42a171d1229e273c',NULL,'["search_path=zoi, public"]','postgres','v',true),\n` +
      `('zoi.bizpage_save_profile','p_workspace uuid, p_listing uuid, p_profile jsonb','d4e40872dca3f1a363ae2852ba138dac4c244f087bba310ab7286a2a1152bc10','{postgres=X/postgres}','["search_path=zoi, public"]','postgres','v',true),\n` +
      `('zoi.event_publicity_valid','v jsonb','168a9bd17d2b813748903fc7b8831d637e6946c230ff209e76fafaef70de68c8','{postgres=X/postgres}','["search_path=\\"\\""]','postgres','i',false),\n` +
      `('zoi.home_content_version','l zoi.listings','e2d52cd9c98c2337d8a93f35721fcfcb197ee7315b3094330883d0ec2102a51d','{postgres=X/postgres}','["search_path=\\"\\""]','postgres','s',false),\n` +
      `('zoi.public_owner_content','p_listing uuid','35e3ae9d8def2acc1aae5204ac9e9746766b21120fe1f47ddf74a687b2234902','{postgres=X/postgres}','["search_path=\\"\\""]','postgres','s',true),\n` +
      `('zoi.home_media_valid','p_items jsonb','012b4bdfb40f842dc0f524270a5ccff3903fa3f7cccf437ca8d622e266a6c9b2','{postgres=X/postgres}','["search_path=\\"\\""]','postgres','i',false),\n` +
      `('zoi.org_role','p_workspace uuid','61336a678f723500fd65dad72e8f28c06ecdbfcc5a1493edfc70f1c895eb1fe6','{postgres=X/postgres}','["search_path=\\"\\""]','postgres','s',true),\n` +
      `('zoi.profile_strip','p jsonb','763fca2723fabec2634ccedbce010a932917a199652e5f2e4e14f592c07dd35b',NULL,'["search_path=zoi, public"]','postgres','i',false)\n` +
      ' ) AS f(name,args,sha256,acl,config,owner,volatility,definer) LOOP\n' +
      "  SELECT encode(sha256(convert_to(pg_get_functiondef(p.oid),'UTF8')),'hex') AS sha256,p.proacl::text AS acl,to_json(p.proconfig)::text AS config,pg_get_userbyid(p.proowner) AS owner,p.provolatile::text AS volatility,p.prosecdef AS definer\n" +
      '  INTO actual FROM pg_proc p JOIN pg_namespace n ON n.oid=p.pronamespace\n' +
      "  WHERE n.nspname||'.'||p.proname=expected.name AND pg_get_function_identity_arguments(p.oid)=expected.args;\n" +
      '  IF NOT FOUND OR actual.sha256 IS DISTINCT FROM expected.sha256 OR actual.acl IS DISTINCT FROM expected.acl OR actual.config::jsonb IS DISTINCT FROM expected.config::jsonb OR actual.owner IS DISTINCT FROM expected.owner OR actual.volatility IS DISTINCT FROM expected.volatility OR actual.definer IS DISTINCT FROM expected.definer THEN\n' +
      "   RAISE EXCEPTION 'home_content_authority_preflight_drift: % (%)',expected.name,expected.args;\n" +
      '  END IF;\n' +
      ' END LOOP;\n' +
      'END $preflight$;\n' +
      'CREATE OR REPLACE FUNCTION zoi.home_content_authorize(p_workspace uuid, p_listing uuid)\n' +
      ' RETURNS uuid\n' +
      ' LANGUAGE plpgsql\n' +
      ' SECURITY DEFINER\n' +
      " SET search_path TO ''\n" +
      'AS $function$\n' +
      'DECLARE actor uuid:=zoi.org_actor();owner_ws uuid;\n' +
      'BEGIN\n' +
      " IF actor IS NULL THEN RAISE EXCEPTION 'not_authorized' USING errcode='42501';END IF;\n" +
      ' -- Verify the current account/session before any caller can return an old receipt.\n' +
      ' PERFORM zoi.workspace_invitation_email(false);\n' +
      ' PERFORM 1 FROM zoi.user_profiles WHERE id=actor FOR UPDATE;\n' +
      " IF NOT FOUND OR NOT EXISTS(SELECT 1 FROM zoi.user_profiles WHERE id=actor AND auth_user_id=auth.uid()) THEN RAISE EXCEPTION 'not_authorized' USING errcode='42501';END IF;\n" +
      ' -- The guard is VOLATILE and uses fresh statements after every existing lock wait.\n' +
      ' PERFORM zoi.workspace_invitation_email(false);\n' +
      " PERFORM 1 FROM zoi.workspace_members WHERE workspace_id=p_workspace AND profile_id=actor AND role IN('owner','admin','editor')FOR SHARE;IF NOT FOUND THEN RAISE EXCEPTION 'not_authorized' USING errcode='42501';END IF;\n" +
      ' PERFORM zoi.workspace_invitation_email(false);\n' +
      ' SELECT owner_workspace_id INTO owner_ws FROM zoi.listings WHERE id=p_listing FOR UPDATE;\n' +
      " IF NOT FOUND OR (owner_ws IS NOT NULL AND owner_ws<>p_workspace) OR NOT zoi.bizpage_can_edit(p_workspace,p_listing)THEN RAISE EXCEPTION 'no_access_to_listing' USING errcode='42501';END IF;\n" +
      ' PERFORM zoi.workspace_invitation_email(false);\n' +
      " IF owner_ws IS NULL THEN PERFORM 1 FROM zoi.listing_claims WHERE listing_id=p_listing AND workspace_id=p_workspace AND claim_status IN('approved','verified')FOR SHARE;IF NOT FOUND THEN RAISE EXCEPTION 'no_access_to_listing' USING errcode='42501';END IF;\n" +
      ' PERFORM zoi.workspace_invitation_email(false);END IF;\n' +
      ' RETURN actor;\n' +
      'END $function$\n' +
      '\n' +
      '-- CREATE OR REPLACE preserves identity, owner and ACL. No new grants or lock order changes.\n' +
      "NOTIFY pgrst, 'reload schema';\n" +
      'COMMIT;\n',
    stdout: '',
    stderr: 'ERROR:  syntax error at or near "NOTIFY"\n' +
      "LINE 64: NOTIFY pgrst, 'reload schema';\n" +
      '         ^\n'
  },
  expected: [Function (anonymous)],
  operator: 'rejects',
  diff: 'simple'
}

Node.js v24.14.0
