✔ table discovery belongs only to real event pages and honours hidden offerings (43.721036ms)
✔ generic venue inherits four designs using only its own spaces and capacity (2.101293ms)
✔ generic event uses actual published metadata with no price or seating inference (5.485552ms)
✔ owner clears, visibility, unsafe sources and internal capability boundaries fail closed (4.768643ms)
✔ hidden/reordered generic sections and escaped authored copy preserve same renderer contract (1.898354ms)
✔ current canonical and Toronto compatibility route share same private event key (1.337688ms)
✔ private notes preserve exact Unicode title and whole tickets; legacy is read-only (2.642494ms)
✔ malformed quantities, contact fields and source labels never silently restore (0.71766ms)
✔ identity outage remains unavailable; retry is single flight and never writes (1.620856ms)
✔ mismatched identity, malformed map, timeout and disposed late replies are fenced (15.617538ms)
✔ source image positions cover all118 exact printed labels within800x659 (5.638337ms)
✔ preferences bounded and enquiry never asserts inventory (0.797509ms)
✔ venue enquiry validates actual date and bounded guest count (0.753958ms)
✔ four reusable designs honor escapedcopy visibility and canonical defaults (10.376823ms)
✔ Signature company HQ four designs separate archive/festival and real concert destination (9.287319ms)
✔ owner explicit identity fields/gallery clears remain authoritative and safe (7.656014ms)
✔ owner section visibility/order and copy have no broken anchors or injected markup (1.673484ms)
✔ curated company identity cannot leak to another business; Parkview keeps own renderer (3.842214ms)
✔ announced artists link exact existing profiles with explicit provider playback only (0.801948ms)
✔ artist card uses immutable IDs rather than filtered position (0.909047ms)
✔ concert scene uses every exact source position without mutating source geometry (2.809596ms)
✔ invalid IDs, dimensions, duplicate positions and unreviewed price bands rejected (0.445182ms)
✔ explicit separate event-screen consent required; new uploads remain pending until current moderator approves (6.153739ms)
✔ cross-event, other author, social URLs, unready uploads, SVG, credentials and arbitrary providers are rejected (1.593005ms)
✔ approval needs role, current membership, same event and exact revision; consent version changes hide old approval (1.863601ms)
✔ owner revocation is immediate and idempotent; operator removal cannot be republished (0.594951ms)
✔ no photos before event, after screen expiry, malformed time, future consent or expired consent; tags are display only (0.580063ms)
✔ sponsor must match event and placement, active dates and approval; no campaign fabricated when missing (0.499763ms)
✔ approval and screen require positive revisions and chronological submission/consent/moderation (1.138195ms)
✔ Parea hero links reach the group planner; explicit Explore still opens the room (3.983106ms)
✔ canonical entry binds anonymous public event identity separately from private saves (3.853103ms)
✔ persisted return retains current parea and retires it only on actual actor change (1.63866ms)
✔ nonpersisted navigation destroys private tools and old customer views (1.602673ms)
✔ save action reaches shared controller without resetting the parea (1.35549ms)
✔ placements require exact event, configuration, revision and active approval (2.30337ms)
✔ unsafe URLs, duplicate placements, oversize copy rejected; no fabricated pricing/order fields (0.850819ms)
✔ facing configuration has two five-cushion couches opposite each other, no table ID mapping (2.160133ms)
✔ open rectangular concept has three couch sides and remains descriptive not sellable capacity (0.672826ms)
✔ per-guest quote and uneven group shares conserve cents without claiming payment (3.530651ms)
✔ currency input refuses rounding, exponents, negative values and unsupported group size (0.713161ms)
✔ prepayment gate stays closed until every operational prerequisite is configured (0.420605ms)
✔ sponsors require approval, exact placement and active campaign; links cannot execute code (0.462864ms)
✔ one reusable Parea context does not transplant Toronto source pricing into other events (1.170345ms)
✔ planning invitations carry only the intended whole-ticket share and public event, never guest tokens or contacts (0.676402ms)
✔ real contract-shaped save validates receipt and stores no guest names in durable marker (30.603366ms)
✔ uncertain save retries identical nonce and payload; fresh save blocked (2.812731ms)
✔ reload of unknown new plan retains marker and blocks duplicate replacement (1.843121ms)
✔ account switch discards stale returned private plan without clearing prior account marker (9.159761ms)
✔ denied storage prevents write, known version conflict permits reload and malformed selections denied (1.82114ms)
✔ reviewing a saved plan does not silently bind an unrestored customer form as its edit target (1.093311ms)
✔ actual backend required contact fields are validated before RPC and never persisted in nonce marker (1.106776ms)
✔ private plan supports explicit IANA timezone across global events and rejects invented timezone (1.726964ms)
✔ changed source context rejects editor adoption before binding a saved plan target (1.092269ms)
✔ reloaded pending reference is discoverable without issuing an RPC or adopting an edit target (0.794594ms)
✔ explicit price, unknown stock/allergens and draft status preserved without inference (2.532508ms)
✔ CSV quotes, BOM, errors and explicit booleans prevent silent zero/free defaults (1.693552ms)
✔ duplicate CSV IDs and unsupported currency produce review errors (0.521093ms)
✔ eligibility binds exact version, zone, availability, stock, alcohol and real mapping (1.257979ms)
✔ reorder proposal contains only exact IDs and version, never stale price or stock writes (1.646734ms)
✔ string or numeric alcohol authorization cannot bypass the strict authorization flag (0.472542ms)
✔ different draft identifiers cannot alias one server item and evade stock checks (0.843255ms)
✔ CSV rejects formula cells, malformed quote tails and explicit invalid booleans without coercion (4.219177ms)
✔ undefined stock and imprecise cents fail rather than assuming unlimited or free (0.552301ms)
✔ first HTML includes the same real concert shell used by client hydration (1.720864ms)
✔ scene styles are available before the room is rendered (0.239697ms)
✔ actual numbered choices derive their published perguest tier without a second space selector (2.094671ms)
✔ mixed alternatives never invent a single price and empty choices do not imply selection (0.606813ms)
✔ published image trace has each numbered position1to118 once, bounded and nonoverlapping (5.664215ms)
✔ source anchor positions and categories agree with visually reviewed floorplan (0.505544ms)
✔ keyboard spatial moves follow the published rows instead of numerical seat order (0.68576ms)
✔ preferences carry only source plan identity and max3 verified table labels (0.785296ms)
✔ sponsors require approval and exact table plus safe destination; no sponsor invented by default (0.682865ms)
✔ sponsor schedule is explicit, current, exclusive at end and scoped to this event (0.316561ms)
✔ guest preference ordering is immutable, exact-ID bounded and never changes floor geometry (1.133927ms)
✔ mixed or mismatched source table price bands cannot produce a selected-budget subtotal (12.161896ms)
ℹ tests 75
ℹ suites 0
ℹ pass 75
ℹ fail 0
ℹ cancelled 0
ℹ skipped 0
ℹ todo 0
ℹ duration_ms 284.604711
