✔ review evidence retains exact extractor text and bounded snapshot, and identical reruns are immutable (14.8385ms)
✔ owner-managed records retain a refusal snapshot without fetching source (2.75184ms)
✔ workspace ownership refusal is retained without exposing owner identifiers (2.600417ms)
✔ preserves exact reviewed bytes and explicit request identity; prepares no write (2.516361ms)
✔ report whitespace changes require renewed exact hash (0.530519ms)
✔ stale identity, self-review, expired evidence and out-of-locality point refuse (0.777109ms)
✔ requires exact independently reviewed candidate address and supported writer evidence (1.31427ms)
✔ official destination requires explicit purpose and exact reviewed destination URL (0.495564ms)
✔ exact official structured address coordinates remain a review candidate, never a write (4.424388ms)
✔ other city, country, branch street or organization cannot supply this place coordinates (0.773962ms)
✔ random HTML GPS, invalid range and swapped coordinates are never silently repaired (1.160723ms)
✔ owner edits, changed source/address and centroid approval fail closed (0.728989ms)
✔ two conflicting structured locations require review and external redirects are refused (0.399115ms)
✔ dry-run batch caps records, never fetches owner-managed sources and writes reports only (11.634337ms)
✔ composite postal addresses and pinned ISO country codes match without fuzzy street aliases (0.518146ms)
✔ explicit address reconciliation is tied to exact name/source snapshot and source bytes (0.925405ms)
✔ official destination uses reviewed named address and destination pair, not camera coordinates (1.004052ms)
✔ parking, shortlink, other destination, camera-only and multi-stop links never become place pins (1.061498ms)
✔ retained real source fragments yield Melbourne schema and reviewed AMARA destination (1.234672ms)
✔ same-domain sibling branch redirects and schema identities fail closed (0.239466ms)
✔ batch audit carries the frozen identity review into the immutable source report (7.663345ms)
✔ non-document anchor strings and malformed report approvals fail closed (1.635088ms)
✔ typed Squarespace site location requires exact reviewed postal identity and separate schema corroboration (0.496385ms)
✔ Squarespace extraction rejects arbitrary JS, sparse config, branches and identity mismatch (2.229035ms)
✔ Squarespace coordinates conflict with a separately matching structured point rather than replacing it (0.329123ms)
✔ inert structured JSON-LD cannot supply coordinates or introduce conflicts (0.558241ms)
✔ explicit source name alias is exact and bound to current property snapshot, source bytes and address (1.100461ms)
✔ exact reviewed source card and captured named destination yield candidate, not camera coordinates or apply approval (6.177786ms)
✔ snapshot changes, ownership, sparse identity and missing explicit parent-page scope refuse (0.763062ms)
✔ card must be exact unique source bytes with correct heading/address; parking is never the hotel (1.470321ms)
✔ redirect capture binds first URL, exact final URL/status/bytes and place identity (1.871008ms)
✔ camera-only, wrong place, credentials, foreign host, query injection and multiple destination forms fail (1.396473ms)
✔ locality must be independently sourced, bounded and contain the destination (0.882525ms)
✔ retained official Paddington polygon independently contains candidate, without changing a listing snapshot (0.630515ms)
✔ independent named-place review binds source, identity, card, capture, destination and locality before review stage (1.310142ms)
✔ bounded collector fetches only snapshot-approved publisher page and retains exact source/report evidence (18.099208ms)
ℹ tests 36
ℹ suites 0
ℹ pass 36
ℹ fail 0
ℹ cancelled 0
ℹ skipped 0
ℹ todo 0
ℹ duration_ms 117.936903
