Starting Metro Bundler

| (node:875233) Warning: The 'NO_COLOR' env is ignored due to the 'FORCE_COLOR' env being set.
| (Use `node --trace-warnings ...` to show where the warning was created)
| (node:875233) Warning: The 'NO_COLOR' env is ignored due to the 'FORCE_COLOR' env being set.
| (Use `node --trace-warnings ...` to show where the warning was created)
Web Bundled 20869ms index.ts (499 modules)
iOS Bundled 26814ms index.ts (917 modules)
Android Bundled 33185ms index.ts (914 modules)

› Assets (2):
assets/zoi-logo.5a531fbd3a49e35f2cb1b6fc3dcd5ad0.png (113KB)
assets/zoi-logo.png (113KB)

› web bundles (1):
_expo/static/js/web/index-2769f3a9344a9926dfadfa38d18e7a8f.js (1.4MB)

› ios bundles (1):
_expo/static/js/ios/index-71ff723890724be5fbfa8ddf77d5353d.hbc (3.1MB)

› android bundles (1):
_expo/static/js/android/index-cbfa97947655d7ac75d9cdeb12aae2e4.hbc (3.2MB)

› Files (3):
favicon.ico (15KB)
index.html (1.2KB)
metadata.json (368B)

Exported: /tmp/zoi-native-discovery-parent-export
