(node:864221) ExperimentalWarning: stripTypeScriptTypes is an experimental feature and might change at any time
(Use `node --trace-warnings ...` to show where the warning was created)
✔ owner tool browser handoffs preserve explicit selected workspace with no token (2.648407ms)
✔ missing malformed and injected identities cannot fabricate a setup destination (0.474474ms)
(node:864222) [MODULE_TYPELESS_PACKAGE_JSON] Warning: Module type of file:///tmp/zoi-native-discovery-parent-vji4s7ki/mobile/src/artistMusic.ts is not specified and it doesn't parse as CommonJS.
Reparsing as ES module because module syntax was detected. This incurs a performance overhead.
To eliminate this warning, add "type": "module" to /tmp/zoi-native-discovery-parent-vji4s7ki/mobile/package.json.
(Use `node --trace-warnings ...` to show where the warning was created)
✔ reviewed catalogue binds identity and uses verified high-resolution photos (4.905564ms)
✔ unknown artist never inherits featured content (0.407129ms)
✔ provider links reject spoofed hosts unsafe schemes and credentials (0.41304ms)
✔ city validation supports Greek and NFKC without markup (5.556548ms)
✔ receipts bind artist request active state and expected version (0.827983ms)
✔ summary rejects subthreshold counts and wrong artist; mine preserves inactive rows (1.130336ms)
✔ interrupted authenticated interest retries identical persisted request, then withdrawal reads real server version (45.681904ms)
✔ native planner shares venue timezone and buffer boundaries (0.922289ms)
✔ native planner cannot accept another tenant or changed appointment preview (0.588477ms)
✔ native planner requires complete unique saved slots matching the preview (0.427827ms)
(node:864224) [MODULE_TYPELESS_PACKAGE_JSON] Warning: Module type of file:///tmp/zoi-native-discovery-parent-vji4s7ki/mobile/src/backendReadiness.ts is not specified and it doesn't parse as CommonJS.
Reparsing as ES module because module syntax was detected. This incurs a performance overhead.
To eliminate this warning, add "type": "module" to /tmp/zoi-native-discovery-parent-vji4s7ki/mobile/package.json.
(Use `node --trace-warnings ...` to show where the warning was created)
✔ verified guardian backend is enabled while unavailable integrations fail closed (1.263265ms)
✔ guardian release gate is backed by complete deployed RPC evidence (0.861425ms)
(node:864235) [MODULE_TYPELESS_PACKAGE_JSON] Warning: Module type of file:///tmp/zoi-native-discovery-parent-vji4s7ki/mobile/src/booking.ts is not specified and it doesn't parse as CommonJS.
Reparsing as ES module because module syntax was detected. This incurs a performance overhead.
To eliminate this warning, add "type": "module" to /tmp/zoi-native-discovery-parent-vji4s7ki/mobile/package.json.
(Use `node --trace-warnings ...` to show where the warning was created)
✔ booking receipts require exact idempotency request, slot and party (1.847023ms)
✔ retry receipt preserves terminal cancellation rather than inventing confirmation (0.301261ms)
✔ booking catalog refuses malformed times and unknown timezone (24.207384ms)
✔ venue times honor the venue timezone rather than device default (1.241113ms)
(node:864241) [MODULE_TYPELESS_PACKAGE_JSON] Warning: Module type of file:///tmp/zoi-native-discovery-parent-vji4s7ki/mobile/src/bookingOperator.ts is not specified and it doesn't parse as CommonJS.
Reparsing as ES module because module syntax was detected. This incurs a performance overhead.
To eliminate this warning, add "type": "module" to /tmp/zoi-native-discovery-parent-vji4s7ki/mobile/package.json.
(Use `node --trace-warnings ...` to show where the warning was created)
✔ operator mutation requires exact workspace and incremented version (1.809402ms)
✔ operator service decimal prices are exact minor units and bounded (0.489523ms)
✔ staff resource cannot silently admit a party (0.331197ms)
✔ schedule converts venue-local time and rejects both DST edge cases (27.603134ms)
✔ native reschedule uses venue-local range and rejects impossible calendar dates (27.325206ms)
✔ reschedule selection pins reviewed version and exact price (0.679206ms)
✔ move receipt requires same booking, expected version, reviewed time and no collected payment (0.518907ms)
(node:864251) [MODULE_TYPELESS_PACKAGE_JSON] Warning: Module type of file:///tmp/zoi-native-discovery-parent-vji4s7ki/mobile/src/brand.ts is not specified and it doesn't parse as CommonJS.
Reparsing as ES module because module syntax was detected. This incurs a performance overhead.
To eliminate this warning, add "type": "module" to /tmp/zoi-native-discovery-parent-vji4s7ki/mobile/package.json.
(Use `node --trace-warnings ...` to show where the warning was created)
✔ native shared body, subdued text and actions stay readable on every adopted surface (1.824811ms)
✔ native and web material colors share the same semantic values (6.209495ms)
(node:864259) [MODULE_TYPELESS_PACKAGE_JSON] Warning: Module type of file:///tmp/zoi-native-discovery-parent-vji4s7ki/mobile/src/businessEdit.ts is not specified and it doesn't parse as CommonJS.
Reparsing as ES module because module syntax was detected. This incurs a performance overhead.
To eliminate this warning, add "type": "module" to /tmp/zoi-native-discovery-parent-vji4s7ki/mobile/package.json.
(Use `node --trace-warnings ...` to show where the warning was created)
✔ only owned and explicitly approved claims can appear in business editor (2.734056ms)
✔ business edit preserves unknown social keys and explicit cleared fields (0.603214ms)
✔ business edit rejects unsafe replacement and ambiguous social payloads (0.612111ms)
(node:864261) [MODULE_TYPELESS_PACKAGE_JSON] Warning: Module type of file:///tmp/zoi-native-discovery-parent-vji4s7ki/mobile/src/calendar.ts is not specified and it doesn't parse as CommonJS.
Reparsing as ES module because module syntax was detected. This incurs a performance overhead.
To eliminate this warning, add "type": "module" to /tmp/zoi-native-discovery-parent-vji4s7ki/mobile/package.json.
(Use `node --trace-warnings ...` to show where the warning was created)
✔ calendar ranges reject impossible dates and bound exactly90 UTC days (2.16183ms)
✔ public calendar rejects private drafts and another listing (0.471539ms)
✔ workspace calendar rejects another tenant (0.390457ms)
✔ same calendar planner validates dates and exact saved receipt (31.7691ms)
✔ profile calendar/group actions require exact same-listing server paths (2.010668ms)
(node:864273) [MODULE_TYPELESS_PACKAGE_JSON] Warning: Module type of file:///tmp/zoi-native-discovery-parent-vji4s7ki/mobile/src/commerce.ts is not specified and it doesn't parse as CommonJS.
Reparsing as ES module because module syntax was detected. This incurs a performance overhead.
To eliminate this warning, add "type": "module" to /tmp/zoi-native-discovery-parent-vji4s7ki/mobile/package.json.
(Use `node --trace-warnings ...` to show where the warning was created)
✔ basket totals preserve decimal precision and separate currencies (2.508446ms)
✔ persisted basket rejects duplicate IDs and invalid quantities (0.987491ms)
✔ adding unavailable options or excessive aggregate quantities fails (0.843212ms)
✔ fresh checkout must match exact official cart and all quantities (1.142119ms)
✔ product imagery and deep links reject untrusted URLs and invalid identifiers (0.646024ms)
✔ native shared option cannot silently substitute another product variant (0.299578ms)
✔ malformed explicit native variant remains an explicit unresolved choice (0.589439ms)
✔ single default display metadata survives native basket mapping without changing provider title (0.812324ms)
(node:864276) [MODULE_TYPELESS_PACKAGE_JSON] Warning: Module type of file:///tmp/zoi-native-discovery-parent-vji4s7ki/mobile/src/community.ts is not specified and it doesn't parse as CommonJS.
Reparsing as ES module because module syntax was detected. This incurs a performance overhead.
To eliminate this warning, add "type": "module" to /tmp/zoi-native-discovery-parent-vji4s7ki/mobile/package.json.
(Use `node --trace-warnings ...` to show where the warning was created)
✔ visible reaction state comes from matching desired-state receipts only (1.551562ms)
✔ reply receipt is scoped to post and actual profile, not auth UUID (0.46101ms)
✔ public profile edits explicitly validate interests and chosen public fields (0.527654ms)
✔ feed preserves server snapshot and rejects a substituted mode (0.323734ms)
✔ recovered publication keeps original account, immutable request and actual receipt identity (0.661614ms)
(node:864302) [MODULE_TYPELESS_PACKAGE_JSON] Warning: Module type of file:///tmp/zoi-native-discovery-parent-vji4s7ki/mobile/src/communityIntent.ts is not specified and it doesn't parse as CommonJS.
Reparsing as ES module because module syntax was detected. This incurs a performance overhead.
To eliminate this warning, add "type": "module" to /tmp/zoi-native-discovery-parent-vji4s7ki/mobile/package.json.
(Use `node --trace-warnings ...` to show where the warning was created)
✔ sign-in retains question composer intent but cannot resume without an actor (2.291642ms)
✔ discussion return retains navigation and does not replay a reaction (0.298837ms)
✔ sign-in may retain public navigation but sign-out or account switch invalidates it (0.179184ms)
(node:864303) [MODULE_TYPELESS_PACKAGE_JSON] Warning: Module type of file:///tmp/zoi-native-discovery-parent-vji4s7ki/mobile/src/communityMedia.ts is not specified and it doesn't parse as CommonJS.
Reparsing as ES module because module syntax was detected. This incurs a performance overhead.
To eliminate this warning, add "type": "module" to /tmp/zoi-native-discovery-parent-vji4s7ki/mobile/package.json.
(Use `node --trace-warnings ...` to show where the warning was created)
✔ media selection validates actual bytes dimensions and video duration before transfer (1.213713ms)
✔ media URLs cannot execute scripts or expose embedded credentials (0.24686ms)
✔ offscreen background low-power reduced-motion and user pause all prevent autoplay (0.259163ms)
✔ upload receipt must match selected media type and a valid finalized identity (0.541689ms)
(node:864306) [MODULE_TYPELESS_PACKAGE_JSON] Warning: Module type of file:///tmp/zoi-native-discovery-parent-vji4s7ki/mobile/src/companyWorkspace.ts is not specified and it doesn't parse as CommonJS.
Reparsing as ES module because module syntax was detected. This incurs a performance overhead.
To eliminate this warning, add "type": "module" to /tmp/zoi-native-discovery-parent-vji4s7ki/mobile/package.json.
(Use `node --trace-warnings ...` to show where the warning was created)
✔ native company aggregates exact active relationships without assuming member Auth identity (2.994923ms)
✔ company draft uses current company ID and existing persisted payload (0.685418ms)
✔ company source rejects foreign (0.447064ms)
✔ company source rejects archived (0.267649ms)
✔ company source rejects missing (0.398653ms)
✔ company source rejects duplicate (0.357807ms)
✔ archived linked project has no company return and archived work is omitted (0.484994ms)
✔ existing roles keep company edit distinct from project work (0.188822ms)
✔ actual SessionClient ignores held Company response after account (78.834298ms)
✔ actual SessionClient ignores held Company response after workspace (2.824966ms)
✔ actual SessionClient ignores held Company response after unmount (1.097425ms)
(node:864325) [MODULE_TYPELESS_PACKAGE_JSON] Warning: Module type of file:///tmp/zoi-native-discovery-parent-vji4s7ki/mobile/src/creator.ts is not specified and it doesn't parse as CommonJS.
Reparsing as ES module because module syntax was detected. This incurs a performance overhead.
To eliminate this warning, add "type": "module" to /tmp/zoi-native-discovery-parent-vji4s7ki/mobile/package.json.
(Use `node --trace-warnings ...` to show where the warning was created)
✔ bio preserves order and unpublished intent in exact server payload (2.200743ms)
✔ bio refuses truncation and unsafe links before save (0.650662ms)
✔ bio needs exact save receipt and never treats empty response as success (0.511103ms)
(node:864332) [MODULE_TYPELESS_PACKAGE_JSON] Warning: Module type of file:///tmp/zoi-native-discovery-parent-vji4s7ki/mobile/src/creatorAccess.ts is not specified and it doesn't parse as CommonJS.
Reparsing as ES module because module syntax was detected. This incurs a performance overhead.
To eliminate this warning, add "type": "module" to /tmp/zoi-native-discovery-parent-vji4s7ki/mobile/package.json.
(Use `node --trace-warnings ...` to show where the warning was created)
✔ authoritative creator denials invalidate private data for reads and writes (3.208952ms)
✔ temporary failure and creator read-only states retain draft and recovery state (0.810471ms)
✔ late denial from an unmounted or different actor cannot clear the current screen (0.542211ms)
✔ successful reads and confirmed writes remain unchanged (0.539206ms)
(node:864339) [MODULE_TYPELESS_PACKAGE_JSON] Warning: Module type of file:///tmp/zoi-native-discovery-parent-vji4s7ki/mobile/src/creatorRecovery.ts is not specified and it doesn't parse as CommonJS.
Reparsing as ES module because module syntax was detected. This incurs a performance overhead.
To eliminate this warning, add "type": "module" to /tmp/zoi-native-discovery-parent-vji4s7ki/mobile/package.json.
(Use `node --trace-warnings ...` to show where the warning was created)
✔ all seven actions execute through durable nonce-only wrapper and validate receipt (7.265612ms)
✔ lost response blocks replacement, exact retry retains immutable memory payload (1.243949ms)
✔ reload has no payload, missing receipt retains fence, cancellation requires exact proof (1.776081ms)
✔ permission denial drops private payload without deleting recovery reference (0.592113ms)
✔ storage failure, corrupt marker and late account change cannot permit dispatch or acknowledgement (1.534801ms)
✔ mismatched saved entity does not discard recovery reference (0.388304ms)
✔ account switch during persisted readback prevents dispatch (0.519018ms)
✔ readback failure after persistence retains marker and fences another send (0.624825ms)
(node:864345) [MODULE_TYPELESS_PACKAGE_JSON] Warning: Module type of file:///tmp/zoi-native-discovery-parent-vji4s7ki/mobile/src/creatorStudio.ts is not specified and it doesn't parse as CommonJS.
Reparsing as ES module because module syntax was detected. This incurs a performance overhead.
To eliminate this warning, add "type": "module" to /tmp/zoi-native-discovery-parent-vji4s7ki/mobile/package.json.
(Use `node --trace-warnings ...` to show where the warning was created)
✔ creator fee is explicit currency units converted to bounded minor units (3.021121ms)
✔ private drafts may be incomplete but sharing needs disclosures and deliverables (2.85402ms)
✔ customer detail rejects internal workspace records and audit data (0.730903ms)
✔ creator mutation receipts require matching workspace and decision request (0.564362ms)
✔ proof links remain explicit public HTTPS links and deliverables honor field limits (0.592634ms)
(node:864346) [MODULE_TYPELESS_PACKAGE_JSON] Warning: Module type of file:///tmp/zoi-native-discovery-parent-vji4s7ki/mobile/src/discovery.ts is not specified and it doesn't parse as CommonJS.
Reparsing as ES module because module syntax was detected. This incurs a performance overhead.
To eliminate this warning, add "type": "module" to /tmp/zoi-native-discovery-parent-vji4s7ki/mobile/package.json.
(Use `node --trace-warnings ...` to show where the warning was created)
✔ saved home applies only to default browsing, global search and temporary city do not overwrite it (2.403651ms)
✔ authoritative preference receipt supports explicit clears and sparse account; malformed receipt refused (0.894387ms)
✔ scope inputs literal and public rows must match chosen city/country/current identity (0.760708ms)
✔ coarse, missing, fake centroids and conflicted street coordinates never become precise pins (1.345097ms)
✔ fresh selected entity must match exact current slug/id and public visibility (0.627039ms)
✔ Directions uses actual same-record reviewed receipt, current address, or explicit provider name search (0.65936ms)
✔ native discovery/map public links carry explicit intent and canonical place without touching home (0.944872ms)
✔ native viewport clusters count real pins, hide coarse points and split with zoom without jitter (0.581453ms)
(node:864349) [MODULE_TYPELESS_PACKAGE_JSON] Warning: Module type of file:///tmp/zoi-native-discovery-parent-vji4s7ki/mobile/src/discoveryScope.ts is not specified and it doesn't parse as CommonJS.
Reparsing as ES module because module syntax was detected. This incurs a performance overhead.
To eliminate this warning, add "type": "module" to /tmp/zoi-native-discovery-parent-vji4s7ki/mobile/package.json.
(Use `node --trace-warnings ...` to show where the warning was created)
✔ community_me refresh account (40.71908ms)
✔ community_me refresh unmount (1.067149ms)
✔ community_me refresh unchanged (1.184277ms)
✔ community_me response account (10.442846ms)
✔ community_me response unmount (2.536478ms)
✔ community_me response unchanged (1.972918ms)
✔ community_preferences_save refresh account (0.645804ms)
✔ community_preferences_save refresh unmount (2.085868ms)
✔ community_preferences_save refresh unchanged (0.94992ms)
✔ community_preferences_save response account (3.752334ms)
✔ community_preferences_save response unmount (2.097651ms)
✔ community_preferences_save response unchanged (3.469838ms)
✔ no unknown mutations or malformed preference versions dispatch (0.770567ms)
(node:864366) [MODULE_TYPELESS_PACKAGE_JSON] Warning: Module type of file:///tmp/zoi-native-discovery-parent-vji4s7ki/mobile/src/documentScope.ts is not specified and it doesn't parse as CommonJS.
Reparsing as ES module because module syntax was detected. This incurs a performance overhead.
To eliminate this warning, add "type": "module" to /tmp/zoi-native-discovery-parent-vji4s7ki/mobile/package.json.
(Use `node --trace-warnings ...` to show where the warning was created)
✔ actual SessionClient private documents refresh actor (45.14809ms)
✔ actual SessionClient private documents refresh workspace (1.031292ms)
✔ actual SessionClient private documents refresh project (0.830328ms)
✔ actual SessionClient private documents refresh unmount (0.731274ms)
✔ actual SessionClient private documents refresh unchanged (1.780799ms)
✔ actual SessionClient private documents response actor (12.69238ms)
✔ actual SessionClient private documents response workspace (1.235183ms)
✔ actual SessionClient private documents response project (2.994101ms)
✔ actual SessionClient private documents response unmount (2.2208ms)
✔ actual SessionClient private documents response unchanged (1.932332ms)
✔ private document RPC refuses malformed scopes, unknown writers and foreign workspace before dispatch (0.814177ms)
(node:864367) [MODULE_TYPELESS_PACKAGE_JSON] Warning: Module type of file:///tmp/zoi-native-discovery-parent-vji4s7ki/mobile/src/documents.ts is not specified and it doesn't parse as CommonJS.
Reparsing as ES module because module syntax was detected. This incurs a performance overhead.
To eliminate this warning, add "type": "module" to /tmp/zoi-native-discovery-parent-vji4s7ki/mobile/package.json.
(Use `node --trace-warnings ...` to show where the warning was created)
✔ private upload receipt requires workspace, document identity and ready version (4.527334ms)
✔ private attachment requires no-store, attachment headers, correct type and exact bounded size (53.738327ms)
✔ native document selection uses same metadata limits as server (0.655221ms)
(node:864375) [MODULE_TYPELESS_PACKAGE_JSON] Warning: Module type of file:///tmp/zoi-native-discovery-parent-vji4s7ki/mobile/src/drafts.ts is not specified and it doesn't parse as CommonJS.
Reparsing as ES module because module syntax was detected. This incurs a performance overhead.
To eliminate this warning, add "type": "module" to /tmp/zoi-native-discovery-parent-vji4s7ki/mobile/package.json.
(Use `node --trace-warnings ...` to show where the warning was created)
✔ sign-out removal waits for in-flight draft save and prevents queued resurrection (6.516447ms)
✔ switching account blocks previous account queued draft writes (1.140927ms)
✔ publishing requires explicit success and real UUID receipt (0.333271ms)
✔ native map labels share exact source geometry and boundedpreferences (2.046044ms)
✔ native prepared note shares same nontransactional contract (0.778542ms)
(node:864389) ExperimentalWarning: stripTypeScriptTypes is an experimental feature and might change at any time
(Use `node --trace-warnings ...` to show where the warning was created)
✔ guest link carries only canonical selected event, never credentials (3.570777ms)
✔ organiser handoff validates exact selected workspace and event with fresh authority (4.80648ms)
✔ viewer, missing, duplicate and malformed memberships cannot produce operator link (0.721264ms)
✔ selected workspace never falls back to first membership (5.500654ms)
✔ wrong event and denied operator proof cannot open a link (0.670129ms)
✔ late account/workspace switches fence membership and operator responses (14.77916ms)
(node:864395) [MODULE_TYPELESS_PACKAGE_JSON] Warning: Module type of file:///tmp/zoi-native-discovery-parent-vji4s7ki/mobile/src/session.ts is not specified and it doesn't parse as CommonJS.
Reparsing as ES module because module syntax was detected. This incurs a performance overhead.
To eliminate this warning, add "type": "module" to /tmp/zoi-native-discovery-parent-vji4s7ki/mobile/package.json.
(Use `node --trace-warnings ...` to show where the warning was created)
✔ actual session refresh preserves exact authorised event/workspace without credentials in link (41.180864ms)
✔ held actual refresh refuses private send after workspace switch (1.508121ms)
✔ held actual refresh refuses private send after actor switch (0.896612ms)
✔ late private response is refused after scope change (11.979761ms)
✔ invalid actor, guest, lost scope and unsupported RPC refuse dispatch (0.797086ms)
✔ refresh rejection never dispatches private proof (0.323112ms)
(node:864410) [MODULE_TYPELESS_PACKAGE_JSON] Warning: Module type of file:///tmp/zoi-native-discovery-parent-vji4s7ki/mobile/src/eventPlanner.ts is not specified and it doesn't parse as CommonJS.
Reparsing as ES module because module syntax was detected. This incurs a performance overhead.
To eliminate this warning, add "type": "module" to /tmp/zoi-native-discovery-parent-vji4s7ki/mobile/package.json.
(Use `node --trace-warnings ...` to show where the warning was created)
✔ event plans preserve private notes and reject invalid quantities (36.547698ms)
✔ recovery never substitutes profile or plan version (0.739609ms)
✔ current booking reads cannot import foreign private plans (0.33275ms)
✔ resource units enforce one performer, bounded venue guests and equipment units (0.433438ms)
(node:864417) [MODULE_TYPELESS_PACKAGE_JSON] Warning: Module type of file:///tmp/zoi-native-discovery-parent-vji4s7ki/mobile/src/festival.ts is not specified and it doesn't parse as CommonJS.
Reparsing as ES module because module syntax was detected. This incurs a performance overhead.
To eliminate this warning, add "type": "module" to /tmp/zoi-native-discovery-parent-vji4s7ki/mobile/package.json.
(Use `node --trace-warnings ...` to show where the warning was created)
✔ application ignores client prices and validates contact and units (1.820012ms)
✔ commercial offers use exact cents and bounded benefit lines (27.286891ms)
✔ application receipt requires correct actor tenant enquiry and version (0.415865ms)
✔ private pages reject foreign records and invalid pagination (0.358629ms)
✔ public offer action only uses exact matching host UUID (1.529071ms)
(node:864423) [MODULE_TYPELESS_PACKAGE_JSON] Warning: Module type of file:///tmp/zoi-native-discovery-parent-vji4s7ki/mobile/src/generalReservation.ts is not specified and it doesn't parse as CommonJS.
Reparsing as ES module because module syntax was detected. This incurs a performance overhead.
To eliminate this warning, add "type": "module" to /tmp/zoi-native-discovery-parent-vji4s7ki/mobile/package.json.
(Use `node --trace-warnings ...` to show where the warning was created)
✔ interrupted reservation remains blocked after remount and across tier changes, scoped to actor and event (3.536162ms)
✔ only exact confirmed free receipt clears original attempt; malformed and stale confirmations preserve warning (1.12117ms)
✔ storage failure and account change stop request preparation before network action (0.5207ms)
✔ new request recovery accepts only exact nonce/event/tier/quantity receipt, with no contact storage (2.93984ms)
✔ legacy saved requests cannot be upgraded to once protocol, and malformed recovery never clears warning (0.525189ms)
✔ recovered creation receipt cannot imply active ticket after cancellation or closed event (0.334633ms)
✔ signing in cannot bypass an unresolved guest reservation or reuse its nonce as an account request (0.811002ms)
✔ confirmed nonce reference survives reopening without contacts and never claims cached ticket status (0.946464ms)
✔ confirmed references cap at five, expire after one year, and storage failure preserves unresolved warning (2.362624ms)
✔ member state accepts closed group with own history but rejects unrelated membership (4.694ms)
✔ membership decisions validate tenant identity and exact increment (0.478422ms)
✔ attendance receipt binds event membership and status (0.379948ms)
✔ membership settings cannot cross workspace or skip version (0.667113ms)
(node:864438) [MODULE_TYPELESS_PACKAGE_JSON] Warning: Module type of file:///tmp/zoi-native-discovery-parent-vji4s7ki/mobile/src/inquiries.ts is not specified and it doesn't parse as CommonJS.
Reparsing as ES module because module syntax was detected. This incurs a performance overhead.
To eliminate this warning, add "type": "module" to /tmp/zoi-native-discovery-parent-vji4s7ki/mobile/package.json.
(Use `node --trace-warnings ...` to show where the warning was created)
✔ enquiry start validates actor listing and immutable request payload (2.026227ms)
✔ reply requires exact author thread request and body receipt (0.523426ms)
✔ thread read guards workspace message identity and readonly contract (0.516091ms)
✔ enquiry inputs reject invalid IDs and oversized empty messages (0.341306ms)
(node:864448) [MODULE_TYPELESS_PACKAGE_JSON] Warning: Module type of file:///tmp/zoi-native-discovery-parent-vji4s7ki/mobile/src/privateRequests.ts is not specified and it doesn't parse as CommonJS.
Reparsing as ES module because module syntax was detected. This incurs a performance overhead.
To eliminate this warning, add "type": "module" to /tmp/zoi-native-discovery-parent-vji4s7ki/mobile/package.json.
(Use `node --trace-warnings ...` to show where the warning was created)
✔ restart restores nonce-only metadata and prevents replacement (4.82257ms)
✔ A to B to A protects and preserves original marker (3.641148ms)
✔ SecureStore failure and silent adapter failure prevent dispatch (1.627403ms)
✔ receipt requires exact nonce kind and target; notfound is not cancellation (0.541178ms)
✔ failed recovery keeps marker until confirmed cancellation acknowledgement (4.647403ms)
✔ corrupt active null prevents a replacement inquiry nonce (0.667645ms)
(node:864449) [MODULE_TYPELESS_PACKAGE_JSON] Warning: Module type of file:///tmp/zoi-native-discovery-parent-vji4s7ki/mobile/src/memberStart.ts is not specified and it doesn't parse as CommonJS.
Reparsing as ES module because module syntax was detected. This incurs a performance overhead.
To eliminate this warning, add "type": "module" to /tmp/zoi-native-discovery-parent-vji4s7ki/mobile/package.json.
(Use `node --trace-warnings ...` to show where the warning was created)
✔ server profile identity includes no-deadline assignment and excludes Auth UUID assignment (4.362713ms)
✔ reject ambiguous member scope role (0.52598ms)
✔ reject ambiguous member scope workspace (0.184183ms)
✔ reject ambiguous member scope profile (0.169937ms)
✔ reject ambiguous member scope record (0.201005ms)
✔ actual token refresh fences workspace_team_get actor (35.828056ms)
✔ actual token refresh fences workspace_team_get workspace (3.579683ms)
✔ actual token refresh fences workspace_team_get unmount (0.695918ms)
✔ actual token refresh fences workspace_team_get rotation (1.705429ms)
✔ actual token refresh fences ops_records_list actor (1.04099ms)
✔ actual token refresh fences ops_records_list workspace (0.550296ms)
✔ actual token refresh fences ops_records_list unmount (0.454107ms)
✔ actual token refresh fences ops_records_list rotation (1.095933ms)
✔ actual token refresh fences social_list_posts actor (0.988432ms)
✔ actual token refresh fences social_list_posts workspace (0.459056ms)
✔ actual token refresh fences social_list_posts unmount (5.609787ms)
✔ actual token refresh fences social_list_posts rotation (1.55559ms)
✔ actual token refresh fences booking_operator_list actor (0.320938ms)
✔ actual token refresh fences booking_operator_list workspace (0.26276ms)
✔ actual token refresh fences booking_operator_list unmount (0.308655ms)
✔ actual token refresh fences booking_operator_list rotation (0.492858ms)
✔ held actual response rejects retired actor (19.812372ms)
✔ held actual response rejects retired workspace (0.821551ms)
✔ held actual response rejects retired unmount (0.625897ms)
✔ wrong workspace argument never dispatches (1.587148ms)
(node:864455) [MODULE_TYPELESS_PACKAGE_JSON] Warning: Module type of file:///tmp/zoi-native-discovery-parent-vji4s7ki/mobile/src/music.ts is not specified and it doesn't parse as CommonJS.
Reparsing as ES module because module syntax was detected. This incurs a performance overhead.
To eliminate this warning, add "type": "module" to /tmp/zoi-native-discovery-parent-vji4s7ki/mobile/package.json.
(Use `node --trace-warnings ...` to show where the warning was created)
✔ music prefill honors explicit cleared flat fields over old nested aliases (1.310192ms)
✔ music clearing sends null and leaves unrelated owner fields untouched (1.314009ms)
✔ music validation rejects unsafe links and impossible dates (0.962254ms)
(node:864462) [MODULE_TYPELESS_PACKAGE_JSON] Warning: Module type of file:///tmp/zoi-native-discovery-parent-vji4s7ki/mobile/src/operations.ts is not specified and it doesn't parse as CommonJS.
Reparsing as ES module because module syntax was detected. This incurs a performance overhead.
To eliminate this warning, add "type": "module" to /tmp/zoi-native-discovery-parent-vji4s7ki/mobile/package.json.
(Use `node --trace-warnings ...` to show where the warning was created)
✔ save receipts require correct workspace, identity and incremented version (2.068756ms)
✔ editor can edit contacts/projects/tasks but not company records; viewers cannot write (0.290862ms)
✔ full-form edits preserve custom existing data and explicitly clear relations (0.98189ms)
✔ invalid deadline and blank title fail before sending (0.425673ms)
✔ projects require company and tasks require project before sending (0.661453ms)
✔ unicode payload byte limit is enforced before sending (5.002475ms)
✔ unmodified deadline preserves its exact timestamp (0.392222ms)
✔ new company has valid default sector and cannot submit blank sector (0.33291ms)
(node:864469) [MODULE_TYPELESS_PACKAGE_JSON] Warning: Module type of file:///tmp/zoi-native-discovery-parent-vji4s7ki/mobile/src/organizationWorkflow.ts is not specified and it doesn't parse as CommonJS.
Reparsing as ES module because module syntax was detected. This incurs a performance overhead.
To eliminate this warning, add "type": "module" to /tmp/zoi-native-discovery-parent-vji4s7ki/mobile/package.json.
(Use `node --trace-warnings ...` to show where the warning was created)
✔ contextual native drafts preserve saved relationships and real writer payload (9.777115ms)
✔ project browser handoff fresh role owner (0.630675ms)
✔ project browser handoff fresh role admin (0.197197ms)
✔ project browser handoff fresh role editor (0.18286ms)
✔ project browser handoff fresh role viewer (0.65945ms)
✔ reject missing project context (0.355954ms)
✔ reject archived project context (0.265034ms)
✔ reject duplicate project context (0.232243ms)
✔ reject foreign project context (0.234738ms)
✔ reject scope project context (1.779317ms)
✔ actual SessionClient held refresh actor (40.787632ms)
✔ actual SessionClient held refresh workspace (1.513632ms)
✔ actual SessionClient held refresh unchanged (1.050018ms)
(node:864483) [MODULE_TYPELESS_PACKAGE_JSON] Warning: Module type of file:///tmp/zoi-native-discovery-parent-vji4s7ki/mobile/src/ownerEditorHandoff.ts is not specified and it doesn't parse as CommonJS.
Reparsing as ES module because module syntax was detected. This incurs a performance overhead.
To eliminate this warning, add "type": "module" to /tmp/zoi-native-discovery-parent-vji4s7ki/mobile/package.json.
(Use `node --trace-warnings ...` to show where the warning was created)
✔ fresh authorization opens only fixed browser editor, with exact authorized listing and without credentials (2.433255ms)
✔ account or workspace switch during authorization never opens browser (0.346697ms)
✔ invalid identity, denied access and mismatched receipts never open browser (0.881744ms)
✔ revoked or failed authorization surfaces failure without opening (0.533574ms)
(node:864491) ExperimentalWarning: stripTypeScriptTypes is an experimental feature and might change at any time
(Use `node --trace-warnings ...` to show where the warning was created)
✔ private link exact canonical event and opaque fragment only (3.045207ms)
✔ current own group counts whole-ticket quantities and expires without paid inference (0.734128ms)
✔ recipient preview rejects expired, cross-event, missing no-payment envelope and malformed amounts (0.526201ms)
✔ own reader binds list and detail IDs and profile distinct from Auth UUID (0.662454ms)
✔ refresh/response scope changes prevent private request or result use (0.734118ms)
(node:864493) [MODULE_TYPELESS_PACKAGE_JSON] Warning: Module type of file:///tmp/zoi-native-discovery-parent-vji4s7ki/mobile/src/placeNavigation.ts is not specified and it doesn't parse as CommonJS.
Reparsing as ES module because module syntax was detected. This incurs a performance overhead.
To eliminate this warning, add "type": "module" to /tmp/zoi-native-discovery-parent-vji4s7ki/mobile/package.json.
(Use `node --trace-warnings ...` to show where the warning was created)
✔ current public slug wins over stale unhashed artist SEO path (1.437309ms)
✔ fallback permits only internal profile routes (0.426725ms)
(node:864501) [MODULE_TYPELESS_PACKAGE_JSON] Warning: Module type of file:///tmp/zoi-native-discovery-parent-vji4s7ki/mobile/src/privateRequests.ts is not specified and it doesn't parse as CommonJS.
Reparsing as ES module because module syntax was detected. This incurs a performance overhead.
To eliminate this warning, add "type": "module" to /tmp/zoi-native-discovery-parent-vji4s7ki/mobile/package.json.
(Use `node --trace-warnings ...` to show where the warning was created)
✔ private recovery stores exact Unicode across bounded secure chunks (11.093649ms)
✔ account switch cannot read or save another account’s private request (1.077028ms)
✔ sign-out cleanup runs after queued writes and removes every chunk (3.38004ms)
✔ incomplete persistence is never mistaken for a retryable request (2.95062ms)
✔ cleanup failure cannot roll back a committed recovery request (2.469473ms)
✔ separate workflows keep distinct encrypted recovery namespaces (1.195288ms)
✔ failed storage cleanup retains a discoverable manifest until explicit cleanup succeeds (2.715021ms)
✔ non-null malformed manifests never masquerade as no pending request (1.521225ms)
✔ valid active-null pending manifest remains interrupted, not empty (0.569612ms)
✔ an active null payload is corruption rather than no pending request (0.602873ms)
(node:864506) [MODULE_TYPELESS_PACKAGE_JSON] Warning: Module type of file:///tmp/zoi-native-discovery-parent-vji4s7ki/mobile/src/profile.ts is not specified and it doesn't parse as CommonJS.
Reparsing as ES module because module syntax was detected. This incurs a performance overhead.
To eliminate this warning, add "type": "module" to /tmp/zoi-native-discovery-parent-vji4s7ki/mobile/package.json.
(Use `node --trace-warnings ...` to show where the warning was created)
✔ profile gives owner fields priority, merges actual socials and labels enrichment (5.746181ms)
✔ profile never fabricates verification or ratings from owner data (0.765878ms)
✔ profile rejects unsafe external schemes and credentials (0.473713ms)
✔ missing entity is absent, not invented profile (0.21447ms)
✔ profile actions require exact server routes and matching booking listing (3.31561ms)
✔ private enquiry entry requires server invitation for this same listing (0.617201ms)
✔ profile photos preserve wide logos, portraits and small artwork (0.574702ms)
✔ image loading supports native source dimensions and web natural dimensions (0.244325ms)
✔ native uses shared phone validity and authoritative owner clear (1.165002ms)
✔ native machine social syntax and exact publisher identity match web while owner links survive (2.240737ms)
✔ native Fournos chain root contacts cannot replace branch base or explicit owner values (0.950842ms)
(node:864512) [MODULE_TYPELESS_PACKAGE_JSON] Warning: Module type of file:///tmp/zoi-native-discovery-parent-vji4s7ki/mobile/src/seating.ts is not specified and it doesn't parse as CommonJS.
Reparsing as ES module because module syntax was detected. This incurs a performance overhead.
To eliminate this warning, add "type": "module" to /tmp/zoi-native-discovery-parent-vji4s7ki/mobile/package.json.
(Use `node --trace-warnings ...` to show where the warning was created)
✔ hold requires exact requested seats and confirmed receipt (1.688377ms)
✔ free confirmation rejects payment, quantity, seat and hold mismatches (0.424852ms)
✔ foreground status restores exact hold and validates cancellation (0.85813ms)
✔ countdown accounts for server clock and clamps expired holds (0.250667ms)
✔ missing inventory stays unavailable and malformed maps never invent seats (0.614906ms)
✔ seat inventory uses actual geometry and rejects unsafe bigint IDs or unknown state (1.014381ms)
(node:864513) [MODULE_TYPELESS_PACKAGE_JSON] Warning: Module type of file:///tmp/zoi-native-discovery-parent-vji4s7ki/mobile/src/session.ts is not specified and it doesn't parse as CommonJS.
Reparsing as ES module because module syntax was detected. This incurs a performance overhead.
To eliminate this warning, add "type": "module" to /tmp/zoi-native-discovery-parent-vji4s7ki/mobile/package.json.
(Use `node --trace-warnings ...` to show where the warning was created)
✔ persists only refresh credential and restores by exchanging it (39.743865ms)
✔ expired concurrent API requests share one refresh and use renewed token (12.752542ms)
✔ invalid refresh removes stored credential and session (1.14258ms)
✔ transient refresh failure preserves credential for recovery (0.27925ms)
✔ sign-out clears device credentials even if revocation is offline (0.376952ms)
✔ in-flight sign-in cannot resurrect a signed-out account (0.957305ms)
✔ anonymous authenticated RPC is rejected without making a request (0.262629ms)
✔ application error envelopes cannot appear as publishing success (0.61197ms)
✔ server-rejected access token clears session without replaying mutation (1.063765ms)
✔ optimistic edit conflict is explained without replaying the write (0.936396ms)
✔ fetch transport uses global receiver required by browsers (0.486166ms)
✔ community validation errors remain actionable without treating them as password failures (0.704864ms)
(node:864525) [MODULE_TYPELESS_PACKAGE_JSON] Warning: Module type of file:///tmp/zoi-native-discovery-parent-vji4s7ki/mobile/src/sponsorFulfillment.ts is not specified and it doesn't parse as CommonJS.
Reparsing as ES module because module syntax was detected. This incurs a performance overhead.
To eliminate this warning, add "type": "module" to /tmp/zoi-native-discovery-parent-vji4s7ki/mobile/package.json.
(Use `node --trace-warnings ...` to show where the warning was created)
✔ fresh approved sponsor ok (2.159035ms)
✔ fresh approved sponsor viewer (0.533905ms)
✔ fresh approved sponsor cancelled (0.234547ms)
✔ fresh approved sponsor foreign (2.30133ms)
✔ fresh approved sponsor capability (0.598997ms)
✔ fresh approved sponsor missing (0.234426ms)
✔ actual SessionClient refresh fence actor (38.818992ms)
✔ actual SessionClient refresh fence workspace (0.764716ms)
✔ actual SessionClient refresh fence unchanged (1.722832ms)
(node:864540) [MODULE_TYPELESS_PACKAGE_JSON] Warning: Module type of file:///tmp/zoi-native-discovery-parent-vji4s7ki/mobile/src/timekeeping.ts is not specified and it doesn't parse as CommonJS.
Reparsing as ES module because module syntax was detected. This incurs a performance overhead.
To eliminate this warning, add "type": "module" to /tmp/zoi-native-discovery-parent-vji4s7ki/mobile/package.json.
(Use `node --trace-warnings ...` to show where the warning was created)
✔ manual time uses explicit validated duration and hourly cents (30.751212ms)
✔ timer start excludes client-controlled start and duration (0.295561ms)
✔ receipts require tenant actor version and terminal state (0.573289ms)
✔ dashboard rejects another editor’s private narrative and foreign timer (0.535559ms)
✔ timesheet CSV prevents formula execution and escapes multiline quotes (0.609175ms)
(node:864548) [MODULE_TYPELESS_PACKAGE_JSON] Warning: Module type of file:///tmp/zoi-native-discovery-parent-vji4s7ki/mobile/src/trips.ts is not specified and it doesn't parse as CommonJS.
Reparsing as ES module because module syntax was detected. This incurs a performance overhead.
To eliminate this warning, add "type": "module" to /tmp/zoi-native-discovery-parent-vji4s7ki/mobile/package.json.
(Use `node --trace-warnings ...` to show where the warning was created)
✔ trip dates require explicit zone and reject reversed or overlong stops (28.841372ms)
✔ private itinerary cannot accept another profile or trip receipt (0.673456ms)
✔ appearance discovery cannot substitute another artist or claim inferred confirmation (1.094511ms)
✔ appearance proposal requires source HTTPS and real distinct listing IDs (2.01705ms)
(node:864556) [MODULE_TYPELESS_PACKAGE_JSON] Warning: Module type of file:///tmp/zoi-native-discovery-parent-vji4s7ki/mobile/src/volunteer.ts is not specified and it doesn't parse as CommonJS.
Reparsing as ES module because module syntax was detected. This incurs a performance overhead.
To eliminate this warning, add "type": "module" to /tmp/zoi-native-discovery-parent-vji4s7ki/mobile/package.json.
(Use `node --trace-warnings ...` to show where the warning was created)
✔ volunteer invitation extracts explicit organization ID only (1.706441ms)
✔ withdrawn public opportunity stays unavailable even if saved shift was scheduled (19.414951ms)
✔ shift actions never reopen cancelled or started history (0.303626ms)
✔ signup and cancellation receipts must identify the same shift and final state (0.53669ms)
✔ organization writes require workspace identity and exact version increment (0.42942ms)
(node:864563) [MODULE_TYPELESS_PACKAGE_JSON] Warning: Module type of file:///tmp/zoi-native-discovery-parent-vji4s7ki/mobile/src/volunteerOperations.ts is not specified and it doesn't parse as CommonJS.
Reparsing as ES module because module syntax was detected. This incurs a performance overhead.
To eliminate this warning, add "type": "module" to /tmp/zoi-native-discovery-parent-vji4s7ki/mobile/package.json.
(Use `node --trace-warnings ...` to show where the warning was created)
✔ org_operation_save actual SessionClient token refresh actor (29.888099ms)
✔ org_operation_save actual SessionClient token refresh workspace (0.644962ms)
✔ org_operation_save actual SessionClient token refresh unchanged (0.666843ms)
✔ org_signup actual SessionClient token refresh actor (0.519318ms)
✔ org_signup actual SessionClient token refresh workspace (0.518075ms)
✔ org_signup actual SessionClient token refresh unchanged (1.325902ms)
✔ org_signup_cancel actual SessionClient token refresh actor (0.498008ms)
✔ org_signup_cancel actual SessionClient token refresh workspace (0.507286ms)
✔ org_signup_cancel actual SessionClient token refresh unchanged (0.546289ms)
✔ org_roster actual SessionClient token refresh actor (0.419351ms)
✔ org_roster actual SessionClient token refresh workspace (0.344332ms)
✔ org_roster actual SessionClient token refresh unchanged (0.427146ms)
✔ lost native create survives remount and clears only exact receipt (0.949059ms)
✔ cancel unknown native create validates workspace/request and preserves marker on wrong response (0.462482ms)
✔ generic authorization denial is recognizable without matching server wording (0.147275ms)
✔ absent installed capability keeps pending recovery and dispatches no operation (0.297815ms)
(node:864565) [MODULE_TYPELESS_PACKAGE_JSON] Warning: Module type of file:///tmp/zoi-native-discovery-parent-vji4s7ki/mobile/src/webHandoffs.ts is not specified and it doesn't parse as CommonJS.
Reparsing as ES module because module syntax was detected. This incurs a performance overhead.
To eliminate this warning, add "type": "module" to /tmp/zoi-native-discovery-parent-vji4s7ki/mobile/package.json.
(Use `node --trace-warnings ...` to show where the warning was created)
✔ music shelf and unscoped personal calendar explicitly reach their actual web capabilities (1.578662ms)
✔ native parish calendar, member discussion and artist homes stay native (0.385338ms)
✔ handoff resolver never opens spoofed hosts or credentials (0.319074ms)
✔ map deep links use the real web map and preserve only public search/place/view context (0.820609ms)
✔ explicit guardian links hand off only public listing context, adult groups stay native (0.736584ms)
(node:864566) ExperimentalWarning: stripTypeScriptTypes is an experimental feature and might change at any time
(Use `node --trace-warnings ...` to show where the warning was created)
✔ roles protect owner/self and admin peer escalation (2.553119ms)
✔ real controller confirms save only after current roster read (1.813791ms)
✔ lost response survives remount; receipt check does not resend (1.165422ms)
✔ unknown request blocks new write and safely cancels (1.972236ms)
✔ conflict refreshes membership; storage failure prevents submission (0.618923ms)
✔ authority loss clears private roster and account change fences calls (3.729702ms)
(node:864582) [MODULE_TYPELESS_PACKAGE_JSON] Warning: Module type of file:///tmp/zoi-native-discovery-parent-vji4s7ki/mobile/src/session.ts is not specified and it doesn't parse as CommonJS.
Reparsing as ES module because module syntax was detected. This incurs a performance overhead.
To eliminate this warning, add "type": "module" to /tmp/zoi-native-discovery-parent-vji4s7ki/mobile/package.json.
(Use `node --trace-warnings ...` to show where the warning was created)
(node:864582) ExperimentalWarning: stripTypeScriptTypes is an experimental feature and might change at any time
✔ only scoped team conflict/cancel envelope passes transport for controller verification (27.175618ms)
✔ exact known team SQL rejection preserved; generic 400 and other RPC remain uncertain (4.887591ms)
✔ real SessionClient quota clears marker; ambiguous400 keeps it;403 clears roster (2.595308ms)
✔ youth programme validates exact bounded ages, places and actual listing (1.883391ms)
✔ enrolment requires explicit authority and consent without inferring age (0.481988ms)
✔ enrolment receipts bind guardian child programme and exact version (0.526322ms)
✔ attendance and instructor assignment receipts reject unrelated identity (1.328326ms)
✔ private operator response rejects another workspace or programme roster (0.378425ms)
✔ public catalogue rejects unrelated listing and private family rejects malformed records (0.306782ms)
(node:864594) [MODULE_TYPELESS_PACKAGE_JSON] Warning: Module type of file:///tmp/zoi-native-discovery-parent-vji4s7ki/mobile/src/youthReadiness.ts is not specified and it doesn't parse as CommonJS.
Reparsing as ES module because module syntax was detected. This incurs a performance overhead.
To eliminate this warning, add "type": "module" to /tmp/zoi-native-discovery-parent-vji4s7ki/mobile/package.json.
(Use `node --trace-warnings ...` to show where the warning was created)
✔ native Youth remains read-only without exact installed actor and guardian capability (1.048404ms)
✔ native organizer readiness additionally binds exact workspace and current role (0.204481ms)
(node:864601) [MODULE_TYPELESS_PACKAGE_JSON] Warning: Module type of file:///tmp/zoi-native-discovery-parent-vji4s7ki/mobile/src/session.ts is not specified and it doesn't parse as CommonJS.
Reparsing as ES module because module syntax was detected. This incurs a performance overhead.
To eliminate this warning, add "type": "module" to /tmp/zoi-native-discovery-parent-vji4s7ki/mobile/package.json.
(Use `node --trace-warnings ...` to show where the warning was created)
✔ actual SessionClient youth refresh account fences private dispatch/result (24.390075ms)
✔ actual SessionClient youth refresh workspace fences private dispatch/result (0.510201ms)
✔ actual SessionClient youth refresh unmount fences private dispatch/result (0.564893ms)
✔ actual SessionClient youth response account fences private dispatch/result (5.39678ms)
✔ actual SessionClient youth response workspace fences private dispatch/result (0.894908ms)
✔ actual SessionClient youth response unmount fences private dispatch/result (0.746732ms)
✔ same actor token rotation sends private request using freshly captured token (0.94412ms)
✔ private method cannot dispatch anonymously; denied status remains recognizable (0.336107ms)
✔ installed native capability binds internal guardian profile separately from Auth (0.287486ms)
ℹ tests 339
ℹ suites 0
ℹ pass 339
ℹ fail 0
ℹ cancelled 0
ℹ skipped 0
ℹ todo 0
ℹ duration_ms 830.307736
