(node:862054) ExperimentalWarning: stripTypeScriptTypes is an experimental feature and might change at any time
(Use `node --trace-warnings ...` to show where the warning was created)
✔ owner tool browser handoffs preserve explicit selected workspace with no token (6.166605ms)
✔ missing malformed and injected identities cannot fabricate a setup destination (0.481077ms)
(node:862055) [MODULE_TYPELESS_PACKAGE_JSON] Warning: Module type of file:///tmp/zoi-native-discovery-parent-vji4s7ki/mobile/src/artistMusic.ts is not specified and it doesn't parse as CommonJS.
Reparsing as ES module because module syntax was detected. This incurs a performance overhead.
To eliminate this warning, add "type": "module" to /tmp/zoi-native-discovery-parent-vji4s7ki/mobile/package.json.
(Use `node --trace-warnings ...` to show where the warning was created)
✔ reviewed catalogue binds identity and uses verified high-resolution photos (4.457339ms)
✔ unknown artist never inherits featured content (0.50955ms)
✔ provider links reject spoofed hosts unsafe schemes and credentials (0.424872ms)
✔ city validation supports Greek and NFKC without markup (5.21424ms)
✔ receipts bind artist request active state and expected version (0.952926ms)
✔ summary rejects subthreshold counts and wrong artist; mine preserves inactive rows (1.108747ms)
✔ interrupted authenticated interest retries identical persisted request, then withdrawal reads real server version (64.682413ms)
✔ native planner shares venue timezone and buffer boundaries (1.234592ms)
✔ native planner cannot accept another tenant or changed appointment preview (0.798498ms)
✔ native planner requires complete unique saved slots matching the preview (0.528385ms)
(node:862064) [MODULE_TYPELESS_PACKAGE_JSON] Warning: Module type of file:///tmp/zoi-native-discovery-parent-vji4s7ki/mobile/src/backendReadiness.ts is not specified and it doesn't parse as CommonJS.
Reparsing as ES module because module syntax was detected. This incurs a performance overhead.
To eliminate this warning, add "type": "module" to /tmp/zoi-native-discovery-parent-vji4s7ki/mobile/package.json.
(Use `node --trace-warnings ...` to show where the warning was created)
✔ verified guardian backend is enabled while unavailable integrations fail closed (1.245121ms)
✖ guardian release gate is backed by complete deployed RPC evidence (0.748575ms)
(node:862070) [MODULE_TYPELESS_PACKAGE_JSON] Warning: Module type of file:///tmp/zoi-native-discovery-parent-vji4s7ki/mobile/src/booking.ts is not specified and it doesn't parse as CommonJS.
Reparsing as ES module because module syntax was detected. This incurs a performance overhead.
To eliminate this warning, add "type": "module" to /tmp/zoi-native-discovery-parent-vji4s7ki/mobile/package.json.
(Use `node --trace-warnings ...` to show where the warning was created)
✔ booking receipts require exact idempotency request, slot and party (6.068382ms)
✔ retry receipt preserves terminal cancellation rather than inventing confirmation (0.353659ms)
✔ booking catalog refuses malformed times and unknown timezone (26.831817ms)
✔ venue times honor the venue timezone rather than device default (1.315552ms)
(node:862072) [MODULE_TYPELESS_PACKAGE_JSON] Warning: Module type of file:///tmp/zoi-native-discovery-parent-vji4s7ki/mobile/src/bookingOperator.ts is not specified and it doesn't parse as CommonJS.
Reparsing as ES module because module syntax was detected. This incurs a performance overhead.
To eliminate this warning, add "type": "module" to /tmp/zoi-native-discovery-parent-vji4s7ki/mobile/package.json.
(Use `node --trace-warnings ...` to show where the warning was created)
✔ operator mutation requires exact workspace and incremented version (1.710369ms)
✔ operator service decimal prices are exact minor units and bounded (0.485825ms)
✔ staff resource cannot silently admit a party (0.282617ms)
✔ schedule converts venue-local time and rejects both DST edge cases (34.727174ms)
✔ native reschedule uses venue-local range and rejects impossible calendar dates (26.133675ms)
✔ reschedule selection pins reviewed version and exact price (0.555536ms)
✔ move receipt requires same booking, expected version, reviewed time and no collected payment (0.378254ms)
(node:862083) [MODULE_TYPELESS_PACKAGE_JSON] Warning: Module type of file:///tmp/zoi-native-discovery-parent-vji4s7ki/mobile/src/brand.ts is not specified and it doesn't parse as CommonJS.
Reparsing as ES module because module syntax was detected. This incurs a performance overhead.
To eliminate this warning, add "type": "module" to /tmp/zoi-native-discovery-parent-vji4s7ki/mobile/package.json.
(Use `node --trace-warnings ...` to show where the warning was created)
✔ native shared body, subdued text and actions stay readable on every adopted surface (1.735385ms)
✔ native and web material colors share the same semantic values (5.967704ms)
(node:862087) [MODULE_TYPELESS_PACKAGE_JSON] Warning: Module type of file:///tmp/zoi-native-discovery-parent-vji4s7ki/mobile/src/businessEdit.ts is not specified and it doesn't parse as CommonJS.
Reparsing as ES module because module syntax was detected. This incurs a performance overhead.
To eliminate this warning, add "type": "module" to /tmp/zoi-native-discovery-parent-vji4s7ki/mobile/package.json.
(Use `node --trace-warnings ...` to show where the warning was created)
✔ only owned and explicitly approved claims can appear in business editor (2.298374ms)
✔ business edit preserves unknown social keys and explicit cleared fields (0.585111ms)
✔ business edit rejects unsafe replacement and ambiguous social payloads (0.619816ms)
(node:862102) [MODULE_TYPELESS_PACKAGE_JSON] Warning: Module type of file:///tmp/zoi-native-discovery-parent-vji4s7ki/mobile/src/calendar.ts is not specified and it doesn't parse as CommonJS.
Reparsing as ES module because module syntax was detected. This incurs a performance overhead.
To eliminate this warning, add "type": "module" to /tmp/zoi-native-discovery-parent-vji4s7ki/mobile/package.json.
(Use `node --trace-warnings ...` to show where the warning was created)
✔ calendar ranges reject impossible dates and bound exactly90 UTC days (1.742789ms)
✔ public calendar rejects private drafts and another listing (0.451532ms)
✔ workspace calendar rejects another tenant (0.336647ms)
✔ same calendar planner validates dates and exact saved receipt (30.646738ms)
✔ profile calendar/group actions require exact same-listing server paths (1.947601ms)
(node:862107) [MODULE_TYPELESS_PACKAGE_JSON] Warning: Module type of file:///tmp/zoi-native-discovery-parent-vji4s7ki/mobile/src/commerce.ts is not specified and it doesn't parse as CommonJS.
Reparsing as ES module because module syntax was detected. This incurs a performance overhead.
To eliminate this warning, add "type": "module" to /tmp/zoi-native-discovery-parent-vji4s7ki/mobile/package.json.
(Use `node --trace-warnings ...` to show where the warning was created)
✔ basket totals preserve decimal precision and separate currencies (7.475335ms)
✔ persisted basket rejects duplicate IDs and invalid quantities (4.487054ms)
✔ adding unavailable options or excessive aggregate quantities fails (0.822623ms)
✔ fresh checkout must match exact official cart and all quantities (4.228092ms)
✔ product imagery and deep links reject untrusted URLs and invalid identifiers (0.520561ms)
✔ native shared option cannot silently substitute another product variant (0.267249ms)
✔ malformed explicit native variant remains an explicit unresolved choice (0.309066ms)
✔ single default display metadata survives native basket mapping without changing provider title (0.797056ms)
(node:862123) [MODULE_TYPELESS_PACKAGE_JSON] Warning: Module type of file:///tmp/zoi-native-discovery-parent-vji4s7ki/mobile/src/community.ts is not specified and it doesn't parse as CommonJS.
Reparsing as ES module because module syntax was detected. This incurs a performance overhead.
To eliminate this warning, add "type": "module" to /tmp/zoi-native-discovery-parent-vji4s7ki/mobile/package.json.
(Use `node --trace-warnings ...` to show where the warning was created)
✔ visible reaction state comes from matching desired-state receipts only (1.557063ms)
✔ reply receipt is scoped to post and actual profile, not auth UUID (0.585372ms)
✔ public profile edits explicitly validate interests and chosen public fields (0.483231ms)
✔ feed preserves server snapshot and rejects a substituted mode (0.349171ms)
✔ recovered publication keeps original account, immutable request and actual receipt identity (0.550065ms)
(node:862138) [MODULE_TYPELESS_PACKAGE_JSON] Warning: Module type of file:///tmp/zoi-native-discovery-parent-vji4s7ki/mobile/src/communityIntent.ts is not specified and it doesn't parse as CommonJS.
Reparsing as ES module because module syntax was detected. This incurs a performance overhead.
To eliminate this warning, add "type": "module" to /tmp/zoi-native-discovery-parent-vji4s7ki/mobile/package.json.
(Use `node --trace-warnings ...` to show where the warning was created)
✔ sign-in retains question composer intent but cannot resume without an actor (2.708378ms)
✔ discussion return retains navigation and does not replay a reaction (0.378866ms)
✔ sign-in may retain public navigation but sign-out or account switch invalidates it (0.32721ms)
(node:862139) [MODULE_TYPELESS_PACKAGE_JSON] Warning: Module type of file:///tmp/zoi-native-discovery-parent-vji4s7ki/mobile/src/communityMedia.ts is not specified and it doesn't parse as CommonJS.
Reparsing as ES module because module syntax was detected. This incurs a performance overhead.
To eliminate this warning, add "type": "module" to /tmp/zoi-native-discovery-parent-vji4s7ki/mobile/package.json.
(Use `node --trace-warnings ...` to show where the warning was created)
✔ media selection validates actual bytes dimensions and video duration before transfer (1.641801ms)
✔ media URLs cannot execute scripts or expose embedded credentials (0.355893ms)
✔ offscreen background low-power reduced-motion and user pause all prevent autoplay (0.355412ms)
✔ upload receipt must match selected media type and a valid finalized identity (0.670129ms)
(node:862140) [MODULE_TYPELESS_PACKAGE_JSON] Warning: Module type of file:///tmp/zoi-native-discovery-parent-vji4s7ki/mobile/src/companyWorkspace.ts is not specified and it doesn't parse as CommonJS.
Reparsing as ES module because module syntax was detected. This incurs a performance overhead.
To eliminate this warning, add "type": "module" to /tmp/zoi-native-discovery-parent-vji4s7ki/mobile/package.json.
(Use `node --trace-warnings ...` to show where the warning was created)
✔ native company aggregates exact active relationships without assuming member Auth identity (3.231253ms)
✔ company draft uses current company ID and existing persisted payload (0.653418ms)
✔ company source rejects foreign (0.424722ms)
✔ company source rejects archived (0.285583ms)
✔ company source rejects missing (0.222866ms)
✔ company source rejects duplicate (2.560293ms)
✔ archived linked project has no company return and archived work is omitted (0.482109ms)
✔ existing roles keep company edit distinct from project work (0.221432ms)
✔ actual SessionClient ignores held Company response after account (50.655266ms)
✔ actual SessionClient ignores held Company response after workspace (2.67721ms)
✔ actual SessionClient ignores held Company response after unmount (1.856801ms)
(node:862163) [MODULE_TYPELESS_PACKAGE_JSON] Warning: Module type of file:///tmp/zoi-native-discovery-parent-vji4s7ki/mobile/src/creator.ts is not specified and it doesn't parse as CommonJS.
Reparsing as ES module because module syntax was detected. This incurs a performance overhead.
To eliminate this warning, add "type": "module" to /tmp/zoi-native-discovery-parent-vji4s7ki/mobile/package.json.
(Use `node --trace-warnings ...` to show where the warning was created)
✔ bio preserves order and unpublished intent in exact server payload (5.566026ms)
✔ bio refuses truncation and unsafe links before save (0.816963ms)
✔ bio needs exact save receipt and never treats empty response as success (0.47192ms)
(node:862164) [MODULE_TYPELESS_PACKAGE_JSON] Warning: Module type of file:///tmp/zoi-native-discovery-parent-vji4s7ki/mobile/src/creatorAccess.ts is not specified and it doesn't parse as CommonJS.
Reparsing as ES module because module syntax was detected. This incurs a performance overhead.
To eliminate this warning, add "type": "module" to /tmp/zoi-native-discovery-parent-vji4s7ki/mobile/package.json.
(Use `node --trace-warnings ...` to show where the warning was created)
✔ authoritative creator denials invalidate private data for reads and writes (3.017565ms)
✔ temporary failure and creator read-only states retain draft and recovery state (0.769425ms)
✔ late denial from an unmounted or different actor cannot clear the current screen (0.498179ms)
✔ successful reads and confirmed writes remain unchanged (0.417208ms)
(node:862179) [MODULE_TYPELESS_PACKAGE_JSON] Warning: Module type of file:///tmp/zoi-native-discovery-parent-vji4s7ki/mobile/src/creatorRecovery.ts is not specified and it doesn't parse as CommonJS.
Reparsing as ES module because module syntax was detected. This incurs a performance overhead.
To eliminate this warning, add "type": "module" to /tmp/zoi-native-discovery-parent-vji4s7ki/mobile/package.json.
(Use `node --trace-warnings ...` to show where the warning was created)
✔ all seven actions execute through durable nonce-only wrapper and validate receipt (14.022479ms)
✔ lost response blocks replacement, exact retry retains immutable memory payload (1.344467ms)
✔ reload has no payload, missing receipt retains fence, cancellation requires exact proof (3.356547ms)
✔ permission denial drops private payload without deleting recovery reference (3.897635ms)
✔ storage failure, corrupt marker and late account change cannot permit dispatch or acknowledgement (0.82645ms)
✔ mismatched saved entity does not discard recovery reference (0.427016ms)
✔ account switch during persisted readback prevents dispatch (0.343911ms)
✔ readback failure after persistence retains marker and fences another send (1.726679ms)
(node:862180) [MODULE_TYPELESS_PACKAGE_JSON] Warning: Module type of file:///tmp/zoi-native-discovery-parent-vji4s7ki/mobile/src/creatorStudio.ts is not specified and it doesn't parse as CommonJS.
Reparsing as ES module because module syntax was detected. This incurs a performance overhead.
To eliminate this warning, add "type": "module" to /tmp/zoi-native-discovery-parent-vji4s7ki/mobile/package.json.
(Use `node --trace-warnings ...` to show where the warning was created)
✔ creator fee is explicit currency units converted to bounded minor units (2.14094ms)
✔ private drafts may be incomplete but sharing needs disclosures and deliverables (0.547852ms)
✔ customer detail rejects internal workspace records and audit data (0.667554ms)
✔ creator mutation receipts require matching workspace and decision request (0.615897ms)
✔ proof links remain explicit public HTTPS links and deliverables honor field limits (0.811953ms)
(node:862191) [MODULE_TYPELESS_PACKAGE_JSON] Warning: Module type of file:///tmp/zoi-native-discovery-parent-vji4s7ki/mobile/src/discovery.ts is not specified and it doesn't parse as CommonJS.
Reparsing as ES module because module syntax was detected. This incurs a performance overhead.
To eliminate this warning, add "type": "module" to /tmp/zoi-native-discovery-parent-vji4s7ki/mobile/package.json.
(Use `node --trace-warnings ...` to show where the warning was created)
✔ saved home applies only to default browsing, global search and temporary city do not overwrite it (10.607032ms)
✔ authoritative preference receipt supports explicit clears and sparse account; malformed receipt refused (6.515005ms)
✔ scope inputs literal and public rows must match chosen city/country/current identity (0.754065ms)
✔ coarse, missing, fake centroids and conflicted street coordinates never become precise pins (1.371256ms)
✔ fresh selected entity must match exact current slug/id and public visibility (6.771172ms)
✔ Directions uses actual same-record reviewed receipt, current address, or explicit provider name search (0.705135ms)
✔ native discovery/map public links carry explicit intent and canonical place without touching home (1.496399ms)
✔ native viewport clusters count real pins, hide coarse points and split with zoom without jitter (0.689656ms)
(node:862192) [MODULE_TYPELESS_PACKAGE_JSON] Warning: Module type of file:///tmp/zoi-native-discovery-parent-vji4s7ki/mobile/src/discoveryScope.ts is not specified and it doesn't parse as CommonJS.
Reparsing as ES module because module syntax was detected. This incurs a performance overhead.
To eliminate this warning, add "type": "module" to /tmp/zoi-native-discovery-parent-vji4s7ki/mobile/package.json.
(Use `node --trace-warnings ...` to show where the warning was created)
✔ community_me refresh account (57.346749ms)
✔ community_me refresh unmount (1.0623ms)
✔ community_me refresh unchanged (1.570328ms)
✔ community_me response account (10.523286ms)
✔ community_me response unmount (6.037414ms)
✔ community_me response unchanged (1.975272ms)
✔ community_preferences_save refresh account (0.654099ms)
✔ community_preferences_save refresh unmount (0.625576ms)
✔ community_preferences_save refresh unchanged (2.855473ms)
✔ community_preferences_save response account (3.655935ms)
✔ community_preferences_save response unmount (2.341925ms)
✔ community_preferences_save response unchanged (3.745372ms)
✔ no unknown mutations or malformed preference versions dispatch (0.955602ms)
(node:862198) [MODULE_TYPELESS_PACKAGE_JSON] Warning: Module type of file:///tmp/zoi-native-discovery-parent-vji4s7ki/mobile/src/documentScope.ts is not specified and it doesn't parse as CommonJS.
Reparsing as ES module because module syntax was detected. This incurs a performance overhead.
To eliminate this warning, add "type": "module" to /tmp/zoi-native-discovery-parent-vji4s7ki/mobile/package.json.
(Use `node --trace-warnings ...` to show where the warning was created)
✔ actual SessionClient private documents refresh actor (45.617414ms)
✔ actual SessionClient private documents refresh workspace (1.058143ms)
✔ actual SessionClient private documents refresh project (1.022135ms)
✔ actual SessionClient private documents refresh unmount (0.759015ms)
✔ actual SessionClient private documents refresh unchanged (1.889943ms)
✔ actual SessionClient private documents response actor (13.295194ms)
✔ actual SessionClient private documents response workspace (1.219363ms)
✔ actual SessionClient private documents response project (6.474099ms)
✔ actual SessionClient private documents response unmount (5.672825ms)
✔ actual SessionClient private documents response unchanged (4.342515ms)
✔ private document RPC refuses malformed scopes, unknown writers and foreign workspace before dispatch (0.601932ms)
(node:862200) [MODULE_TYPELESS_PACKAGE_JSON] Warning: Module type of file:///tmp/zoi-native-discovery-parent-vji4s7ki/mobile/src/documents.ts is not specified and it doesn't parse as CommonJS.
Reparsing as ES module because module syntax was detected. This incurs a performance overhead.
To eliminate this warning, add "type": "module" to /tmp/zoi-native-discovery-parent-vji4s7ki/mobile/package.json.
(Use `node --trace-warnings ...` to show where the warning was created)
✔ private upload receipt requires workspace, document identity and ready version (2.037658ms)
✔ private attachment requires no-store, attachment headers, correct type and exact bounded size (46.823553ms)
✔ native document selection uses same metadata limits as server (0.956012ms)
(node:862208) [MODULE_TYPELESS_PACKAGE_JSON] Warning: Module type of file:///tmp/zoi-native-discovery-parent-vji4s7ki/mobile/src/drafts.ts is not specified and it doesn't parse as CommonJS.
Reparsing as ES module because module syntax was detected. This incurs a performance overhead.
To eliminate this warning, add "type": "module" to /tmp/zoi-native-discovery-parent-vji4s7ki/mobile/package.json.
(Use `node --trace-warnings ...` to show where the warning was created)
✔ sign-out removal waits for in-flight draft save and prevents queued resurrection (15.489804ms)
✔ switching account blocks previous account queued draft writes (0.614225ms)
✔ publishing requires explicit success and real UUID receipt (0.344933ms)
✔ native map labels share exact source geometry and boundedpreferences (2.059839ms)
✔ native prepared note shares same nontransactional contract (0.69211ms)
(node:862228) ExperimentalWarning: stripTypeScriptTypes is an experimental feature and might change at any time
(Use `node --trace-warnings ...` to show where the warning was created)
✔ guest link carries only canonical selected event, never credentials (1.785107ms)
✔ organiser handoff validates exact selected workspace and event with fresh authority (1.572531ms)
✔ viewer, missing, duplicate and malformed memberships cannot produce operator link (0.668806ms)
✔ selected workspace never falls back to first membership (2.317851ms)
✔ wrong event and denied operator proof cannot open a link (0.860614ms)
✔ late account/workspace switches fence membership and operator responses (13.672657ms)
(node:862234) [MODULE_TYPELESS_PACKAGE_JSON] Warning: Module type of file:///tmp/zoi-native-discovery-parent-vji4s7ki/mobile/src/session.ts is not specified and it doesn't parse as CommonJS.
Reparsing as ES module because module syntax was detected. This incurs a performance overhead.
To eliminate this warning, add "type": "module" to /tmp/zoi-native-discovery-parent-vji4s7ki/mobile/package.json.
(Use `node --trace-warnings ...` to show where the warning was created)
✔ actual session refresh preserves exact authorised event/workspace without credentials in link (78.572055ms)
✔ held actual refresh refuses private send after workspace switch (2.066833ms)
✔ held actual refresh refuses private send after actor switch (1.147419ms)
✔ late private response is refused after scope change (30.59213ms)
✔ invalid actor, guest, lost scope and unsupported RPC refuse dispatch (1.33522ms)
✔ refresh rejection never dispatches private proof (0.419923ms)
(node:862236) [MODULE_TYPELESS_PACKAGE_JSON] Warning: Module type of file:///tmp/zoi-native-discovery-parent-vji4s7ki/mobile/src/eventPlanner.ts is not specified and it doesn't parse as CommonJS.
Reparsing as ES module because module syntax was detected. This incurs a performance overhead.
To eliminate this warning, add "type": "module" to /tmp/zoi-native-discovery-parent-vji4s7ki/mobile/package.json.
(Use `node --trace-warnings ...` to show where the warning was created)
✔ event plans preserve private notes and reject invalid quantities (43.746287ms)
✔ recovery never substitutes profile or plan version (4.941882ms)
✔ current booking reads cannot import foreign private plans (0.25707ms)
✔ resource units enforce one performer, bounded venue guests and equipment units (1.547393ms)
(node:862250) [MODULE_TYPELESS_PACKAGE_JSON] Warning: Module type of file:///tmp/zoi-native-discovery-parent-vji4s7ki/mobile/src/festival.ts is not specified and it doesn't parse as CommonJS.
Reparsing as ES module because module syntax was detected. This incurs a performance overhead.
To eliminate this warning, add "type": "module" to /tmp/zoi-native-discovery-parent-vji4s7ki/mobile/package.json.
(Use `node --trace-warnings ...` to show where the warning was created)
✔ application ignores client prices and validates contact and units (2.144257ms)
✔ commercial offers use exact cents and bounded benefit lines (21.958423ms)
✔ application receipt requires correct actor tenant enquiry and version (1.604792ms)
✔ private pages reject foreign records and invalid pagination (0.2897ms)
✔ public offer action only uses exact matching host UUID (1.640578ms)
(node:862262) [MODULE_TYPELESS_PACKAGE_JSON] Warning: Module type of file:///tmp/zoi-native-discovery-parent-vji4s7ki/mobile/src/generalReservation.ts is not specified and it doesn't parse as CommonJS.
Reparsing as ES module because module syntax was detected. This incurs a performance overhead.
To eliminate this warning, add "type": "module" to /tmp/zoi-native-discovery-parent-vji4s7ki/mobile/package.json.
(Use `node --trace-warnings ...` to show where the warning was created)
✔ interrupted reservation remains blocked after remount and across tier changes, scoped to actor and event (3.229079ms)
✔ only exact confirmed free receipt clears original attempt; malformed and stale confirmations preserve warning (1.091605ms)
✔ storage failure and account change stop request preparation before network action (0.631277ms)
✔ new request recovery accepts only exact nonce/event/tier/quantity receipt, with no contact storage (1.569024ms)
✔ legacy saved requests cannot be upgraded to once protocol, and malformed recovery never clears warning (3.193273ms)
✔ recovered creation receipt cannot imply active ticket after cancellation or closed event (0.524788ms)
✔ signing in cannot bypass an unresolved guest reservation or reuse its nonce as an account request (0.856707ms)
✔ confirmed nonce reference survives reopening without contacts and never claims cached ticket status (0.942137ms)
✔ confirmed references cap at five, expire after one year, and storage failure preserves unresolved warning (5.338792ms)
✔ member state accepts closed group with own history but rejects unrelated membership (3.030259ms)
✔ membership decisions validate tenant identity and exact increment (0.466469ms)
✔ attendance receipt binds event membership and status (0.398213ms)
✔ membership settings cannot cross workspace or skip version (0.296052ms)
(node:862276) [MODULE_TYPELESS_PACKAGE_JSON] Warning: Module type of file:///tmp/zoi-native-discovery-parent-vji4s7ki/mobile/src/inquiries.ts is not specified and it doesn't parse as CommonJS.
Reparsing as ES module because module syntax was detected. This incurs a performance overhead.
To eliminate this warning, add "type": "module" to /tmp/zoi-native-discovery-parent-vji4s7ki/mobile/package.json.
(Use `node --trace-warnings ...` to show where the warning was created)
✔ enquiry start validates actor listing and immutable request payload (2.203577ms)
✔ reply requires exact author thread request and body receipt (0.585011ms)
✔ thread read guards workspace message identity and readonly contract (0.582577ms)
✔ enquiry inputs reject invalid IDs and oversized empty messages (0.485625ms)
(node:862287) [MODULE_TYPELESS_PACKAGE_JSON] Warning: Module type of file:///tmp/zoi-native-discovery-parent-vji4s7ki/mobile/src/privateRequests.ts is not specified and it doesn't parse as CommonJS.
Reparsing as ES module because module syntax was detected. This incurs a performance overhead.
To eliminate this warning, add "type": "module" to /tmp/zoi-native-discovery-parent-vji4s7ki/mobile/package.json.
(Use `node --trace-warnings ...` to show where the warning was created)
✔ restart restores nonce-only metadata and prevents replacement (4.535306ms)
✔ A to B to A protects and preserves original marker (3.619217ms)
✔ SecureStore failure and silent adapter failure prevent dispatch (2.291792ms)
✔ receipt requires exact nonce kind and target; notfound is not cancellation (0.55255ms)
✔ failed recovery keeps marker until confirmed cancellation acknowledgement (4.889424ms)
✔ corrupt active null prevents a replacement inquiry nonce (0.67566ms)
(node:862288) [MODULE_TYPELESS_PACKAGE_JSON] Warning: Module type of file:///tmp/zoi-native-discovery-parent-vji4s7ki/mobile/src/memberStart.ts is not specified and it doesn't parse as CommonJS.
Reparsing as ES module because module syntax was detected. This incurs a performance overhead.
To eliminate this warning, add "type": "module" to /tmp/zoi-native-discovery-parent-vji4s7ki/mobile/package.json.
(Use `node --trace-warnings ...` to show where the warning was created)
✔ server profile identity includes no-deadline assignment and excludes Auth UUID assignment (11.027315ms)
✔ reject ambiguous member scope role (0.497788ms)
✔ reject ambiguous member scope workspace (0.17148ms)
✔ reject ambiguous member scope profile (0.172742ms)
✔ reject ambiguous member scope record (0.202006ms)
✔ actual token refresh fences workspace_team_get actor (54.186938ms)
✔ actual token refresh fences workspace_team_get workspace (0.747674ms)
✔ actual token refresh fences workspace_team_get unmount (6.774625ms)
✔ actual token refresh fences workspace_team_get rotation (1.974043ms)
✔ actual token refresh fences ops_records_list actor (1.574966ms)
✔ actual token refresh fences ops_records_list workspace (1.63583ms)
✔ actual token refresh fences ops_records_list unmount (3.865075ms)
✔ actual token refresh fences ops_records_list rotation (1.679681ms)
✔ actual token refresh fences social_list_posts actor (0.519579ms)
✔ actual token refresh fences social_list_posts workspace (0.55761ms)
✔ actual token refresh fences social_list_posts unmount (3.85687ms)
✔ actual token refresh fences social_list_posts rotation (0.903975ms)
✔ actual token refresh fences booking_operator_list actor (0.468814ms)
✔ actual token refresh fences booking_operator_list workspace (0.406928ms)
✔ actual token refresh fences booking_operator_list unmount (0.480526ms)
✔ actual token refresh fences booking_operator_list rotation (0.576254ms)
✔ held actual response rejects retired actor (43.885786ms)
✔ held actual response rejects retired workspace (5.058279ms)
✔ held actual response rejects retired unmount (1.0301ms)
✔ wrong workspace argument never dispatches (0.318915ms)
(node:862301) [MODULE_TYPELESS_PACKAGE_JSON] Warning: Module type of file:///tmp/zoi-native-discovery-parent-vji4s7ki/mobile/src/music.ts is not specified and it doesn't parse as CommonJS.
Reparsing as ES module because module syntax was detected. This incurs a performance overhead.
To eliminate this warning, add "type": "module" to /tmp/zoi-native-discovery-parent-vji4s7ki/mobile/package.json.
(Use `node --trace-warnings ...` to show where the warning was created)
✔ music prefill honors explicit cleared flat fields over old nested aliases (1.388658ms)
✔ music clearing sends null and leaves unrelated owner fields untouched (1.629328ms)
✔ music validation rejects unsafe links and impossible dates (1.288101ms)
(node:862303) [MODULE_TYPELESS_PACKAGE_JSON] Warning: Module type of file:///tmp/zoi-native-discovery-parent-vji4s7ki/mobile/src/operations.ts is not specified and it doesn't parse as CommonJS.
Reparsing as ES module because module syntax was detected. This incurs a performance overhead.
To eliminate this warning, add "type": "module" to /tmp/zoi-native-discovery-parent-vji4s7ki/mobile/package.json.
(Use `node --trace-warnings ...` to show where the warning was created)
✔ save receipts require correct workspace, identity and incremented version (3.4384ms)
✔ editor can edit contacts/projects/tasks but not company records; viewers cannot write (0.277658ms)
✔ full-form edits preserve custom existing data and explicitly clear relations (3.038954ms)
✔ invalid deadline and blank title fail before sending (2.314254ms)
✔ projects require company and tasks require project before sending (0.988162ms)
✔ unicode payload byte limit is enforced before sending (4.896778ms)
✔ unmodified deadline preserves its exact timestamp (2.988481ms)
✔ new company has valid default sector and cannot submit blank sector (1.563735ms)
(node:862318) [MODULE_TYPELESS_PACKAGE_JSON] Warning: Module type of file:///tmp/zoi-native-discovery-parent-vji4s7ki/mobile/src/organizationWorkflow.ts is not specified and it doesn't parse as CommonJS.
Reparsing as ES module because module syntax was detected. This incurs a performance overhead.
To eliminate this warning, add "type": "module" to /tmp/zoi-native-discovery-parent-vji4s7ki/mobile/package.json.
(Use `node --trace-warnings ...` to show where the warning was created)
✔ contextual native drafts preserve saved relationships and real writer payload (2.627538ms)
✔ project browser handoff fresh role owner (0.476147ms)
✔ project browser handoff fresh role admin (0.18754ms)
✔ project browser handoff fresh role editor (0.178081ms)
✔ project browser handoff fresh role viewer (0.743987ms)
✔ reject missing project context (0.248884ms)
✔ reject archived project context (0.241861ms)
✔ reject duplicate project context (0.143367ms)
✔ reject foreign project context (0.607472ms)
✔ reject scope project context (1.069193ms)
✔ actual SessionClient held refresh actor (53.196132ms)
✔ actual SessionClient held refresh workspace (1.546182ms)
✔ actual SessionClient held refresh unchanged (1.12607ms)
(node:862328) [MODULE_TYPELESS_PACKAGE_JSON] Warning: Module type of file:///tmp/zoi-native-discovery-parent-vji4s7ki/mobile/src/ownerEditorHandoff.ts is not specified and it doesn't parse as CommonJS.
Reparsing as ES module because module syntax was detected. This incurs a performance overhead.
To eliminate this warning, add "type": "module" to /tmp/zoi-native-discovery-parent-vji4s7ki/mobile/package.json.
(Use `node --trace-warnings ...` to show where the warning was created)
✔ fresh authorization opens only fixed browser editor, with exact authorized listing and without credentials (2.760836ms)
✔ account or workspace switch during authorization never opens browser (0.3433ms)
✔ invalid identity, denied access and mismatched receipts never open browser (0.913002ms)
✔ revoked or failed authorization surfaces failure without opening (0.644171ms)
(node:862329) ExperimentalWarning: stripTypeScriptTypes is an experimental feature and might change at any time
(Use `node --trace-warnings ...` to show where the warning was created)
✔ private link exact canonical event and opaque fragment only (3.207799ms)
✔ current own group counts whole-ticket quantities and expires without paid inference (0.763704ms)
✔ recipient preview rejects expired, cross-event, missing no-payment envelope and malformed amounts (0.549234ms)
✔ own reader binds list and detail IDs and profile distinct from Auth UUID (2.772178ms)
✔ refresh/response scope changes prevent private request or result use (0.7186ms)
(node:862331) [MODULE_TYPELESS_PACKAGE_JSON] Warning: Module type of file:///tmp/zoi-native-discovery-parent-vji4s7ki/mobile/src/placeNavigation.ts is not specified and it doesn't parse as CommonJS.
Reparsing as ES module because module syntax was detected. This incurs a performance overhead.
To eliminate this warning, add "type": "module" to /tmp/zoi-native-discovery-parent-vji4s7ki/mobile/package.json.
(Use `node --trace-warnings ...` to show where the warning was created)
✔ current public slug wins over stale unhashed artist SEO path (1.259297ms)
✔ fallback permits only internal profile routes (0.763834ms)
(node:862337) [MODULE_TYPELESS_PACKAGE_JSON] Warning: Module type of file:///tmp/zoi-native-discovery-parent-vji4s7ki/mobile/src/privateRequests.ts is not specified and it doesn't parse as CommonJS.
Reparsing as ES module because module syntax was detected. This incurs a performance overhead.
To eliminate this warning, add "type": "module" to /tmp/zoi-native-discovery-parent-vji4s7ki/mobile/package.json.
(Use `node --trace-warnings ...` to show where the warning was created)
✔ private recovery stores exact Unicode across bounded secure chunks (10.812725ms)
✔ account switch cannot read or save another account’s private request (1.059865ms)
✔ sign-out cleanup runs after queued writes and removes every chunk (3.361987ms)
✔ incomplete persistence is never mistaken for a retryable request (5.845467ms)
✔ cleanup failure cannot roll back a committed recovery request (4.097398ms)
✔ separate workflows keep distinct encrypted recovery namespaces (1.382086ms)
✔ failed storage cleanup retains a discoverable manifest until explicit cleanup succeeds (2.07076ms)
✔ non-null malformed manifests never masquerade as no pending request (1.529682ms)
✔ valid active-null pending manifest remains interrupted, not empty (0.890029ms)
✔ an active null payload is corruption rather than no pending request (0.815169ms)
(node:862343) [MODULE_TYPELESS_PACKAGE_JSON] Warning: Module type of file:///tmp/zoi-native-discovery-parent-vji4s7ki/mobile/src/profile.ts is not specified and it doesn't parse as CommonJS.
Reparsing as ES module because module syntax was detected. This incurs a performance overhead.
To eliminate this warning, add "type": "module" to /tmp/zoi-native-discovery-parent-vji4s7ki/mobile/package.json.
(Use `node --trace-warnings ...` to show where the warning was created)
✔ profile gives owner fields priority, merges actual socials and labels enrichment (6.34612ms)
✔ profile never fabricates verification or ratings from owner data (0.504059ms)
✔ profile rejects unsafe external schemes and credentials (0.506223ms)
✔ missing entity is absent, not invented profile (0.234617ms)
✔ profile actions require exact server routes and matching booking listing (6.172486ms)
✔ private enquiry entry requires server invitation for this same listing (0.591663ms)
✔ profile photos preserve wide logos, portraits and small artwork (0.827813ms)
✔ image loading supports native source dimensions and web natural dimensions (0.466139ms)
✔ native uses shared phone validity and authoritative owner clear (6.416721ms)
✔ native machine social syntax and exact publisher identity match web while owner links survive (2.413609ms)
✔ native Fournos chain root contacts cannot replace branch base or explicit owner values (0.914485ms)
(node:862349) [MODULE_TYPELESS_PACKAGE_JSON] Warning: Module type of file:///tmp/zoi-native-discovery-parent-vji4s7ki/mobile/src/seating.ts is not specified and it doesn't parse as CommonJS.
Reparsing as ES module because module syntax was detected. This incurs a performance overhead.
To eliminate this warning, add "type": "module" to /tmp/zoi-native-discovery-parent-vji4s7ki/mobile/package.json.
(Use `node --trace-warnings ...` to show where the warning was created)
✔ hold requires exact requested seats and confirmed receipt (2.033911ms)
✔ free confirmation rejects payment, quantity, seat and hold mismatches (0.484253ms)
✔ foreground status restores exact hold and validates cancellation (0.920185ms)
✔ countdown accounts for server clock and clamps expired holds (0.280994ms)
✔ missing inventory stays unavailable and malformed maps never invent seats (0.853671ms)
✔ seat inventory uses actual geometry and rejects unsafe bigint IDs or unknown state (1.226637ms)
(node:862355) [MODULE_TYPELESS_PACKAGE_JSON] Warning: Module type of file:///tmp/zoi-native-discovery-parent-vji4s7ki/mobile/src/session.ts is not specified and it doesn't parse as CommonJS.
Reparsing as ES module because module syntax was detected. This incurs a performance overhead.
To eliminate this warning, add "type": "module" to /tmp/zoi-native-discovery-parent-vji4s7ki/mobile/package.json.
(Use `node --trace-warnings ...` to show where the warning was created)
✔ persists only refresh credential and restores by exchanging it (68.513213ms)
✔ expired concurrent API requests share one refresh and use renewed token (26.455084ms)
✔ invalid refresh removes stored credential and session (5.40736ms)
✔ transient refresh failure preserves credential for recovery (0.439109ms)
✔ sign-out clears device credentials even if revocation is offline (0.417468ms)
✔ in-flight sign-in cannot resurrect a signed-out account (1.013569ms)
✔ anonymous authenticated RPC is rejected without making a request (2.383426ms)
✔ application error envelopes cannot appear as publishing success (0.892033ms)
✔ server-rejected access token clears session without replaying mutation (5.391269ms)
✔ optimistic edit conflict is explained without replaying the write (1.339697ms)
✔ fetch transport uses global receiver required by browsers (0.953437ms)
✔ community validation errors remain actionable without treating them as password failures (2.387236ms)
(node:862370) [MODULE_TYPELESS_PACKAGE_JSON] Warning: Module type of file:///tmp/zoi-native-discovery-parent-vji4s7ki/mobile/src/sponsorFulfillment.ts is not specified and it doesn't parse as CommonJS.
Reparsing as ES module because module syntax was detected. This incurs a performance overhead.
To eliminate this warning, add "type": "module" to /tmp/zoi-native-discovery-parent-vji4s7ki/mobile/package.json.
(Use `node --trace-warnings ...` to show where the warning was created)
✔ fresh approved sponsor ok (2.363466ms)
✔ fresh approved sponsor viewer (0.574251ms)
✔ fresh approved sponsor cancelled (0.558631ms)
✔ fresh approved sponsor foreign (0.329194ms)
✔ fresh approved sponsor capability (0.670319ms)
✔ fresh approved sponsor missing (0.233626ms)
✔ actual SessionClient refresh fence actor (85.623051ms)
✔ actual SessionClient refresh fence workspace (3.960352ms)
✔ actual SessionClient refresh fence unchanged (4.988188ms)
(node:862377) [MODULE_TYPELESS_PACKAGE_JSON] Warning: Module type of file:///tmp/zoi-native-discovery-parent-vji4s7ki/mobile/src/timekeeping.ts is not specified and it doesn't parse as CommonJS.
Reparsing as ES module because module syntax was detected. This incurs a performance overhead.
To eliminate this warning, add "type": "module" to /tmp/zoi-native-discovery-parent-vji4s7ki/mobile/package.json.
(Use `node --trace-warnings ...` to show where the warning was created)
✔ manual time uses explicit validated duration and hourly cents (46.197934ms)
✔ timer start excludes client-controlled start and duration (0.27345ms)
✔ receipts require tenant actor version and terminal state (0.458585ms)
✔ dashboard rejects another editor’s private narrative and foreign timer (0.545967ms)
✔ timesheet CSV prevents formula execution and escapes multiline quotes (0.545187ms)
(node:862393) [MODULE_TYPELESS_PACKAGE_JSON] Warning: Module type of file:///tmp/zoi-native-discovery-parent-vji4s7ki/mobile/src/trips.ts is not specified and it doesn't parse as CommonJS.
Reparsing as ES module because module syntax was detected. This incurs a performance overhead.
To eliminate this warning, add "type": "module" to /tmp/zoi-native-discovery-parent-vji4s7ki/mobile/package.json.
(Use `node --trace-warnings ...` to show where the warning was created)
✔ trip dates require explicit zone and reject reversed or overlong stops (53.332176ms)
✔ private itinerary cannot accept another profile or trip receipt (3.832284ms)
✔ appearance discovery cannot substitute another artist or claim inferred confirmation (1.13717ms)
✔ appearance proposal requires source HTTPS and real distinct listing IDs (5.310819ms)
(node:862412) [MODULE_TYPELESS_PACKAGE_JSON] Warning: Module type of file:///tmp/zoi-native-discovery-parent-vji4s7ki/mobile/src/volunteer.ts is not specified and it doesn't parse as CommonJS.
Reparsing as ES module because module syntax was detected. This incurs a performance overhead.
To eliminate this warning, add "type": "module" to /tmp/zoi-native-discovery-parent-vji4s7ki/mobile/package.json.
(Use `node --trace-warnings ...` to show where the warning was created)
✔ volunteer invitation extracts explicit organization ID only (2.933268ms)
✔ withdrawn public opportunity stays unavailable even if saved shift was scheduled (21.278004ms)
✔ shift actions never reopen cancelled or started history (0.28425ms)
✔ signup and cancellation receipts must identify the same shift and final state (0.780986ms)
✔ organization writes require workspace identity and exact version increment (0.475656ms)
(node:862415) [MODULE_TYPELESS_PACKAGE_JSON] Warning: Module type of file:///tmp/zoi-native-discovery-parent-vji4s7ki/mobile/src/volunteerOperations.ts is not specified and it doesn't parse as CommonJS.
Reparsing as ES module because module syntax was detected. This incurs a performance overhead.
To eliminate this warning, add "type": "module" to /tmp/zoi-native-discovery-parent-vji4s7ki/mobile/package.json.
(Use `node --trace-warnings ...` to show where the warning was created)
✔ org_operation_save actual SessionClient token refresh actor (56.895469ms)
✔ org_operation_save actual SessionClient token refresh workspace (1.139825ms)
✔ org_operation_save actual SessionClient token refresh unchanged (2.389915ms)
✔ org_signup actual SessionClient token refresh actor (1.600985ms)
✔ org_signup actual SessionClient token refresh workspace (0.756681ms)
✔ org_signup actual SessionClient token refresh unchanged (4.088772ms)
✔ org_signup_cancel actual SessionClient token refresh actor (2.71453ms)
✔ org_signup_cancel actual SessionClient token refresh workspace (1.084161ms)
✔ org_signup_cancel actual SessionClient token refresh unchanged (0.871274ms)
✔ org_roster actual SessionClient token refresh actor (0.640083ms)
✔ org_roster actual SessionClient token refresh workspace (0.676351ms)
✔ org_roster actual SessionClient token refresh unchanged (0.641245ms)
✔ lost native create survives remount and clears only exact receipt (1.533529ms)
✔ cancel unknown native create validates workspace/request and preserves marker on wrong response (0.614258ms)
✔ generic authorization denial is recognizable without matching server wording (0.227194ms)
✔ absent installed capability keeps pending recovery and dispatches no operation (0.424471ms)
(node:862427) [MODULE_TYPELESS_PACKAGE_JSON] Warning: Module type of file:///tmp/zoi-native-discovery-parent-vji4s7ki/mobile/src/webHandoffs.ts is not specified and it doesn't parse as CommonJS.
Reparsing as ES module because module syntax was detected. This incurs a performance overhead.
To eliminate this warning, add "type": "module" to /tmp/zoi-native-discovery-parent-vji4s7ki/mobile/package.json.
(Use `node --trace-warnings ...` to show where the warning was created)
✔ music shelf and unscoped personal calendar explicitly reach their actual web capabilities (2.384285ms)
✔ native parish calendar, member discussion and artist homes stay native (0.490224ms)
✔ handoff resolver never opens spoofed hosts or credentials (0.255566ms)
✔ map deep links use the real web map and preserve only public search/place/view context (0.765066ms)
✔ explicit guardian links hand off only public listing context, adult groups stay native (1.065977ms)
(node:862435) ExperimentalWarning: stripTypeScriptTypes is an experimental feature and might change at any time
(Use `node --trace-warnings ...` to show where the warning was created)
✔ roles protect owner/self and admin peer escalation (2.134588ms)
✔ real controller confirms save only after current roster read (1.895984ms)
✔ lost response survives remount; receipt check does not resend (3.559175ms)
✔ unknown request blocks new write and safely cancels (0.716255ms)
✔ conflict refreshes membership; storage failure prevents submission (0.59537ms)
✔ authority loss clears private roster and account change fences calls (0.571376ms)
(node:862437) [MODULE_TYPELESS_PACKAGE_JSON] Warning: Module type of file:///tmp/zoi-native-discovery-parent-vji4s7ki/mobile/src/session.ts is not specified and it doesn't parse as CommonJS.
Reparsing as ES module because module syntax was detected. This incurs a performance overhead.
To eliminate this warning, add "type": "module" to /tmp/zoi-native-discovery-parent-vji4s7ki/mobile/package.json.
(Use `node --trace-warnings ...` to show where the warning was created)
(node:862437) ExperimentalWarning: stripTypeScriptTypes is an experimental feature and might change at any time
✔ only scoped team conflict/cancel envelope passes transport for controller verification (38.353545ms)
✔ exact known team SQL rejection preserved; generic 400 and other RPC remain uncertain (10.47881ms)
✔ real SessionClient quota clears marker; ambiguous400 keeps it;403 clears roster (3.554436ms)
✔ youth programme validates exact bounded ages, places and actual listing (2.282164ms)
✔ enrolment requires explicit authority and consent without inferring age (0.627449ms)
✔ enrolment receipts bind guardian child programme and exact version (0.62749ms)
✔ attendance and instructor assignment receipts reject unrelated identity (7.194311ms)
✔ private operator response rejects another workspace or programme roster (0.602253ms)
✔ public catalogue rejects unrelated listing and private family rejects malformed records (0.430893ms)
(node:862468) [MODULE_TYPELESS_PACKAGE_JSON] Warning: Module type of file:///tmp/zoi-native-discovery-parent-vji4s7ki/mobile/src/youthReadiness.ts is not specified and it doesn't parse as CommonJS.
Reparsing as ES module because module syntax was detected. This incurs a performance overhead.
To eliminate this warning, add "type": "module" to /tmp/zoi-native-discovery-parent-vji4s7ki/mobile/package.json.
(Use `node --trace-warnings ...` to show where the warning was created)
✔ native Youth remains read-only without exact installed actor and guardian capability (1.592949ms)
✔ native organizer readiness additionally binds exact workspace and current role (0.405907ms)
(node:862489) [MODULE_TYPELESS_PACKAGE_JSON] Warning: Module type of file:///tmp/zoi-native-discovery-parent-vji4s7ki/mobile/src/session.ts is not specified and it doesn't parse as CommonJS.
Reparsing as ES module because module syntax was detected. This incurs a performance overhead.
To eliminate this warning, add "type": "module" to /tmp/zoi-native-discovery-parent-vji4s7ki/mobile/package.json.
(Use `node --trace-warnings ...` to show where the warning was created)
✔ actual SessionClient youth refresh account fences private dispatch/result (37.464675ms)
✔ actual SessionClient youth refresh workspace fences private dispatch/result (0.968756ms)
✔ actual SessionClient youth refresh unmount fences private dispatch/result (0.620076ms)
✔ actual SessionClient youth response account fences private dispatch/result (8.346068ms)
✔ actual SessionClient youth response workspace fences private dispatch/result (1.224022ms)
✔ actual SessionClient youth response unmount fences private dispatch/result (1.441036ms)
✔ same actor token rotation sends private request using freshly captured token (1.352401ms)
✔ private method cannot dispatch anonymously; denied status remains recognizable (0.538835ms)
✔ installed native capability binds internal guardian profile separately from Auth (0.303025ms)
ℹ tests 339
ℹ suites 0
ℹ pass 338
ℹ fail 1
ℹ cancelled 0
ℹ skipped 0
ℹ todo 0
ℹ duration_ms 1247.404932

✖ failing tests:

test at tests/backendReadiness.test.mjs:3:1
✖ guardian release gate is backed by complete deployed RPC evidence (0.748575ms)
  Error: ENOENT: no such file or directory, open '/tmp/zoi-native-discovery-parent-vji4s7ki/docs/audits/native-backend-dependencies-2026-09-30.json'
      at Object.openSync (node:fs:560:18)
      at readFileSync (node:fs:444:35)
      at TestContext.<anonymous> (file:///tmp/zoi-native-discovery-parent-vji4s7ki/mobile/tests/backendReadiness.test.mjs:3:98)
      at Test.runInAsyncScope (node:async_hooks:228:14)
      at Test.run (node:internal/test_runner/test:1118:25)
      at Test.processPendingSubtests (node:internal/test_runner/test:787:18)
      at Test.postRun (node:internal/test_runner/test:1247:19)
      at Test.run (node:internal/test_runner/test:1175:12)
      at process.processTicksAndRejections (node:internal/process/task_queues:104:5)
      at async startSubtestAfterBootstrap (node:internal/test_runner/harness:358:3) {
    errno: -2,
    code: 'ENOENT',
    syscall: 'open',
    path: '/tmp/zoi-native-discovery-parent-vji4s7ki/docs/audits/native-backend-dependencies-2026-09-30.json'
  }
