PASS 390 sparse-work-recovery
PASS 390 document-error-scope-retry
PASS 390 editor-viewer
PASS 390 token-account
PASS 390 token-workspace
PASS 390 read-account
PASS 390 read-workspace
PASS 390 documents-account
PASS 390 documents-workspace
PASS 390 denial-clears-private
PASS 390 document-role-revoked
PASS 390 document-unmount
PASS 1440 sparse-work-recovery
PASS 1440 document-error-scope-retry
PASS 1440 editor-viewer
PASS 1440 token-account
PASS 1440 token-workspace
PASS 1440 read-account
PASS 1440 read-workspace
PASS 1440 documents-account
PASS 1440 documents-workspace
PASS 1440 denial-clears-private
PASS 1440 document-role-revoked
PASS 1440 document-unmount
Passed 24 independent Company journeys
