✔ exact deadline boundaries and completed blocked/overdue classification describe persisted work (4.171423ms)
✔ a completed project with remaining work gets a review action while complete tasks never auto-complete project (0.645506ms)
✔ document and export scope rejects mixed private workspace even when unrelated to selected company (0.725154ms)
✔ explicit registration null/empty clears do not gain inferred readiness from a display name (0.313315ms)
✔ unrelated invalid workspace rows and duplicate identities fail before filtered console/export (0.284261ms)
✔ cross-company saved attention excludes archived work and completed overdue tasks (3.575921ms)
✔ company filter never mixes another company and query matches linked project names (0.619628ms)
✔ upcoming is a precise seven-day window and assignee filter stays explicit (0.639635ms)
✔ sparse company has no invented tasks, legal readiness or obligations (0.387584ms)
✔ malformed sparse responses fail closed even when no company is present (0.590032ms)
✔ handover contains only selected saved scope and distinguishes unqueried document records (0.565467ms)
✔ contact deep links resolve to the exact current Operations record (0.743148ms)
✔ sparse company directs authorized caller toward first project without fabricated progress (2.726844ms)
✔ saved blocked and overdue tasks drive actionable next steps, completed deadlines are excluded (0.999297ms)
✔ project/task completion disagreement remains visible and never changes saved records (0.262971ms)
✔ archived and unrelated companies/projects/tasks are not included in completion (0.300271ms)
✔ malformed authority data fails closed {"workspace_id":"00000000-0000-4000-8000-000000000099"} (0.472773ms)
✔ malformed authority data fails closed {"version":0} (0.1441ms)
✔ malformed authority data fails closed {"title":""} (0.144811ms)
✔ malformed authority data fails closed {"status":"pretend"} (0.182331ms)
✔ malformed authority data fails closed {"id":"bad"} (0.199713ms)
✔ document project context exposes only exact active project and saved document versions (0.538256ms)
✔ private project documents reject viewer (0.198862ms)
✔ private project documents reject foreign (0.221694ms)
✔ private project documents reject other_project (0.228947ms)
✔ private project documents reject removed_project (0.229068ms)
✔ private project documents reject duplicate_project (0.192269ms)
✔ private project documents reject bad_version (0.202197ms)
✔ company aggregation follows exact persisted project linkage (1.186998ms)
✔ company context fail closed missing (0.359842ms)
✔ company context fail closed archived (0.207979ms)
✔ company context fail closed scope (0.135683ms)
✔ company context fail closed duplicate (0.135343ms)
✔ private files use project scope and never imply other company ownership (0.361776ms)
✔ durable company route preserves exact UUID and rejects malformed intent (1.404564ms)
✔ document transport fails closed without scope and before post-refresh identity change (1.595241ms)
✔ download body cannot cross scope change; raw denials preserve status (34.155588ms)
✔ same-account transport preserves request body and server receipt (1.361383ms)
✔ lost new save blocks replacement, retries immutable payload, persists no private form (3.727353ms)
✔ reload checks nonce without payload; missing does not unlock; matching cancelled proof does (1.875133ms)
✔ wrong scope/action/entity/version receipts retain recovery (1.515362ms)
✔ save success followed by readback failure blocks dispatch and next replacement (0.608296ms)
✔ scope change during readback cannot dispatch or acknowledge (0.584262ms)
✔ corrupt marker cannot be silently replaced and payload drops retain nonce (0.501497ms)
✔ authoritative access denial distinct from transient failure and domain conflict (0.250628ms)
✔ every actual tool appears once, with coherent groups and no module duplication (1.482489ms)
✔ chosen sector recommends tools without hiding or granting others (0.325037ms)
✔ search understands customer task language as well as module names (1.759948ms)
✔ legacy paths and owner-design hash resolve to existing editor with design subview (0.63145ms)
✔ unknown roles and unchecked ownership cannot be claimed as ready (0.284502ms)
✔ provider unavailable does not remove assistant or pretend it is configured (0.215233ms)
ℹ tests 51
ℹ suites 0
ℹ pass 51
ℹ fail 0
ℹ cancelled 0
ℹ skipped 0
ℹ todo 0
ℹ duration_ms 112.287652
