✔ all four templates produce editable ordinary project/task payloads, no legal dates or providers (3.301464ms)
✔ validation rejects foreign contacts/member, excessive/empty actions, bad dates and cross-workspace responses (0.692704ms)
✔ review has no mutation; save confirms five actual linked records with fresh authority per step (3.155922ms)
✔ committed but lost project response checks receipt and resumes without duplicate (3.713092ms)
✔ committed but lost middle action retains preceding steps and resumes exact remaining work (1.02856ms)
✔ role downgrade before save clears private plan and emits zero writes (0.334195ms)
✔ account switch while fresh-read awaits discards private draft, publishes no response (0.339544ms)
✔ saved receipt followed by refresh failure never resends the already saved step (0.504843ms)
✔ nonce-only marker never contains plan titles, contact payloads or deadlines (1.271423ms)
✔ exact deadline boundaries and completed blocked/overdue classification describe persisted work (8.757561ms)
✔ a completed project with remaining work gets a review action while complete tasks never auto-complete project (1.01777ms)
✔ document and export scope rejects mixed private workspace even when unrelated to selected company (0.884591ms)
✔ explicit registration null/empty clears do not gain inferred readiness from a display name (0.473825ms)
✔ unrelated invalid workspace rows and duplicate identities fail before filtered console/export (0.363168ms)
✔ cross-company saved attention excludes archived work and completed overdue tasks (4.412528ms)
✔ company filter never mixes another company and query matches linked project names (0.521594ms)
✔ upcoming is a precise seven-day window and assignee filter stays explicit (0.713942ms)
✔ sparse company has no invented tasks, legal readiness or obligations (0.465679ms)
✔ malformed sparse responses fail closed even when no company is present (0.493411ms)
✔ handover contains only selected saved scope and distinguishes unqueried document records (0.650014ms)
✔ contact deep links resolve to the exact current Operations record (0.906713ms)
✔ sparse company directs authorized caller toward first project without fabricated progress (3.049454ms)
✔ saved blocked and overdue tasks drive actionable next steps, completed deadlines are excluded (1.182337ms)
✔ project/task completion disagreement remains visible and never changes saved records (0.381833ms)
✔ archived and unrelated companies/projects/tasks are not included in completion (0.329716ms)
✔ malformed authority data fails closed {"workspace_id":"00000000-0000-4000-8000-000000000099"} (0.490396ms)
✔ malformed authority data fails closed {"version":0} (0.180637ms)
✔ malformed authority data fails closed {"title":""} (0.173124ms)
✔ malformed authority data fails closed {"status":"pretend"} (0.152175ms)
✔ malformed authority data fails closed {"id":"bad"} (0.206636ms)
✔ document project context exposes only exact active project and saved document versions (0.479455ms)
✔ private project documents reject viewer (0.249085ms)
✔ private project documents reject foreign (0.254806ms)
✔ private project documents reject other_project (0.311011ms)
✔ private project documents reject removed_project (0.253844ms)
✔ private project documents reject duplicate_project (0.240513ms)
✔ private project documents reject bad_version (0.220441ms)
✔ company aggregation follows exact persisted project linkage (1.2696ms)
✔ company context fail closed missing (0.336849ms)
✔ company context fail closed archived (0.220852ms)
✔ company context fail closed scope (0.1822ms)
✔ company context fail closed duplicate (0.147515ms)
✔ private files use project scope and never imply other company ownership (0.420335ms)
✔ durable company route preserves exact UUID and rejects malformed intent (1.669226ms)
✔ current-session refusal clears private Company state when delivered with its exact code (1.292404ms)
✔ session refusal leaves a nonce-only pending reference and no fabricated cancellation or new request (2.713436ms)
✔ lost new save blocks replacement, retries immutable payload, persists no private form (4.037187ms)
✔ reload checks nonce without payload; missing does not unlock; matching cancelled proof does (2.482515ms)
✔ wrong scope/action/entity/version receipts retain recovery (1.813486ms)
✔ save success followed by readback failure blocks dispatch and next replacement (0.580284ms)
✔ scope change during readback cannot dispatch or acknowledge (0.72323ms)
✔ corrupt marker cannot be silently replaced and payload drops retain nonce (0.597095ms)
✔ authoritative access denial distinct from transient failure and domain conflict (0.419524ms)
✔ operations success requires the matching workspace, record, kind and next version (1.826791ms)
✔ operations editing preserves persisted fields and identifies version conflicts (0.583029ms)
ℹ tests 55
ℹ suites 0
ℹ pass 55
ℹ fail 0
ℹ cancelled 0
ℹ skipped 0
ℹ todo 0
ℹ duration_ms 112.285274
